[1.506s] Invoking command in '/home/public/MSE112_MPi5_Hiwonder_ROS2/ros2ws/src/hiwonder_board': DEBUGINFOD_URLS=https://debuginfod.ubuntu.com PYTHONPATH=/home/public/MSE112_MPi5_Hiwonder_ROS2/ros2ws/build/hiwonder_board/prefix_override:/usr/lib/python3/dist-packages/colcon_core/task/python/colcon_distutils_commands:/home/public/MSE112_MPi5_Hiwonder_ROS2/ros2ws/install/hiwonder_board/lib/python3.14/site-packages:${PYTHONPATH} /usr/bin/python3 -W ignore:setup.py install is deprecated -W ignore:easy_install command is deprecated setup.py egg_info --egg-base ../../build/hiwonder_board build --build-base /home/public/MSE112_MPi5_Hiwonder_ROS2/ros2ws/build/hiwonder_board/build install --record /home/public/MSE112_MPi5_Hiwonder_ROS2/ros2ws/build/hiwonder_board/install.log --install-scripts $base/lib/hiwonder_board --single-version-externally-managed install_data
[2.030s] running egg_info
[2.074s] writing ../../build/hiwonder_board/hiwonder_board.egg-info/PKG-INFO
[2.075s] writing dependency_links to ../../build/hiwonder_board/hiwonder_board.egg-info/dependency_links.txt
[2.078s] writing entry points to ../../build/hiwonder_board/hiwonder_board.egg-info/entry_points.txt
[2.080s] writing requirements to ../../build/hiwonder_board/hiwonder_board.egg-info/requires.txt
[2.080s] writing top-level names to ../../build/hiwonder_board/hiwonder_board.egg-info/top_level.txt
[2.139s] reading manifest file '../../build/hiwonder_board/hiwonder_board.egg-info/SOURCES.txt'
[2.140s] adding license file 'LICENSE'
[2.141s] writing manifest file '../../build/hiwonder_board/hiwonder_board.egg-info/SOURCES.txt'
[2.141s] running build
[2.141s] running build_py
[2.142s] copying hiwonder_board/__init__.py -> /home/public/MSE112_MPi5_Hiwonder_ROS2/ros2ws/build/hiwonder_board/build/lib/hiwonder_board
[2.142s] copying hiwonder_board/hiwonder_board_node.py -> /home/public/MSE112_MPi5_Hiwonder_ROS2/ros2ws/build/hiwonder_board/build/lib/hiwonder_board
[2.143s] copying hiwonder_board/py.typed -> /home/public/MSE112_MPi5_Hiwonder_ROS2/ros2ws/build/hiwonder_board/build/lib/hiwonder_board
[2.144s] running install
[2.151s] running install_lib
[2.179s] copying /home/public/MSE112_MPi5_Hiwonder_ROS2/ros2ws/build/hiwonder_board/build/lib/hiwonder_board/hiwonder_board_node.py -> /home/public/MSE112_MPi5_Hiwonder_ROS2/ros2ws/install/hiwonder_board/lib/python3.14/site-packages/hiwonder_board
[2.180s] byte-compiling /home/public/MSE112_MPi5_Hiwonder_ROS2/ros2ws/install/hiwonder_board/lib/python3.14/site-packages/hiwonder_board/hiwonder_board_node.py to hiwonder_board_node.cpython-314.pyc
[2.191s] running install_data
[2.194s] copying resource/hiwonder_board -> /home/public/MSE112_MPi5_Hiwonder_ROS2/ros2ws/install/hiwonder_board/share/ament_index/resource_index/packages
[2.194s] copying package.xml -> /home/public/MSE112_MPi5_Hiwonder_ROS2/ros2ws/install/hiwonder_board/share/hiwonder_board
[2.194s] running install_egg_info
[2.237s] removing '/home/public/MSE112_MPi5_Hiwonder_ROS2/ros2ws/install/hiwonder_board/lib/python3.14/site-packages/hiwonder_board-0.0.0-py3.14.egg-info' (and everything under it)
[2.237s] Copying ../../build/hiwonder_board/hiwonder_board.egg-info to /home/public/MSE112_MPi5_Hiwonder_ROS2/ros2ws/install/hiwonder_board/lib/python3.14/site-packages/hiwonder_board-0.0.0-py3.14.egg-info
[2.238s] running install_scripts
[2.380s] Installing hiwonder_board_node script to /home/public/MSE112_MPi5_Hiwonder_ROS2/ros2ws/install/hiwonder_board/lib/hiwonder_board
[2.380s] Installing test_listener script to /home/public/MSE112_MPi5_Hiwonder_ROS2/ros2ws/install/hiwonder_board/lib/hiwonder_board
[2.382s] Installing test_talker script to /home/public/MSE112_MPi5_Hiwonder_ROS2/ros2ws/install/hiwonder_board/lib/hiwonder_board
[2.384s] writing list of installed files to '/home/public/MSE112_MPi5_Hiwonder_ROS2/ros2ws/build/hiwonder_board/install.log'
[2.493s] Invoked command in '/home/public/MSE112_MPi5_Hiwonder_ROS2/ros2ws/src/hiwonder_board' returned '0': DEBUGINFOD_URLS=https://debuginfod.ubuntu.com PYTHONPATH=/home/public/MSE112_MPi5_Hiwonder_ROS2/ros2ws/build/hiwonder_board/prefix_override:/usr/lib/python3/dist-packages/colcon_core/task/python/colcon_distutils_commands:/home/public/MSE112_MPi5_Hiwonder_ROS2/ros2ws/install/hiwonder_board/lib/python3.14/site-packages:${PYTHONPATH} /usr/bin/python3 -W ignore:setup.py install is deprecated -W ignore:easy_install command is deprecated setup.py egg_info --egg-base ../../build/hiwonder_board build --build-base /home/public/MSE112_MPi5_Hiwonder_ROS2/ros2ws/build/hiwonder_board/build install --record /home/public/MSE112_MPi5_Hiwonder_ROS2/ros2ws/build/hiwonder_board/install.log --install-scripts $base/lib/hiwonder_board --single-version-externally-managed install_data
