[-1784750470646758656.000s] DEBUG:colcon:Command line arguments: ['/usr/bin/colcon', 'build', '--packages-select', 'opencv2_nodes']
[-1784750470646758656.000s] DEBUG:colcon:Parsed command line arguments: Namespace(log_base=None, log_level=None, verb_name='build', build_base='build', install_base='install', merge_install=False, symlink_install=False, test_result_base=None, continue_on_error=False, executor='parallel', parallel_workers=4, event_handlers=None, ignore_user_meta=False, metas=['./colcon.meta'], base_paths=['.'], packages_ignore=None, packages_ignore_regex=None, paths=None, packages_up_to=None, packages_up_to_regex=None, packages_above=None, packages_above_and_dependencies=None, packages_above_depth=None, packages_select_by_dep=None, packages_skip_by_dep=None, packages_skip_up_to=None, packages_select_build_failed=False, packages_skip_build_finished=False, packages_select_test_failures=False, packages_skip_test_passed=False, packages_select=['opencv2_nodes'], packages_skip=None, packages_select_regex=None, packages_skip_regex=None, packages_start=None, packages_end=None, allow_overriding=[], cmake_args=None, cmake_target=None, cmake_target_skip_unavailable=False, cmake_clean_cache=False, cmake_clean_first=False, cmake_force_configure=False, ament_cmake_args=None, catkin_cmake_args=None, catkin_skip_building_tests=False, mixin_files=None, mixin=None, verb_parser=<colcon_mixin.mixin.mixin_argument.MixinArgumentDecorator object at 0xffff8aed42d0>, verb_extension=<colcon_core.verb.build.BuildVerb object at 0xffff8b07f8c0>, main=<bound method BuildVerb.main of <colcon_core.verb.build.BuildVerb object at 0xffff8b07f8c0>>, mixin_verb=('build',))
[-1784750470646758656.000s] Level 1:colcon.colcon_core.package_discovery:discover_packages(colcon_meta) check parameters
[-1784750470646758656.000s] Level 1:colcon.colcon_core.package_discovery:discover_packages(recursive) check parameters
[-1784750470646758656.000s] Level 1:colcon.colcon_core.package_discovery:discover_packages(ignore) check parameters
[-1784750470646758656.000s] Level 1:colcon.colcon_core.package_discovery:discover_packages(path) check parameters
[-1784750470646758656.000s] Level 1:colcon.colcon_core.package_discovery:discover_packages(colcon_meta) discover
[-1784750470646758656.000s] Level 1:colcon.colcon_core.package_discovery:discover_packages(recursive) discover
[-1784750470646758656.000s] INFO:colcon.colcon_core.package_discovery:Crawling recursively for packages in '/home/public/ros2ws/src/opencv2_nodes'
[-1784750470646758656.000s] Level 1:colcon.colcon_core.package_identification:_identify(.) by extensions ['ignore', 'ignore_ament_install']
[-1784750470646758656.000s] Level 1:colcon.colcon_core.package_identification:_identify(.) by extension 'ignore'
[-1784750470646758656.000s] Level 1:colcon.colcon_core.package_identification:_identify(.) by extension 'ignore_ament_install'
[-1784750470646758656.000s] Level 1:colcon.colcon_core.package_identification:_identify(.) by extensions ['colcon_pkg']
[-1784750470646758656.000s] Level 1:colcon.colcon_core.package_identification:_identify(.) by extension 'colcon_pkg'
[-1784750470646758656.000s] Level 1:colcon.colcon_core.package_identification:_identify(.) by extensions ['colcon_meta']
[-1784750470646758656.000s] Level 1:colcon.colcon_core.package_identification:_identify(.) by extension 'colcon_meta'
[-1784750470646758656.000s] Level 1:colcon.colcon_core.package_identification:_identify(.) by extensions ['ros']
[-1784750470646758656.000s] Level 1:colcon.colcon_core.package_identification:_identify(.) by extension 'ros'
[-1784750470646758656.000s] DEBUG:colcon.colcon_core.package_identification:Package '.' with type 'ros.ament_python' and name 'opencv2_nodes'
[-1784750470646758656.000s] Level 1:colcon.colcon_core.package_discovery:discover_packages(recursive) using defaults
[-1784750470646758656.000s] Level 1:colcon.colcon_core.package_discovery:discover_packages(ignore) discover
[-1784750470646758656.000s] Level 1:colcon.colcon_core.package_discovery:discover_packages(ignore) using defaults
[-1784750470646758656.000s] Level 1:colcon.colcon_core.package_discovery:discover_packages(path) discover
[-1784750470646758656.000s] Level 1:colcon.colcon_core.package_discovery:discover_packages(path) using defaults
[-1784750470646758656.000s] Level 1:colcon.colcon_core.package_discovery:discover_packages(prefix_path) check parameters
[-1784750470646758656.000s] Level 1:colcon.colcon_core.package_discovery:discover_packages(prefix_path) discover
[-1784750470646758656.000s] DEBUG:colcon.colcon_installed_package_information.package_discovery:Found 28 installed packages in /home/public/ros2ws/install
[-1784750470646758656.000s] DEBUG:colcon.colcon_installed_package_information.package_discovery:Found 290 installed packages in /opt/ros/lyrical
[-1784750470646758656.000s] Level 1:colcon.colcon_core.package_discovery:discover_packages(prefix_path) using defaults
[-1784750470646758656.000s] Level 5:colcon.colcon_core.verb:set package 'opencv2_nodes' build argument 'cmake_args' from command line to 'None'
[-1784750470646758656.000s] Level 5:colcon.colcon_core.verb:set package 'opencv2_nodes' build argument 'cmake_target' from command line to 'None'
[-1784750470646758656.000s] Level 5:colcon.colcon_core.verb:set package 'opencv2_nodes' build argument 'cmake_target_skip_unavailable' from command line to 'False'
[-1784750470646758656.000s] Level 5:colcon.colcon_core.verb:set package 'opencv2_nodes' build argument 'cmake_clean_cache' from command line to 'False'
[-1784750470646758656.000s] Level 5:colcon.colcon_core.verb:set package 'opencv2_nodes' build argument 'cmake_clean_first' from command line to 'False'
[-1784750470646758656.000s] Level 5:colcon.colcon_core.verb:set package 'opencv2_nodes' build argument 'cmake_force_configure' from command line to 'False'
[-1784750470646758656.000s] Level 5:colcon.colcon_core.verb:set package 'opencv2_nodes' build argument 'ament_cmake_args' from command line to 'None'
[-1784750470646758656.000s] Level 5:colcon.colcon_core.verb:set package 'opencv2_nodes' build argument 'catkin_cmake_args' from command line to 'None'
[-1784750470646758656.000s] Level 5:colcon.colcon_core.verb:set package 'opencv2_nodes' build argument 'catkin_skip_building_tests' from command line to 'False'
[-1784750470646758656.000s] DEBUG:colcon.colcon_core.verb:Building package 'opencv2_nodes' with the following arguments: {'ament_cmake_args': None, 'build_base': '/home/public/ros2ws/src/opencv2_nodes/build/opencv2_nodes', 'catkin_cmake_args': None, 'catkin_skip_building_tests': False, 'cmake_args': None, 'cmake_clean_cache': False, 'cmake_clean_first': False, 'cmake_force_configure': False, 'cmake_target': None, 'cmake_target_skip_unavailable': False, 'install_base': '/home/public/ros2ws/src/opencv2_nodes/install/opencv2_nodes', 'merge_install': False, 'path': '/home/public/ros2ws/src/opencv2_nodes', 'symlink_install': False, 'test_result_base': None}
[-1784750470646758656.000s] INFO:colcon.colcon_core.executor:Executing jobs using 'parallel' executor
[-1784750470646758656.000s] DEBUG:colcon.colcon_parallel_executor.executor.parallel:run_until_complete
[-1784750470646758656.000s] INFO:colcon.colcon_ros.task.ament_python.build:Building ROS package in '/home/public/ros2ws/src/opencv2_nodes' with build type 'ament_python'
[-1784750470646758656.000s] Level 1:colcon.colcon_core.shell:create_environment_hook('opencv2_nodes', 'ament_prefix_path')
[-1784750470646758656.000s] INFO:colcon.colcon_core.plugin_system:Skipping extension 'colcon_core.shell.bat': Not used on non-Windows systems
[-1784750470646758656.000s] INFO:colcon.colcon_core.shell:Creating environment hook '/home/public/ros2ws/src/opencv2_nodes/install/opencv2_nodes/share/opencv2_nodes/hook/ament_prefix_path.ps1'
[-1784750470646758656.000s] INFO:colcon.colcon_core.shell:Creating environment descriptor '/home/public/ros2ws/src/opencv2_nodes/install/opencv2_nodes/share/opencv2_nodes/hook/ament_prefix_path.dsv'
[-1784750470646758656.000s] INFO:colcon.colcon_core.shell:Creating environment hook '/home/public/ros2ws/src/opencv2_nodes/install/opencv2_nodes/share/opencv2_nodes/hook/ament_prefix_path.sh'
[-1784750470646758656.000s] INFO:colcon.colcon_core.shell:Skip shell extension 'powershell' for command environment: Not usable outside of PowerShell
[-1784750470646758656.000s] DEBUG:colcon.colcon_core.shell:Skip shell extension 'dsv' for command environment
[-1784750470646758656.000s] INFO:colcon.colcon_core.task.python.build:Building Python package in '/home/public/ros2ws/src/opencv2_nodes'
[-1784750470646758656.000s] INFO:colcon.colcon_core.shell:Skip shell extension 'powershell' for command environment: Not usable outside of PowerShell
[-1784750470646758656.000s] DEBUG:colcon.colcon_core.shell:Skip shell extension 'dsv' for command environment
[-1784750470646758656.000s] DEBUG:colcon.colcon_core.task.python.build:Available setuptools commands: bdist, editable_wheel, check, bdist_egg, develop, build_clib, dist_info, bdist_rpm, clean, install_lib, build_scripts, install_egg_info, sdist, rotate, easy_install, egg_info, bdist_dumb, alias, install_headers, init_catalog, setopt, build, extract_messages, symlink_data, build_ext, saveopts, bdist_wheel, build_py, install, install_data, compile_catalog, update_catalog, install_scripts
[-1784750470646758656.000s] DEBUG:colcon.colcon_core.event_handler.log_command:Invoking command in '/home/public/ros2ws/src/opencv2_nodes': DEBUGINFOD_URLS=https://debuginfod.ubuntu.com PYTHONPATH=/home/public/ros2ws/src/opencv2_nodes/build/opencv2_nodes/prefix_override:/usr/lib/python3/dist-packages/colcon_core/task/python/colcon_distutils_commands:/home/public/ros2ws/src/opencv2_nodes/install/opencv2_nodes/lib/python3.14/site-packages:${PYTHONPATH} /usr/bin/python3 -W ignore:setup.py install is deprecated -W ignore:easy_install command is deprecated setup.py egg_info --egg-base build/opencv2_nodes build --build-base /home/public/ros2ws/src/opencv2_nodes/build/opencv2_nodes/build install --record /home/public/ros2ws/src/opencv2_nodes/build/opencv2_nodes/install.log --install-scripts $base/lib/opencv2_nodes --single-version-externally-managed install_data
[-1784750470646758656.000s] DEBUG:colcon.colcon_core.event_handler.log_command:Invoked command in '/home/public/ros2ws/src/opencv2_nodes' returned '0': DEBUGINFOD_URLS=https://debuginfod.ubuntu.com PYTHONPATH=/home/public/ros2ws/src/opencv2_nodes/build/opencv2_nodes/prefix_override:/usr/lib/python3/dist-packages/colcon_core/task/python/colcon_distutils_commands:/home/public/ros2ws/src/opencv2_nodes/install/opencv2_nodes/lib/python3.14/site-packages:${PYTHONPATH} /usr/bin/python3 -W ignore:setup.py install is deprecated -W ignore:easy_install command is deprecated setup.py egg_info --egg-base build/opencv2_nodes build --build-base /home/public/ros2ws/src/opencv2_nodes/build/opencv2_nodes/build install --record /home/public/ros2ws/src/opencv2_nodes/build/opencv2_nodes/install.log --install-scripts $base/lib/opencv2_nodes --single-version-externally-managed install_data
[-1784750470646758656.000s] Level 1:colcon.colcon_core.environment:checking '/home/public/ros2ws/src/opencv2_nodes/install/opencv2_nodes' for CMake module files
[-1784750470646758656.000s] Level 1:colcon.colcon_core.environment:checking '/home/public/ros2ws/src/opencv2_nodes/install/opencv2_nodes' for CMake config files
[-1784750470646758656.000s] Level 1:colcon.colcon_core.environment:checking '/home/public/ros2ws/src/opencv2_nodes/install/opencv2_nodes/lib'
[-1784750470646758656.000s] Level 1:colcon.colcon_core.environment:checking '/home/public/ros2ws/src/opencv2_nodes/install/opencv2_nodes/bin'
[-1784750470646758656.000s] Level 1:colcon.colcon_core.environment:checking '/home/public/ros2ws/src/opencv2_nodes/install/opencv2_nodes/lib/pkgconfig/opencv2_nodes.pc'
[-1784750470646758656.000s] Level 1:colcon.colcon_core.environment:checking '/home/public/ros2ws/src/opencv2_nodes/install/opencv2_nodes/lib/python3.14/site-packages'
[-1784750470646758656.000s] Level 1:colcon.colcon_core.shell:create_environment_hook('opencv2_nodes', 'pythonpath')
[-1784750470646758656.000s] INFO:colcon.colcon_core.shell:Creating environment hook '/home/public/ros2ws/src/opencv2_nodes/install/opencv2_nodes/share/opencv2_nodes/hook/pythonpath.ps1'
[-1784750470646758656.000s] INFO:colcon.colcon_core.shell:Creating environment descriptor '/home/public/ros2ws/src/opencv2_nodes/install/opencv2_nodes/share/opencv2_nodes/hook/pythonpath.dsv'
[-1784750470646758656.000s] INFO:colcon.colcon_core.shell:Creating environment hook '/home/public/ros2ws/src/opencv2_nodes/install/opencv2_nodes/share/opencv2_nodes/hook/pythonpath.sh'
[-1784750470646758656.000s] Level 1:colcon.colcon_core.environment:checking '/home/public/ros2ws/src/opencv2_nodes/install/opencv2_nodes/bin'
[-1784750470646758656.000s] Level 1:colcon.colcon_core.environment:create_environment_scripts_only(opencv2_nodes)
[-1784750470646758656.000s] INFO:colcon.colcon_core.shell:Creating package script '/home/public/ros2ws/src/opencv2_nodes/install/opencv2_nodes/share/opencv2_nodes/package.ps1'
[-1784750470646758656.000s] INFO:colcon.colcon_core.shell:Creating package descriptor '/home/public/ros2ws/src/opencv2_nodes/install/opencv2_nodes/share/opencv2_nodes/package.dsv'
[-1784750470646758656.000s] INFO:colcon.colcon_core.shell:Creating package script '/home/public/ros2ws/src/opencv2_nodes/install/opencv2_nodes/share/opencv2_nodes/package.sh'
[-1784750470646758656.000s] INFO:colcon.colcon_core.shell:Creating package script '/home/public/ros2ws/src/opencv2_nodes/install/opencv2_nodes/share/opencv2_nodes/package.bash'
[-1784750470646758656.000s] INFO:colcon.colcon_core.shell:Creating package script '/home/public/ros2ws/src/opencv2_nodes/install/opencv2_nodes/share/opencv2_nodes/package.zsh'
[-1784750470646758656.000s] Level 1:colcon.colcon_core.environment:create_file_with_runtime_dependencies(/home/public/ros2ws/src/opencv2_nodes/install/opencv2_nodes/share/colcon-core/packages/opencv2_nodes)
[-1784750470646758656.000s] DEBUG:colcon.colcon_parallel_executor.executor.parallel:closing loop
[-1784750470646758656.000s] DEBUG:colcon.colcon_parallel_executor.executor.parallel:loop closed
[-1784750470646758656.000s] DEBUG:colcon.colcon_parallel_executor.executor.parallel:run_until_complete finished with '0'
[-1784750470646758656.000s] DEBUG:colcon.colcon_core.event_reactor:joining thread
[-1784750470646758656.000s] INFO:colcon.colcon_core.plugin_system:Skipping extension 'colcon_notification.desktop_notification.terminal_notifier': Not used on non-Darwin systems
[-1784750470646758656.000s] INFO:colcon.colcon_core.plugin_system:Skipping extension 'colcon_notification.desktop_notification.win32': Not used on non-Windows systems
[-1784750470646758656.000s] INFO:colcon.colcon_notification.desktop_notification:Sending desktop notification using 'notify2'
[-1784750470646758656.000s] DEBUG:colcon.colcon_core.event_reactor:joined thread
[-1784750470646758656.000s] INFO:colcon.colcon_core.shell:Creating prefix script '/home/public/ros2ws/src/opencv2_nodes/install/local_setup.ps1'
[-1784750470646758656.000s] INFO:colcon.colcon_core.shell:Creating prefix util module '/home/public/ros2ws/src/opencv2_nodes/install/_local_setup_util_ps1.py'
[-1784750470646758656.000s] INFO:colcon.colcon_core.shell:Creating prefix chain script '/home/public/ros2ws/src/opencv2_nodes/install/setup.ps1'
[-1784750470646758656.000s] INFO:colcon.colcon_core.shell:Creating prefix script '/home/public/ros2ws/src/opencv2_nodes/install/local_setup.sh'
[-1784750470646758656.000s] INFO:colcon.colcon_core.shell:Creating prefix util module '/home/public/ros2ws/src/opencv2_nodes/install/_local_setup_util_sh.py'
[-1784750470646758656.000s] INFO:colcon.colcon_core.shell:Creating prefix chain script '/home/public/ros2ws/src/opencv2_nodes/install/setup.sh'
[-1784750470646758656.000s] INFO:colcon.colcon_core.shell:Creating prefix script '/home/public/ros2ws/src/opencv2_nodes/install/local_setup.bash'
[-1784750470646758656.000s] INFO:colcon.colcon_core.shell:Creating prefix chain script '/home/public/ros2ws/src/opencv2_nodes/install/setup.bash'
[-1784750470646758656.000s] INFO:colcon.colcon_core.shell:Creating prefix script '/home/public/ros2ws/src/opencv2_nodes/install/local_setup.zsh'
[-1784750470646758656.000s] INFO:colcon.colcon_core.shell:Creating prefix chain script '/home/public/ros2ws/src/opencv2_nodes/install/setup.zsh'
