[2.743s] Invoking command in '/home/public/ros2ws/src/controls_core': DEBUGINFOD_URLS=https://debuginfod.ubuntu.com PYTHONPATH=/home/public/ros2ws/build/controls_core/prefix_override:/usr/lib/python3/dist-packages/colcon_core/task/python/colcon_distutils_commands:/home/public/ros2ws/install/controls_core/lib/python3.14/site-packages:${PYTHONPATH} /usr/bin/python3 -W ignore:setup.py install is deprecated -W ignore:easy_install command is deprecated setup.py egg_info --egg-base ../../build/controls_core build --build-base /home/public/ros2ws/build/controls_core/build install --record /home/public/ros2ws/build/controls_core/install.log --install-scripts $base/lib/controls_core --single-version-externally-managed install_data
[3.468s] running egg_info
[3.527s] writing ../../build/controls_core/controls_core.egg-info/PKG-INFO
[3.528s] writing dependency_links to ../../build/controls_core/controls_core.egg-info/dependency_links.txt
[3.531s] writing entry points to ../../build/controls_core/controls_core.egg-info/entry_points.txt
[3.532s] writing requirements to ../../build/controls_core/controls_core.egg-info/requires.txt
[3.534s] writing top-level names to ../../build/controls_core/controls_core.egg-info/top_level.txt
[3.639s] reading manifest file '../../build/controls_core/controls_core.egg-info/SOURCES.txt'
[3.640s] adding license file 'LICENSE'
[3.641s] writing manifest file '../../build/controls_core/controls_core.egg-info/SOURCES.txt'
[3.642s] running build
[3.642s] running build_py
[3.642s] copying controls_core/ui_testing.py -> /home/public/ros2ws/build/controls_core/build/lib/controls_core
[3.642s] copying controls_core/__init__.py -> /home/public/ros2ws/build/controls_core/build/lib/controls_core
[3.643s] copying controls_core/cv_interface.py -> /home/public/ros2ws/build/controls_core/build/lib/controls_core
[3.643s] copying controls_core/py.typed -> /home/public/ros2ws/build/controls_core/build/lib/controls_core
[3.645s] running install
[3.659s] running install_lib
[3.711s] byte-compiling /home/public/ros2ws/install/controls_core/lib/python3.14/site-packages/controls_core/ui_testing.py to ui_testing.cpython-314.pyc
[3.713s] byte-compiling /home/public/ros2ws/install/controls_core/lib/python3.14/site-packages/controls_core/main_control_node.py to main_control_node.cpython-314.pyc
[3.715s] byte-compiling /home/public/ros2ws/install/controls_core/lib/python3.14/site-packages/controls_core/__init__.py to __init__.cpython-314.pyc
[3.718s] byte-compiling /home/public/ros2ws/install/controls_core/lib/python3.14/site-packages/controls_core/cv_interface.py to cv_interface.cpython-314.pyc
[3.720s] byte-compiling /home/public/ros2ws/install/controls_core/lib/python3.14/site-packages/controls_core/board_interface.py to board_interface.cpython-314.pyc
[3.728s] running install_data
[3.728s] copying resource/controls_core -> /home/public/ros2ws/install/controls_core/share/ament_index/resource_index/packages
[3.729s] copying package.xml -> /home/public/ros2ws/install/controls_core/share/controls_core
[3.729s] running install_egg_info
[3.783s] removing '/home/public/ros2ws/install/controls_core/lib/python3.14/site-packages/controls_core-0.0.0-py3.14.egg-info' (and everything under it)
[3.784s] Copying ../../build/controls_core/controls_core.egg-info to /home/public/ros2ws/install/controls_core/lib/python3.14/site-packages/controls_core-0.0.0-py3.14.egg-info
[3.790s] running install_scripts
[4.048s] Installing main_control_node script to /home/public/ros2ws/install/controls_core/lib/controls_core
[4.048s] writing list of installed files to '/home/public/ros2ws/build/controls_core/install.log'
[4.261s] Invoked command in '/home/public/ros2ws/src/controls_core' returned '0': DEBUGINFOD_URLS=https://debuginfod.ubuntu.com PYTHONPATH=/home/public/ros2ws/build/controls_core/prefix_override:/usr/lib/python3/dist-packages/colcon_core/task/python/colcon_distutils_commands:/home/public/ros2ws/install/controls_core/lib/python3.14/site-packages:${PYTHONPATH} /usr/bin/python3 -W ignore:setup.py install is deprecated -W ignore:easy_install command is deprecated setup.py egg_info --egg-base ../../build/controls_core build --build-base /home/public/ros2ws/build/controls_core/build install --record /home/public/ros2ws/build/controls_core/install.log --install-scripts $base/lib/controls_core --single-version-externally-managed install_data
