gmake: Warning: File 'Makefile' has modification time 1039 s in the future
gmake[2]: Warning: File 'CMakeFiles/subscriber_lambda.dir/build.make' has modification time 7875651 s in the future
gmake[2]: warning:  Clock skew detected.  Your build may be incomplete.
gmake[2]: Warning: File 'CMakeFiles/subscriber_lambda.dir/build.make' has modification time 7875651 s in the future
gmake[2]: warning:  Clock skew detected.  Your build may be incomplete.
gmake[2]: Warning: File 'CMakeFiles/subscriber_member_function_with_type_adapter.dir/build.make' has modification time 7875651 s in the future
gmake[2]: warning:  Clock skew detected.  Your build may be incomplete.
gmake[2]: Warning: File 'CMakeFiles/subscriber_member_function_with_type_adapter.dir/build.make' has modification time 7875651 s in the future
gmake[2]: warning:  Clock skew detected.  Your build may be incomplete.
gmake[2]: Warning: File 'CMakeFiles/subscriber_member_function_with_unique_network_flow_endpoints.dir/build.make' has modification time 7875650 s in the future
gmake[2]: warning:  Clock skew detected.  Your build may be incomplete.
gmake[2]: Warning: File 'CMakeFiles/subscriber_member_function_with_unique_network_flow_endpoints.dir/build.make' has modification time 7875650 s in the future
gmake[2]: warning:  Clock skew detected.  Your build may be incomplete.
gmake[2]: Warning: File 'CMakeFiles/subscriber_not_composable.dir/build.make' has modification time 7875650 s in the future
gmake[2]: warning:  Clock skew detected.  Your build may be incomplete.
gmake[2]: Warning: File 'CMakeFiles/subscriber_not_composable.dir/build.make' has modification time 7875650 s in the future
gmake[2]: warning:  Clock skew detected.  Your build may be incomplete.
gmake[2]: Warning: File 'CMakeFiles/subscriber_content_filtering.dir/build.make' has modification time 7875650 s in the future
gmake[2]: warning:  Clock skew detected.  Your build may be incomplete.
gmake[2]: Warning: File 'CMakeFiles/subscriber_content_filtering.dir/build.make' has modification time 7875650 s in the future
gmake[2]: warning:  Clock skew detected.  Your build may be incomplete.
gmake[2]: Warning: File 'CMakeFiles/wait_set_subscriber_library.dir/build.make' has modification time 7875650 s in the future
gmake[2]: warning:  Clock skew detected.  Your build may be incomplete.
gmake[2]: Warning: File 'CMakeFiles/wait_set_subscriber_library.dir/build.make' has modification time 7875649 s in the future
gmake[2]: warning:  Clock skew detected.  Your build may be incomplete.
gmake[2]: Warning: File 'CMakeFiles/subscriber_member_function_with_topic_statistics.dir/build.make' has modification time 7875649 s in the future
gmake[2]: warning:  Clock skew detected.  Your build may be incomplete.
gmake[2]: Warning: File 'CMakeFiles/subscriber_member_function_with_topic_statistics.dir/build.make' has modification time 7875649 s in the future
gmake[2]: warning:  Clock skew detected.  Your build may be incomplete.
gmake[2]: Warning: File 'CMakeFiles/static_wait_set_subscriber.dir/build.make' has modification time 7875649 s in the future
gmake[2]: warning:  Clock skew detected.  Your build may be incomplete.
gmake[2]: Warning: File 'CMakeFiles/static_wait_set_subscriber.dir/build.make' has modification time 7875649 s in the future
gmake[2]: warning:  Clock skew detected.  Your build may be incomplete.
gmake[2]: Warning: File 'CMakeFiles/time_triggered_wait_set_subscriber.dir/build.make' has modification time 7875649 s in the future
gmake[2]: warning:  Clock skew detected.  Your build may be incomplete.
gmake[2]: Warning: File 'CMakeFiles/time_triggered_wait_set_subscriber.dir/build.make' has modification time 7875649 s in the future
gmake[2]: warning:  Clock skew detected.  Your build may be incomplete.
gmake[2]: Warning: File 'CMakeFiles/wait_set_subscriber.dir/build.make' has modification time 7875649 s in the future
gmake[2]: warning:  Clock skew detected.  Your build may be incomplete.
gmake[2]: Warning: File 'CMakeFiles/wait_set_subscriber.dir/build.make' has modification time 7875648 s in the future
gmake[2]: warning:  Clock skew detected.  Your build may be incomplete.
gmake[2]: Warning: File 'CMakeFiles/subscriber_member_function.dir/build.make' has modification time 7875648 s in the future
gmake[2]: warning:  Clock skew detected.  Your build may be incomplete.
gmake[2]: Warning: File 'CMakeFiles/subscriber_member_function.dir/build.make' has modification time 7875648 s in the future
gmake[2]: warning:  Clock skew detected.  Your build may be incomplete.
gmake: warning:  Clock skew detected.  Your build may be incomplete.
