[0.826s] Invoking command in '/home/public/ros2ws/build/examples_rclcpp_minimal_subscriber': CMAKE_PREFIX_PATH=${CMAKE_PREFIX_PATH}:/home/public/ros2ws/install/opencv2_nodes:/home/public/ros2ws/install/launch_testing_examples:/home/public/ros2ws/install/hiwonder_board:/home/public/ros2ws/install/examples_rclpy_pointcloud_publisher:/home/public/ros2ws/install/examples_rclpy_minimal_subscriber:/home/public/ros2ws/install/examples_rclpy_minimal_service:/home/public/ros2ws/install/examples_rclpy_minimal_publisher:/home/public/ros2ws/install/examples_rclpy_minimal_client:/home/public/ros2ws/install/examples_rclpy_minimal_action_server:/home/public/ros2ws/install/examples_rclpy_minimal_action_client:/home/public/ros2ws/install/examples_rclpy_guard_conditions:/home/public/ros2ws/install/examples_rclpy_executors:/home/public/ros2ws/install/controls_core:/opt/ros/lyrical DEBUGINFOD_URLS=https://debuginfod.ubuntu.com /usr/bin/cmake --build /home/public/ros2ws/build/examples_rclcpp_minimal_subscriber -- -j4 -l4
[0.979s] gmake: Warning: File 'Makefile' has modification time 1039 s in the future
[1.299s] -- Found ament_cmake: 2.8.7 (/opt/ros/lyrical/share/ament_cmake/cmake)
[4.657s] -- Override CMake install command with custom implementation using symlinks instead of copying resources
[4.769s] -- Found rclcpp: 32.0.0 (/opt/ros/lyrical/share/rclcpp/cmake)
[5.106s] -- Found rosidl_generator_c: 5.2.1 (/opt/ros/lyrical/share/rosidl_generator_c/cmake)
[5.246s] -- Found rosidl_generator_cpp: 5.2.1 (/opt/ros/lyrical/share/rosidl_generator_cpp/cmake)
[5.512s] -- Using all available rosidl_typesupport_c: rosidl_typesupport_fastrtps_c;rosidl_typesupport_introspection_c
[5.716s] -- Using all available rosidl_typesupport_cpp: rosidl_typesupport_fastrtps_cpp;rosidl_typesupport_introspection_cpp
[6.165s] -- Found rmw_implementation_cmake: 7.10.1 (/opt/ros/lyrical/share/rmw_implementation_cmake/cmake)
[6.199s] -- Found rmw_fastrtps_cpp: 9.4.8 (/opt/ros/lyrical/share/rmw_fastrtps_cpp/cmake)
[6.430s] -- Using RMW implementation 'rmw_fastrtps_cpp' as default
[6.841s] -- Found rclcpp_components: 32.0.0 (/opt/ros/lyrical/share/rclcpp_components/cmake)
[7.090s] -- Found std_msgs: 5.9.2 (/opt/ros/lyrical/share/std_msgs/cmake)
[7.267s] -- Found ament_lint_auto: 0.20.6 (/opt/ros/lyrical/share/ament_lint_auto/cmake)
[8.502s] -- Added test 'copyright' to check source files copyright and LICENSE
[8.534s] -- Added test 'cppcheck' to perform static code analysis on C / C++ code
[8.534s] -- Configured cppcheck include dirs: 
[8.546s] -- Configured cppcheck exclude dirs and/or files: 
[8.561s] -- Added test 'cpplint' to check C / C++ code against the Google style
[8.562s] -- Configured cpplint exclude dirs and/or files: 
[8.565s] -- Added test 'lint_cmake' to check CMake code style
[8.577s] -- Added test 'uncrustify' to check C / C++ code style
[8.577s] -- Configured uncrustify additional arguments: 
[8.577s] -- Added test 'xmllint' to check XML markup files
[8.625s] -- Configuring done (7.4s)
[10.197s] -- Generating done (1.6s)
[11.053s] -- Build files have been written to: /home/public/ros2ws/build/examples_rclcpp_minimal_subscriber
[11.161s] gmake[2]: Warning: File 'CMakeFiles/subscriber_lambda.dir/build.make' has modification time 7875651 s in the future
[11.490s] gmake[2]: warning:  Clock skew detected.  Your build may be incomplete.
[11.527s] gmake[2]: Warning: File 'CMakeFiles/subscriber_lambda.dir/build.make' has modification time 7875651 s in the future
[11.547s] gmake[2]: warning:  Clock skew detected.  Your build may be incomplete.
[11.607s] [  8%] Built target subscriber_lambda
[11.615s] gmake[2]: Warning: File 'CMakeFiles/subscriber_member_function_with_type_adapter.dir/build.make' has modification time 7875651 s in the future
[11.712s] gmake[2]: warning:  Clock skew detected.  Your build may be incomplete.
[11.745s] gmake[2]: Warning: File 'CMakeFiles/subscriber_member_function_with_type_adapter.dir/build.make' has modification time 7875651 s in the future
[11.755s] gmake[2]: warning:  Clock skew detected.  Your build may be incomplete.
[11.795s] [ 16%] Built target subscriber_member_function_with_type_adapter
[11.826s] gmake[2]: Warning: File 'CMakeFiles/subscriber_member_function_with_unique_network_flow_endpoints.dir/build.make' has modification time 7875650 s in the future
[11.998s] gmake[2]: warning:  Clock skew detected.  Your build may be incomplete.
[12.060s] gmake[2]: Warning: File 'CMakeFiles/subscriber_member_function_with_unique_network_flow_endpoints.dir/build.make' has modification time 7875650 s in the future
[12.076s] gmake[2]: warning:  Clock skew detected.  Your build may be incomplete.
[12.115s] [ 25%] Built target subscriber_member_function_with_unique_network_flow_endpoints
[12.125s] gmake[2]: Warning: File 'CMakeFiles/subscriber_not_composable.dir/build.make' has modification time 7875650 s in the future
[12.196s] gmake[2]: warning:  Clock skew detected.  Your build may be incomplete.
[12.239s] gmake[2]: Warning: File 'CMakeFiles/subscriber_not_composable.dir/build.make' has modification time 7875650 s in the future
[12.251s] gmake[2]: warning:  Clock skew detected.  Your build may be incomplete.
[12.351s] [ 33%] Built target subscriber_not_composable
[12.363s] gmake[2]: Warning: File 'CMakeFiles/subscriber_content_filtering.dir/build.make' has modification time 7875650 s in the future
[12.511s] gmake[2]: warning:  Clock skew detected.  Your build may be incomplete.
[12.537s] gmake[2]: Warning: File 'CMakeFiles/subscriber_content_filtering.dir/build.make' has modification time 7875650 s in the future
[12.562s] gmake[2]: warning:  Clock skew detected.  Your build may be incomplete.
[12.682s] [ 41%] Built target subscriber_content_filtering
[12.715s] gmake[2]: Warning: File 'CMakeFiles/wait_set_subscriber_library.dir/build.make' has modification time 7875650 s in the future
[12.944s] gmake[2]: warning:  Clock skew detected.  Your build may be incomplete.
[12.984s] gmake[2]: Warning: File 'CMakeFiles/wait_set_subscriber_library.dir/build.make' has modification time 7875649 s in the future
[12.990s] gmake[2]: warning:  Clock skew detected.  Your build may be incomplete.
[13.046s] [ 58%] Built target wait_set_subscriber_library
[13.099s] gmake[2]: Warning: File 'CMakeFiles/subscriber_member_function_with_topic_statistics.dir/build.make' has modification time 7875649 s in the future
[13.260s] gmake[2]: warning:  Clock skew detected.  Your build may be incomplete.
[13.296s] gmake[2]: Warning: File 'CMakeFiles/subscriber_member_function_with_topic_statistics.dir/build.make' has modification time 7875649 s in the future
[13.297s] gmake[2]: warning:  Clock skew detected.  Your build may be incomplete.
[13.394s] [ 66%] Built target subscriber_member_function_with_topic_statistics
[13.430s] gmake[2]: Warning: File 'CMakeFiles/static_wait_set_subscriber.dir/build.make' has modification time 7875649 s in the future
[13.492s] gmake[2]: warning:  Clock skew detected.  Your build may be incomplete.
[13.553s] gmake[2]: Warning: File 'CMakeFiles/static_wait_set_subscriber.dir/build.make' has modification time 7875649 s in the future
[13.581s] gmake[2]: warning:  Clock skew detected.  Your build may be incomplete.
[13.603s] [ 75%] Built target static_wait_set_subscriber
[13.603s] gmake[2]: Warning: File 'CMakeFiles/time_triggered_wait_set_subscriber.dir/build.make' has modification time 7875649 s in the future
[13.709s] gmake[2]: warning:  Clock skew detected.  Your build may be incomplete.
[13.726s] gmake[2]: Warning: File 'CMakeFiles/time_triggered_wait_set_subscriber.dir/build.make' has modification time 7875649 s in the future
[13.730s] gmake[2]: warning:  Clock skew detected.  Your build may be incomplete.
[13.860s] [ 83%] Built target time_triggered_wait_set_subscriber
[13.888s] gmake[2]: Warning: File 'CMakeFiles/wait_set_subscriber.dir/build.make' has modification time 7875649 s in the future
[13.982s] gmake[2]: warning:  Clock skew detected.  Your build may be incomplete.
[14.005s] gmake[2]: Warning: File 'CMakeFiles/wait_set_subscriber.dir/build.make' has modification time 7875648 s in the future
[14.017s] gmake[2]: warning:  Clock skew detected.  Your build may be incomplete.
[14.129s] [ 91%] Built target wait_set_subscriber
[14.131s] gmake[2]: Warning: File 'CMakeFiles/subscriber_member_function.dir/build.make' has modification time 7875648 s in the future
[14.283s] gmake[2]: warning:  Clock skew detected.  Your build may be incomplete.
[14.315s] gmake[2]: Warning: File 'CMakeFiles/subscriber_member_function.dir/build.make' has modification time 7875648 s in the future
[14.316s] gmake[2]: warning:  Clock skew detected.  Your build may be incomplete.
[14.365s] [100%] Built target subscriber_member_function
[14.520s] gmake: warning:  Clock skew detected.  Your build may be incomplete.
[16.902s] Invoked command in '/home/public/ros2ws/build/examples_rclcpp_minimal_subscriber' returned '0': CMAKE_PREFIX_PATH=${CMAKE_PREFIX_PATH}:/home/public/ros2ws/install/opencv2_nodes:/home/public/ros2ws/install/launch_testing_examples:/home/public/ros2ws/install/hiwonder_board:/home/public/ros2ws/install/examples_rclpy_pointcloud_publisher:/home/public/ros2ws/install/examples_rclpy_minimal_subscriber:/home/public/ros2ws/install/examples_rclpy_minimal_service:/home/public/ros2ws/install/examples_rclpy_minimal_publisher:/home/public/ros2ws/install/examples_rclpy_minimal_client:/home/public/ros2ws/install/examples_rclpy_minimal_action_server:/home/public/ros2ws/install/examples_rclpy_minimal_action_client:/home/public/ros2ws/install/examples_rclpy_guard_conditions:/home/public/ros2ws/install/examples_rclpy_executors:/home/public/ros2ws/install/controls_core:/opt/ros/lyrical DEBUGINFOD_URLS=https://debuginfod.ubuntu.com /usr/bin/cmake --build /home/public/ros2ws/build/examples_rclcpp_minimal_subscriber -- -j4 -l4
[16.932s] Invoking command in '/home/public/ros2ws/build/examples_rclcpp_minimal_subscriber': CMAKE_PREFIX_PATH=${CMAKE_PREFIX_PATH}:/home/public/ros2ws/install/opencv2_nodes:/home/public/ros2ws/install/launch_testing_examples:/home/public/ros2ws/install/hiwonder_board:/home/public/ros2ws/install/examples_rclpy_pointcloud_publisher:/home/public/ros2ws/install/examples_rclpy_minimal_subscriber:/home/public/ros2ws/install/examples_rclpy_minimal_service:/home/public/ros2ws/install/examples_rclpy_minimal_publisher:/home/public/ros2ws/install/examples_rclpy_minimal_client:/home/public/ros2ws/install/examples_rclpy_minimal_action_server:/home/public/ros2ws/install/examples_rclpy_minimal_action_client:/home/public/ros2ws/install/examples_rclpy_guard_conditions:/home/public/ros2ws/install/examples_rclpy_executors:/home/public/ros2ws/install/controls_core:/opt/ros/lyrical DEBUGINFOD_URLS=https://debuginfod.ubuntu.com /usr/bin/cmake --install /home/public/ros2ws/build/examples_rclcpp_minimal_subscriber
[17.001s] -- Install configuration: ""
[17.002s] -- Execute custom install script
[17.009s] -- Up-to-date symlink: /home/public/ros2ws/install/examples_rclcpp_minimal_subscriber/lib/examples_rclcpp_minimal_subscriber/wait_set_subscriber
[17.010s] -- Up-to-date symlink: /home/public/ros2ws/install/examples_rclcpp_minimal_subscriber/lib/examples_rclcpp_minimal_subscriber/static_wait_set_subscriber
[17.019s] -- Up-to-date symlink: /home/public/ros2ws/install/examples_rclcpp_minimal_subscriber/lib/examples_rclcpp_minimal_subscriber/time_triggered_wait_set_subscriber
[17.020s] -- Up-to-date symlink: /home/public/ros2ws/install/examples_rclcpp_minimal_subscriber/lib/libwait_set_subscriber_library.so
[17.020s] -- Up-to-date symlink: /home/public/ros2ws/install/examples_rclcpp_minimal_subscriber/lib/examples_rclcpp_minimal_subscriber/subscriber_lambda
[17.021s] -- Up-to-date symlink: /home/public/ros2ws/install/examples_rclcpp_minimal_subscriber/lib/examples_rclcpp_minimal_subscriber/subscriber_member_function
[17.032s] -- Up-to-date symlink: /home/public/ros2ws/install/examples_rclcpp_minimal_subscriber/lib/examples_rclcpp_minimal_subscriber/subscriber_member_function_with_topic_statistics
[17.036s] -- Up-to-date symlink: /home/public/ros2ws/install/examples_rclcpp_minimal_subscriber/lib/examples_rclcpp_minimal_subscriber/subscriber_member_function_with_type_adapter
[17.043s] -- Up-to-date symlink: /home/public/ros2ws/install/examples_rclcpp_minimal_subscriber/lib/examples_rclcpp_minimal_subscriber/subscriber_member_function_with_unique_network_flow_endpoints
[17.044s] -- Up-to-date symlink: /home/public/ros2ws/install/examples_rclcpp_minimal_subscriber/lib/examples_rclcpp_minimal_subscriber/subscriber_not_composable
[17.045s] -- Up-to-date symlink: /home/public/ros2ws/install/examples_rclcpp_minimal_subscriber/lib/examples_rclcpp_minimal_subscriber/subscriber_content_filtering
[17.045s] -- Up-to-date symlink: /home/public/ros2ws/install/examples_rclcpp_minimal_subscriber/share/ament_index/resource_index/package_run_dependencies/examples_rclcpp_minimal_subscriber
[17.054s] -- Up-to-date symlink: /home/public/ros2ws/install/examples_rclcpp_minimal_subscriber/share/ament_index/resource_index/parent_prefix_path/examples_rclcpp_minimal_subscriber
[17.055s] -- Up-to-date symlink: /home/public/ros2ws/install/examples_rclcpp_minimal_subscriber/share/examples_rclcpp_minimal_subscriber/environment/ament_prefix_path.sh
[17.055s] -- Up-to-date symlink: /home/public/ros2ws/install/examples_rclcpp_minimal_subscriber/share/examples_rclcpp_minimal_subscriber/environment/ament_prefix_path.dsv
[17.055s] -- Up-to-date symlink: /home/public/ros2ws/install/examples_rclcpp_minimal_subscriber/share/examples_rclcpp_minimal_subscriber/environment/path.sh
[17.055s] -- Up-to-date symlink: /home/public/ros2ws/install/examples_rclcpp_minimal_subscriber/share/examples_rclcpp_minimal_subscriber/environment/path.dsv
[17.064s] -- Up-to-date symlink: /home/public/ros2ws/install/examples_rclcpp_minimal_subscriber/share/examples_rclcpp_minimal_subscriber/local_setup.bash
[17.079s] -- Up-to-date symlink: /home/public/ros2ws/install/examples_rclcpp_minimal_subscriber/share/examples_rclcpp_minimal_subscriber/local_setup.fish
[17.080s] -- Up-to-date symlink: /home/public/ros2ws/install/examples_rclcpp_minimal_subscriber/share/examples_rclcpp_minimal_subscriber/local_setup.sh
[17.092s] -- Up-to-date symlink: /home/public/ros2ws/install/examples_rclcpp_minimal_subscriber/share/examples_rclcpp_minimal_subscriber/local_setup.zsh
[17.092s] -- Up-to-date symlink: /home/public/ros2ws/install/examples_rclcpp_minimal_subscriber/share/examples_rclcpp_minimal_subscriber/local_setup.dsv
[17.092s] -- Symlinking: /home/public/ros2ws/install/examples_rclcpp_minimal_subscriber/share/examples_rclcpp_minimal_subscriber/package.dsv
[17.161s] -- Up-to-date symlink: /home/public/ros2ws/install/examples_rclcpp_minimal_subscriber/share/ament_index/resource_index/packages/examples_rclcpp_minimal_subscriber
[17.161s] -- Up-to-date symlink: /home/public/ros2ws/install/examples_rclcpp_minimal_subscriber/share/ament_index/resource_index/rclcpp_components/examples_rclcpp_minimal_subscriber
[17.172s] -- Up-to-date symlink: /home/public/ros2ws/install/examples_rclcpp_minimal_subscriber/share/examples_rclcpp_minimal_subscriber/cmake/examples_rclcpp_minimal_subscriberConfig.cmake
[17.176s] -- Up-to-date symlink: /home/public/ros2ws/install/examples_rclcpp_minimal_subscriber/share/examples_rclcpp_minimal_subscriber/cmake/examples_rclcpp_minimal_subscriberConfig-version.cmake
[17.183s] -- Up-to-date symlink: /home/public/ros2ws/install/examples_rclcpp_minimal_subscriber/share/examples_rclcpp_minimal_subscriber/package.xml
[17.192s] Invoked command in '/home/public/ros2ws/build/examples_rclcpp_minimal_subscriber' returned '0': CMAKE_PREFIX_PATH=${CMAKE_PREFIX_PATH}:/home/public/ros2ws/install/opencv2_nodes:/home/public/ros2ws/install/launch_testing_examples:/home/public/ros2ws/install/hiwonder_board:/home/public/ros2ws/install/examples_rclpy_pointcloud_publisher:/home/public/ros2ws/install/examples_rclpy_minimal_subscriber:/home/public/ros2ws/install/examples_rclpy_minimal_service:/home/public/ros2ws/install/examples_rclpy_minimal_publisher:/home/public/ros2ws/install/examples_rclpy_minimal_client:/home/public/ros2ws/install/examples_rclpy_minimal_action_server:/home/public/ros2ws/install/examples_rclpy_minimal_action_client:/home/public/ros2ws/install/examples_rclpy_guard_conditions:/home/public/ros2ws/install/examples_rclpy_executors:/home/public/ros2ws/install/controls_core:/opt/ros/lyrical DEBUGINFOD_URLS=https://debuginfod.ubuntu.com /usr/bin/cmake --install /home/public/ros2ws/build/examples_rclcpp_minimal_subscriber
