gmake[2]: Warning: File '/opt/ros/lyrical/lib/rosidl_generator_type_description/rosidl_generator_type_description' has modification time 4399360 s in the future
gmake[2]: Warning: File '/opt/ros/lyrical/share/unique_identifier_msgs/msg/UUID.idl' has modification time 4402820 s in the future
gmake[2]: warning:  Clock skew detected.  Your build may be incomplete.
gmake[2]: Warning: File '/opt/ros/lyrical/share/unique_identifier_msgs/msg/UUID.idl' has modification time 4402819 s in the future
gmake[2]: Warning: File '/opt/ros/lyrical/share/unique_identifier_msgs/msg/UUID.idl' has modification time 4402819 s in the future
gmake[2]: warning:  Clock skew detected.  Your build may be incomplete.
gmake[2]: warning:  Clock skew detected.  Your build may be incomplete.
gmake[2]: warning:  Clock skew detected.  Your build may be incomplete.
gmake[2]: Warning: File '/opt/ros/lyrical/share/unique_identifier_msgs/msg/UUID.idl' has modification time 4402817 s in the future
gmake[2]: warning:  Clock skew detected.  Your build may be incomplete.
gmake[2]: Warning: File '/opt/ros/lyrical/share/unique_identifier_msgs/msg/UUID.idl' has modification time 4402814 s in the future
gmake[2]: Warning: File '/opt/ros/lyrical/share/unique_identifier_msgs/msg/UUID.idl' has modification time 4402814 s in the future
gmake[2]: Warning: File '/opt/ros/lyrical/share/unique_identifier_msgs/msg/UUID.idl' has modification time 4402814 s in the future
gmake[2]: Warning: File '/opt/ros/lyrical/share/unique_identifier_msgs/msg/UUID.idl' has modification time 4402814 s in the future
gmake[2]: warning:  Clock skew detected.  Your build may be incomplete.
gmake[2]: Warning: File '/opt/ros/lyrical/share/unique_identifier_msgs/msg/UUID.idl' has modification time 4402813 s in the future
gmake[2]: warning:  Clock skew detected.  Your build may be incomplete.
gmake[2]: Warning: File '/opt/ros/lyrical/share/unique_identifier_msgs/msg/UUID.idl' has modification time 4402813 s in the future
gmake[2]: warning:  Clock skew detected.  Your build may be incomplete.
gmake[2]: Warning: File '/opt/ros/lyrical/share/unique_identifier_msgs/msg/UUID.idl' has modification time 4402812 s in the future
gmake[2]: warning:  Clock skew detected.  Your build may be incomplete.
gmake[2]: Warning: File '/opt/ros/lyrical/share/unique_identifier_msgs/msg/UUID.idl' has modification time 4402812 s in the future
gmake[2]: warning:  Clock skew detected.  Your build may be incomplete.
gmake[2]: warning:  Clock skew detected.  Your build may be incomplete.
gmake[2]: Warning: File '/opt/ros/lyrical/share/unique_identifier_msgs/msg/UUID.idl' has modification time 4402810 s in the future
gmake[2]: Warning: File '/opt/ros/lyrical/share/unique_identifier_msgs/msg/UUID.idl' has modification time 4402810 s in the future
gmake[2]: warning:  Clock skew detected.  Your build may be incomplete.
gmake[2]: Warning: File '/opt/ros/lyrical/share/unique_identifier_msgs/msg/UUID.idl' has modification time 4402809 s in the future
gmake[2]: warning:  Clock skew detected.  Your build may be incomplete.
gmake[2]: Warning: File '/opt/ros/lyrical/share/unique_identifier_msgs/msg/UUID.idl' has modification time 4402809 s in the future
gmake[2]: warning:  Clock skew detected.  Your build may be incomplete.
gmake[2]: warning:  Clock skew detected.  Your build may be incomplete.
gmake[2]: warning:  Clock skew detected.  Your build may be incomplete.
gmake[2]: warning:  Clock skew detected.  Your build may be incomplete.
gmake[2]: Warning: File '/home/public/MSE112_MPi5_Hiwonder_ROS2/ros2ws/src/ros_tutorials/turtlesim_msgs/action/RotateAbsolute.action' has modification time 7783578 s in the future
gmake[2]: warning:  Clock skew detected.  Your build may be incomplete.
gmake[2]: Warning: File '/opt/ros/lyrical/share/unique_identifier_msgs/msg/UUID.idl' has modification time 4402795 s in the future
gmake[2]: warning:  Clock skew detected.  Your build may be incomplete.
gmake[2]: Warning: File '/opt/ros/lyrical/lib/libaction_msgs__rosidl_typesupport_fastrtps_c.so' has modification time 4403593 s in the future
gmake[2]: warning:  Clock skew detected.  Your build may be incomplete.
gmake[2]: Warning: File '/opt/ros/lyrical/lib/libaction_msgs__rosidl_typesupport_c.so' has modification time 4403592 s in the future
gmake[2]: Warning: File '/opt/ros/lyrical/lib/libaction_msgs__rosidl_typesupport_c.so' has modification time 4403592 s in the future
gmake[2]: Warning: File '/opt/ros/lyrical/lib/libaction_msgs__rosidl_typesupport_c.so' has modification time 4403592 s in the future
gmake[2]: warning:  Clock skew detected.  Your build may be incomplete.
gmake[2]: warning:  Clock skew detected.  Your build may be incomplete.
gmake[2]: warning:  Clock skew detected.  Your build may be incomplete.
