-- The C compiler identification is GNU 15.2.0
-- The CXX compiler identification is GNU 15.2.0
-- Detecting C compiler ABI info
-- Detecting C compiler ABI info - done
-- Check for working C compiler: /usr/bin/cc - skipped
-- Detecting C compile features
-- Detecting C compile features - done
-- Detecting CXX compiler ABI info
-- Detecting CXX compiler ABI info - done
-- Check for working CXX compiler: /usr/bin/c++ - skipped
-- Detecting CXX compile features
-- Detecting CXX compile features - done
-- Found ament_cmake: 2.8.7 (/opt/ros/lyrical/share/ament_cmake/cmake)
-- Override CMake install command with custom implementation using symlinks instead of copying resources
-- Found builtin_interfaces: 2.4.5 (/opt/ros/lyrical/share/builtin_interfaces/cmake)
-- Found rosidl_generator_c: 5.2.1 (/opt/ros/lyrical/share/rosidl_generator_c/cmake)
-- Found rosidl_generator_cpp: 5.2.1 (/opt/ros/lyrical/share/rosidl_generator_cpp/cmake)
-- Using all available rosidl_typesupport_c: rosidl_typesupport_fastrtps_c;rosidl_typesupport_introspection_c
-- Using all available rosidl_typesupport_cpp: rosidl_typesupport_fastrtps_cpp;rosidl_typesupport_introspection_cpp
-- Found rosidl_default_generators: 1.8.1 (/opt/ros/lyrical/share/rosidl_default_generators/cmake)
-- Found rosidl_adapter: 5.2.1 (/opt/ros/lyrical/share/rosidl_adapter/cmake)
-- Found Python3: /usr/bin/python3 (found version "3.14.4") found components: Interpreter
-- Found ament_cmake_cppcheck: 0.20.6 (/opt/ros/lyrical/share/ament_cmake_cppcheck/cmake)
-- Found ament_cmake_cpplint: 0.20.6 (/opt/ros/lyrical/share/ament_cmake_cpplint/cmake)
-- Found ament_cmake_uncrustify: 0.20.6 (/opt/ros/lyrical/share/ament_cmake_uncrustify/cmake)
-- Using all available rosidl_typesupport_c: rosidl_typesupport_fastrtps_c;rosidl_typesupport_introspection_c
-- Using all available rosidl_typesupport_cpp: rosidl_typesupport_fastrtps_cpp;rosidl_typesupport_introspection_cpp
-- Found Python3: /usr/bin/python3 (found version "3.14.4") found components: Interpreter Development NumPy Development.Module Development.Embed
-- Found ament_cmake_flake8: 0.20.6 (/opt/ros/lyrical/share/ament_cmake_flake8/cmake)
-- Found ament_cmake_pep257: 0.20.6 (/opt/ros/lyrical/share/ament_cmake_pep257/cmake)
-- Found ament_cmake_mypy: 0.20.6 (/opt/ros/lyrical/share/ament_cmake_mypy/cmake)
-- Found Python3: /usr/bin/python3 (found version "3.14.4") found components: Interpreter
-- Configuring done (7.5s)
-- Generating done (0.1s)
-- Build files have been written to: /home/public/MSE112_MPi5_Hiwonder_ROS2/ros2ws/build/turtlesim_msgs
-- Found ament_cmake: 2.8.7 (/opt/ros/lyrical/share/ament_cmake/cmake)
-- Override CMake install command with custom implementation using symlinks instead of copying resources
-- Found builtin_interfaces: 2.4.5 (/opt/ros/lyrical/share/builtin_interfaces/cmake)
-- Found rosidl_generator_c: 5.2.1 (/opt/ros/lyrical/share/rosidl_generator_c/cmake)
-- Found rosidl_generator_cpp: 5.2.1 (/opt/ros/lyrical/share/rosidl_generator_cpp/cmake)
-- Using all available rosidl_typesupport_c: rosidl_typesupport_fastrtps_c;rosidl_typesupport_introspection_c
-- Using all available rosidl_typesupport_cpp: rosidl_typesupport_fastrtps_cpp;rosidl_typesupport_introspection_cpp
-- Found rosidl_default_generators: 1.8.1 (/opt/ros/lyrical/share/rosidl_default_generators/cmake)
-- Found rosidl_adapter: 5.2.1 (/opt/ros/lyrical/share/rosidl_adapter/cmake)
-- Found ament_cmake_cppcheck: 0.20.6 (/opt/ros/lyrical/share/ament_cmake_cppcheck/cmake)
-- Found ament_cmake_cpplint: 0.20.6 (/opt/ros/lyrical/share/ament_cmake_cpplint/cmake)
-- Found ament_cmake_uncrustify: 0.20.6 (/opt/ros/lyrical/share/ament_cmake_uncrustify/cmake)
-- Using all available rosidl_typesupport_c: rosidl_typesupport_fastrtps_c;rosidl_typesupport_introspection_c
-- Using all available rosidl_typesupport_cpp: rosidl_typesupport_fastrtps_cpp;rosidl_typesupport_introspection_cpp
-- Found Python3: /usr/bin/python3 (found version "3.14.4") found components: Interpreter Development NumPy Development.Module Development.Embed
-- Found ament_cmake_flake8: 0.20.6 (/opt/ros/lyrical/share/ament_cmake_flake8/cmake)
-- Found ament_cmake_pep257: 0.20.6 (/opt/ros/lyrical/share/ament_cmake_pep257/cmake)
-- Found ament_cmake_mypy: 0.20.6 (/opt/ros/lyrical/share/ament_cmake_mypy/cmake)
-- Found Python3: /usr/bin/python3 (found version "3.14.4") found components: Interpreter
-- Configuring done (1.6s)
-- Generating done (0.2s)
-- Build files have been written to: /home/public/MSE112_MPi5_Hiwonder_ROS2/ros2ws/build/turtlesim_msgs
gmake[2]: Warning: File '/opt/ros/lyrical/lib/rosidl_generator_type_description/rosidl_generator_type_description' has modification time 4399360 s in the future
gmake[2]: Warning: File '/opt/ros/lyrical/share/unique_identifier_msgs/msg/UUID.idl' has modification time 4402820 s in the future
[  2%] [1m[34mGenerating Rust code for ROS interfaces[0m
[  2%] [1m[34mGenerating type hashes for ROS interfaces[0m
gmake[2]: warning:  Clock skew detected.  Your build may be incomplete.
[  2%] Built target turtlesim_msgs__rosidl_generator_type_description
gmake[2]: Warning: File '/opt/ros/lyrical/share/unique_identifier_msgs/msg/UUID.idl' has modification time 4402819 s in the future
[  3%] [1m[34mGenerating C code for ROS interfaces[0m
gmake[2]: Warning: File '/opt/ros/lyrical/share/unique_identifier_msgs/msg/UUID.idl' has modification time 4402819 s in the future
[  3%] [1m[34mGenerating C++ code for ROS interfaces[0m
gmake[2]: warning:  Clock skew detected.  Your build may be incomplete.
[  3%] Built target turtlesim_msgs__rs
gmake[2]: warning:  Clock skew detected.  Your build may be incomplete.
[  3%] Built target turtlesim_msgs__cpp
gmake[2]: warning:  Clock skew detected.  Your build may be incomplete.
gmake[2]: Warning: File '/opt/ros/lyrical/share/unique_identifier_msgs/msg/UUID.idl' has modification time 4402817 s in the future
[  3%] [1m[34mGenerating C code for ROS interfaces[0m
[  4%] [32mBuilding C object CMakeFiles/turtlesim_msgs__rosidl_generator_c.dir/rosidl_generator_c/turtlesim_msgs/action/detail/rotate_absolute__description.c.o[0m
[  5%] [32mBuilding C object CMakeFiles/turtlesim_msgs__rosidl_generator_c.dir/rosidl_generator_c/turtlesim_msgs/action/detail/rotate_absolute__functions.c.o[0m
[  6%] [32mBuilding C object CMakeFiles/turtlesim_msgs__rosidl_generator_c.dir/rosidl_generator_c/turtlesim_msgs/msg/detail/color__description.c.o[0m
[  7%] [32mBuilding C object CMakeFiles/turtlesim_msgs__rosidl_generator_c.dir/rosidl_generator_c/turtlesim_msgs/action/detail/rotate_absolute__type_support.c.o[0m
[  8%] [32mBuilding C object CMakeFiles/turtlesim_msgs__rosidl_generator_c.dir/rosidl_generator_c/turtlesim_msgs/msg/detail/color__functions.c.o[0m
[  9%] [32mBuilding C object CMakeFiles/turtlesim_msgs__rosidl_generator_c.dir/rosidl_generator_c/turtlesim_msgs/msg/detail/color__type_support.c.o[0m
[ 10%] [32mBuilding C object CMakeFiles/turtlesim_msgs__rosidl_generator_c.dir/rosidl_generator_c/turtlesim_msgs/msg/detail/pose__description.c.o[0m
[ 11%] [32mBuilding C object CMakeFiles/turtlesim_msgs__rosidl_generator_c.dir/rosidl_generator_c/turtlesim_msgs/msg/detail/pose__functions.c.o[0m
[ 13%] [32mBuilding C object CMakeFiles/turtlesim_msgs__rosidl_generator_c.dir/rosidl_generator_c/turtlesim_msgs/srv/detail/kill__description.c.o[0m
[ 13%] [32mBuilding C object CMakeFiles/turtlesim_msgs__rosidl_generator_c.dir/rosidl_generator_c/turtlesim_msgs/msg/detail/pose__type_support.c.o[0m
[ 14%] [32mBuilding C object CMakeFiles/turtlesim_msgs__rosidl_generator_c.dir/rosidl_generator_c/turtlesim_msgs/srv/detail/kill__functions.c.o[0m
[ 15%] [32mBuilding C object CMakeFiles/turtlesim_msgs__rosidl_generator_c.dir/rosidl_generator_c/turtlesim_msgs/srv/detail/kill__type_support.c.o[0m
[ 16%] [32mBuilding C object CMakeFiles/turtlesim_msgs__rosidl_generator_c.dir/rosidl_generator_c/turtlesim_msgs/srv/detail/set_pen__description.c.o[0m
[ 17%] [32mBuilding C object CMakeFiles/turtlesim_msgs__rosidl_generator_c.dir/rosidl_generator_c/turtlesim_msgs/srv/detail/set_pen__functions.c.o[0m
[ 18%] [32mBuilding C object CMakeFiles/turtlesim_msgs__rosidl_generator_c.dir/rosidl_generator_c/turtlesim_msgs/srv/detail/set_pen__type_support.c.o[0m
[ 19%] [32mBuilding C object CMakeFiles/turtlesim_msgs__rosidl_generator_c.dir/rosidl_generator_c/turtlesim_msgs/srv/detail/spawn__description.c.o[0m
[ 21%] [32mBuilding C object CMakeFiles/turtlesim_msgs__rosidl_generator_c.dir/rosidl_generator_c/turtlesim_msgs/srv/detail/spawn__type_support.c.o[0m
[ 21%] [32mBuilding C object CMakeFiles/turtlesim_msgs__rosidl_generator_c.dir/rosidl_generator_c/turtlesim_msgs/srv/detail/spawn__functions.c.o[0m
[ 21%] [32mBuilding C object CMakeFiles/turtlesim_msgs__rosidl_generator_c.dir/rosidl_generator_c/turtlesim_msgs/srv/detail/teleport_absolute__description.c.o[0m
[ 23%] [32mBuilding C object CMakeFiles/turtlesim_msgs__rosidl_generator_c.dir/rosidl_generator_c/turtlesim_msgs/srv/detail/teleport_absolute__type_support.c.o[0m
[ 23%] [32mBuilding C object CMakeFiles/turtlesim_msgs__rosidl_generator_c.dir/rosidl_generator_c/turtlesim_msgs/srv/detail/teleport_absolute__functions.c.o[0m
[ 24%] [32mBuilding C object CMakeFiles/turtlesim_msgs__rosidl_generator_c.dir/rosidl_generator_c/turtlesim_msgs/srv/detail/teleport_relative__description.c.o[0m
[ 25%] [32mBuilding C object CMakeFiles/turtlesim_msgs__rosidl_generator_c.dir/rosidl_generator_c/turtlesim_msgs/srv/detail/teleport_relative__functions.c.o[0m
[ 26%] [32mBuilding C object CMakeFiles/turtlesim_msgs__rosidl_generator_c.dir/rosidl_generator_c/turtlesim_msgs/srv/detail/teleport_relative__type_support.c.o[0m
[ 27%] [1m[32mLinking C shared library libturtlesim_msgs__rosidl_generator_c.so[0m
gmake[2]: warning:  Clock skew detected.  Your build may be incomplete.
[ 27%] Built target turtlesim_msgs__rosidl_generator_c
gmake[2]: Warning: File '/opt/ros/lyrical/share/unique_identifier_msgs/msg/UUID.idl' has modification time 4402814 s in the future
gmake[2]: Warning: File '/opt/ros/lyrical/share/unique_identifier_msgs/msg/UUID.idl' has modification time 4402814 s in the future
gmake[2]: Warning: File '/opt/ros/lyrical/share/unique_identifier_msgs/msg/UUID.idl' has modification time 4402814 s in the future
gmake[2]: Warning: File '/opt/ros/lyrical/share/unique_identifier_msgs/msg/UUID.idl' has modification time 4402814 s in the future
[ 30%] [1m[34mGenerating C type support for eProsima Fast-RTPS[0m
[ 30%] [1m[34mGenerating C type support dispatch for ROS interfaces[0m
[ 30%] [1m[34mGenerating C++ type support for eProsima Fast-RTPS[0m
[ 31%] [1m[34mGenerating C introspection for ROS interfaces[0m
gmake[2]: warning:  Clock skew detected.  Your build may be incomplete.
gmake[2]: Warning: File '/opt/ros/lyrical/share/unique_identifier_msgs/msg/UUID.idl' has modification time 4402813 s in the future
[ 31%] [1m[34mGenerating C type support dispatch for ROS interfaces[0m
gmake[2]: warning:  Clock skew detected.  Your build may be incomplete.
gmake[2]: Warning: File '/opt/ros/lyrical/share/unique_identifier_msgs/msg/UUID.idl' has modification time 4402813 s in the future
[ 31%] [1m[34mGenerating C introspection for ROS interfaces[0m
[ 32%] [32mBuilding CXX object CMakeFiles/turtlesim_msgs__rosidl_typesupport_c.dir/rosidl_typesupport_c/turtlesim_msgs/action/rotate_absolute__type_support.cpp.o[0m
[ 33%] [32mBuilding CXX object CMakeFiles/turtlesim_msgs__rosidl_typesupport_c.dir/rosidl_typesupport_c/turtlesim_msgs/msg/color__type_support.cpp.o[0m
gmake[2]: warning:  Clock skew detected.  Your build may be incomplete.
gmake[2]: Warning: File '/opt/ros/lyrical/share/unique_identifier_msgs/msg/UUID.idl' has modification time 4402812 s in the future
[ 33%] [1m[34mGenerating C++ type support for eProsima Fast-RTPS[0m
[ 34%] [32mBuilding CXX object CMakeFiles/turtlesim_msgs__rosidl_typesupport_c.dir/rosidl_typesupport_c/turtlesim_msgs/msg/pose__type_support.cpp.o[0m
[ 34%] [32mBuilding CXX object CMakeFiles/turtlesim_msgs__rosidl_typesupport_c.dir/rosidl_typesupport_c/turtlesim_msgs/srv/kill__type_support.cpp.o[0m
[ 35%] [32mBuilding CXX object CMakeFiles/turtlesim_msgs__rosidl_typesupport_c.dir/rosidl_typesupport_c/turtlesim_msgs/srv/set_pen__type_support.cpp.o[0m
[ 36%] [32mBuilding CXX object CMakeFiles/turtlesim_msgs__rosidl_typesupport_c.dir/rosidl_typesupport_c/turtlesim_msgs/srv/spawn__type_support.cpp.o[0m
gmake[2]: warning:  Clock skew detected.  Your build may be incomplete.
gmake[2]: Warning: File '/opt/ros/lyrical/share/unique_identifier_msgs/msg/UUID.idl' has modification time 4402812 s in the future
[ 36%] [1m[34mGenerating C type support for eProsima Fast-RTPS[0m
[ 37%] [32mBuilding CXX object CMakeFiles/turtlesim_msgs__rosidl_typesupport_c.dir/rosidl_typesupport_c/turtlesim_msgs/srv/teleport_absolute__type_support.cpp.o[0m
[ 38%] [32mBuilding CXX object CMakeFiles/turtlesim_msgs__rosidl_typesupport_c.dir/rosidl_typesupport_c/turtlesim_msgs/srv/teleport_relative__type_support.cpp.o[0m
[ 39%] [1m[32mLinking CXX shared library libturtlesim_msgs__rosidl_typesupport_c.so[0m
gmake[2]: warning:  Clock skew detected.  Your build may be incomplete.
[ 39%] Built target turtlesim_msgs__rosidl_typesupport_c
[ 40%] [32mBuilding C object CMakeFiles/turtlesim_msgs__rosidl_typesupport_introspection_c.dir/rosidl_typesupport_introspection_c/turtlesim_msgs/action/detail/rotate_absolute__type_support.c.o[0m
[ 41%] [32mBuilding C object CMakeFiles/turtlesim_msgs__rosidl_typesupport_introspection_c.dir/rosidl_typesupport_introspection_c/turtlesim_msgs/msg/detail/color__type_support.c.o[0m
[ 42%] [32mBuilding C object CMakeFiles/turtlesim_msgs__rosidl_typesupport_introspection_c.dir/rosidl_typesupport_introspection_c/turtlesim_msgs/msg/detail/pose__type_support.c.o[0m
[ 43%] [32mBuilding C object CMakeFiles/turtlesim_msgs__rosidl_typesupport_introspection_c.dir/rosidl_typesupport_introspection_c/turtlesim_msgs/srv/detail/kill__type_support.c.o[0m
[ 44%] [32mBuilding C object CMakeFiles/turtlesim_msgs__rosidl_typesupport_introspection_c.dir/rosidl_typesupport_introspection_c/turtlesim_msgs/srv/detail/set_pen__type_support.c.o[0m
[ 44%] [32mBuilding C object CMakeFiles/turtlesim_msgs__rosidl_typesupport_introspection_c.dir/rosidl_typesupport_introspection_c/turtlesim_msgs/srv/detail/spawn__type_support.c.o[0m
[ 45%] [32mBuilding C object CMakeFiles/turtlesim_msgs__rosidl_typesupport_introspection_c.dir/rosidl_typesupport_introspection_c/turtlesim_msgs/srv/detail/teleport_absolute__type_support.c.o[0m
[ 46%] [32mBuilding C object CMakeFiles/turtlesim_msgs__rosidl_typesupport_introspection_c.dir/rosidl_typesupport_introspection_c/turtlesim_msgs/srv/detail/teleport_relative__type_support.c.o[0m
[ 47%] [1m[32mLinking C shared library libturtlesim_msgs__rosidl_typesupport_introspection_c.so[0m
gmake[2]: warning:  Clock skew detected.  Your build may be incomplete.
gmake[2]: Warning: File '/opt/ros/lyrical/share/unique_identifier_msgs/msg/UUID.idl' has modification time 4402810 s in the future
[ 48%] [1m[34mGenerating C++ introspection for ROS interfaces[0m
[ 48%] Built target turtlesim_msgs__rosidl_typesupport_introspection_c
gmake[2]: Warning: File '/opt/ros/lyrical/share/unique_identifier_msgs/msg/UUID.idl' has modification time 4402810 s in the future
[ 49%] [1m[34mGenerating C++ type support dispatch for ROS interfaces[0m
[ 50%] [32mBuilding CXX object CMakeFiles/turtlesim_msgs__rosidl_typesupport_fastrtps_cpp.dir/rosidl_typesupport_fastrtps_cpp/turtlesim_msgs/action/detail/dds_fastrtps/rotate_absolute__type_support.cpp.o[0m
gmake[2]: warning:  Clock skew detected.  Your build may be incomplete.
gmake[2]: Warning: File '/opt/ros/lyrical/share/unique_identifier_msgs/msg/UUID.idl' has modification time 4402809 s in the future
[ 50%] [1m[34mGenerating C++ type support dispatch for ROS interfaces[0m
[ 51%] [32mBuilding CXX object CMakeFiles/turtlesim_msgs__rosidl_typesupport_fastrtps_c.dir/rosidl_typesupport_fastrtps_c/turtlesim_msgs/action/detail/rotate_absolute__type_support_c.cpp.o[0m
gmake[2]: warning:  Clock skew detected.  Your build may be incomplete.
gmake[2]: Warning: File '/opt/ros/lyrical/share/unique_identifier_msgs/msg/UUID.idl' has modification time 4402809 s in the future
[ 51%] [1m[34mGenerating C++ introspection for ROS interfaces[0m
[ 52%] [32mBuilding CXX object CMakeFiles/turtlesim_msgs__rosidl_typesupport_cpp.dir/rosidl_typesupport_cpp/turtlesim_msgs/action/rotate_absolute__type_support.cpp.o[0m
[ 53%] [32mBuilding CXX object CMakeFiles/turtlesim_msgs__rosidl_typesupport_fastrtps_c.dir/rosidl_typesupport_fastrtps_c/turtlesim_msgs/msg/detail/color__type_support_c.cpp.o[0m
[ 54%] [32mBuilding CXX object CMakeFiles/turtlesim_msgs__rosidl_typesupport_introspection_cpp.dir/rosidl_typesupport_introspection_cpp/turtlesim_msgs/action/detail/rotate_absolute__type_support.cpp.o[0m
[ 55%] [32mBuilding CXX object CMakeFiles/turtlesim_msgs__rosidl_typesupport_fastrtps_cpp.dir/rosidl_typesupport_fastrtps_cpp/turtlesim_msgs/msg/detail/dds_fastrtps/color__type_support.cpp.o[0m
[ 57%] [32mBuilding CXX object CMakeFiles/turtlesim_msgs__rosidl_typesupport_cpp.dir/rosidl_typesupport_cpp/turtlesim_msgs/msg/color__type_support.cpp.o[0m
[ 57%] [32mBuilding CXX object CMakeFiles/turtlesim_msgs__rosidl_typesupport_fastrtps_c.dir/rosidl_typesupport_fastrtps_c/turtlesim_msgs/msg/detail/pose__type_support_c.cpp.o[0m
[ 58%] [32mBuilding CXX object CMakeFiles/turtlesim_msgs__rosidl_typesupport_fastrtps_cpp.dir/rosidl_typesupport_fastrtps_cpp/turtlesim_msgs/msg/detail/dds_fastrtps/pose__type_support.cpp.o[0m
[ 59%] [32mBuilding CXX object CMakeFiles/turtlesim_msgs__rosidl_typesupport_introspection_cpp.dir/rosidl_typesupport_introspection_cpp/turtlesim_msgs/msg/detail/color__type_support.cpp.o[0m
[ 60%] [32mBuilding CXX object CMakeFiles/turtlesim_msgs__rosidl_typesupport_cpp.dir/rosidl_typesupport_cpp/turtlesim_msgs/msg/pose__type_support.cpp.o[0m
[ 61%] [32mBuilding CXX object CMakeFiles/turtlesim_msgs__rosidl_typesupport_fastrtps_c.dir/rosidl_typesupport_fastrtps_c/turtlesim_msgs/srv/detail/kill__type_support_c.cpp.o[0m
[ 62%] [32mBuilding CXX object CMakeFiles/turtlesim_msgs__rosidl_typesupport_cpp.dir/rosidl_typesupport_cpp/turtlesim_msgs/srv/kill__type_support.cpp.o[0m
[ 63%] [32mBuilding CXX object CMakeFiles/turtlesim_msgs__rosidl_typesupport_introspection_cpp.dir/rosidl_typesupport_introspection_cpp/turtlesim_msgs/msg/detail/pose__type_support.cpp.o[0m
[ 64%] [32mBuilding CXX object CMakeFiles/turtlesim_msgs__rosidl_typesupport_fastrtps_cpp.dir/rosidl_typesupport_fastrtps_cpp/turtlesim_msgs/srv/detail/dds_fastrtps/kill__type_support.cpp.o[0m
[ 64%] [32mBuilding CXX object CMakeFiles/turtlesim_msgs__rosidl_typesupport_fastrtps_c.dir/rosidl_typesupport_fastrtps_c/turtlesim_msgs/srv/detail/set_pen__type_support_c.cpp.o[0m
[ 65%] [32mBuilding CXX object CMakeFiles/turtlesim_msgs__rosidl_typesupport_introspection_cpp.dir/rosidl_typesupport_introspection_cpp/turtlesim_msgs/srv/detail/kill__type_support.cpp.o[0m
[ 66%] [32mBuilding CXX object CMakeFiles/turtlesim_msgs__rosidl_typesupport_cpp.dir/rosidl_typesupport_cpp/turtlesim_msgs/srv/set_pen__type_support.cpp.o[0m
[ 67%] [32mBuilding CXX object CMakeFiles/turtlesim_msgs__rosidl_typesupport_fastrtps_c.dir/rosidl_typesupport_fastrtps_c/turtlesim_msgs/srv/detail/spawn__type_support_c.cpp.o[0m
[ 68%] [32mBuilding CXX object CMakeFiles/turtlesim_msgs__rosidl_typesupport_fastrtps_cpp.dir/rosidl_typesupport_fastrtps_cpp/turtlesim_msgs/srv/detail/dds_fastrtps/set_pen__type_support.cpp.o[0m
[ 69%] [32mBuilding CXX object CMakeFiles/turtlesim_msgs__rosidl_typesupport_introspection_cpp.dir/rosidl_typesupport_introspection_cpp/turtlesim_msgs/srv/detail/set_pen__type_support.cpp.o[0m
[ 70%] [32mBuilding CXX object CMakeFiles/turtlesim_msgs__rosidl_typesupport_cpp.dir/rosidl_typesupport_cpp/turtlesim_msgs/srv/spawn__type_support.cpp.o[0m
[ 71%] [32mBuilding CXX object CMakeFiles/turtlesim_msgs__rosidl_typesupport_fastrtps_c.dir/rosidl_typesupport_fastrtps_c/turtlesim_msgs/srv/detail/teleport_absolute__type_support_c.cpp.o[0m
[ 72%] [32mBuilding CXX object CMakeFiles/turtlesim_msgs__rosidl_typesupport_introspection_cpp.dir/rosidl_typesupport_introspection_cpp/turtlesim_msgs/srv/detail/spawn__type_support.cpp.o[0m
[ 73%] [32mBuilding CXX object CMakeFiles/turtlesim_msgs__rosidl_typesupport_fastrtps_cpp.dir/rosidl_typesupport_fastrtps_cpp/turtlesim_msgs/srv/detail/dds_fastrtps/spawn__type_support.cpp.o[0m
[ 74%] [32mBuilding CXX object CMakeFiles/turtlesim_msgs__rosidl_typesupport_cpp.dir/rosidl_typesupport_cpp/turtlesim_msgs/srv/teleport_absolute__type_support.cpp.o[0m
[ 75%] [32mBuilding CXX object CMakeFiles/turtlesim_msgs__rosidl_typesupport_fastrtps_c.dir/rosidl_typesupport_fastrtps_c/turtlesim_msgs/srv/detail/teleport_relative__type_support_c.cpp.o[0m
[ 76%] [32mBuilding CXX object CMakeFiles/turtlesim_msgs__rosidl_typesupport_cpp.dir/rosidl_typesupport_cpp/turtlesim_msgs/srv/teleport_relative__type_support.cpp.o[0m
[ 77%] [32mBuilding CXX object CMakeFiles/turtlesim_msgs__rosidl_typesupport_introspection_cpp.dir/rosidl_typesupport_introspection_cpp/turtlesim_msgs/srv/detail/teleport_absolute__type_support.cpp.o[0m
[ 78%] [32mBuilding CXX object CMakeFiles/turtlesim_msgs__rosidl_typesupport_fastrtps_cpp.dir/rosidl_typesupport_fastrtps_cpp/turtlesim_msgs/srv/detail/dds_fastrtps/teleport_absolute__type_support.cpp.o[0m
[ 79%] [1m[32mLinking CXX shared library libturtlesim_msgs__rosidl_typesupport_fastrtps_c.so[0m
gmake[2]: warning:  Clock skew detected.  Your build may be incomplete.
[ 79%] Built target turtlesim_msgs__rosidl_typesupport_fastrtps_c
[ 80%] [1m[32mLinking CXX shared library libturtlesim_msgs__rosidl_typesupport_cpp.so[0m
[ 81%] [32mBuilding CXX object CMakeFiles/turtlesim_msgs__rosidl_typesupport_introspection_cpp.dir/rosidl_typesupport_introspection_cpp/turtlesim_msgs/srv/detail/teleport_relative__type_support.cpp.o[0m
[ 82%] [32mBuilding CXX object CMakeFiles/turtlesim_msgs__rosidl_typesupport_fastrtps_cpp.dir/rosidl_typesupport_fastrtps_cpp/turtlesim_msgs/srv/detail/dds_fastrtps/teleport_relative__type_support.cpp.o[0m
gmake[2]: warning:  Clock skew detected.  Your build may be incomplete.
[ 82%] Built target turtlesim_msgs__rosidl_typesupport_cpp
[ 83%] [1m[32mLinking CXX shared library libturtlesim_msgs__rosidl_typesupport_introspection_cpp.so[0m
gmake[2]: warning:  Clock skew detected.  Your build may be incomplete.
[ 83%] Built target turtlesim_msgs__rosidl_typesupport_introspection_cpp
[ 84%] [1m[32mLinking CXX shared library libturtlesim_msgs__rosidl_typesupport_fastrtps_cpp.so[0m
gmake[2]: warning:  Clock skew detected.  Your build may be incomplete.
[ 84%] Built target turtlesim_msgs__rosidl_typesupport_fastrtps_cpp
gmake[2]: Warning: File '/home/public/MSE112_MPi5_Hiwonder_ROS2/ros2ws/src/ros_tutorials/turtlesim_msgs/action/RotateAbsolute.action' has modification time 7783578 s in the future
gmake[2]: warning:  Clock skew detected.  Your build may be incomplete.
[ 84%] Built target turtlesim_msgs
gmake[2]: Warning: File '/opt/ros/lyrical/share/unique_identifier_msgs/msg/UUID.idl' has modification time 4402795 s in the future
[ 85%] [1m[34mGenerating Python code for ROS interfaces[0m
gmake[2]: warning:  Clock skew detected.  Your build may be incomplete.
[ 85%] Built target turtlesim_msgs__py
[ 88%] [32mBuilding C object CMakeFiles/turtlesim_msgs__rosidl_generator_py.dir/rosidl_generator_py/turtlesim_msgs/msg/_color_s.c.o[0m
[ 88%] [32mBuilding C object CMakeFiles/turtlesim_msgs__rosidl_generator_py.dir/rosidl_generator_py/turtlesim_msgs/action/_rotate_absolute_s.c.o[0m
[ 88%] [32mBuilding C object CMakeFiles/turtlesim_msgs__rosidl_generator_py.dir/rosidl_generator_py/turtlesim_msgs/msg/_pose_s.c.o[0m
[ 88%] Built target ament_cmake_python_sync_turtlesim_msgs
[ 89%] [32mBuilding C object CMakeFiles/turtlesim_msgs__rosidl_generator_py.dir/rosidl_generator_py/turtlesim_msgs/srv/_kill_s.c.o[0m
[ 90%] [32mBuilding C object CMakeFiles/turtlesim_msgs__rosidl_generator_py.dir/rosidl_generator_py/turtlesim_msgs/srv/_set_pen_s.c.o[0m
[ 91%] [32mBuilding C object CMakeFiles/turtlesim_msgs__rosidl_generator_py.dir/rosidl_generator_py/turtlesim_msgs/srv/_spawn_s.c.o[0m
[ 92%] [32mBuilding C object CMakeFiles/turtlesim_msgs__rosidl_generator_py.dir/rosidl_generator_py/turtlesim_msgs/srv/_teleport_absolute_s.c.o[0m
gmake[2]: Warning: File '/opt/ros/lyrical/lib/libaction_msgs__rosidl_typesupport_fastrtps_c.so' has modification time 4403593 s in the future
[ 93%] [32mBuilding C object CMakeFiles/turtlesim_msgs__rosidl_generator_py.dir/rosidl_generator_py/turtlesim_msgs/srv/_teleport_relative_s.c.o[0m
running egg_info
creating turtlesim_msgs.egg-info
writing turtlesim_msgs.egg-info/PKG-INFO
writing dependency_links to turtlesim_msgs.egg-info/dependency_links.txt
writing top-level names to turtlesim_msgs.egg-info/top_level.txt
writing manifest file 'turtlesim_msgs.egg-info/SOURCES.txt'
reading manifest file 'turtlesim_msgs.egg-info/SOURCES.txt'
writing manifest file 'turtlesim_msgs.egg-info/SOURCES.txt'
[ 94%] [1m[32mLinking C shared library libturtlesim_msgs__rosidl_generator_py.so[0m
[ 94%] Built target ament_cmake_python_build_turtlesim_msgs_egg
gmake[2]: warning:  Clock skew detected.  Your build may be incomplete.
[ 94%] Built target turtlesim_msgs__rosidl_generator_py
gmake[2]: Warning: File '/opt/ros/lyrical/lib/libaction_msgs__rosidl_typesupport_c.so' has modification time 4403592 s in the future
gmake[2]: Warning: File '/opt/ros/lyrical/lib/libaction_msgs__rosidl_typesupport_c.so' has modification time 4403592 s in the future
gmake[2]: Warning: File '/opt/ros/lyrical/lib/libaction_msgs__rosidl_typesupport_c.so' has modification time 4403592 s in the future
[ 97%] [32mBuilding C object CMakeFiles/turtlesim_msgs_s__rosidl_typesupport_c.dir/rosidl_generator_py/turtlesim_msgs/_turtlesim_msgs_s.ep.rosidl_typesupport_c.c.o[0m
[ 97%] [32mBuilding C object CMakeFiles/turtlesim_msgs_s__rosidl_typesupport_introspection_c.dir/rosidl_generator_py/turtlesim_msgs/_turtlesim_msgs_s.ep.rosidl_typesupport_introspection_c.c.o[0m
[ 97%] [32mBuilding C object CMakeFiles/turtlesim_msgs_s__rosidl_typesupport_fastrtps_c.dir/rosidl_generator_py/turtlesim_msgs/_turtlesim_msgs_s.ep.rosidl_typesupport_fastrtps_c.c.o[0m
[ 98%] [1m[32mLinking C shared module rosidl_generator_py/turtlesim_msgs/turtlesim_msgs_s__rosidl_typesupport_c.so[0m
[ 99%] [1m[32mLinking C shared module rosidl_generator_py/turtlesim_msgs/turtlesim_msgs_s__rosidl_typesupport_introspection_c.so[0m
[100%] [1m[32mLinking C shared module rosidl_generator_py/turtlesim_msgs/turtlesim_msgs_s__rosidl_typesupport_fastrtps_c.so[0m
gmake[2]: warning:  Clock skew detected.  Your build may be incomplete.
gmake[2]: warning:  Clock skew detected.  Your build may be incomplete.
[100%] Built target turtlesim_msgs_s__rosidl_typesupport_c
gmake[2]: warning:  Clock skew detected.  Your build may be incomplete.
[100%] Built target turtlesim_msgs_s__rosidl_typesupport_introspection_c
[100%] Built target turtlesim_msgs_s__rosidl_typesupport_fastrtps_c
-- Install configuration: ""
-- Execute custom install script
-- Symlinking: /home/public/MSE112_MPi5_Hiwonder_ROS2/ros2ws/install/turtlesim_msgs/share/ament_index/resource_index/rosidl_interfaces/turtlesim_msgs
-- Symlinking: /home/public/MSE112_MPi5_Hiwonder_ROS2/ros2ws/install/turtlesim_msgs/share/turtlesim_msgs/action/RotateAbsolute.json
-- Symlinking: /home/public/MSE112_MPi5_Hiwonder_ROS2/ros2ws/install/turtlesim_msgs/share/turtlesim_msgs/msg/Color.json
-- Symlinking: /home/public/MSE112_MPi5_Hiwonder_ROS2/ros2ws/install/turtlesim_msgs/share/turtlesim_msgs/msg/Pose.json
-- Symlinking: /home/public/MSE112_MPi5_Hiwonder_ROS2/ros2ws/install/turtlesim_msgs/share/turtlesim_msgs/srv/Kill.json
-- Symlinking: /home/public/MSE112_MPi5_Hiwonder_ROS2/ros2ws/install/turtlesim_msgs/share/turtlesim_msgs/srv/SetPen.json
-- Symlinking: /home/public/MSE112_MPi5_Hiwonder_ROS2/ros2ws/install/turtlesim_msgs/share/turtlesim_msgs/srv/Spawn.json
-- Symlinking: /home/public/MSE112_MPi5_Hiwonder_ROS2/ros2ws/install/turtlesim_msgs/share/turtlesim_msgs/srv/TeleportAbsolute.json
-- Symlinking: /home/public/MSE112_MPi5_Hiwonder_ROS2/ros2ws/install/turtlesim_msgs/share/turtlesim_msgs/srv/TeleportRelative.json
-- Symlinking: /home/public/MSE112_MPi5_Hiwonder_ROS2/ros2ws/install/turtlesim_msgs/include/turtlesim_msgs/turtlesim_msgs/action/detail/rotate_absolute__functions.h
-- Symlinking: /home/public/MSE112_MPi5_Hiwonder_ROS2/ros2ws/install/turtlesim_msgs/include/turtlesim_msgs/turtlesim_msgs/action/detail/rotate_absolute__struct.h
-- Symlinking: /home/public/MSE112_MPi5_Hiwonder_ROS2/ros2ws/install/turtlesim_msgs/include/turtlesim_msgs/turtlesim_msgs/action/detail/rotate_absolute__type_support.h
-- Symlinking: /home/public/MSE112_MPi5_Hiwonder_ROS2/ros2ws/install/turtlesim_msgs/include/turtlesim_msgs/turtlesim_msgs/action/rotate_absolute.h
-- Symlinking: /home/public/MSE112_MPi5_Hiwonder_ROS2/ros2ws/install/turtlesim_msgs/include/turtlesim_msgs/turtlesim_msgs/msg/color.h
-- Symlinking: /home/public/MSE112_MPi5_Hiwonder_ROS2/ros2ws/install/turtlesim_msgs/include/turtlesim_msgs/turtlesim_msgs/msg/detail/color__functions.h
-- Symlinking: /home/public/MSE112_MPi5_Hiwonder_ROS2/ros2ws/install/turtlesim_msgs/include/turtlesim_msgs/turtlesim_msgs/msg/detail/color__struct.h
-- Symlinking: /home/public/MSE112_MPi5_Hiwonder_ROS2/ros2ws/install/turtlesim_msgs/include/turtlesim_msgs/turtlesim_msgs/msg/detail/color__type_support.h
-- Symlinking: /home/public/MSE112_MPi5_Hiwonder_ROS2/ros2ws/install/turtlesim_msgs/include/turtlesim_msgs/turtlesim_msgs/msg/detail/pose__functions.h
-- Symlinking: /home/public/MSE112_MPi5_Hiwonder_ROS2/ros2ws/install/turtlesim_msgs/include/turtlesim_msgs/turtlesim_msgs/msg/detail/pose__struct.h
-- Symlinking: /home/public/MSE112_MPi5_Hiwonder_ROS2/ros2ws/install/turtlesim_msgs/include/turtlesim_msgs/turtlesim_msgs/msg/detail/pose__type_support.h
-- Symlinking: /home/public/MSE112_MPi5_Hiwonder_ROS2/ros2ws/install/turtlesim_msgs/include/turtlesim_msgs/turtlesim_msgs/msg/pose.h
-- Symlinking: /home/public/MSE112_MPi5_Hiwonder_ROS2/ros2ws/install/turtlesim_msgs/include/turtlesim_msgs/turtlesim_msgs/msg/rosidl_generator_c__visibility_control.h
-- Symlinking: /home/public/MSE112_MPi5_Hiwonder_ROS2/ros2ws/install/turtlesim_msgs/include/turtlesim_msgs/turtlesim_msgs/srv/detail/kill__functions.h
-- Symlinking: /home/public/MSE112_MPi5_Hiwonder_ROS2/ros2ws/install/turtlesim_msgs/include/turtlesim_msgs/turtlesim_msgs/srv/detail/kill__struct.h
-- Symlinking: /home/public/MSE112_MPi5_Hiwonder_ROS2/ros2ws/install/turtlesim_msgs/include/turtlesim_msgs/turtlesim_msgs/srv/detail/kill__type_support.h
-- Symlinking: /home/public/MSE112_MPi5_Hiwonder_ROS2/ros2ws/install/turtlesim_msgs/include/turtlesim_msgs/turtlesim_msgs/srv/detail/set_pen__functions.h
-- Symlinking: /home/public/MSE112_MPi5_Hiwonder_ROS2/ros2ws/install/turtlesim_msgs/include/turtlesim_msgs/turtlesim_msgs/srv/detail/set_pen__struct.h
-- Symlinking: /home/public/MSE112_MPi5_Hiwonder_ROS2/ros2ws/install/turtlesim_msgs/include/turtlesim_msgs/turtlesim_msgs/srv/detail/set_pen__type_support.h
-- Symlinking: /home/public/MSE112_MPi5_Hiwonder_ROS2/ros2ws/install/turtlesim_msgs/include/turtlesim_msgs/turtlesim_msgs/srv/detail/spawn__functions.h
-- Symlinking: /home/public/MSE112_MPi5_Hiwonder_ROS2/ros2ws/install/turtlesim_msgs/include/turtlesim_msgs/turtlesim_msgs/srv/detail/spawn__struct.h
-- Symlinking: /home/public/MSE112_MPi5_Hiwonder_ROS2/ros2ws/install/turtlesim_msgs/include/turtlesim_msgs/turtlesim_msgs/srv/detail/spawn__type_support.h
-- Symlinking: /home/public/MSE112_MPi5_Hiwonder_ROS2/ros2ws/install/turtlesim_msgs/include/turtlesim_msgs/turtlesim_msgs/srv/detail/teleport_absolute__functions.h
-- Symlinking: /home/public/MSE112_MPi5_Hiwonder_ROS2/ros2ws/install/turtlesim_msgs/include/turtlesim_msgs/turtlesim_msgs/srv/detail/teleport_absolute__struct.h
-- Symlinking: /home/public/MSE112_MPi5_Hiwonder_ROS2/ros2ws/install/turtlesim_msgs/include/turtlesim_msgs/turtlesim_msgs/srv/detail/teleport_absolute__type_support.h
-- Symlinking: /home/public/MSE112_MPi5_Hiwonder_ROS2/ros2ws/install/turtlesim_msgs/include/turtlesim_msgs/turtlesim_msgs/srv/detail/teleport_relative__functions.h
-- Symlinking: /home/public/MSE112_MPi5_Hiwonder_ROS2/ros2ws/install/turtlesim_msgs/include/turtlesim_msgs/turtlesim_msgs/srv/detail/teleport_relative__struct.h
-- Symlinking: /home/public/MSE112_MPi5_Hiwonder_ROS2/ros2ws/install/turtlesim_msgs/include/turtlesim_msgs/turtlesim_msgs/srv/detail/teleport_relative__type_support.h
-- Symlinking: /home/public/MSE112_MPi5_Hiwonder_ROS2/ros2ws/install/turtlesim_msgs/include/turtlesim_msgs/turtlesim_msgs/srv/kill.h
-- Symlinking: /home/public/MSE112_MPi5_Hiwonder_ROS2/ros2ws/install/turtlesim_msgs/include/turtlesim_msgs/turtlesim_msgs/srv/set_pen.h
-- Symlinking: /home/public/MSE112_MPi5_Hiwonder_ROS2/ros2ws/install/turtlesim_msgs/include/turtlesim_msgs/turtlesim_msgs/srv/spawn.h
-- Symlinking: /home/public/MSE112_MPi5_Hiwonder_ROS2/ros2ws/install/turtlesim_msgs/include/turtlesim_msgs/turtlesim_msgs/srv/teleport_absolute.h
-- Symlinking: /home/public/MSE112_MPi5_Hiwonder_ROS2/ros2ws/install/turtlesim_msgs/include/turtlesim_msgs/turtlesim_msgs/srv/teleport_relative.h
-- Symlinking: /home/public/MSE112_MPi5_Hiwonder_ROS2/ros2ws/install/turtlesim_msgs/share/turtlesim_msgs/environment/library_path.sh
-- Symlinking: /home/public/MSE112_MPi5_Hiwonder_ROS2/ros2ws/install/turtlesim_msgs/share/turtlesim_msgs/environment/library_path.dsv
-- Symlinking: /home/public/MSE112_MPi5_Hiwonder_ROS2/ros2ws/install/turtlesim_msgs/include/turtlesim_msgs/turtlesim_msgs/action/detail/rotate_absolute__rosidl_typesupport_fastrtps_c.h
-- Symlinking: /home/public/MSE112_MPi5_Hiwonder_ROS2/ros2ws/install/turtlesim_msgs/include/turtlesim_msgs/turtlesim_msgs/msg/detail/color__rosidl_typesupport_fastrtps_c.h
-- Symlinking: /home/public/MSE112_MPi5_Hiwonder_ROS2/ros2ws/install/turtlesim_msgs/include/turtlesim_msgs/turtlesim_msgs/msg/detail/pose__rosidl_typesupport_fastrtps_c.h
-- Symlinking: /home/public/MSE112_MPi5_Hiwonder_ROS2/ros2ws/install/turtlesim_msgs/include/turtlesim_msgs/turtlesim_msgs/msg/rosidl_typesupport_fastrtps_c__visibility_control.h
-- Symlinking: /home/public/MSE112_MPi5_Hiwonder_ROS2/ros2ws/install/turtlesim_msgs/include/turtlesim_msgs/turtlesim_msgs/srv/detail/kill__rosidl_typesupport_fastrtps_c.h
-- Symlinking: /home/public/MSE112_MPi5_Hiwonder_ROS2/ros2ws/install/turtlesim_msgs/include/turtlesim_msgs/turtlesim_msgs/srv/detail/set_pen__rosidl_typesupport_fastrtps_c.h
-- Symlinking: /home/public/MSE112_MPi5_Hiwonder_ROS2/ros2ws/install/turtlesim_msgs/include/turtlesim_msgs/turtlesim_msgs/srv/detail/spawn__rosidl_typesupport_fastrtps_c.h
-- Symlinking: /home/public/MSE112_MPi5_Hiwonder_ROS2/ros2ws/install/turtlesim_msgs/include/turtlesim_msgs/turtlesim_msgs/srv/detail/teleport_absolute__rosidl_typesupport_fastrtps_c.h
-- Symlinking: /home/public/MSE112_MPi5_Hiwonder_ROS2/ros2ws/install/turtlesim_msgs/include/turtlesim_msgs/turtlesim_msgs/srv/detail/teleport_relative__rosidl_typesupport_fastrtps_c.h
-- Symlinking: /home/public/MSE112_MPi5_Hiwonder_ROS2/ros2ws/install/turtlesim_msgs/include/turtlesim_msgs/turtlesim_msgs/action/detail/rotate_absolute__builder.hpp
-- Symlinking: /home/public/MSE112_MPi5_Hiwonder_ROS2/ros2ws/install/turtlesim_msgs/include/turtlesim_msgs/turtlesim_msgs/action/detail/rotate_absolute__struct.hpp
-- Symlinking: /home/public/MSE112_MPi5_Hiwonder_ROS2/ros2ws/install/turtlesim_msgs/include/turtlesim_msgs/turtlesim_msgs/action/detail/rotate_absolute__traits.hpp
-- Symlinking: /home/public/MSE112_MPi5_Hiwonder_ROS2/ros2ws/install/turtlesim_msgs/include/turtlesim_msgs/turtlesim_msgs/action/detail/rotate_absolute__type_support.hpp
-- Symlinking: /home/public/MSE112_MPi5_Hiwonder_ROS2/ros2ws/install/turtlesim_msgs/include/turtlesim_msgs/turtlesim_msgs/action/rotate_absolute.hpp
-- Symlinking: /home/public/MSE112_MPi5_Hiwonder_ROS2/ros2ws/install/turtlesim_msgs/include/turtlesim_msgs/turtlesim_msgs/msg/color.hpp
-- Symlinking: /home/public/MSE112_MPi5_Hiwonder_ROS2/ros2ws/install/turtlesim_msgs/include/turtlesim_msgs/turtlesim_msgs/msg/detail/color__builder.hpp
-- Symlinking: /home/public/MSE112_MPi5_Hiwonder_ROS2/ros2ws/install/turtlesim_msgs/include/turtlesim_msgs/turtlesim_msgs/msg/detail/color__struct.hpp
-- Symlinking: /home/public/MSE112_MPi5_Hiwonder_ROS2/ros2ws/install/turtlesim_msgs/include/turtlesim_msgs/turtlesim_msgs/msg/detail/color__traits.hpp
-- Symlinking: /home/public/MSE112_MPi5_Hiwonder_ROS2/ros2ws/install/turtlesim_msgs/include/turtlesim_msgs/turtlesim_msgs/msg/detail/color__type_support.hpp
-- Symlinking: /home/public/MSE112_MPi5_Hiwonder_ROS2/ros2ws/install/turtlesim_msgs/include/turtlesim_msgs/turtlesim_msgs/msg/detail/pose__builder.hpp
-- Symlinking: /home/public/MSE112_MPi5_Hiwonder_ROS2/ros2ws/install/turtlesim_msgs/include/turtlesim_msgs/turtlesim_msgs/msg/detail/pose__struct.hpp
-- Symlinking: /home/public/MSE112_MPi5_Hiwonder_ROS2/ros2ws/install/turtlesim_msgs/include/turtlesim_msgs/turtlesim_msgs/msg/detail/pose__traits.hpp
-- Symlinking: /home/public/MSE112_MPi5_Hiwonder_ROS2/ros2ws/install/turtlesim_msgs/include/turtlesim_msgs/turtlesim_msgs/msg/detail/pose__type_support.hpp
-- Symlinking: /home/public/MSE112_MPi5_Hiwonder_ROS2/ros2ws/install/turtlesim_msgs/include/turtlesim_msgs/turtlesim_msgs/msg/pose.hpp
-- Symlinking: /home/public/MSE112_MPi5_Hiwonder_ROS2/ros2ws/install/turtlesim_msgs/include/turtlesim_msgs/turtlesim_msgs/msg/rosidl_generator_cpp__visibility_control.hpp
-- Symlinking: /home/public/MSE112_MPi5_Hiwonder_ROS2/ros2ws/install/turtlesim_msgs/include/turtlesim_msgs/turtlesim_msgs/srv/detail/kill__builder.hpp
-- Symlinking: /home/public/MSE112_MPi5_Hiwonder_ROS2/ros2ws/install/turtlesim_msgs/include/turtlesim_msgs/turtlesim_msgs/srv/detail/kill__struct.hpp
-- Symlinking: /home/public/MSE112_MPi5_Hiwonder_ROS2/ros2ws/install/turtlesim_msgs/include/turtlesim_msgs/turtlesim_msgs/srv/detail/kill__traits.hpp
-- Symlinking: /home/public/MSE112_MPi5_Hiwonder_ROS2/ros2ws/install/turtlesim_msgs/include/turtlesim_msgs/turtlesim_msgs/srv/detail/kill__type_support.hpp
-- Symlinking: /home/public/MSE112_MPi5_Hiwonder_ROS2/ros2ws/install/turtlesim_msgs/include/turtlesim_msgs/turtlesim_msgs/srv/detail/set_pen__builder.hpp
-- Symlinking: /home/public/MSE112_MPi5_Hiwonder_ROS2/ros2ws/install/turtlesim_msgs/include/turtlesim_msgs/turtlesim_msgs/srv/detail/set_pen__struct.hpp
-- Symlinking: /home/public/MSE112_MPi5_Hiwonder_ROS2/ros2ws/install/turtlesim_msgs/include/turtlesim_msgs/turtlesim_msgs/srv/detail/set_pen__traits.hpp
-- Symlinking: /home/public/MSE112_MPi5_Hiwonder_ROS2/ros2ws/install/turtlesim_msgs/include/turtlesim_msgs/turtlesim_msgs/srv/detail/set_pen__type_support.hpp
-- Symlinking: /home/public/MSE112_MPi5_Hiwonder_ROS2/ros2ws/install/turtlesim_msgs/include/turtlesim_msgs/turtlesim_msgs/srv/detail/spawn__builder.hpp
-- Symlinking: /home/public/MSE112_MPi5_Hiwonder_ROS2/ros2ws/install/turtlesim_msgs/include/turtlesim_msgs/turtlesim_msgs/srv/detail/spawn__struct.hpp
-- Symlinking: /home/public/MSE112_MPi5_Hiwonder_ROS2/ros2ws/install/turtlesim_msgs/include/turtlesim_msgs/turtlesim_msgs/srv/detail/spawn__traits.hpp
-- Symlinking: /home/public/MSE112_MPi5_Hiwonder_ROS2/ros2ws/install/turtlesim_msgs/include/turtlesim_msgs/turtlesim_msgs/srv/detail/spawn__type_support.hpp
-- Symlinking: /home/public/MSE112_MPi5_Hiwonder_ROS2/ros2ws/install/turtlesim_msgs/include/turtlesim_msgs/turtlesim_msgs/srv/detail/teleport_absolute__builder.hpp
-- Symlinking: /home/public/MSE112_MPi5_Hiwonder_ROS2/ros2ws/install/turtlesim_msgs/include/turtlesim_msgs/turtlesim_msgs/srv/detail/teleport_absolute__struct.hpp
-- Symlinking: /home/public/MSE112_MPi5_Hiwonder_ROS2/ros2ws/install/turtlesim_msgs/include/turtlesim_msgs/turtlesim_msgs/srv/detail/teleport_absolute__traits.hpp
-- Symlinking: /home/public/MSE112_MPi5_Hiwonder_ROS2/ros2ws/install/turtlesim_msgs/include/turtlesim_msgs/turtlesim_msgs/srv/detail/teleport_absolute__type_support.hpp
-- Symlinking: /home/public/MSE112_MPi5_Hiwonder_ROS2/ros2ws/install/turtlesim_msgs/include/turtlesim_msgs/turtlesim_msgs/srv/detail/teleport_relative__builder.hpp
-- Symlinking: /home/public/MSE112_MPi5_Hiwonder_ROS2/ros2ws/install/turtlesim_msgs/include/turtlesim_msgs/turtlesim_msgs/srv/detail/teleport_relative__struct.hpp
-- Symlinking: /home/public/MSE112_MPi5_Hiwonder_ROS2/ros2ws/install/turtlesim_msgs/include/turtlesim_msgs/turtlesim_msgs/srv/detail/teleport_relative__traits.hpp
-- Symlinking: /home/public/MSE112_MPi5_Hiwonder_ROS2/ros2ws/install/turtlesim_msgs/include/turtlesim_msgs/turtlesim_msgs/srv/detail/teleport_relative__type_support.hpp
-- Symlinking: /home/public/MSE112_MPi5_Hiwonder_ROS2/ros2ws/install/turtlesim_msgs/include/turtlesim_msgs/turtlesim_msgs/srv/kill.hpp
-- Symlinking: /home/public/MSE112_MPi5_Hiwonder_ROS2/ros2ws/install/turtlesim_msgs/include/turtlesim_msgs/turtlesim_msgs/srv/set_pen.hpp
-- Symlinking: /home/public/MSE112_MPi5_Hiwonder_ROS2/ros2ws/install/turtlesim_msgs/include/turtlesim_msgs/turtlesim_msgs/srv/spawn.hpp
-- Symlinking: /home/public/MSE112_MPi5_Hiwonder_ROS2/ros2ws/install/turtlesim_msgs/include/turtlesim_msgs/turtlesim_msgs/srv/teleport_absolute.hpp
-- Symlinking: /home/public/MSE112_MPi5_Hiwonder_ROS2/ros2ws/install/turtlesim_msgs/include/turtlesim_msgs/turtlesim_msgs/srv/teleport_relative.hpp
-- Symlinking: /home/public/MSE112_MPi5_Hiwonder_ROS2/ros2ws/install/turtlesim_msgs/include/turtlesim_msgs/turtlesim_msgs/action/detail/rotate_absolute__rosidl_typesupport_fastrtps_cpp.hpp
-- Symlinking: /home/public/MSE112_MPi5_Hiwonder_ROS2/ros2ws/install/turtlesim_msgs/include/turtlesim_msgs/turtlesim_msgs/msg/detail/color__rosidl_typesupport_fastrtps_cpp.hpp
-- Symlinking: /home/public/MSE112_MPi5_Hiwonder_ROS2/ros2ws/install/turtlesim_msgs/include/turtlesim_msgs/turtlesim_msgs/msg/detail/pose__rosidl_typesupport_fastrtps_cpp.hpp
-- Symlinking: /home/public/MSE112_MPi5_Hiwonder_ROS2/ros2ws/install/turtlesim_msgs/include/turtlesim_msgs/turtlesim_msgs/msg/rosidl_typesupport_fastrtps_cpp__visibility_control.h
-- Symlinking: /home/public/MSE112_MPi5_Hiwonder_ROS2/ros2ws/install/turtlesim_msgs/include/turtlesim_msgs/turtlesim_msgs/srv/detail/kill__rosidl_typesupport_fastrtps_cpp.hpp
-- Symlinking: /home/public/MSE112_MPi5_Hiwonder_ROS2/ros2ws/install/turtlesim_msgs/include/turtlesim_msgs/turtlesim_msgs/srv/detail/set_pen__rosidl_typesupport_fastrtps_cpp.hpp
-- Symlinking: /home/public/MSE112_MPi5_Hiwonder_ROS2/ros2ws/install/turtlesim_msgs/include/turtlesim_msgs/turtlesim_msgs/srv/detail/spawn__rosidl_typesupport_fastrtps_cpp.hpp
-- Symlinking: /home/public/MSE112_MPi5_Hiwonder_ROS2/ros2ws/install/turtlesim_msgs/include/turtlesim_msgs/turtlesim_msgs/srv/detail/teleport_absolute__rosidl_typesupport_fastrtps_cpp.hpp
-- Symlinking: /home/public/MSE112_MPi5_Hiwonder_ROS2/ros2ws/install/turtlesim_msgs/include/turtlesim_msgs/turtlesim_msgs/srv/detail/teleport_relative__rosidl_typesupport_fastrtps_cpp.hpp
-- Symlinking: /home/public/MSE112_MPi5_Hiwonder_ROS2/ros2ws/install/turtlesim_msgs/include/turtlesim_msgs/turtlesim_msgs/action/detail/rotate_absolute__rosidl_typesupport_introspection_c.h
-- Symlinking: /home/public/MSE112_MPi5_Hiwonder_ROS2/ros2ws/install/turtlesim_msgs/include/turtlesim_msgs/turtlesim_msgs/msg/detail/color__rosidl_typesupport_introspection_c.h
-- Symlinking: /home/public/MSE112_MPi5_Hiwonder_ROS2/ros2ws/install/turtlesim_msgs/include/turtlesim_msgs/turtlesim_msgs/msg/detail/pose__rosidl_typesupport_introspection_c.h
-- Symlinking: /home/public/MSE112_MPi5_Hiwonder_ROS2/ros2ws/install/turtlesim_msgs/include/turtlesim_msgs/turtlesim_msgs/msg/rosidl_typesupport_introspection_c__visibility_control.h
-- Symlinking: /home/public/MSE112_MPi5_Hiwonder_ROS2/ros2ws/install/turtlesim_msgs/include/turtlesim_msgs/turtlesim_msgs/srv/detail/kill__rosidl_typesupport_introspection_c.h
-- Symlinking: /home/public/MSE112_MPi5_Hiwonder_ROS2/ros2ws/install/turtlesim_msgs/include/turtlesim_msgs/turtlesim_msgs/srv/detail/set_pen__rosidl_typesupport_introspection_c.h
-- Symlinking: /home/public/MSE112_MPi5_Hiwonder_ROS2/ros2ws/install/turtlesim_msgs/include/turtlesim_msgs/turtlesim_msgs/srv/detail/spawn__rosidl_typesupport_introspection_c.h
-- Symlinking: /home/public/MSE112_MPi5_Hiwonder_ROS2/ros2ws/install/turtlesim_msgs/include/turtlesim_msgs/turtlesim_msgs/srv/detail/teleport_absolute__rosidl_typesupport_introspection_c.h
-- Symlinking: /home/public/MSE112_MPi5_Hiwonder_ROS2/ros2ws/install/turtlesim_msgs/include/turtlesim_msgs/turtlesim_msgs/srv/detail/teleport_relative__rosidl_typesupport_introspection_c.h
-- Symlinking: /home/public/MSE112_MPi5_Hiwonder_ROS2/ros2ws/install/turtlesim_msgs/include/turtlesim_msgs/turtlesim_msgs/action/detail/rotate_absolute__rosidl_typesupport_introspection_cpp.hpp
-- Symlinking: /home/public/MSE112_MPi5_Hiwonder_ROS2/ros2ws/install/turtlesim_msgs/include/turtlesim_msgs/turtlesim_msgs/msg/detail/color__rosidl_typesupport_introspection_cpp.hpp
-- Symlinking: /home/public/MSE112_MPi5_Hiwonder_ROS2/ros2ws/install/turtlesim_msgs/include/turtlesim_msgs/turtlesim_msgs/msg/detail/pose__rosidl_typesupport_introspection_cpp.hpp
-- Symlinking: /home/public/MSE112_MPi5_Hiwonder_ROS2/ros2ws/install/turtlesim_msgs/include/turtlesim_msgs/turtlesim_msgs/srv/detail/kill__rosidl_typesupport_introspection_cpp.hpp
-- Symlinking: /home/public/MSE112_MPi5_Hiwonder_ROS2/ros2ws/install/turtlesim_msgs/include/turtlesim_msgs/turtlesim_msgs/srv/detail/set_pen__rosidl_typesupport_introspection_cpp.hpp
-- Symlinking: /home/public/MSE112_MPi5_Hiwonder_ROS2/ros2ws/install/turtlesim_msgs/include/turtlesim_msgs/turtlesim_msgs/srv/detail/spawn__rosidl_typesupport_introspection_cpp.hpp
-- Symlinking: /home/public/MSE112_MPi5_Hiwonder_ROS2/ros2ws/install/turtlesim_msgs/include/turtlesim_msgs/turtlesim_msgs/srv/detail/teleport_absolute__rosidl_typesupport_introspection_cpp.hpp
-- Symlinking: /home/public/MSE112_MPi5_Hiwonder_ROS2/ros2ws/install/turtlesim_msgs/include/turtlesim_msgs/turtlesim_msgs/srv/detail/teleport_relative__rosidl_typesupport_introspection_cpp.hpp
-- Symlinking: /home/public/MSE112_MPi5_Hiwonder_ROS2/ros2ws/install/turtlesim_msgs/share/turtlesim_msgs/environment/pythonpath.sh
-- Symlinking: /home/public/MSE112_MPi5_Hiwonder_ROS2/ros2ws/install/turtlesim_msgs/share/turtlesim_msgs/environment/pythonpath.dsv
-- Symlinking: /home/public/MSE112_MPi5_Hiwonder_ROS2/ros2ws/install/turtlesim_msgs/lib/python3.14/site-packages/turtlesim_msgs/turtlesim_msgs_s__rosidl_typesupport_fastrtps_c.so
-- Symlinking: /home/public/MSE112_MPi5_Hiwonder_ROS2/ros2ws/install/turtlesim_msgs/lib/python3.14/site-packages/turtlesim_msgs/turtlesim_msgs_s__rosidl_typesupport_introspection_c.so
-- Symlinking: /home/public/MSE112_MPi5_Hiwonder_ROS2/ros2ws/install/turtlesim_msgs/lib/python3.14/site-packages/turtlesim_msgs/turtlesim_msgs_s__rosidl_typesupport_c.so
-- Symlinking: /home/public/MSE112_MPi5_Hiwonder_ROS2/ros2ws/install/turtlesim_msgs/share/ament_index/resource_index/rust_packages/turtlesim_msgs
-- Symlinking: /home/public/MSE112_MPi5_Hiwonder_ROS2/ros2ws/install/turtlesim_msgs/share/turtlesim_msgs/rust/Cargo.toml
-- Symlinking: /home/public/MSE112_MPi5_Hiwonder_ROS2/ros2ws/install/turtlesim_msgs/share/turtlesim_msgs/rust/build.rs
-- Symlinking: /home/public/MSE112_MPi5_Hiwonder_ROS2/ros2ws/install/turtlesim_msgs/share/turtlesim_msgs/rust/src/action.rs
-- Symlinking: /home/public/MSE112_MPi5_Hiwonder_ROS2/ros2ws/install/turtlesim_msgs/share/turtlesim_msgs/rust/src/action/rmw.rs
-- Symlinking: /home/public/MSE112_MPi5_Hiwonder_ROS2/ros2ws/install/turtlesim_msgs/share/turtlesim_msgs/rust/src/lib.rs
-- Symlinking: /home/public/MSE112_MPi5_Hiwonder_ROS2/ros2ws/install/turtlesim_msgs/share/turtlesim_msgs/rust/src/msg.rs
-- Symlinking: /home/public/MSE112_MPi5_Hiwonder_ROS2/ros2ws/install/turtlesim_msgs/share/turtlesim_msgs/rust/src/msg/rmw.rs
-- Symlinking: /home/public/MSE112_MPi5_Hiwonder_ROS2/ros2ws/install/turtlesim_msgs/share/turtlesim_msgs/rust/src/srv.rs
-- Symlinking: /home/public/MSE112_MPi5_Hiwonder_ROS2/ros2ws/install/turtlesim_msgs/share/turtlesim_msgs/rust/src/srv/rmw.rs
-- Symlinking: /home/public/MSE112_MPi5_Hiwonder_ROS2/ros2ws/install/turtlesim_msgs/share/turtlesim_msgs/action/RotateAbsolute.idl
-- Symlinking: /home/public/MSE112_MPi5_Hiwonder_ROS2/ros2ws/install/turtlesim_msgs/share/turtlesim_msgs/msg/Color.idl
-- Symlinking: /home/public/MSE112_MPi5_Hiwonder_ROS2/ros2ws/install/turtlesim_msgs/share/turtlesim_msgs/msg/Pose.idl
-- Symlinking: /home/public/MSE112_MPi5_Hiwonder_ROS2/ros2ws/install/turtlesim_msgs/share/turtlesim_msgs/srv/Kill.idl
-- Symlinking: /home/public/MSE112_MPi5_Hiwonder_ROS2/ros2ws/install/turtlesim_msgs/share/turtlesim_msgs/srv/SetPen.idl
-- Symlinking: /home/public/MSE112_MPi5_Hiwonder_ROS2/ros2ws/install/turtlesim_msgs/share/turtlesim_msgs/srv/Spawn.idl
-- Symlinking: /home/public/MSE112_MPi5_Hiwonder_ROS2/ros2ws/install/turtlesim_msgs/share/turtlesim_msgs/srv/TeleportAbsolute.idl
-- Symlinking: /home/public/MSE112_MPi5_Hiwonder_ROS2/ros2ws/install/turtlesim_msgs/share/turtlesim_msgs/srv/TeleportRelative.idl
-- Symlinking: /home/public/MSE112_MPi5_Hiwonder_ROS2/ros2ws/install/turtlesim_msgs/share/turtlesim_msgs/action/RotateAbsolute.action
-- Symlinking: /home/public/MSE112_MPi5_Hiwonder_ROS2/ros2ws/install/turtlesim_msgs/share/turtlesim_msgs/msg/Color.msg
-- Symlinking: /home/public/MSE112_MPi5_Hiwonder_ROS2/ros2ws/install/turtlesim_msgs/share/turtlesim_msgs/msg/Pose.msg
-- Symlinking: /home/public/MSE112_MPi5_Hiwonder_ROS2/ros2ws/install/turtlesim_msgs/share/turtlesim_msgs/srv/Kill.srv
-- Symlinking: /home/public/MSE112_MPi5_Hiwonder_ROS2/ros2ws/install/turtlesim_msgs/share/turtlesim_msgs/srv/SetPen.srv
-- Symlinking: /home/public/MSE112_MPi5_Hiwonder_ROS2/ros2ws/install/turtlesim_msgs/share/turtlesim_msgs/srv/Spawn.srv
-- Symlinking: /home/public/MSE112_MPi5_Hiwonder_ROS2/ros2ws/install/turtlesim_msgs/share/turtlesim_msgs/srv/TeleportAbsolute.srv
-- Symlinking: /home/public/MSE112_MPi5_Hiwonder_ROS2/ros2ws/install/turtlesim_msgs/share/turtlesim_msgs/srv/TeleportRelative.srv
-- Symlinking: /home/public/MSE112_MPi5_Hiwonder_ROS2/ros2ws/install/turtlesim_msgs/share/ament_index/resource_index/package_run_dependencies/turtlesim_msgs
-- Symlinking: /home/public/MSE112_MPi5_Hiwonder_ROS2/ros2ws/install/turtlesim_msgs/share/ament_index/resource_index/parent_prefix_path/turtlesim_msgs
-- Symlinking: /home/public/MSE112_MPi5_Hiwonder_ROS2/ros2ws/install/turtlesim_msgs/share/turtlesim_msgs/environment/ament_prefix_path.sh
-- Symlinking: /home/public/MSE112_MPi5_Hiwonder_ROS2/ros2ws/install/turtlesim_msgs/share/turtlesim_msgs/environment/ament_prefix_path.dsv
-- Symlinking: /home/public/MSE112_MPi5_Hiwonder_ROS2/ros2ws/install/turtlesim_msgs/share/turtlesim_msgs/environment/path.sh
-- Symlinking: /home/public/MSE112_MPi5_Hiwonder_ROS2/ros2ws/install/turtlesim_msgs/share/turtlesim_msgs/environment/path.dsv
-- Symlinking: /home/public/MSE112_MPi5_Hiwonder_ROS2/ros2ws/install/turtlesim_msgs/share/turtlesim_msgs/local_setup.bash
-- Symlinking: /home/public/MSE112_MPi5_Hiwonder_ROS2/ros2ws/install/turtlesim_msgs/share/turtlesim_msgs/local_setup.fish
-- Symlinking: /home/public/MSE112_MPi5_Hiwonder_ROS2/ros2ws/install/turtlesim_msgs/share/turtlesim_msgs/local_setup.sh
-- Symlinking: /home/public/MSE112_MPi5_Hiwonder_ROS2/ros2ws/install/turtlesim_msgs/share/turtlesim_msgs/local_setup.zsh
-- Symlinking: /home/public/MSE112_MPi5_Hiwonder_ROS2/ros2ws/install/turtlesim_msgs/share/turtlesim_msgs/local_setup.dsv
-- Symlinking: /home/public/MSE112_MPi5_Hiwonder_ROS2/ros2ws/install/turtlesim_msgs/share/turtlesim_msgs/package.dsv
-- Symlinking: /home/public/MSE112_MPi5_Hiwonder_ROS2/ros2ws/install/turtlesim_msgs/share/ament_index/resource_index/packages/turtlesim_msgs
-- Symlinking: /home/public/MSE112_MPi5_Hiwonder_ROS2/ros2ws/install/turtlesim_msgs/lib/python3.14/site-packages/turtlesim_msgs-1.10.9-py3.14.egg-info/PKG-INFO
-- Symlinking: /home/public/MSE112_MPi5_Hiwonder_ROS2/ros2ws/install/turtlesim_msgs/lib/python3.14/site-packages/turtlesim_msgs-1.10.9-py3.14.egg-info/SOURCES.txt
-- Symlinking: /home/public/MSE112_MPi5_Hiwonder_ROS2/ros2ws/install/turtlesim_msgs/lib/python3.14/site-packages/turtlesim_msgs-1.10.9-py3.14.egg-info/dependency_links.txt
-- Symlinking: /home/public/MSE112_MPi5_Hiwonder_ROS2/ros2ws/install/turtlesim_msgs/lib/python3.14/site-packages/turtlesim_msgs-1.10.9-py3.14.egg-info/top_level.txt
-- Symlinking: /home/public/MSE112_MPi5_Hiwonder_ROS2/ros2ws/install/turtlesim_msgs/lib/python3.14/site-packages/turtlesim_msgs/__init__.py
-- Symlinking: /home/public/MSE112_MPi5_Hiwonder_ROS2/ros2ws/install/turtlesim_msgs/lib/python3.14/site-packages/turtlesim_msgs/_turtlesim_msgs_s.ep.rosidl_typesupport_c.c
-- Symlinking: /home/public/MSE112_MPi5_Hiwonder_ROS2/ros2ws/install/turtlesim_msgs/lib/python3.14/site-packages/turtlesim_msgs/_turtlesim_msgs_s.ep.rosidl_typesupport_fastrtps_c.c
-- Symlinking: /home/public/MSE112_MPi5_Hiwonder_ROS2/ros2ws/install/turtlesim_msgs/lib/python3.14/site-packages/turtlesim_msgs/_turtlesim_msgs_s.ep.rosidl_typesupport_introspection_c.c
-- Symlinking: /home/public/MSE112_MPi5_Hiwonder_ROS2/ros2ws/install/turtlesim_msgs/lib/python3.14/site-packages/turtlesim_msgs/action/__init__.py
-- Symlinking: /home/public/MSE112_MPi5_Hiwonder_ROS2/ros2ws/install/turtlesim_msgs/lib/python3.14/site-packages/turtlesim_msgs/action/_rotate_absolute.py
-- Symlinking: /home/public/MSE112_MPi5_Hiwonder_ROS2/ros2ws/install/turtlesim_msgs/lib/python3.14/site-packages/turtlesim_msgs/action/_rotate_absolute_s.c
-- Symlinking: /home/public/MSE112_MPi5_Hiwonder_ROS2/ros2ws/install/turtlesim_msgs/lib/python3.14/site-packages/turtlesim_msgs/msg/__init__.py
-- Symlinking: /home/public/MSE112_MPi5_Hiwonder_ROS2/ros2ws/install/turtlesim_msgs/lib/python3.14/site-packages/turtlesim_msgs/msg/_color.py
-- Symlinking: /home/public/MSE112_MPi5_Hiwonder_ROS2/ros2ws/install/turtlesim_msgs/lib/python3.14/site-packages/turtlesim_msgs/msg/_color_s.c
-- Symlinking: /home/public/MSE112_MPi5_Hiwonder_ROS2/ros2ws/install/turtlesim_msgs/lib/python3.14/site-packages/turtlesim_msgs/msg/_pose.py
-- Symlinking: /home/public/MSE112_MPi5_Hiwonder_ROS2/ros2ws/install/turtlesim_msgs/lib/python3.14/site-packages/turtlesim_msgs/msg/_pose_s.c
-- Symlinking: /home/public/MSE112_MPi5_Hiwonder_ROS2/ros2ws/install/turtlesim_msgs/lib/python3.14/site-packages/turtlesim_msgs/py.typed
-- Symlinking: /home/public/MSE112_MPi5_Hiwonder_ROS2/ros2ws/install/turtlesim_msgs/lib/python3.14/site-packages/turtlesim_msgs/srv/__init__.py
-- Symlinking: /home/public/MSE112_MPi5_Hiwonder_ROS2/ros2ws/install/turtlesim_msgs/lib/python3.14/site-packages/turtlesim_msgs/srv/_kill.py
-- Symlinking: /home/public/MSE112_MPi5_Hiwonder_ROS2/ros2ws/install/turtlesim_msgs/lib/python3.14/site-packages/turtlesim_msgs/srv/_kill_s.c
-- Symlinking: /home/public/MSE112_MPi5_Hiwonder_ROS2/ros2ws/install/turtlesim_msgs/lib/python3.14/site-packages/turtlesim_msgs/srv/_set_pen.py
-- Symlinking: /home/public/MSE112_MPi5_Hiwonder_ROS2/ros2ws/install/turtlesim_msgs/lib/python3.14/site-packages/turtlesim_msgs/srv/_set_pen_s.c
-- Symlinking: /home/public/MSE112_MPi5_Hiwonder_ROS2/ros2ws/install/turtlesim_msgs/lib/python3.14/site-packages/turtlesim_msgs/srv/_spawn.py
-- Symlinking: /home/public/MSE112_MPi5_Hiwonder_ROS2/ros2ws/install/turtlesim_msgs/lib/python3.14/site-packages/turtlesim_msgs/srv/_spawn_s.c
-- Symlinking: /home/public/MSE112_MPi5_Hiwonder_ROS2/ros2ws/install/turtlesim_msgs/lib/python3.14/site-packages/turtlesim_msgs/srv/_teleport_absolute.py
-- Symlinking: /home/public/MSE112_MPi5_Hiwonder_ROS2/ros2ws/install/turtlesim_msgs/lib/python3.14/site-packages/turtlesim_msgs/srv/_teleport_absolute_s.c
-- Symlinking: /home/public/MSE112_MPi5_Hiwonder_ROS2/ros2ws/install/turtlesim_msgs/lib/python3.14/site-packages/turtlesim_msgs/srv/_teleport_relative.py
-- Symlinking: /home/public/MSE112_MPi5_Hiwonder_ROS2/ros2ws/install/turtlesim_msgs/lib/python3.14/site-packages/turtlesim_msgs/srv/_teleport_relative_s.c
-- Up-to-date symlink: /home/public/MSE112_MPi5_Hiwonder_ROS2/ros2ws/install/turtlesim_msgs/lib/python3.14/site-packages/turtlesim_msgs/turtlesim_msgs_s__rosidl_typesupport_c.so
-- Up-to-date symlink: /home/public/MSE112_MPi5_Hiwonder_ROS2/ros2ws/install/turtlesim_msgs/lib/python3.14/site-packages/turtlesim_msgs/turtlesim_msgs_s__rosidl_typesupport_fastrtps_c.so
-- Up-to-date symlink: /home/public/MSE112_MPi5_Hiwonder_ROS2/ros2ws/install/turtlesim_msgs/lib/python3.14/site-packages/turtlesim_msgs/turtlesim_msgs_s__rosidl_typesupport_introspection_c.so
-- Symlinking: /home/public/MSE112_MPi5_Hiwonder_ROS2/ros2ws/install/turtlesim_msgs/share/turtlesim_msgs/cmake/rosidl_cmake-extras.cmake
-- Symlinking: /home/public/MSE112_MPi5_Hiwonder_ROS2/ros2ws/install/turtlesim_msgs/share/turtlesim_msgs/cmake/ament_cmake_export_dependencies-extras.cmake
-- Symlinking: /home/public/MSE112_MPi5_Hiwonder_ROS2/ros2ws/install/turtlesim_msgs/share/turtlesim_msgs/cmake/ament_cmake_export_include_directories-extras.cmake
-- Symlinking: /home/public/MSE112_MPi5_Hiwonder_ROS2/ros2ws/install/turtlesim_msgs/share/turtlesim_msgs/cmake/ament_cmake_export_libraries-extras.cmake
-- Symlinking: /home/public/MSE112_MPi5_Hiwonder_ROS2/ros2ws/install/turtlesim_msgs/share/turtlesim_msgs/cmake/ament_cmake_export_targets-extras.cmake
-- Symlinking: /home/public/MSE112_MPi5_Hiwonder_ROS2/ros2ws/install/turtlesim_msgs/share/turtlesim_msgs/cmake/rosidl_cmake_export_typesupport_targets-extras.cmake
-- Symlinking: /home/public/MSE112_MPi5_Hiwonder_ROS2/ros2ws/install/turtlesim_msgs/share/turtlesim_msgs/cmake/rosidl_cmake_export_typesupport_libraries-extras.cmake
-- Symlinking: /home/public/MSE112_MPi5_Hiwonder_ROS2/ros2ws/install/turtlesim_msgs/share/turtlesim_msgs/cmake/rosidl_cmake_aggregate_target-extras.cmake
-- Symlinking: /home/public/MSE112_MPi5_Hiwonder_ROS2/ros2ws/install/turtlesim_msgs/share/turtlesim_msgs/cmake/turtlesim_msgsConfig.cmake
-- Symlinking: /home/public/MSE112_MPi5_Hiwonder_ROS2/ros2ws/install/turtlesim_msgs/share/turtlesim_msgs/cmake/turtlesim_msgsConfig-version.cmake
-- Symlinking: /home/public/MSE112_MPi5_Hiwonder_ROS2/ros2ws/install/turtlesim_msgs/share/turtlesim_msgs/package.xml
-- Installing: /home/public/MSE112_MPi5_Hiwonder_ROS2/ros2ws/install/turtlesim_msgs/lib/libturtlesim_msgs__rosidl_generator_c.so
-- Set non-toolchain portion of runtime path of "/home/public/MSE112_MPi5_Hiwonder_ROS2/ros2ws/install/turtlesim_msgs/lib/libturtlesim_msgs__rosidl_generator_c.so" to ""
-- Installing: /home/public/MSE112_MPi5_Hiwonder_ROS2/ros2ws/install/turtlesim_msgs/lib/libturtlesim_msgs__rosidl_typesupport_fastrtps_c.so
-- Set non-toolchain portion of runtime path of "/home/public/MSE112_MPi5_Hiwonder_ROS2/ros2ws/install/turtlesim_msgs/lib/libturtlesim_msgs__rosidl_typesupport_fastrtps_c.so" to ""
-- Installing: /home/public/MSE112_MPi5_Hiwonder_ROS2/ros2ws/install/turtlesim_msgs/lib/libturtlesim_msgs__rosidl_typesupport_fastrtps_cpp.so
-- Set non-toolchain portion of runtime path of "/home/public/MSE112_MPi5_Hiwonder_ROS2/ros2ws/install/turtlesim_msgs/lib/libturtlesim_msgs__rosidl_typesupport_fastrtps_cpp.so" to ""
-- Installing: /home/public/MSE112_MPi5_Hiwonder_ROS2/ros2ws/install/turtlesim_msgs/lib/libturtlesim_msgs__rosidl_typesupport_introspection_c.so
-- Set non-toolchain portion of runtime path of "/home/public/MSE112_MPi5_Hiwonder_ROS2/ros2ws/install/turtlesim_msgs/lib/libturtlesim_msgs__rosidl_typesupport_introspection_c.so" to ""
-- Installing: /home/public/MSE112_MPi5_Hiwonder_ROS2/ros2ws/install/turtlesim_msgs/lib/libturtlesim_msgs__rosidl_typesupport_c.so
-- Set non-toolchain portion of runtime path of "/home/public/MSE112_MPi5_Hiwonder_ROS2/ros2ws/install/turtlesim_msgs/lib/libturtlesim_msgs__rosidl_typesupport_c.so" to ""
-- Installing: /home/public/MSE112_MPi5_Hiwonder_ROS2/ros2ws/install/turtlesim_msgs/lib/libturtlesim_msgs__rosidl_typesupport_introspection_cpp.so
-- Set non-toolchain portion of runtime path of "/home/public/MSE112_MPi5_Hiwonder_ROS2/ros2ws/install/turtlesim_msgs/lib/libturtlesim_msgs__rosidl_typesupport_introspection_cpp.so" to ""
-- Installing: /home/public/MSE112_MPi5_Hiwonder_ROS2/ros2ws/install/turtlesim_msgs/lib/libturtlesim_msgs__rosidl_typesupport_cpp.so
-- Set non-toolchain portion of runtime path of "/home/public/MSE112_MPi5_Hiwonder_ROS2/ros2ws/install/turtlesim_msgs/lib/libturtlesim_msgs__rosidl_typesupport_cpp.so" to ""
-- Installing: /home/public/MSE112_MPi5_Hiwonder_ROS2/ros2ws/install/turtlesim_msgs/lib/libturtlesim_msgs__rosidl_generator_py.so
-- Set non-toolchain portion of runtime path of "/home/public/MSE112_MPi5_Hiwonder_ROS2/ros2ws/install/turtlesim_msgs/lib/libturtlesim_msgs__rosidl_generator_py.so" to ""
-- Installing: /home/public/MSE112_MPi5_Hiwonder_ROS2/ros2ws/install/turtlesim_msgs/share/turtlesim_msgs/cmake/export_turtlesim_msgs__rosidl_generator_cExport.cmake
-- Installing: /home/public/MSE112_MPi5_Hiwonder_ROS2/ros2ws/install/turtlesim_msgs/share/turtlesim_msgs/cmake/export_turtlesim_msgs__rosidl_generator_cExport-noconfig.cmake
-- Installing: /home/public/MSE112_MPi5_Hiwonder_ROS2/ros2ws/install/turtlesim_msgs/share/turtlesim_msgs/cmake/export_turtlesim_msgs__rosidl_typesupport_fastrtps_cExport.cmake
-- Installing: /home/public/MSE112_MPi5_Hiwonder_ROS2/ros2ws/install/turtlesim_msgs/share/turtlesim_msgs/cmake/export_turtlesim_msgs__rosidl_typesupport_fastrtps_cExport-noconfig.cmake
-- Installing: /home/public/MSE112_MPi5_Hiwonder_ROS2/ros2ws/install/turtlesim_msgs/share/turtlesim_msgs/cmake/export_turtlesim_msgs__rosidl_generator_cppExport.cmake
-- Installing: /home/public/MSE112_MPi5_Hiwonder_ROS2/ros2ws/install/turtlesim_msgs/share/turtlesim_msgs/cmake/export_turtlesim_msgs__rosidl_typesupport_fastrtps_cppExport.cmake
-- Installing: /home/public/MSE112_MPi5_Hiwonder_ROS2/ros2ws/install/turtlesim_msgs/share/turtlesim_msgs/cmake/export_turtlesim_msgs__rosidl_typesupport_fastrtps_cppExport-noconfig.cmake
-- Installing: /home/public/MSE112_MPi5_Hiwonder_ROS2/ros2ws/install/turtlesim_msgs/share/turtlesim_msgs/cmake/turtlesim_msgs__rosidl_typesupport_introspection_cExport.cmake
-- Installing: /home/public/MSE112_MPi5_Hiwonder_ROS2/ros2ws/install/turtlesim_msgs/share/turtlesim_msgs/cmake/turtlesim_msgs__rosidl_typesupport_introspection_cExport-noconfig.cmake
-- Installing: /home/public/MSE112_MPi5_Hiwonder_ROS2/ros2ws/install/turtlesim_msgs/share/turtlesim_msgs/cmake/turtlesim_msgs__rosidl_typesupport_cExport.cmake
-- Installing: /home/public/MSE112_MPi5_Hiwonder_ROS2/ros2ws/install/turtlesim_msgs/share/turtlesim_msgs/cmake/turtlesim_msgs__rosidl_typesupport_cExport-noconfig.cmake
-- Installing: /home/public/MSE112_MPi5_Hiwonder_ROS2/ros2ws/install/turtlesim_msgs/share/turtlesim_msgs/cmake/turtlesim_msgs__rosidl_typesupport_introspection_cppExport.cmake
-- Installing: /home/public/MSE112_MPi5_Hiwonder_ROS2/ros2ws/install/turtlesim_msgs/share/turtlesim_msgs/cmake/turtlesim_msgs__rosidl_typesupport_introspection_cppExport-noconfig.cmake
-- Installing: /home/public/MSE112_MPi5_Hiwonder_ROS2/ros2ws/install/turtlesim_msgs/share/turtlesim_msgs/cmake/turtlesim_msgs__rosidl_typesupport_cppExport.cmake
-- Installing: /home/public/MSE112_MPi5_Hiwonder_ROS2/ros2ws/install/turtlesim_msgs/share/turtlesim_msgs/cmake/turtlesim_msgs__rosidl_typesupport_cppExport-noconfig.cmake
-- Installing: /home/public/MSE112_MPi5_Hiwonder_ROS2/ros2ws/install/turtlesim_msgs/share/turtlesim_msgs/cmake/export_turtlesim_msgs__rosidl_generator_pyExport.cmake
-- Installing: /home/public/MSE112_MPi5_Hiwonder_ROS2/ros2ws/install/turtlesim_msgs/share/turtlesim_msgs/cmake/export_turtlesim_msgs__rosidl_generator_pyExport-noconfig.cmake
Listing '/home/public/MSE112_MPi5_Hiwonder_ROS2/ros2ws/install/turtlesim_msgs/lib/python3.14/site-packages/turtlesim_msgs'...
Compiling '/home/public/MSE112_MPi5_Hiwonder_ROS2/ros2ws/install/turtlesim_msgs/lib/python3.14/site-packages/turtlesim_msgs/__init__.py'...
Listing '/home/public/MSE112_MPi5_Hiwonder_ROS2/ros2ws/install/turtlesim_msgs/lib/python3.14/site-packages/turtlesim_msgs/action'...
Compiling '/home/public/MSE112_MPi5_Hiwonder_ROS2/ros2ws/install/turtlesim_msgs/lib/python3.14/site-packages/turtlesim_msgs/action/__init__.py'...
Compiling '/home/public/MSE112_MPi5_Hiwonder_ROS2/ros2ws/install/turtlesim_msgs/lib/python3.14/site-packages/turtlesim_msgs/action/_rotate_absolute.py'...
Listing '/home/public/MSE112_MPi5_Hiwonder_ROS2/ros2ws/install/turtlesim_msgs/lib/python3.14/site-packages/turtlesim_msgs/msg'...
Compiling '/home/public/MSE112_MPi5_Hiwonder_ROS2/ros2ws/install/turtlesim_msgs/lib/python3.14/site-packages/turtlesim_msgs/msg/__init__.py'...
Compiling '/home/public/MSE112_MPi5_Hiwonder_ROS2/ros2ws/install/turtlesim_msgs/lib/python3.14/site-packages/turtlesim_msgs/msg/_color.py'...
Compiling '/home/public/MSE112_MPi5_Hiwonder_ROS2/ros2ws/install/turtlesim_msgs/lib/python3.14/site-packages/turtlesim_msgs/msg/_pose.py'...
Listing '/home/public/MSE112_MPi5_Hiwonder_ROS2/ros2ws/install/turtlesim_msgs/lib/python3.14/site-packages/turtlesim_msgs/srv'...
Compiling '/home/public/MSE112_MPi5_Hiwonder_ROS2/ros2ws/install/turtlesim_msgs/lib/python3.14/site-packages/turtlesim_msgs/srv/__init__.py'...
Compiling '/home/public/MSE112_MPi5_Hiwonder_ROS2/ros2ws/install/turtlesim_msgs/lib/python3.14/site-packages/turtlesim_msgs/srv/_kill.py'...
Compiling '/home/public/MSE112_MPi5_Hiwonder_ROS2/ros2ws/install/turtlesim_msgs/lib/python3.14/site-packages/turtlesim_msgs/srv/_set_pen.py'...
Compiling '/home/public/MSE112_MPi5_Hiwonder_ROS2/ros2ws/install/turtlesim_msgs/lib/python3.14/site-packages/turtlesim_msgs/srv/_spawn.py'...
Compiling '/home/public/MSE112_MPi5_Hiwonder_ROS2/ros2ws/install/turtlesim_msgs/lib/python3.14/site-packages/turtlesim_msgs/srv/_teleport_absolute.py'...
Compiling '/home/public/MSE112_MPi5_Hiwonder_ROS2/ros2ws/install/turtlesim_msgs/lib/python3.14/site-packages/turtlesim_msgs/srv/_teleport_relative.py'...
