[0.020s] Invoking command in '/home/public/MSE112_MPi5_Hiwonder_ROS2/ros2ws/build/turtlesim': CMAKE_PREFIX_PATH=/home/public/MSE112_MPi5_Hiwonder_ROS2/ros2ws/install/turtlesim_msgs:/home/public/MSE112_MPi5_Hiwonder_ROS2/ros2ws/install/turtlesim:/home/public/MSE112_MPi5_Hiwonder_ROS2/ros2ws/install/examples_rclcpp_wait_set:/home/public/MSE112_MPi5_Hiwonder_ROS2/ros2ws/install/examples_rclcpp_multithreaded_executor:/home/public/MSE112_MPi5_Hiwonder_ROS2/ros2ws/install/examples_rclcpp_minimal_timer:/home/public/MSE112_MPi5_Hiwonder_ROS2/ros2ws/install/examples_rclcpp_minimal_subscriber:/home/public/MSE112_MPi5_Hiwonder_ROS2/ros2ws/install/examples_rclcpp_minimal_service:/home/public/MSE112_MPi5_Hiwonder_ROS2/ros2ws/install/examples_rclcpp_minimal_publisher:/home/public/MSE112_MPi5_Hiwonder_ROS2/ros2ws/install/examples_rclcpp_minimal_composition:/home/public/MSE112_MPi5_Hiwonder_ROS2/ros2ws/install/examples_rclcpp_minimal_client:/home/public/MSE112_MPi5_Hiwonder_ROS2/ros2ws/install/examples_rclcpp_minimal_action_server:/home/public/MSE112_MPi5_Hiwonder_ROS2/ros2ws/install/examples_rclcpp_minimal_action_client:/home/public/MSE112_MPi5_Hiwonder_ROS2/ros2ws/install/examples_rclcpp_cbg_executor:/home/public/MSE112_MPi5_Hiwonder_ROS2/ros2ws/install/examples_rclcpp_async_client:/opt/ros/lyrical/opt/gz_math_vendor:/opt/ros/lyrical/opt/gz_utils_vendor:/opt/ros/lyrical/opt/gz_cmake_vendor:/home/public/MSE112_MPi5_Hiwonder_ROS2/ros2ws/install/opencv2_nodes:/home/public/MSE112_MPi5_Hiwonder_ROS2/ros2ws/install/launch_testing_examples:/home/public/MSE112_MPi5_Hiwonder_ROS2/ros2ws/install/hiwonder_board:/home/public/MSE112_MPi5_Hiwonder_ROS2/ros2ws/install/examples_rclpy_pointcloud_publisher:/home/public/MSE112_MPi5_Hiwonder_ROS2/ros2ws/install/examples_rclpy_minimal_subscriber:/home/public/MSE112_MPi5_Hiwonder_ROS2/ros2ws/install/examples_rclpy_minimal_service:/home/public/MSE112_MPi5_Hiwonder_ROS2/ros2ws/install/examples_rclpy_minimal_publisher:/home/public/MSE112_MPi5_Hiwonder_ROS2/ros2ws/install/examples_rclpy_minimal_client:/home/public/MSE112_MPi5_Hiwonder_ROS2/ros2ws/install/examples_rclpy_minimal_action_server:/home/public/MSE112_MPi5_Hiwonder_ROS2/ros2ws/install/examples_rclpy_minimal_action_client:/home/public/MSE112_MPi5_Hiwonder_ROS2/ros2ws/install/examples_rclpy_guard_conditions:/home/public/MSE112_MPi5_Hiwonder_ROS2/ros2ws/install/examples_rclpy_executors:/home/public/MSE112_MPi5_Hiwonder_ROS2/ros2ws/install/controls_core:/opt/ros/lyrical DEBUGINFOD_URLS=https://debuginfod.ubuntu.com /usr/bin/cmake /home/public/MSE112_MPi5_Hiwonder_ROS2/ros2ws/src/ros_tutorials/turtlesim -DAMENT_CMAKE_SYMLINK_INSTALL=1 -DCMAKE_INSTALL_PREFIX=/home/public/MSE112_MPi5_Hiwonder_ROS2/ros2ws/install/turtlesim
[0.137s] -- The C compiler identification is GNU 15.2.0
[0.259s] -- The CXX compiler identification is GNU 15.2.0
[0.271s] -- Detecting C compiler ABI info
[0.402s] -- Detecting C compiler ABI info - done
[0.423s] -- Check for working C compiler: /usr/bin/cc - skipped
[0.423s] -- Detecting C compile features
[0.423s] -- Detecting C compile features - done
[0.445s] -- Detecting CXX compiler ABI info
[0.588s] -- Detecting CXX compiler ABI info - done
[0.612s] -- Check for working CXX compiler: /usr/bin/c++ - skipped
[0.612s] -- Detecting CXX compile features
[0.613s] -- Detecting CXX compile features - done
[0.627s] -- Found ament_cmake: 2.8.7 (/opt/ros/lyrical/share/ament_cmake/cmake)
[1.286s] -- Override CMake install command with custom implementation using symlinks instead of copying resources
[1.327s] -- Found ament_index_cpp: 1.13.3 (/opt/ros/lyrical/share/ament_index_cpp/cmake)
[1.334s] -- Found geometry_msgs: 5.9.2 (/opt/ros/lyrical/share/geometry_msgs/cmake)
[1.388s] -- Found rosidl_generator_c: 5.2.1 (/opt/ros/lyrical/share/rosidl_generator_c/cmake)
[1.401s] -- Found rosidl_generator_cpp: 5.2.1 (/opt/ros/lyrical/share/rosidl_generator_cpp/cmake)
[1.423s] -- Using all available rosidl_typesupport_c: rosidl_typesupport_fastrtps_c;rosidl_typesupport_introspection_c
[1.444s] -- Using all available rosidl_typesupport_cpp: rosidl_typesupport_fastrtps_cpp;rosidl_typesupport_introspection_cpp
[1.618s] -- Performing Test CMAKE_HAVE_LIBC_PTHREAD
[1.747s] -- Performing Test CMAKE_HAVE_LIBC_PTHREAD - Success
[1.749s] -- Found Threads: TRUE
[1.822s] -- Performing Test HAVE_STDATOMIC
[2.216s] -- Performing Test HAVE_STDATOMIC - Success
[2.218s] -- Found WrapAtomic: TRUE
[2.327s] -- Found OpenGL: /usr/lib/aarch64-linux-gnu/libOpenGL.so
[2.329s] -- Found WrapOpenGL: TRUE
[2.413s] -- Found WrapVulkanHeaders: /usr/include
[2.458s] -- Found rclcpp: 32.0.0 (/opt/ros/lyrical/share/rclcpp/cmake)
[2.579s] -- Found rmw_implementation_cmake: 7.10.1 (/opt/ros/lyrical/share/rmw_implementation_cmake/cmake)
[2.588s] -- Found rmw_fastrtps_cpp: 9.4.8 (/opt/ros/lyrical/share/rmw_fastrtps_cpp/cmake)
[2.665s] -- Using RMW implementation 'rmw_fastrtps_cpp' as default
[2.806s] -- Found rclcpp_action: 32.0.0 (/opt/ros/lyrical/share/rclcpp_action/cmake)
[2.871s] -- Found std_srvs: 5.9.2 (/opt/ros/lyrical/share/std_srvs/cmake)
[2.903s] -- Found turtlesim_msgs: 1.10.9 (/home/public/MSE112_MPi5_Hiwonder_ROS2/ros2ws/install/turtlesim_msgs/share/turtlesim_msgs/cmake)
[2.939s] -- Found ament_lint_auto: 0.20.6 (/opt/ros/lyrical/share/ament_lint_auto/cmake)
[3.172s] -- Added test 'copyright' to check source files copyright and LICENSE
[3.182s] -- Added test 'cppcheck' to perform static code analysis on C / C++ code
[3.182s] -- Configured cppcheck include dirs: $<BUILD_INTERFACE:/home/public/MSE112_MPi5_Hiwonder_ROS2/ros2ws/src/ros_tutorials/turtlesim/include>
[3.182s] -- Configured cppcheck exclude dirs and/or files: 
[3.187s] -- Added test 'cpplint' to check C / C++ code against the Google style
[3.187s] -- Configured cpplint exclude dirs and/or files: 
[3.189s] -- Added test 'flake8' to check Python code syntax and style conventions
[3.189s] -- Configured 'flake8' exclude dirs and/or files: 
[3.192s] -- Added test 'lint_cmake' to check CMake code style
[3.194s] -- Added test 'pep257' to check Python code against some of the docstring style conventions in PEP 257
[3.198s] -- Added test 'uncrustify' to check C / C++ code style
[3.198s] -- Configured uncrustify additional arguments: 
[3.200s] -- Added test 'xmllint' to check XML markup files
[3.204s] -- Configuring done (3.2s)
[3.364s] -- Generating done (0.2s)
[3.434s] -- Build files have been written to: /home/public/MSE112_MPi5_Hiwonder_ROS2/ros2ws/build/turtlesim
[3.461s] Invoked command in '/home/public/MSE112_MPi5_Hiwonder_ROS2/ros2ws/build/turtlesim' returned '0': CMAKE_PREFIX_PATH=/home/public/MSE112_MPi5_Hiwonder_ROS2/ros2ws/install/turtlesim_msgs:/home/public/MSE112_MPi5_Hiwonder_ROS2/ros2ws/install/turtlesim:/home/public/MSE112_MPi5_Hiwonder_ROS2/ros2ws/install/examples_rclcpp_wait_set:/home/public/MSE112_MPi5_Hiwonder_ROS2/ros2ws/install/examples_rclcpp_multithreaded_executor:/home/public/MSE112_MPi5_Hiwonder_ROS2/ros2ws/install/examples_rclcpp_minimal_timer:/home/public/MSE112_MPi5_Hiwonder_ROS2/ros2ws/install/examples_rclcpp_minimal_subscriber:/home/public/MSE112_MPi5_Hiwonder_ROS2/ros2ws/install/examples_rclcpp_minimal_service:/home/public/MSE112_MPi5_Hiwonder_ROS2/ros2ws/install/examples_rclcpp_minimal_publisher:/home/public/MSE112_MPi5_Hiwonder_ROS2/ros2ws/install/examples_rclcpp_minimal_composition:/home/public/MSE112_MPi5_Hiwonder_ROS2/ros2ws/install/examples_rclcpp_minimal_client:/home/public/MSE112_MPi5_Hiwonder_ROS2/ros2ws/install/examples_rclcpp_minimal_action_server:/home/public/MSE112_MPi5_Hiwonder_ROS2/ros2ws/install/examples_rclcpp_minimal_action_client:/home/public/MSE112_MPi5_Hiwonder_ROS2/ros2ws/install/examples_rclcpp_cbg_executor:/home/public/MSE112_MPi5_Hiwonder_ROS2/ros2ws/install/examples_rclcpp_async_client:/opt/ros/lyrical/opt/gz_math_vendor:/opt/ros/lyrical/opt/gz_utils_vendor:/opt/ros/lyrical/opt/gz_cmake_vendor:/home/public/MSE112_MPi5_Hiwonder_ROS2/ros2ws/install/opencv2_nodes:/home/public/MSE112_MPi5_Hiwonder_ROS2/ros2ws/install/launch_testing_examples:/home/public/MSE112_MPi5_Hiwonder_ROS2/ros2ws/install/hiwonder_board:/home/public/MSE112_MPi5_Hiwonder_ROS2/ros2ws/install/examples_rclpy_pointcloud_publisher:/home/public/MSE112_MPi5_Hiwonder_ROS2/ros2ws/install/examples_rclpy_minimal_subscriber:/home/public/MSE112_MPi5_Hiwonder_ROS2/ros2ws/install/examples_rclpy_minimal_service:/home/public/MSE112_MPi5_Hiwonder_ROS2/ros2ws/install/examples_rclpy_minimal_publisher:/home/public/MSE112_MPi5_Hiwonder_ROS2/ros2ws/install/examples_rclpy_minimal_client:/home/public/MSE112_MPi5_Hiwonder_ROS2/ros2ws/install/examples_rclpy_minimal_action_server:/home/public/MSE112_MPi5_Hiwonder_ROS2/ros2ws/install/examples_rclpy_minimal_action_client:/home/public/MSE112_MPi5_Hiwonder_ROS2/ros2ws/install/examples_rclpy_guard_conditions:/home/public/MSE112_MPi5_Hiwonder_ROS2/ros2ws/install/examples_rclpy_executors:/home/public/MSE112_MPi5_Hiwonder_ROS2/ros2ws/install/controls_core:/opt/ros/lyrical DEBUGINFOD_URLS=https://debuginfod.ubuntu.com /usr/bin/cmake /home/public/MSE112_MPi5_Hiwonder_ROS2/ros2ws/src/ros_tutorials/turtlesim -DAMENT_CMAKE_SYMLINK_INSTALL=1 -DCMAKE_INSTALL_PREFIX=/home/public/MSE112_MPi5_Hiwonder_ROS2/ros2ws/install/turtlesim
[3.463s] Invoking command in '/home/public/MSE112_MPi5_Hiwonder_ROS2/ros2ws/build/turtlesim': CMAKE_PREFIX_PATH=/home/public/MSE112_MPi5_Hiwonder_ROS2/ros2ws/install/turtlesim_msgs:/home/public/MSE112_MPi5_Hiwonder_ROS2/ros2ws/install/turtlesim:/home/public/MSE112_MPi5_Hiwonder_ROS2/ros2ws/install/examples_rclcpp_wait_set:/home/public/MSE112_MPi5_Hiwonder_ROS2/ros2ws/install/examples_rclcpp_multithreaded_executor:/home/public/MSE112_MPi5_Hiwonder_ROS2/ros2ws/install/examples_rclcpp_minimal_timer:/home/public/MSE112_MPi5_Hiwonder_ROS2/ros2ws/install/examples_rclcpp_minimal_subscriber:/home/public/MSE112_MPi5_Hiwonder_ROS2/ros2ws/install/examples_rclcpp_minimal_service:/home/public/MSE112_MPi5_Hiwonder_ROS2/ros2ws/install/examples_rclcpp_minimal_publisher:/home/public/MSE112_MPi5_Hiwonder_ROS2/ros2ws/install/examples_rclcpp_minimal_composition:/home/public/MSE112_MPi5_Hiwonder_ROS2/ros2ws/install/examples_rclcpp_minimal_client:/home/public/MSE112_MPi5_Hiwonder_ROS2/ros2ws/install/examples_rclcpp_minimal_action_server:/home/public/MSE112_MPi5_Hiwonder_ROS2/ros2ws/install/examples_rclcpp_minimal_action_client:/home/public/MSE112_MPi5_Hiwonder_ROS2/ros2ws/install/examples_rclcpp_cbg_executor:/home/public/MSE112_MPi5_Hiwonder_ROS2/ros2ws/install/examples_rclcpp_async_client:/opt/ros/lyrical/opt/gz_math_vendor:/opt/ros/lyrical/opt/gz_utils_vendor:/opt/ros/lyrical/opt/gz_cmake_vendor:/home/public/MSE112_MPi5_Hiwonder_ROS2/ros2ws/install/opencv2_nodes:/home/public/MSE112_MPi5_Hiwonder_ROS2/ros2ws/install/launch_testing_examples:/home/public/MSE112_MPi5_Hiwonder_ROS2/ros2ws/install/hiwonder_board:/home/public/MSE112_MPi5_Hiwonder_ROS2/ros2ws/install/examples_rclpy_pointcloud_publisher:/home/public/MSE112_MPi5_Hiwonder_ROS2/ros2ws/install/examples_rclpy_minimal_subscriber:/home/public/MSE112_MPi5_Hiwonder_ROS2/ros2ws/install/examples_rclpy_minimal_service:/home/public/MSE112_MPi5_Hiwonder_ROS2/ros2ws/install/examples_rclpy_minimal_publisher:/home/public/MSE112_MPi5_Hiwonder_ROS2/ros2ws/install/examples_rclpy_minimal_client:/home/public/MSE112_MPi5_Hiwonder_ROS2/ros2ws/install/examples_rclpy_minimal_action_server:/home/public/MSE112_MPi5_Hiwonder_ROS2/ros2ws/install/examples_rclpy_minimal_action_client:/home/public/MSE112_MPi5_Hiwonder_ROS2/ros2ws/install/examples_rclpy_guard_conditions:/home/public/MSE112_MPi5_Hiwonder_ROS2/ros2ws/install/examples_rclpy_executors:/home/public/MSE112_MPi5_Hiwonder_ROS2/ros2ws/install/controls_core:/opt/ros/lyrical DEBUGINFOD_URLS=https://debuginfod.ubuntu.com /usr/bin/cmake --build /home/public/MSE112_MPi5_Hiwonder_ROS2/ros2ws/build/turtlesim -- -j4 -l4
[3.501s] -- Found ament_cmake: 2.8.7 (/opt/ros/lyrical/share/ament_cmake/cmake)
[3.848s] -- Override CMake install command with custom implementation using symlinks instead of copying resources
[3.856s] -- Found ament_index_cpp: 1.13.3 (/opt/ros/lyrical/share/ament_index_cpp/cmake)
[3.857s] -- Found geometry_msgs: 5.9.2 (/opt/ros/lyrical/share/geometry_msgs/cmake)
[3.880s] -- Found rosidl_generator_c: 5.2.1 (/opt/ros/lyrical/share/rosidl_generator_c/cmake)
[3.885s] -- Found rosidl_generator_cpp: 5.2.1 (/opt/ros/lyrical/share/rosidl_generator_cpp/cmake)
[3.896s] -- Using all available rosidl_typesupport_c: rosidl_typesupport_fastrtps_c;rosidl_typesupport_introspection_c
[3.908s] -- Using all available rosidl_typesupport_cpp: rosidl_typesupport_fastrtps_cpp;rosidl_typesupport_introspection_cpp
[4.128s] -- Found rclcpp: 32.0.0 (/opt/ros/lyrical/share/rclcpp/cmake)
[4.190s] -- Found rmw_implementation_cmake: 7.10.1 (/opt/ros/lyrical/share/rmw_implementation_cmake/cmake)
[4.193s] -- Found rmw_fastrtps_cpp: 9.4.8 (/opt/ros/lyrical/share/rmw_fastrtps_cpp/cmake)
[4.225s] -- Using RMW implementation 'rmw_fastrtps_cpp' as default
[4.301s] -- Found rclcpp_action: 32.0.0 (/opt/ros/lyrical/share/rclcpp_action/cmake)
[4.349s] -- Found std_srvs: 5.9.2 (/opt/ros/lyrical/share/std_srvs/cmake)
[4.368s] -- Found turtlesim_msgs: 1.10.9 (/home/public/MSE112_MPi5_Hiwonder_ROS2/ros2ws/install/turtlesim_msgs/share/turtlesim_msgs/cmake)
[4.397s] -- Found ament_lint_auto: 0.20.6 (/opt/ros/lyrical/share/ament_lint_auto/cmake)
[4.600s] -- Added test 'copyright' to check source files copyright and LICENSE
[4.603s] -- Added test 'cppcheck' to perform static code analysis on C / C++ code
[4.603s] -- Configured cppcheck include dirs: $<BUILD_INTERFACE:/home/public/MSE112_MPi5_Hiwonder_ROS2/ros2ws/src/ros_tutorials/turtlesim/include>
[4.603s] -- Configured cppcheck exclude dirs and/or files: 
[4.606s] -- Added test 'cpplint' to check C / C++ code against the Google style
[4.606s] -- Configured cpplint exclude dirs and/or files: 
[4.607s] -- Added test 'flake8' to check Python code syntax and style conventions
[4.607s] -- Configured 'flake8' exclude dirs and/or files: 
[4.608s] -- Added test 'lint_cmake' to check CMake code style
[4.609s] -- Added test 'pep257' to check Python code against some of the docstring style conventions in PEP 257
[4.611s] -- Added test 'uncrustify' to check C / C++ code style
[4.611s] -- Configured uncrustify additional arguments: 
[4.612s] -- Added test 'xmllint' to check XML markup files
[4.614s] -- Configuring done (1.1s)
[4.770s] -- Generating done (0.2s)
[4.848s] -- Build files have been written to: /home/public/MSE112_MPi5_Hiwonder_ROS2/ros2ws/build/turtlesim
[4.930s] [  0%] Built target draw_square_autogen_timestamp_deps
[4.930s] [  0%] Built target turtlesim_node_autogen_timestamp_deps
[4.934s] [  0%] Built target turtle_teleop_key_autogen_timestamp_deps
[4.936s] [  0%] Built target mimic_autogen_timestamp_deps
[4.970s] [  5%] [1m[34mAutomatic MOC and UIC for target draw_square[0m
[4.970s] [ 10%] [1m[34mAutomatic MOC and UIC for target turtlesim_node[0m
[5.057s] [ 10%] Built target draw_square_autogen
[5.057s] [ 10%] Built target turtlesim_node_autogen
[5.063s] gmake[2]: Warning: File '/home/public/MSE112_MPi5_Hiwonder_ROS2/ros2ws/src/ros_tutorials/turtlesim/include/turtlesim/turtle_frame.hpp' has modification time 7783565 s in the future
[5.088s] gmake[2]: Warning: File '/home/public/MSE112_MPi5_Hiwonder_ROS2/ros2ws/src/ros_tutorials/turtlesim/tutorials/draw_square.cpp' has modification time 7783565 s in the future
[5.089s] [ 15%] [1m[34mGenerating include/turtlesim/moc_turtle_frame.cpp[0m
[5.103s] [ 20%] [1m[34mAutomatic MOC and UIC for target turtle_teleop_key[0m
[5.103s] [ 25%] [1m[34mAutomatic MOC and UIC for target mimic[0m
[5.106s] [ 30%] [32mBuilding CXX object CMakeFiles/draw_square.dir/draw_square_autogen/mocs_compilation.cpp.o[0m
[5.132s] gmake[2]: warning:  Clock skew detected.  Your build may be incomplete.
[5.139s] gmake[2]: Warning: File '/home/public/MSE112_MPi5_Hiwonder_ROS2/ros2ws/src/ros_tutorials/turtlesim/src/turtlesim.cpp' has modification time 7783565 s in the future
[5.159s] [ 35%] [32mBuilding CXX object CMakeFiles/turtlesim_node.dir/turtlesim_node_autogen/mocs_compilation.cpp.o[0m
[5.162s] [ 40%] [32mBuilding CXX object CMakeFiles/draw_square.dir/tutorials/draw_square.cpp.o[0m
[5.218s] [ 45%] [32mBuilding CXX object CMakeFiles/turtlesim_node.dir/src/turtlesim.cpp.o[0m
[5.222s] [ 45%] Built target mimic_autogen
[5.240s] [ 45%] Built target turtle_teleop_key_autogen
[5.258s] [ 50%] [32mBuilding CXX object CMakeFiles/turtlesim_node.dir/src/turtle_frame.cpp.o[0m
[6.282s] [ 55%] [32mBuilding CXX object CMakeFiles/turtlesim_node.dir/src/turtle.cpp.o[0m
[19.261s] [ 55%] [1m[34mGenerating include/turtlesim/moc_turtle_frame.cpp[0m
[20.301s] gmake[2]: Warning: File '/home/public/MSE112_MPi5_Hiwonder_ROS2/ros2ws/src/ros_tutorials/turtlesim/tutorials/mimic.cpp' has modification time 7783550 s in the future
[20.320s] [ 60%] [32mBuilding CXX object CMakeFiles/mimic.dir/mimic_autogen/mocs_compilation.cpp.o[0m
[20.371s] [ 65%] [32mBuilding CXX object CMakeFiles/mimic.dir/tutorials/mimic.cpp.o[0m
[29.017s] [ 70%] [1m[32mLinking CXX executable draw_square[0m
[30.771s] gmake[2]: warning:  Clock skew detected.  Your build may be incomplete.
[30.792s] [ 70%] Built target draw_square
[34.266s] [ 75%] [32mBuilding CXX object CMakeFiles/turtlesim_node.dir/include/turtlesim/moc_turtle_frame.cpp.o[0m
[41.337s] [ 80%] [1m[32mLinking CXX executable mimic[0m
[42.403s] gmake[2]: warning:  Clock skew detected.  Your build may be incomplete.
[42.419s] [ 80%] Built target mimic
[42.440s] gmake[2]: Warning: File '/home/public/MSE112_MPi5_Hiwonder_ROS2/ros2ws/src/ros_tutorials/turtlesim/tutorials/teleop_turtle_key.cpp' has modification time 7783527 s in the future
[42.453s] [ 85%] [32mBuilding CXX object CMakeFiles/turtle_teleop_key.dir/turtle_teleop_key_autogen/mocs_compilation.cpp.o[0m
[42.497s] [ 90%] [32mBuilding CXX object CMakeFiles/turtle_teleop_key.dir/tutorials/teleop_turtle_key.cpp.o[0m
[45.196s] [ 95%] [1m[32mLinking CXX executable turtlesim_node[0m
[51.376s] gmake[2]: warning:  Clock skew detected.  Your build may be incomplete.
[51.391s] [ 95%] Built target turtlesim_node
[54.633s] [100%] [1m[32mLinking CXX executable turtle_teleop_key[0m
[55.143s] gmake[2]: warning:  Clock skew detected.  Your build may be incomplete.
[55.157s] [100%] Built target turtle_teleop_key
[55.174s] Invoked command in '/home/public/MSE112_MPi5_Hiwonder_ROS2/ros2ws/build/turtlesim' returned '0': CMAKE_PREFIX_PATH=/home/public/MSE112_MPi5_Hiwonder_ROS2/ros2ws/install/turtlesim_msgs:/home/public/MSE112_MPi5_Hiwonder_ROS2/ros2ws/install/turtlesim:/home/public/MSE112_MPi5_Hiwonder_ROS2/ros2ws/install/examples_rclcpp_wait_set:/home/public/MSE112_MPi5_Hiwonder_ROS2/ros2ws/install/examples_rclcpp_multithreaded_executor:/home/public/MSE112_MPi5_Hiwonder_ROS2/ros2ws/install/examples_rclcpp_minimal_timer:/home/public/MSE112_MPi5_Hiwonder_ROS2/ros2ws/install/examples_rclcpp_minimal_subscriber:/home/public/MSE112_MPi5_Hiwonder_ROS2/ros2ws/install/examples_rclcpp_minimal_service:/home/public/MSE112_MPi5_Hiwonder_ROS2/ros2ws/install/examples_rclcpp_minimal_publisher:/home/public/MSE112_MPi5_Hiwonder_ROS2/ros2ws/install/examples_rclcpp_minimal_composition:/home/public/MSE112_MPi5_Hiwonder_ROS2/ros2ws/install/examples_rclcpp_minimal_client:/home/public/MSE112_MPi5_Hiwonder_ROS2/ros2ws/install/examples_rclcpp_minimal_action_server:/home/public/MSE112_MPi5_Hiwonder_ROS2/ros2ws/install/examples_rclcpp_minimal_action_client:/home/public/MSE112_MPi5_Hiwonder_ROS2/ros2ws/install/examples_rclcpp_cbg_executor:/home/public/MSE112_MPi5_Hiwonder_ROS2/ros2ws/install/examples_rclcpp_async_client:/opt/ros/lyrical/opt/gz_math_vendor:/opt/ros/lyrical/opt/gz_utils_vendor:/opt/ros/lyrical/opt/gz_cmake_vendor:/home/public/MSE112_MPi5_Hiwonder_ROS2/ros2ws/install/opencv2_nodes:/home/public/MSE112_MPi5_Hiwonder_ROS2/ros2ws/install/launch_testing_examples:/home/public/MSE112_MPi5_Hiwonder_ROS2/ros2ws/install/hiwonder_board:/home/public/MSE112_MPi5_Hiwonder_ROS2/ros2ws/install/examples_rclpy_pointcloud_publisher:/home/public/MSE112_MPi5_Hiwonder_ROS2/ros2ws/install/examples_rclpy_minimal_subscriber:/home/public/MSE112_MPi5_Hiwonder_ROS2/ros2ws/install/examples_rclpy_minimal_service:/home/public/MSE112_MPi5_Hiwonder_ROS2/ros2ws/install/examples_rclpy_minimal_publisher:/home/public/MSE112_MPi5_Hiwonder_ROS2/ros2ws/install/examples_rclpy_minimal_client:/home/public/MSE112_MPi5_Hiwonder_ROS2/ros2ws/install/examples_rclpy_minimal_action_server:/home/public/MSE112_MPi5_Hiwonder_ROS2/ros2ws/install/examples_rclpy_minimal_action_client:/home/public/MSE112_MPi5_Hiwonder_ROS2/ros2ws/install/examples_rclpy_guard_conditions:/home/public/MSE112_MPi5_Hiwonder_ROS2/ros2ws/install/examples_rclpy_executors:/home/public/MSE112_MPi5_Hiwonder_ROS2/ros2ws/install/controls_core:/opt/ros/lyrical DEBUGINFOD_URLS=https://debuginfod.ubuntu.com /usr/bin/cmake --build /home/public/MSE112_MPi5_Hiwonder_ROS2/ros2ws/build/turtlesim -- -j4 -l4
[55.176s] Invoking command in '/home/public/MSE112_MPi5_Hiwonder_ROS2/ros2ws/build/turtlesim': CMAKE_PREFIX_PATH=/home/public/MSE112_MPi5_Hiwonder_ROS2/ros2ws/install/turtlesim_msgs:/home/public/MSE112_MPi5_Hiwonder_ROS2/ros2ws/install/turtlesim:/home/public/MSE112_MPi5_Hiwonder_ROS2/ros2ws/install/examples_rclcpp_wait_set:/home/public/MSE112_MPi5_Hiwonder_ROS2/ros2ws/install/examples_rclcpp_multithreaded_executor:/home/public/MSE112_MPi5_Hiwonder_ROS2/ros2ws/install/examples_rclcpp_minimal_timer:/home/public/MSE112_MPi5_Hiwonder_ROS2/ros2ws/install/examples_rclcpp_minimal_subscriber:/home/public/MSE112_MPi5_Hiwonder_ROS2/ros2ws/install/examples_rclcpp_minimal_service:/home/public/MSE112_MPi5_Hiwonder_ROS2/ros2ws/install/examples_rclcpp_minimal_publisher:/home/public/MSE112_MPi5_Hiwonder_ROS2/ros2ws/install/examples_rclcpp_minimal_composition:/home/public/MSE112_MPi5_Hiwonder_ROS2/ros2ws/install/examples_rclcpp_minimal_client:/home/public/MSE112_MPi5_Hiwonder_ROS2/ros2ws/install/examples_rclcpp_minimal_action_server:/home/public/MSE112_MPi5_Hiwonder_ROS2/ros2ws/install/examples_rclcpp_minimal_action_client:/home/public/MSE112_MPi5_Hiwonder_ROS2/ros2ws/install/examples_rclcpp_cbg_executor:/home/public/MSE112_MPi5_Hiwonder_ROS2/ros2ws/install/examples_rclcpp_async_client:/opt/ros/lyrical/opt/gz_math_vendor:/opt/ros/lyrical/opt/gz_utils_vendor:/opt/ros/lyrical/opt/gz_cmake_vendor:/home/public/MSE112_MPi5_Hiwonder_ROS2/ros2ws/install/opencv2_nodes:/home/public/MSE112_MPi5_Hiwonder_ROS2/ros2ws/install/launch_testing_examples:/home/public/MSE112_MPi5_Hiwonder_ROS2/ros2ws/install/hiwonder_board:/home/public/MSE112_MPi5_Hiwonder_ROS2/ros2ws/install/examples_rclpy_pointcloud_publisher:/home/public/MSE112_MPi5_Hiwonder_ROS2/ros2ws/install/examples_rclpy_minimal_subscriber:/home/public/MSE112_MPi5_Hiwonder_ROS2/ros2ws/install/examples_rclpy_minimal_service:/home/public/MSE112_MPi5_Hiwonder_ROS2/ros2ws/install/examples_rclpy_minimal_publisher:/home/public/MSE112_MPi5_Hiwonder_ROS2/ros2ws/install/examples_rclpy_minimal_client:/home/public/MSE112_MPi5_Hiwonder_ROS2/ros2ws/install/examples_rclpy_minimal_action_server:/home/public/MSE112_MPi5_Hiwonder_ROS2/ros2ws/install/examples_rclpy_minimal_action_client:/home/public/MSE112_MPi5_Hiwonder_ROS2/ros2ws/install/examples_rclpy_guard_conditions:/home/public/MSE112_MPi5_Hiwonder_ROS2/ros2ws/install/examples_rclpy_executors:/home/public/MSE112_MPi5_Hiwonder_ROS2/ros2ws/install/controls_core:/opt/ros/lyrical DEBUGINFOD_URLS=https://debuginfod.ubuntu.com /usr/bin/cmake --install /home/public/MSE112_MPi5_Hiwonder_ROS2/ros2ws/build/turtlesim
[55.186s] -- Install configuration: ""
[55.187s] -- Execute custom install script
[55.187s] -- Symlinking: /home/public/MSE112_MPi5_Hiwonder_ROS2/ros2ws/install/turtlesim/lib/turtlesim/turtlesim_node
[55.199s] -- Symlinking: /home/public/MSE112_MPi5_Hiwonder_ROS2/ros2ws/install/turtlesim/lib/turtlesim/turtle_teleop_key
[55.211s] -- Symlinking: /home/public/MSE112_MPi5_Hiwonder_ROS2/ros2ws/install/turtlesim/lib/turtlesim/draw_square
[55.225s] -- Symlinking: /home/public/MSE112_MPi5_Hiwonder_ROS2/ros2ws/install/turtlesim/lib/turtlesim/mimic
[55.238s] -- Symlinking: /home/public/MSE112_MPi5_Hiwonder_ROS2/ros2ws/install/turtlesim/share/turtlesim/launch/multisim.launch.py
[55.250s] -- Symlinking: /home/public/MSE112_MPi5_Hiwonder_ROS2/ros2ws/install/turtlesim/share/ament_index/resource_index/package_run_dependencies/turtlesim
[55.262s] -- Symlinking: /home/public/MSE112_MPi5_Hiwonder_ROS2/ros2ws/install/turtlesim/share/ament_index/resource_index/parent_prefix_path/turtlesim
[55.275s] -- Symlinking: /home/public/MSE112_MPi5_Hiwonder_ROS2/ros2ws/install/turtlesim/share/turtlesim/environment/ament_prefix_path.sh
[55.287s] -- Symlinking: /home/public/MSE112_MPi5_Hiwonder_ROS2/ros2ws/install/turtlesim/share/turtlesim/environment/ament_prefix_path.dsv
[55.299s] -- Symlinking: /home/public/MSE112_MPi5_Hiwonder_ROS2/ros2ws/install/turtlesim/share/turtlesim/environment/path.sh
[55.311s] -- Symlinking: /home/public/MSE112_MPi5_Hiwonder_ROS2/ros2ws/install/turtlesim/share/turtlesim/environment/path.dsv
[55.325s] -- Symlinking: /home/public/MSE112_MPi5_Hiwonder_ROS2/ros2ws/install/turtlesim/share/turtlesim/local_setup.bash
[55.338s] -- Symlinking: /home/public/MSE112_MPi5_Hiwonder_ROS2/ros2ws/install/turtlesim/share/turtlesim/local_setup.fish
[55.350s] -- Symlinking: /home/public/MSE112_MPi5_Hiwonder_ROS2/ros2ws/install/turtlesim/share/turtlesim/local_setup.sh
[55.362s] -- Symlinking: /home/public/MSE112_MPi5_Hiwonder_ROS2/ros2ws/install/turtlesim/share/turtlesim/local_setup.zsh
[55.374s] -- Symlinking: /home/public/MSE112_MPi5_Hiwonder_ROS2/ros2ws/install/turtlesim/share/turtlesim/local_setup.dsv
[55.386s] -- Symlinking: /home/public/MSE112_MPi5_Hiwonder_ROS2/ros2ws/install/turtlesim/share/turtlesim/package.dsv
[55.398s] -- Symlinking: /home/public/MSE112_MPi5_Hiwonder_ROS2/ros2ws/install/turtlesim/share/ament_index/resource_index/packages/turtlesim
[55.410s] -- Symlinking: /home/public/MSE112_MPi5_Hiwonder_ROS2/ros2ws/install/turtlesim/share/turtlesim/cmake/turtlesimConfig.cmake
[55.424s] -- Symlinking: /home/public/MSE112_MPi5_Hiwonder_ROS2/ros2ws/install/turtlesim/share/turtlesim/cmake/turtlesimConfig-version.cmake
[55.438s] -- Symlinking: /home/public/MSE112_MPi5_Hiwonder_ROS2/ros2ws/install/turtlesim/share/turtlesim/package.xml
[55.450s] -- Installing: /home/public/MSE112_MPi5_Hiwonder_ROS2/ros2ws/install/turtlesim/share/turtlesim/images
[55.450s] -- Installing: /home/public/MSE112_MPi5_Hiwonder_ROS2/ros2ws/install/turtlesim/share/turtlesim/images/kilted.png
[55.451s] -- Installing: /home/public/MSE112_MPi5_Hiwonder_ROS2/ros2ws/install/turtlesim/share/turtlesim/images/eloquent.png
[55.451s] -- Installing: /home/public/MSE112_MPi5_Hiwonder_ROS2/ros2ws/install/turtlesim/share/turtlesim/images/jazzy.png
[55.452s] -- Installing: /home/public/MSE112_MPi5_Hiwonder_ROS2/ros2ws/install/turtlesim/share/turtlesim/images/bouncy.png
[55.452s] -- Installing: /home/public/MSE112_MPi5_Hiwonder_ROS2/ros2ws/install/turtlesim/share/turtlesim/images/galactic.png
[55.453s] -- Installing: /home/public/MSE112_MPi5_Hiwonder_ROS2/ros2ws/install/turtlesim/share/turtlesim/images/foxy.png
[55.453s] -- Installing: /home/public/MSE112_MPi5_Hiwonder_ROS2/ros2ws/install/turtlesim/share/turtlesim/images/humble.png
[55.454s] -- Installing: /home/public/MSE112_MPi5_Hiwonder_ROS2/ros2ws/install/turtlesim/share/turtlesim/images/dashing.png
[55.454s] -- Installing: /home/public/MSE112_MPi5_Hiwonder_ROS2/ros2ws/install/turtlesim/share/turtlesim/images/crystal.png
[55.455s] -- Installing: /home/public/MSE112_MPi5_Hiwonder_ROS2/ros2ws/install/turtlesim/share/turtlesim/images/iron.png
[55.455s] -- Installing: /home/public/MSE112_MPi5_Hiwonder_ROS2/ros2ws/install/turtlesim/share/turtlesim/images/lyrical.png
[55.456s] -- Installing: /home/public/MSE112_MPi5_Hiwonder_ROS2/ros2ws/install/turtlesim/share/turtlesim/images/ardent.png
[55.456s] -- Installing: /home/public/MSE112_MPi5_Hiwonder_ROS2/ros2ws/install/turtlesim/share/turtlesim/images/rolling.png
[55.461s] Invoked command in '/home/public/MSE112_MPi5_Hiwonder_ROS2/ros2ws/build/turtlesim' returned '0': CMAKE_PREFIX_PATH=/home/public/MSE112_MPi5_Hiwonder_ROS2/ros2ws/install/turtlesim_msgs:/home/public/MSE112_MPi5_Hiwonder_ROS2/ros2ws/install/turtlesim:/home/public/MSE112_MPi5_Hiwonder_ROS2/ros2ws/install/examples_rclcpp_wait_set:/home/public/MSE112_MPi5_Hiwonder_ROS2/ros2ws/install/examples_rclcpp_multithreaded_executor:/home/public/MSE112_MPi5_Hiwonder_ROS2/ros2ws/install/examples_rclcpp_minimal_timer:/home/public/MSE112_MPi5_Hiwonder_ROS2/ros2ws/install/examples_rclcpp_minimal_subscriber:/home/public/MSE112_MPi5_Hiwonder_ROS2/ros2ws/install/examples_rclcpp_minimal_service:/home/public/MSE112_MPi5_Hiwonder_ROS2/ros2ws/install/examples_rclcpp_minimal_publisher:/home/public/MSE112_MPi5_Hiwonder_ROS2/ros2ws/install/examples_rclcpp_minimal_composition:/home/public/MSE112_MPi5_Hiwonder_ROS2/ros2ws/install/examples_rclcpp_minimal_client:/home/public/MSE112_MPi5_Hiwonder_ROS2/ros2ws/install/examples_rclcpp_minimal_action_server:/home/public/MSE112_MPi5_Hiwonder_ROS2/ros2ws/install/examples_rclcpp_minimal_action_client:/home/public/MSE112_MPi5_Hiwonder_ROS2/ros2ws/install/examples_rclcpp_cbg_executor:/home/public/MSE112_MPi5_Hiwonder_ROS2/ros2ws/install/examples_rclcpp_async_client:/opt/ros/lyrical/opt/gz_math_vendor:/opt/ros/lyrical/opt/gz_utils_vendor:/opt/ros/lyrical/opt/gz_cmake_vendor:/home/public/MSE112_MPi5_Hiwonder_ROS2/ros2ws/install/opencv2_nodes:/home/public/MSE112_MPi5_Hiwonder_ROS2/ros2ws/install/launch_testing_examples:/home/public/MSE112_MPi5_Hiwonder_ROS2/ros2ws/install/hiwonder_board:/home/public/MSE112_MPi5_Hiwonder_ROS2/ros2ws/install/examples_rclpy_pointcloud_publisher:/home/public/MSE112_MPi5_Hiwonder_ROS2/ros2ws/install/examples_rclpy_minimal_subscriber:/home/public/MSE112_MPi5_Hiwonder_ROS2/ros2ws/install/examples_rclpy_minimal_service:/home/public/MSE112_MPi5_Hiwonder_ROS2/ros2ws/install/examples_rclpy_minimal_publisher:/home/public/MSE112_MPi5_Hiwonder_ROS2/ros2ws/install/examples_rclpy_minimal_client:/home/public/MSE112_MPi5_Hiwonder_ROS2/ros2ws/install/examples_rclpy_minimal_action_server:/home/public/MSE112_MPi5_Hiwonder_ROS2/ros2ws/install/examples_rclpy_minimal_action_client:/home/public/MSE112_MPi5_Hiwonder_ROS2/ros2ws/install/examples_rclpy_guard_conditions:/home/public/MSE112_MPi5_Hiwonder_ROS2/ros2ws/install/examples_rclpy_executors:/home/public/MSE112_MPi5_Hiwonder_ROS2/ros2ws/install/controls_core:/opt/ros/lyrical DEBUGINFOD_URLS=https://debuginfod.ubuntu.com /usr/bin/cmake --install /home/public/MSE112_MPi5_Hiwonder_ROS2/ros2ws/build/turtlesim
