[5.086s] Invoking command in '/home/public/MSE112_MPi5_Hiwonder_ROS2/ros2ws/build/core': DEBUGINFOD_URLS=https://debuginfod.ubuntu.com PYTHONPATH=/home/public/MSE112_MPi5_Hiwonder_ROS2/ros2ws/build/core/prefix_override:/usr/lib/python3/dist-packages/colcon_core/task/python/colcon_distutils_commands:/home/public/MSE112_MPi5_Hiwonder_ROS2/ros2ws/install/core/lib/python3.14/site-packages:${PYTHONPATH} /usr/bin/python3 -W ignore:setup.py install is deprecated -W ignore:easy_install command is deprecated setup.py develop --editable --build-directory /home/public/MSE112_MPi5_Hiwonder_ROS2/ros2ws/build/core/build --no-deps symlink_data
[5.886s] running develop
[6.216s] running egg_info
[6.262s] creating core.egg-info
[6.262s] writing core.egg-info/PKG-INFO
[6.265s] writing dependency_links to core.egg-info/dependency_links.txt
[6.266s] writing entry points to core.egg-info/entry_points.txt
[6.267s] writing requirements to core.egg-info/requires.txt
[6.269s] writing top-level names to core.egg-info/top_level.txt
[6.269s] writing manifest file 'core.egg-info/SOURCES.txt'
[6.376s] reading manifest file 'core.egg-info/SOURCES.txt'
[6.378s] writing manifest file 'core.egg-info/SOURCES.txt'
[6.435s] running build_ext
[6.436s] Creating /home/public/MSE112_MPi5_Hiwonder_ROS2/ros2ws/install/core/lib/python3.14/site-packages/core.egg-link (link to .)
[6.437s] Installing main script to /home/public/MSE112_MPi5_Hiwonder_ROS2/ros2ws/install/core/lib/core
[6.438s] 
[6.438s] Installed /home/public/MSE112_MPi5_Hiwonder_ROS2/ros2ws/build/core
[6.438s] running symlink_data
[6.439s] creating /home/public/MSE112_MPi5_Hiwonder_ROS2/ros2ws/install/core/share/ament_index/resource_index/packages
[6.439s] symbolically linking /home/public/MSE112_MPi5_Hiwonder_ROS2/ros2ws/build/core/resource/core -> /home/public/MSE112_MPi5_Hiwonder_ROS2/ros2ws/install/core/share/ament_index/resource_index/packages
[6.440s] symbolically linking /home/public/MSE112_MPi5_Hiwonder_ROS2/ros2ws/build/core/package.xml -> /home/public/MSE112_MPi5_Hiwonder_ROS2/ros2ws/install/core/share/core
[6.688s] Invoked command in '/home/public/MSE112_MPi5_Hiwonder_ROS2/ros2ws/build/core' returned '0': DEBUGINFOD_URLS=https://debuginfod.ubuntu.com PYTHONPATH=/home/public/MSE112_MPi5_Hiwonder_ROS2/ros2ws/build/core/prefix_override:/usr/lib/python3/dist-packages/colcon_core/task/python/colcon_distutils_commands:/home/public/MSE112_MPi5_Hiwonder_ROS2/ros2ws/install/core/lib/python3.14/site-packages:${PYTHONPATH} /usr/bin/python3 -W ignore:setup.py install is deprecated -W ignore:easy_install command is deprecated setup.py develop --editable --build-directory /home/public/MSE112_MPi5_Hiwonder_ROS2/ros2ws/build/core/build --no-deps symlink_data
