[4.097s] Invoking command in '/home/public/ros2ws/src/examples/rclpy/actions/minimal_action_client': DEBUGINFOD_URLS=https://debuginfod.ubuntu.com PYTHONPATH=/home/public/ros2ws/build/examples_rclpy_minimal_action_client/prefix_override:/usr/lib/python3/dist-packages/colcon_core/task/python/colcon_distutils_commands:/home/public/ros2ws/install/examples_rclpy_minimal_action_client/lib/python3.14/site-packages:${PYTHONPATH} /usr/bin/python3 -W ignore:setup.py install is deprecated -W ignore:easy_install command is deprecated setup.py egg_info --egg-base ../../../../../build/examples_rclpy_minimal_action_client build --build-base /home/public/ros2ws/build/examples_rclpy_minimal_action_client/build install --record /home/public/ros2ws/build/examples_rclpy_minimal_action_client/install.log --install-scripts $base/lib/examples_rclpy_minimal_action_client --single-version-externally-managed install_data
[4.941s] running egg_info
[4.979s] creating ../../../../../build/examples_rclpy_minimal_action_client/examples_rclpy_minimal_action_client.egg-info
[4.981s] writing ../../../../../build/examples_rclpy_minimal_action_client/examples_rclpy_minimal_action_client.egg-info/PKG-INFO
[4.983s] writing dependency_links to ../../../../../build/examples_rclpy_minimal_action_client/examples_rclpy_minimal_action_client.egg-info/dependency_links.txt
[4.985s] writing entry points to ../../../../../build/examples_rclpy_minimal_action_client/examples_rclpy_minimal_action_client.egg-info/entry_points.txt
[4.987s] writing requirements to ../../../../../build/examples_rclpy_minimal_action_client/examples_rclpy_minimal_action_client.egg-info/requires.txt
[4.989s] writing top-level names to ../../../../../build/examples_rclpy_minimal_action_client/examples_rclpy_minimal_action_client.egg-info/top_level.txt
[4.989s] writing manifest file '../../../../../build/examples_rclpy_minimal_action_client/examples_rclpy_minimal_action_client.egg-info/SOURCES.txt'
[5.076s] reading manifest file '../../../../../build/examples_rclpy_minimal_action_client/examples_rclpy_minimal_action_client.egg-info/SOURCES.txt'
[5.079s] writing manifest file '../../../../../build/examples_rclpy_minimal_action_client/examples_rclpy_minimal_action_client.egg-info/SOURCES.txt'
[5.080s] running build
[5.080s] running build_py
[5.081s] creating /home/public/ros2ws/build/examples_rclpy_minimal_action_client/build/lib/examples_rclpy_minimal_action_client
[5.082s] copying examples_rclpy_minimal_action_client/client_cancel.py -> /home/public/ros2ws/build/examples_rclpy_minimal_action_client/build/lib/examples_rclpy_minimal_action_client
[5.086s] copying examples_rclpy_minimal_action_client/__init__.py -> /home/public/ros2ws/build/examples_rclpy_minimal_action_client/build/lib/examples_rclpy_minimal_action_client
[5.086s] copying examples_rclpy_minimal_action_client/client_not_composable.py -> /home/public/ros2ws/build/examples_rclpy_minimal_action_client/build/lib/examples_rclpy_minimal_action_client
[5.087s] copying examples_rclpy_minimal_action_client/client.py -> /home/public/ros2ws/build/examples_rclpy_minimal_action_client/build/lib/examples_rclpy_minimal_action_client
[5.091s] copying examples_rclpy_minimal_action_client/client_asyncio.py -> /home/public/ros2ws/build/examples_rclpy_minimal_action_client/build/lib/examples_rclpy_minimal_action_client
[5.095s] running install
[5.114s] running install_lib
[5.167s] creating /home/public/ros2ws/install/examples_rclpy_minimal_action_client/lib/python3.14/site-packages/examples_rclpy_minimal_action_client
[5.167s] copying /home/public/ros2ws/build/examples_rclpy_minimal_action_client/build/lib/examples_rclpy_minimal_action_client/client_cancel.py -> /home/public/ros2ws/install/examples_rclpy_minimal_action_client/lib/python3.14/site-packages/examples_rclpy_minimal_action_client
[5.168s] copying /home/public/ros2ws/build/examples_rclpy_minimal_action_client/build/lib/examples_rclpy_minimal_action_client/__init__.py -> /home/public/ros2ws/install/examples_rclpy_minimal_action_client/lib/python3.14/site-packages/examples_rclpy_minimal_action_client
[5.168s] copying /home/public/ros2ws/build/examples_rclpy_minimal_action_client/build/lib/examples_rclpy_minimal_action_client/client_not_composable.py -> /home/public/ros2ws/install/examples_rclpy_minimal_action_client/lib/python3.14/site-packages/examples_rclpy_minimal_action_client
[5.169s] copying /home/public/ros2ws/build/examples_rclpy_minimal_action_client/build/lib/examples_rclpy_minimal_action_client/client.py -> /home/public/ros2ws/install/examples_rclpy_minimal_action_client/lib/python3.14/site-packages/examples_rclpy_minimal_action_client
[5.170s] copying /home/public/ros2ws/build/examples_rclpy_minimal_action_client/build/lib/examples_rclpy_minimal_action_client/client_asyncio.py -> /home/public/ros2ws/install/examples_rclpy_minimal_action_client/lib/python3.14/site-packages/examples_rclpy_minimal_action_client
[5.172s] byte-compiling /home/public/ros2ws/install/examples_rclpy_minimal_action_client/lib/python3.14/site-packages/examples_rclpy_minimal_action_client/client_cancel.py to client_cancel.cpython-314.pyc
[5.174s] byte-compiling /home/public/ros2ws/install/examples_rclpy_minimal_action_client/lib/python3.14/site-packages/examples_rclpy_minimal_action_client/__init__.py to __init__.cpython-314.pyc
[5.175s] byte-compiling /home/public/ros2ws/install/examples_rclpy_minimal_action_client/lib/python3.14/site-packages/examples_rclpy_minimal_action_client/client_not_composable.py to client_not_composable.cpython-314.pyc
[5.177s] byte-compiling /home/public/ros2ws/install/examples_rclpy_minimal_action_client/lib/python3.14/site-packages/examples_rclpy_minimal_action_client/client.py to client.cpython-314.pyc
[5.178s] byte-compiling /home/public/ros2ws/install/examples_rclpy_minimal_action_client/lib/python3.14/site-packages/examples_rclpy_minimal_action_client/client_asyncio.py to client_asyncio.cpython-314.pyc
[5.180s] running install_data
[5.181s] creating /home/public/ros2ws/install/examples_rclpy_minimal_action_client/share/ament_index/resource_index/packages
[5.181s] copying resource/examples_rclpy_minimal_action_client -> /home/public/ros2ws/install/examples_rclpy_minimal_action_client/share/ament_index/resource_index/packages
[5.182s] copying package.xml -> /home/public/ros2ws/install/examples_rclpy_minimal_action_client/share/examples_rclpy_minimal_action_client
[5.183s] running install_egg_info
[5.229s] Copying ../../../../../build/examples_rclpy_minimal_action_client/examples_rclpy_minimal_action_client.egg-info to /home/public/ros2ws/install/examples_rclpy_minimal_action_client/lib/python3.14/site-packages/examples_rclpy_minimal_action_client-0.21.5-py3.14.egg-info
[5.231s] running install_scripts
[5.511s] Installing client script to /home/public/ros2ws/install/examples_rclpy_minimal_action_client/lib/examples_rclpy_minimal_action_client
[5.511s] Installing client_asyncio script to /home/public/ros2ws/install/examples_rclpy_minimal_action_client/lib/examples_rclpy_minimal_action_client
[5.511s] Installing client_cancel script to /home/public/ros2ws/install/examples_rclpy_minimal_action_client/lib/examples_rclpy_minimal_action_client
[5.519s] Installing client_not_composable script to /home/public/ros2ws/install/examples_rclpy_minimal_action_client/lib/examples_rclpy_minimal_action_client
[5.519s] writing list of installed files to '/home/public/ros2ws/build/examples_rclpy_minimal_action_client/install.log'
[5.743s] Invoked command in '/home/public/ros2ws/src/examples/rclpy/actions/minimal_action_client' returned '0': DEBUGINFOD_URLS=https://debuginfod.ubuntu.com PYTHONPATH=/home/public/ros2ws/build/examples_rclpy_minimal_action_client/prefix_override:/usr/lib/python3/dist-packages/colcon_core/task/python/colcon_distutils_commands:/home/public/ros2ws/install/examples_rclpy_minimal_action_client/lib/python3.14/site-packages:${PYTHONPATH} /usr/bin/python3 -W ignore:setup.py install is deprecated -W ignore:easy_install command is deprecated setup.py egg_info --egg-base ../../../../../build/examples_rclpy_minimal_action_client build --build-base /home/public/ros2ws/build/examples_rclpy_minimal_action_client/build install --record /home/public/ros2ws/build/examples_rclpy_minimal_action_client/install.log --install-scripts $base/lib/examples_rclpy_minimal_action_client --single-version-externally-managed install_data
