[4.827s] Invoking command in '/home/public/MSE112_MPi5_Hiwonder_ROS2/ros2ws/build/opencv2_nodes': DEBUGINFOD_URLS=https://debuginfod.ubuntu.com PYTHONPATH=/home/public/MSE112_MPi5_Hiwonder_ROS2/ros2ws/build/opencv2_nodes/prefix_override:/usr/lib/python3/dist-packages/colcon_core/task/python/colcon_distutils_commands:/home/public/MSE112_MPi5_Hiwonder_ROS2/ros2ws/install/opencv2_nodes/lib/python3.14/site-packages:${PYTHONPATH} /usr/bin/python3 -W ignore:setup.py install is deprecated -W ignore:easy_install command is deprecated setup.py develop --editable --build-directory /home/public/MSE112_MPi5_Hiwonder_ROS2/ros2ws/build/opencv2_nodes/build --no-deps symlink_data
[5.491s] running develop
[6.018s] running egg_info
[6.047s] writing opencv2_nodes.egg-info/PKG-INFO
[6.048s] writing dependency_links to opencv2_nodes.egg-info/dependency_links.txt
[6.048s] writing entry points to opencv2_nodes.egg-info/entry_points.txt
[6.048s] writing requirements to opencv2_nodes.egg-info/requires.txt
[6.049s] writing top-level names to opencv2_nodes.egg-info/top_level.txt
[6.117s] reading manifest file 'opencv2_nodes.egg-info/SOURCES.txt'
[6.122s] writing manifest file 'opencv2_nodes.egg-info/SOURCES.txt'
[6.160s] running build_ext
[6.160s] Creating /home/public/MSE112_MPi5_Hiwonder_ROS2/ros2ws/install/opencv2_nodes/lib/python3.14/site-packages/opencv2-nodes.egg-link (link to .)
[6.162s] Installing bin_mask script to /home/public/MSE112_MPi5_Hiwonder_ROS2/ros2ws/install/opencv2_nodes/lib/opencv2_nodes
[6.163s] Installing edge_recog script to /home/public/MSE112_MPi5_Hiwonder_ROS2/ros2ws/install/opencv2_nodes/lib/opencv2_nodes
[6.163s] Installing image_publisher script to /home/public/MSE112_MPi5_Hiwonder_ROS2/ros2ws/install/opencv2_nodes/lib/opencv2_nodes
[6.163s] Installing line_recog script to /home/public/MSE112_MPi5_Hiwonder_ROS2/ros2ws/install/opencv2_nodes/lib/opencv2_nodes
[6.164s] 
[6.164s] Installed /home/public/MSE112_MPi5_Hiwonder_ROS2/ros2ws/build/opencv2_nodes
[6.164s] running symlink_data
[6.399s] Invoked command in '/home/public/MSE112_MPi5_Hiwonder_ROS2/ros2ws/build/opencv2_nodes' returned '0': DEBUGINFOD_URLS=https://debuginfod.ubuntu.com PYTHONPATH=/home/public/MSE112_MPi5_Hiwonder_ROS2/ros2ws/build/opencv2_nodes/prefix_override:/usr/lib/python3/dist-packages/colcon_core/task/python/colcon_distutils_commands:/home/public/MSE112_MPi5_Hiwonder_ROS2/ros2ws/install/opencv2_nodes/lib/python3.14/site-packages:${PYTHONPATH} /usr/bin/python3 -W ignore:setup.py install is deprecated -W ignore:easy_install command is deprecated setup.py develop --editable --build-directory /home/public/MSE112_MPi5_Hiwonder_ROS2/ros2ws/build/opencv2_nodes/build --no-deps symlink_data
