[7.865s] Invoking command in '/home/public/ros2ws/src/controls_core': DEBUGINFOD_URLS=https://debuginfod.ubuntu.com PYTHONPATH=/home/public/ros2ws/build/controls_core/prefix_override:/usr/lib/python3/dist-packages/colcon_core/task/python/colcon_distutils_commands:/home/public/ros2ws/install/controls_core/lib/python3.14/site-packages:${PYTHONPATH} /usr/bin/python3 -W ignore:setup.py install is deprecated -W ignore:easy_install command is deprecated setup.py egg_info --egg-base ../../build/controls_core build --build-base /home/public/ros2ws/build/controls_core/build install --record /home/public/ros2ws/build/controls_core/install.log --install-scripts $base/lib/controls_core --single-version-externally-managed install_data
[10.006s] running egg_info
[10.110s] writing ../../build/controls_core/controls_core.egg-info/PKG-INFO
[10.113s] writing dependency_links to ../../build/controls_core/controls_core.egg-info/dependency_links.txt
[10.117s] writing entry points to ../../build/controls_core/controls_core.egg-info/entry_points.txt
[10.118s] writing requirements to ../../build/controls_core/controls_core.egg-info/requires.txt
[10.121s] writing top-level names to ../../build/controls_core/controls_core.egg-info/top_level.txt
[10.401s] reading manifest file '../../build/controls_core/controls_core.egg-info/SOURCES.txt'
[10.401s] adding license file 'LICENSE'
[10.402s] writing manifest file '../../build/controls_core/controls_core.egg-info/SOURCES.txt'
[10.404s] running build
[10.404s] running build_py
[10.404s] copying controls_core/ui_testing.py -> /home/public/ros2ws/build/controls_core/build/lib/controls_core
[10.406s] copying controls_core/main_control_node.py -> /home/public/ros2ws/build/controls_core/build/lib/controls_core
[10.406s] copying controls_core/__init__.py -> /home/public/ros2ws/build/controls_core/build/lib/controls_core
[10.406s] copying controls_core/board_interface.py -> /home/public/ros2ws/build/controls_core/build/lib/controls_core
[10.407s] copying controls_core/py.typed -> /home/public/ros2ws/build/controls_core/build/lib/controls_core
[10.410s] running install
[10.426s] running install_lib
[10.558s] copying /home/public/ros2ws/build/controls_core/build/lib/controls_core/main_control_node.py -> /home/public/ros2ws/install/controls_core/lib/python3.14/site-packages/controls_core
[10.569s] byte-compiling /home/public/ros2ws/install/controls_core/lib/python3.14/site-packages/controls_core/main_control_node.py to main_control_node.cpython-314.pyc
[10.573s] running install_data
[10.575s] copying resource/controls_core -> /home/public/ros2ws/install/controls_core/share/ament_index/resource_index/packages
[10.578s] copying package.xml -> /home/public/ros2ws/install/controls_core/share/controls_core
[10.579s] running install_egg_info
[10.755s] removing '/home/public/ros2ws/install/controls_core/lib/python3.14/site-packages/controls_core-0.0.0-py3.14.egg-info' (and everything under it)
[10.755s] Copying ../../build/controls_core/controls_core.egg-info to /home/public/ros2ws/install/controls_core/lib/python3.14/site-packages/controls_core-0.0.0-py3.14.egg-info
[10.759s] running install_scripts
[11.670s] Installing main_control_node script to /home/public/ros2ws/install/controls_core/lib/controls_core
[11.674s] writing list of installed files to '/home/public/ros2ws/build/controls_core/install.log'
[12.113s] Invoked command in '/home/public/ros2ws/src/controls_core' returned '0': DEBUGINFOD_URLS=https://debuginfod.ubuntu.com PYTHONPATH=/home/public/ros2ws/build/controls_core/prefix_override:/usr/lib/python3/dist-packages/colcon_core/task/python/colcon_distutils_commands:/home/public/ros2ws/install/controls_core/lib/python3.14/site-packages:${PYTHONPATH} /usr/bin/python3 -W ignore:setup.py install is deprecated -W ignore:easy_install command is deprecated setup.py egg_info --egg-base ../../build/controls_core build --build-base /home/public/ros2ws/build/controls_core/build install --record /home/public/ros2ws/build/controls_core/install.log --install-scripts $base/lib/controls_core --single-version-externally-managed install_data
