[4.105s] Invoking command in '/home/public/MSE112_MPi5_Hiwonder_ROS2/ros2ws/src/opencv2_nodes': DEBUGINFOD_URLS=https://debuginfod.ubuntu.com PYTHONPATH=/home/public/MSE112_MPi5_Hiwonder_ROS2/ros2ws/build/opencv2_nodes/prefix_override:/usr/lib/python3/dist-packages/colcon_core/task/python/colcon_distutils_commands:/home/public/MSE112_MPi5_Hiwonder_ROS2/ros2ws/install/opencv2_nodes/lib/python3.14/site-packages:${PYTHONPATH} /usr/bin/python3 -W ignore:setup.py install is deprecated -W ignore:easy_install command is deprecated setup.py egg_info --egg-base ../../build/opencv2_nodes build --build-base /home/public/MSE112_MPi5_Hiwonder_ROS2/ros2ws/build/opencv2_nodes/build install --record /home/public/MSE112_MPi5_Hiwonder_ROS2/ros2ws/build/opencv2_nodes/install.log --install-scripts $base/lib/opencv2_nodes --single-version-externally-managed install_data
[5.478s] running egg_info
[5.589s] writing ../../build/opencv2_nodes/opencv2_nodes.egg-info/PKG-INFO
[5.593s] writing dependency_links to ../../build/opencv2_nodes/opencv2_nodes.egg-info/dependency_links.txt
[5.594s] writing entry points to ../../build/opencv2_nodes/opencv2_nodes.egg-info/entry_points.txt
[5.597s] writing requirements to ../../build/opencv2_nodes/opencv2_nodes.egg-info/requires.txt
[5.597s] writing top-level names to ../../build/opencv2_nodes/opencv2_nodes.egg-info/top_level.txt
[5.815s] reading manifest file '../../build/opencv2_nodes/opencv2_nodes.egg-info/SOURCES.txt'
[5.818s] writing manifest file '../../build/opencv2_nodes/opencv2_nodes.egg-info/SOURCES.txt'
[5.819s] running build
[5.819s] running build_py
[5.820s] copying opencv2_nodes/bin_mask.py -> /home/public/MSE112_MPi5_Hiwonder_ROS2/ros2ws/build/opencv2_nodes/build/lib/opencv2_nodes
[5.820s] copying opencv2_nodes/color_recog.py -> /home/public/MSE112_MPi5_Hiwonder_ROS2/ros2ws/build/opencv2_nodes/build/lib/opencv2_nodes
[5.820s] copying opencv2_nodes/line_recog.py -> /home/public/MSE112_MPi5_Hiwonder_ROS2/ros2ws/build/opencv2_nodes/build/lib/opencv2_nodes
[5.821s] copying opencv2_nodes/__init__.py -> /home/public/MSE112_MPi5_Hiwonder_ROS2/ros2ws/build/opencv2_nodes/build/lib/opencv2_nodes
[5.822s] copying opencv2_nodes/green_bin_mask.py -> /home/public/MSE112_MPi5_Hiwonder_ROS2/ros2ws/build/opencv2_nodes/build/lib/opencv2_nodes
[5.823s] copying opencv2_nodes/edge_recog.py -> /home/public/MSE112_MPi5_Hiwonder_ROS2/ros2ws/build/opencv2_nodes/build/lib/opencv2_nodes
[5.825s] copying opencv2_nodes/image_publisher.py -> /home/public/MSE112_MPi5_Hiwonder_ROS2/ros2ws/build/opencv2_nodes/build/lib/opencv2_nodes
[5.827s] copying opencv2_nodes/py.typed -> /home/public/MSE112_MPi5_Hiwonder_ROS2/ros2ws/build/opencv2_nodes/build/lib/opencv2_nodes
[5.827s] running install
[5.842s] running install_lib
[5.947s] copying /home/public/MSE112_MPi5_Hiwonder_ROS2/ros2ws/build/opencv2_nodes/build/lib/opencv2_nodes/line_recog.py -> /home/public/MSE112_MPi5_Hiwonder_ROS2/ros2ws/install/opencv2_nodes/lib/python3.14/site-packages/opencv2_nodes
[5.951s] byte-compiling /home/public/MSE112_MPi5_Hiwonder_ROS2/ros2ws/install/opencv2_nodes/lib/python3.14/site-packages/opencv2_nodes/line_recog.py to line_recog.cpython-314.pyc
[5.960s] running install_data
[5.961s] copying resource/opencv2_nodes -> /home/public/MSE112_MPi5_Hiwonder_ROS2/ros2ws/install/opencv2_nodes/share/ament_index/resource_index/packages
[5.964s] copying package.xml -> /home/public/MSE112_MPi5_Hiwonder_ROS2/ros2ws/install/opencv2_nodes/share/opencv2_nodes
[5.964s] running install_egg_info
[6.059s] removing '/home/public/MSE112_MPi5_Hiwonder_ROS2/ros2ws/install/opencv2_nodes/lib/python3.14/site-packages/opencv2_nodes-0.0.0-py3.14.egg-info' (and everything under it)
[6.061s] Copying ../../build/opencv2_nodes/opencv2_nodes.egg-info to /home/public/MSE112_MPi5_Hiwonder_ROS2/ros2ws/install/opencv2_nodes/lib/python3.14/site-packages/opencv2_nodes-0.0.0-py3.14.egg-info
[6.063s] running install_scripts
[6.495s] Installing bin_mask script to /home/public/MSE112_MPi5_Hiwonder_ROS2/ros2ws/install/opencv2_nodes/lib/opencv2_nodes
[6.497s] Installing edge_recog script to /home/public/MSE112_MPi5_Hiwonder_ROS2/ros2ws/install/opencv2_nodes/lib/opencv2_nodes
[6.504s] Installing image_publisher script to /home/public/MSE112_MPi5_Hiwonder_ROS2/ros2ws/install/opencv2_nodes/lib/opencv2_nodes
[6.504s] Installing line_recog script to /home/public/MSE112_MPi5_Hiwonder_ROS2/ros2ws/install/opencv2_nodes/lib/opencv2_nodes
[6.512s] writing list of installed files to '/home/public/MSE112_MPi5_Hiwonder_ROS2/ros2ws/build/opencv2_nodes/install.log'
[6.746s] Invoked command in '/home/public/MSE112_MPi5_Hiwonder_ROS2/ros2ws/src/opencv2_nodes' returned '0': DEBUGINFOD_URLS=https://debuginfod.ubuntu.com PYTHONPATH=/home/public/MSE112_MPi5_Hiwonder_ROS2/ros2ws/build/opencv2_nodes/prefix_override:/usr/lib/python3/dist-packages/colcon_core/task/python/colcon_distutils_commands:/home/public/MSE112_MPi5_Hiwonder_ROS2/ros2ws/install/opencv2_nodes/lib/python3.14/site-packages:${PYTHONPATH} /usr/bin/python3 -W ignore:setup.py install is deprecated -W ignore:easy_install command is deprecated setup.py egg_info --egg-base ../../build/opencv2_nodes build --build-base /home/public/MSE112_MPi5_Hiwonder_ROS2/ros2ws/build/opencv2_nodes/build install --record /home/public/MSE112_MPi5_Hiwonder_ROS2/ros2ws/build/opencv2_nodes/install.log --install-scripts $base/lib/opencv2_nodes --single-version-externally-managed install_data
