[16.795s] Invoking command in '/home/public/ros2ws/build/examples_rclpy_minimal_client': DEBUGINFOD_URLS=https://debuginfod.ubuntu.com PYTHONPATH=/home/public/ros2ws/build/examples_rclpy_minimal_client/prefix_override:/usr/lib/python3/dist-packages/colcon_core/task/python/colcon_distutils_commands:/home/public/ros2ws/install/examples_rclpy_minimal_client/lib/python3.14/site-packages:${PYTHONPATH} /usr/bin/python3 -W ignore:setup.py install is deprecated -W ignore:easy_install command is deprecated setup.py develop --editable --build-directory /home/public/ros2ws/build/examples_rclpy_minimal_client/build --no-deps symlink_data
[19.990s] running develop
[22.533s] running egg_info
[22.640s] writing examples_rclpy_minimal_client.egg-info/PKG-INFO
[22.641s] writing dependency_links to examples_rclpy_minimal_client.egg-info/dependency_links.txt
[22.641s] writing entry points to examples_rclpy_minimal_client.egg-info/entry_points.txt
[22.645s] writing requirements to examples_rclpy_minimal_client.egg-info/requires.txt
[22.645s] writing top-level names to examples_rclpy_minimal_client.egg-info/top_level.txt
[22.942s] reading manifest file 'examples_rclpy_minimal_client.egg-info/SOURCES.txt'
[22.962s] writing manifest file 'examples_rclpy_minimal_client.egg-info/SOURCES.txt'
[23.194s] running build_ext
[23.195s] Creating /home/public/ros2ws/install/examples_rclpy_minimal_client/lib/python3.14/site-packages/examples-rclpy-minimal-client.egg-link (link to .)
[23.212s] Installing client script to /home/public/ros2ws/install/examples_rclpy_minimal_client/lib/examples_rclpy_minimal_client
[23.212s] Installing client_async script to /home/public/ros2ws/install/examples_rclpy_minimal_client/lib/examples_rclpy_minimal_client
[23.212s] Installing client_async_callback script to /home/public/ros2ws/install/examples_rclpy_minimal_client/lib/examples_rclpy_minimal_client
[23.222s] Installing client_async_member_function script to /home/public/ros2ws/install/examples_rclpy_minimal_client/lib/examples_rclpy_minimal_client
[23.233s] 
[23.233s] Installed /home/public/ros2ws/build/examples_rclpy_minimal_client
[23.234s] running symlink_data
[27.215s] Invoked command in '/home/public/ros2ws/build/examples_rclpy_minimal_client' returned '0': DEBUGINFOD_URLS=https://debuginfod.ubuntu.com PYTHONPATH=/home/public/ros2ws/build/examples_rclpy_minimal_client/prefix_override:/usr/lib/python3/dist-packages/colcon_core/task/python/colcon_distutils_commands:/home/public/ros2ws/install/examples_rclpy_minimal_client/lib/python3.14/site-packages:${PYTHONPATH} /usr/bin/python3 -W ignore:setup.py install is deprecated -W ignore:easy_install command is deprecated setup.py develop --editable --build-directory /home/public/ros2ws/build/examples_rclpy_minimal_client/build --no-deps symlink_data
