[3.945s] Invoking command in '/home/public/ros2ws/build/examples_rclpy_executors': DEBUGINFOD_URLS=https://debuginfod.ubuntu.com PYTHONPATH=/home/public/ros2ws/build/examples_rclpy_executors/prefix_override:/usr/lib/python3/dist-packages/colcon_core/task/python/colcon_distutils_commands:/home/public/ros2ws/install/examples_rclpy_executors/lib/python3.14/site-packages:${PYTHONPATH} /usr/bin/python3 -W ignore:setup.py install is deprecated -W ignore:easy_install command is deprecated setup.py develop --editable --build-directory /home/public/ros2ws/build/examples_rclpy_executors/build --no-deps symlink_data --force
[4.904s] running develop
[5.352s] running egg_info
[5.405s] writing examples_rclpy_executors.egg-info/PKG-INFO
[5.406s] writing dependency_links to examples_rclpy_executors.egg-info/dependency_links.txt
[5.407s] writing entry points to examples_rclpy_executors.egg-info/entry_points.txt
[5.407s] writing requirements to examples_rclpy_executors.egg-info/requires.txt
[5.408s] writing top-level names to examples_rclpy_executors.egg-info/top_level.txt
[5.544s] reading manifest file 'examples_rclpy_executors.egg-info/SOURCES.txt'
[5.547s] writing manifest file 'examples_rclpy_executors.egg-info/SOURCES.txt'
[5.611s] running build_ext
[5.613s] Creating /home/public/ros2ws/install/examples_rclpy_executors/lib/python3.14/site-packages/examples-rclpy-executors.egg-link (link to .)
[5.613s] Installing callback_group script to /home/public/ros2ws/install/examples_rclpy_executors/lib/examples_rclpy_executors
[5.614s] Installing composed script to /home/public/ros2ws/install/examples_rclpy_executors/lib/examples_rclpy_executors
[5.614s] Installing custom_callback_group script to /home/public/ros2ws/install/examples_rclpy_executors/lib/examples_rclpy_executors
[5.614s] Installing custom_executor script to /home/public/ros2ws/install/examples_rclpy_executors/lib/examples_rclpy_executors
[5.615s] Installing listener script to /home/public/ros2ws/install/examples_rclpy_executors/lib/examples_rclpy_executors
[5.615s] Installing talker script to /home/public/ros2ws/install/examples_rclpy_executors/lib/examples_rclpy_executors
[5.616s] 
[5.616s] Installed /home/public/ros2ws/build/examples_rclpy_executors
[5.616s] running symlink_data
[5.617s] symbolically linking /home/public/ros2ws/build/examples_rclpy_executors/resource/examples_rclpy_executors -> /home/public/ros2ws/install/examples_rclpy_executors/share/ament_index/resource_index/packages
[5.618s] symbolically linking /home/public/ros2ws/build/examples_rclpy_executors/package.xml -> /home/public/ros2ws/install/examples_rclpy_executors/share/examples_rclpy_executors
[6.363s] Invoked command in '/home/public/ros2ws/build/examples_rclpy_executors' returned '0': DEBUGINFOD_URLS=https://debuginfod.ubuntu.com PYTHONPATH=/home/public/ros2ws/build/examples_rclpy_executors/prefix_override:/usr/lib/python3/dist-packages/colcon_core/task/python/colcon_distutils_commands:/home/public/ros2ws/install/examples_rclpy_executors/lib/python3.14/site-packages:${PYTHONPATH} /usr/bin/python3 -W ignore:setup.py install is deprecated -W ignore:easy_install command is deprecated setup.py develop --editable --build-directory /home/public/ros2ws/build/examples_rclpy_executors/build --no-deps symlink_data --force
