[0.494s] Invoking command in '/home/public/ros2ws/build/examples_rclcpp_async_client': CMAKE_PREFIX_PATH=${CMAKE_PREFIX_PATH}:/home/public/ros2ws/install/opencv2_nodes:/home/public/ros2ws/install/launch_testing_examples:/home/public/ros2ws/install/hiwonder_board:/home/public/ros2ws/install/examples_rclpy_pointcloud_publisher:/home/public/ros2ws/install/examples_rclpy_minimal_subscriber:/home/public/ros2ws/install/examples_rclpy_minimal_service:/home/public/ros2ws/install/examples_rclpy_minimal_publisher:/home/public/ros2ws/install/examples_rclpy_minimal_client:/home/public/ros2ws/install/examples_rclpy_minimal_action_server:/home/public/ros2ws/install/examples_rclpy_minimal_action_client:/home/public/ros2ws/install/examples_rclpy_guard_conditions:/home/public/ros2ws/install/examples_rclpy_executors:/home/public/ros2ws/install/controls_core:/opt/ros/lyrical DEBUGINFOD_URLS=https://debuginfod.ubuntu.com /usr/bin/cmake /home/public/ros2ws/src/examples/rclcpp/services/async_client -DAMENT_CMAKE_SYMLINK_INSTALL=1 -DCMAKE_INSTALL_PREFIX=/home/public/ros2ws/install/examples_rclcpp_async_client
[0.530s] -- Found ament_cmake: 2.8.7 (/opt/ros/lyrical/share/ament_cmake/cmake)
[1.161s] -- Override CMake install command with custom implementation using symlinks instead of copying resources
[1.181s] -- Found example_interfaces: 0.14.1 (/opt/ros/lyrical/share/example_interfaces/cmake)
[1.236s] -- Found rosidl_generator_c: 5.2.1 (/opt/ros/lyrical/share/rosidl_generator_c/cmake)
[1.244s] -- Found rosidl_generator_cpp: 5.2.1 (/opt/ros/lyrical/share/rosidl_generator_cpp/cmake)
[1.259s] -- Using all available rosidl_typesupport_c: rosidl_typesupport_fastrtps_c;rosidl_typesupport_introspection_c
[1.275s] -- Using all available rosidl_typesupport_cpp: rosidl_typesupport_fastrtps_cpp;rosidl_typesupport_introspection_cpp
[1.486s] -- Found rclcpp: 32.0.0 (/opt/ros/lyrical/share/rclcpp/cmake)
[1.549s] -- Found rmw_implementation_cmake: 7.10.1 (/opt/ros/lyrical/share/rmw_implementation_cmake/cmake)
[1.554s] -- Found rmw_fastrtps_cpp: 9.4.8 (/opt/ros/lyrical/share/rmw_fastrtps_cpp/cmake)
[1.635s] -- Using RMW implementation 'rmw_fastrtps_cpp' as default
[1.893s] -- Found ament_lint_auto: 0.20.6 (/opt/ros/lyrical/share/ament_lint_auto/cmake)
[2.408s] -- Added test 'copyright' to check source files copyright and LICENSE
[2.410s] -- Added test 'cppcheck' to perform static code analysis on C / C++ code
[2.411s] -- Configured cppcheck include dirs: 
[2.411s] -- Configured cppcheck exclude dirs and/or files: 
[2.414s] -- Added test 'cpplint' to check C / C++ code against the Google style
[2.414s] -- Configured cpplint exclude dirs and/or files: 
[2.417s] -- Added test 'lint_cmake' to check CMake code style
[2.419s] -- Added test 'uncrustify' to check C / C++ code style
[2.419s] -- Configured uncrustify additional arguments: 
[2.421s] -- Added test 'xmllint' to check XML markup files
[2.431s] -- Configuring done (1.9s)
[2.522s] -- Generating done (0.1s)
[2.569s] -- Build files have been written to: /home/public/ros2ws/build/examples_rclcpp_async_client
[2.604s] Invoked command in '/home/public/ros2ws/build/examples_rclcpp_async_client' returned '0': CMAKE_PREFIX_PATH=${CMAKE_PREFIX_PATH}:/home/public/ros2ws/install/opencv2_nodes:/home/public/ros2ws/install/launch_testing_examples:/home/public/ros2ws/install/hiwonder_board:/home/public/ros2ws/install/examples_rclpy_pointcloud_publisher:/home/public/ros2ws/install/examples_rclpy_minimal_subscriber:/home/public/ros2ws/install/examples_rclpy_minimal_service:/home/public/ros2ws/install/examples_rclpy_minimal_publisher:/home/public/ros2ws/install/examples_rclpy_minimal_client:/home/public/ros2ws/install/examples_rclpy_minimal_action_server:/home/public/ros2ws/install/examples_rclpy_minimal_action_client:/home/public/ros2ws/install/examples_rclpy_guard_conditions:/home/public/ros2ws/install/examples_rclpy_executors:/home/public/ros2ws/install/controls_core:/opt/ros/lyrical DEBUGINFOD_URLS=https://debuginfod.ubuntu.com /usr/bin/cmake /home/public/ros2ws/src/examples/rclcpp/services/async_client -DAMENT_CMAKE_SYMLINK_INSTALL=1 -DCMAKE_INSTALL_PREFIX=/home/public/ros2ws/install/examples_rclcpp_async_client
[2.605s] Invoking command in '/home/public/ros2ws/build/examples_rclcpp_async_client': CMAKE_PREFIX_PATH=${CMAKE_PREFIX_PATH}:/home/public/ros2ws/install/opencv2_nodes:/home/public/ros2ws/install/launch_testing_examples:/home/public/ros2ws/install/hiwonder_board:/home/public/ros2ws/install/examples_rclpy_pointcloud_publisher:/home/public/ros2ws/install/examples_rclpy_minimal_subscriber:/home/public/ros2ws/install/examples_rclpy_minimal_service:/home/public/ros2ws/install/examples_rclpy_minimal_publisher:/home/public/ros2ws/install/examples_rclpy_minimal_client:/home/public/ros2ws/install/examples_rclpy_minimal_action_server:/home/public/ros2ws/install/examples_rclpy_minimal_action_client:/home/public/ros2ws/install/examples_rclpy_guard_conditions:/home/public/ros2ws/install/examples_rclpy_executors:/home/public/ros2ws/install/controls_core:/opt/ros/lyrical DEBUGINFOD_URLS=https://debuginfod.ubuntu.com /usr/bin/cmake --build /home/public/ros2ws/build/examples_rclcpp_async_client -- -j4 -l4
[2.671s] -- Found ament_cmake: 2.8.7 (/opt/ros/lyrical/share/ament_cmake/cmake)
[3.445s] -- Override CMake install command with custom implementation using symlinks instead of copying resources
[3.465s] -- Found example_interfaces: 0.14.1 (/opt/ros/lyrical/share/example_interfaces/cmake)
[3.505s] -- Found rosidl_generator_c: 5.2.1 (/opt/ros/lyrical/share/rosidl_generator_c/cmake)
[3.512s] -- Found rosidl_generator_cpp: 5.2.1 (/opt/ros/lyrical/share/rosidl_generator_cpp/cmake)
[3.534s] -- Using all available rosidl_typesupport_c: rosidl_typesupport_fastrtps_c;rosidl_typesupport_introspection_c
[3.553s] -- Using all available rosidl_typesupport_cpp: rosidl_typesupport_fastrtps_cpp;rosidl_typesupport_introspection_cpp
[3.677s] -- Found rclcpp: 32.0.0 (/opt/ros/lyrical/share/rclcpp/cmake)
[3.737s] -- Found rmw_implementation_cmake: 7.10.1 (/opt/ros/lyrical/share/rmw_implementation_cmake/cmake)
[3.740s] -- Found rmw_fastrtps_cpp: 9.4.8 (/opt/ros/lyrical/share/rmw_fastrtps_cpp/cmake)
[3.786s] -- Using RMW implementation 'rmw_fastrtps_cpp' as default
[3.890s] -- Found ament_lint_auto: 0.20.6 (/opt/ros/lyrical/share/ament_lint_auto/cmake)
[4.227s] -- Added test 'copyright' to check source files copyright and LICENSE
[4.229s] -- Added test 'cppcheck' to perform static code analysis on C / C++ code
[4.230s] -- Configured cppcheck include dirs: 
[4.232s] -- Configured cppcheck exclude dirs and/or files: 
[4.232s] -- Added test 'cpplint' to check C / C++ code against the Google style
[4.232s] -- Configured cpplint exclude dirs and/or files: 
[4.236s] -- Added test 'lint_cmake' to check CMake code style
[4.238s] -- Added test 'uncrustify' to check C / C++ code style
[4.239s] -- Configured uncrustify additional arguments: 
[4.241s] -- Added test 'xmllint' to check XML markup files
[4.244s] -- Configuring done (1.6s)
[4.278s] -- Generating done (0.0s)
[4.332s] -- Build files have been written to: /home/public/ros2ws/build/examples_rclcpp_async_client
[4.384s] gmake[2]: Warning: File 'CMakeFiles/client_main.dir/build.make' has modification time 7874505 s in the future
[4.416s] gmake[2]: warning:  Clock skew detected.  Your build may be incomplete.
[4.423s] gmake[2]: Warning: File 'CMakeFiles/client_main.dir/build.make' has modification time 7874505 s in the future
[4.506s] gmake[2]: warning:  Clock skew detected.  Your build may be incomplete.
[4.523s] [100%] Built target client_main
[4.571s] Invoked command in '/home/public/ros2ws/build/examples_rclcpp_async_client' returned '0': CMAKE_PREFIX_PATH=${CMAKE_PREFIX_PATH}:/home/public/ros2ws/install/opencv2_nodes:/home/public/ros2ws/install/launch_testing_examples:/home/public/ros2ws/install/hiwonder_board:/home/public/ros2ws/install/examples_rclpy_pointcloud_publisher:/home/public/ros2ws/install/examples_rclpy_minimal_subscriber:/home/public/ros2ws/install/examples_rclpy_minimal_service:/home/public/ros2ws/install/examples_rclpy_minimal_publisher:/home/public/ros2ws/install/examples_rclpy_minimal_client:/home/public/ros2ws/install/examples_rclpy_minimal_action_server:/home/public/ros2ws/install/examples_rclpy_minimal_action_client:/home/public/ros2ws/install/examples_rclpy_guard_conditions:/home/public/ros2ws/install/examples_rclpy_executors:/home/public/ros2ws/install/controls_core:/opt/ros/lyrical DEBUGINFOD_URLS=https://debuginfod.ubuntu.com /usr/bin/cmake --build /home/public/ros2ws/build/examples_rclcpp_async_client -- -j4 -l4
[4.604s] Invoking command in '/home/public/ros2ws/build/examples_rclcpp_async_client': CMAKE_PREFIX_PATH=${CMAKE_PREFIX_PATH}:/home/public/ros2ws/install/opencv2_nodes:/home/public/ros2ws/install/launch_testing_examples:/home/public/ros2ws/install/hiwonder_board:/home/public/ros2ws/install/examples_rclpy_pointcloud_publisher:/home/public/ros2ws/install/examples_rclpy_minimal_subscriber:/home/public/ros2ws/install/examples_rclpy_minimal_service:/home/public/ros2ws/install/examples_rclpy_minimal_publisher:/home/public/ros2ws/install/examples_rclpy_minimal_client:/home/public/ros2ws/install/examples_rclpy_minimal_action_server:/home/public/ros2ws/install/examples_rclpy_minimal_action_client:/home/public/ros2ws/install/examples_rclpy_guard_conditions:/home/public/ros2ws/install/examples_rclpy_executors:/home/public/ros2ws/install/controls_core:/opt/ros/lyrical DEBUGINFOD_URLS=https://debuginfod.ubuntu.com /usr/bin/cmake --install /home/public/ros2ws/build/examples_rclcpp_async_client
[4.629s] -- Install configuration: ""
[4.630s] -- Execute custom install script
[4.631s] -- Symlinking: /home/public/ros2ws/install/examples_rclcpp_async_client/lib/examples_rclcpp_async_client/client_main
[4.672s] -- Symlinking: /home/public/ros2ws/install/examples_rclcpp_async_client/share/ament_index/resource_index/package_run_dependencies/examples_rclcpp_async_client
[4.699s] -- Symlinking: /home/public/ros2ws/install/examples_rclcpp_async_client/share/ament_index/resource_index/parent_prefix_path/examples_rclcpp_async_client
[4.723s] -- Symlinking: /home/public/ros2ws/install/examples_rclcpp_async_client/share/examples_rclcpp_async_client/environment/ament_prefix_path.sh
[4.777s] -- Symlinking: /home/public/ros2ws/install/examples_rclcpp_async_client/share/examples_rclcpp_async_client/environment/ament_prefix_path.dsv
[4.798s] -- Symlinking: /home/public/ros2ws/install/examples_rclcpp_async_client/share/examples_rclcpp_async_client/environment/path.sh
[4.821s] -- Symlinking: /home/public/ros2ws/install/examples_rclcpp_async_client/share/examples_rclcpp_async_client/environment/path.dsv
[4.848s] -- Symlinking: /home/public/ros2ws/install/examples_rclcpp_async_client/share/examples_rclcpp_async_client/local_setup.bash
[4.869s] -- Symlinking: /home/public/ros2ws/install/examples_rclcpp_async_client/share/examples_rclcpp_async_client/local_setup.fish
[4.888s] -- Symlinking: /home/public/ros2ws/install/examples_rclcpp_async_client/share/examples_rclcpp_async_client/local_setup.sh
[4.911s] -- Symlinking: /home/public/ros2ws/install/examples_rclcpp_async_client/share/examples_rclcpp_async_client/local_setup.zsh
[4.932s] -- Symlinking: /home/public/ros2ws/install/examples_rclcpp_async_client/share/examples_rclcpp_async_client/local_setup.dsv
[4.956s] -- Symlinking: /home/public/ros2ws/install/examples_rclcpp_async_client/share/examples_rclcpp_async_client/package.dsv
[4.986s] -- Symlinking: /home/public/ros2ws/install/examples_rclcpp_async_client/share/ament_index/resource_index/packages/examples_rclcpp_async_client
[5.015s] -- Symlinking: /home/public/ros2ws/install/examples_rclcpp_async_client/share/examples_rclcpp_async_client/cmake/examples_rclcpp_async_clientConfig.cmake
[5.035s] -- Symlinking: /home/public/ros2ws/install/examples_rclcpp_async_client/share/examples_rclcpp_async_client/cmake/examples_rclcpp_async_clientConfig-version.cmake
[5.054s] -- Symlinking: /home/public/ros2ws/install/examples_rclcpp_async_client/share/examples_rclcpp_async_client/package.xml
[5.085s] Invoked command in '/home/public/ros2ws/build/examples_rclcpp_async_client' returned '0': CMAKE_PREFIX_PATH=${CMAKE_PREFIX_PATH}:/home/public/ros2ws/install/opencv2_nodes:/home/public/ros2ws/install/launch_testing_examples:/home/public/ros2ws/install/hiwonder_board:/home/public/ros2ws/install/examples_rclpy_pointcloud_publisher:/home/public/ros2ws/install/examples_rclpy_minimal_subscriber:/home/public/ros2ws/install/examples_rclpy_minimal_service:/home/public/ros2ws/install/examples_rclpy_minimal_publisher:/home/public/ros2ws/install/examples_rclpy_minimal_client:/home/public/ros2ws/install/examples_rclpy_minimal_action_server:/home/public/ros2ws/install/examples_rclpy_minimal_action_client:/home/public/ros2ws/install/examples_rclpy_guard_conditions:/home/public/ros2ws/install/examples_rclpy_executors:/home/public/ros2ws/install/controls_core:/opt/ros/lyrical DEBUGINFOD_URLS=https://debuginfod.ubuntu.com /usr/bin/cmake --install /home/public/ros2ws/build/examples_rclcpp_async_client
