[6.290s] Invoking command in '/home/public/ros2ws/src/controls_core': DEBUGINFOD_URLS=https://debuginfod.ubuntu.com PYTHONPATH=/home/public/ros2ws/build/controls_core/prefix_override:/usr/lib/python3/dist-packages/colcon_core/task/python/colcon_distutils_commands:/home/public/ros2ws/install/controls_core/lib/python3.14/site-packages:${PYTHONPATH} /usr/bin/python3 -W ignore:setup.py install is deprecated -W ignore:easy_install command is deprecated setup.py egg_info --egg-base ../../build/controls_core build --build-base /home/public/ros2ws/build/controls_core/build install --record /home/public/ros2ws/build/controls_core/install.log --install-scripts $base/lib/controls_core --single-version-externally-managed install_data
[7.907s] running egg_info
[7.990s] writing ../../build/controls_core/controls_core.egg-info/PKG-INFO
[7.999s] writing dependency_links to ../../build/controls_core/controls_core.egg-info/dependency_links.txt
[7.999s] writing entry points to ../../build/controls_core/controls_core.egg-info/entry_points.txt
[7.999s] writing requirements to ../../build/controls_core/controls_core.egg-info/requires.txt
[8.000s] writing top-level names to ../../build/controls_core/controls_core.egg-info/top_level.txt
[8.323s] reading manifest file '../../build/controls_core/controls_core.egg-info/SOURCES.txt'
[8.327s] adding license file 'LICENSE'
[8.334s] writing manifest file '../../build/controls_core/controls_core.egg-info/SOURCES.txt'
[8.345s] running build
[8.348s] running build_py
[8.348s] copying controls_core/ui_testing.py -> /home/public/ros2ws/build/controls_core/build/lib/controls_core
[8.358s] copying controls_core/main_control_node.py -> /home/public/ros2ws/build/controls_core/build/lib/controls_core
[8.359s] copying controls_core/__init__.py -> /home/public/ros2ws/build/controls_core/build/lib/controls_core
[8.359s] copying controls_core/board_interface.py -> /home/public/ros2ws/build/controls_core/build/lib/controls_core
[8.364s] copying controls_core/py.typed -> /home/public/ros2ws/build/controls_core/build/lib/controls_core
[8.364s] running install
[8.365s] running install_lib
[8.498s] copying /home/public/ros2ws/build/controls_core/build/lib/controls_core/main_control_node.py -> /home/public/ros2ws/install/controls_core/lib/python3.14/site-packages/controls_core
[8.499s] byte-compiling /home/public/ros2ws/install/controls_core/lib/python3.14/site-packages/controls_core/main_control_node.py to main_control_node.cpython-314.pyc
[8.501s] running install_data
[8.504s] copying resource/controls_core -> /home/public/ros2ws/install/controls_core/share/ament_index/resource_index/packages
[8.509s] copying package.xml -> /home/public/ros2ws/install/controls_core/share/controls_core
[8.514s] running install_egg_info
[8.639s] removing '/home/public/ros2ws/install/controls_core/lib/python3.14/site-packages/controls_core-0.0.0-py3.14.egg-info' (and everything under it)
[8.642s] Copying ../../build/controls_core/controls_core.egg-info to /home/public/ros2ws/install/controls_core/lib/python3.14/site-packages/controls_core-0.0.0-py3.14.egg-info
[8.643s] running install_scripts
[9.327s] Installing main_control_node script to /home/public/ros2ws/install/controls_core/lib/controls_core
[9.329s] writing list of installed files to '/home/public/ros2ws/build/controls_core/install.log'
[9.642s] Invoked command in '/home/public/ros2ws/src/controls_core' returned '0': DEBUGINFOD_URLS=https://debuginfod.ubuntu.com PYTHONPATH=/home/public/ros2ws/build/controls_core/prefix_override:/usr/lib/python3/dist-packages/colcon_core/task/python/colcon_distutils_commands:/home/public/ros2ws/install/controls_core/lib/python3.14/site-packages:${PYTHONPATH} /usr/bin/python3 -W ignore:setup.py install is deprecated -W ignore:easy_install command is deprecated setup.py egg_info --egg-base ../../build/controls_core build --build-base /home/public/ros2ws/build/controls_core/build install --record /home/public/ros2ws/build/controls_core/install.log --install-scripts $base/lib/controls_core --single-version-externally-managed install_data
