gmake[2]: Warning: File 'CMakeFiles/talker.dir/build.make' has modification time 7874659 s in the future
gmake[2]: warning:  Clock skew detected.  Your build may be incomplete.
gmake[2]: Warning: File 'CMakeFiles/talker.dir/build.make' has modification time 7874659 s in the future
gmake[2]: warning:  Clock skew detected.  Your build may be incomplete.
gmake[2]: Warning: File 'CMakeFiles/wait_set.dir/build.make' has modification time 7874659 s in the future
gmake[2]: Warning: File 'CMakeFiles/static_wait_set.dir/build.make' has modification time 7874659 s in the future
gmake[2]: warning:  Clock skew detected.  Your build may be incomplete.
gmake[2]: Warning: File 'CMakeFiles/static_wait_set.dir/build.make' has modification time 7874659 s in the future
gmake[2]: warning:  Clock skew detected.  Your build may be incomplete.
gmake[2]: warning:  Clock skew detected.  Your build may be incomplete.
gmake[2]: Warning: File 'CMakeFiles/wait_set.dir/build.make' has modification time 7874659 s in the future
gmake[2]: warning:  Clock skew detected.  Your build may be incomplete.
gmake[2]: Warning: File 'CMakeFiles/wait_set_topics_and_timer.dir/build.make' has modification time 7874659 s in the future
gmake[2]: Warning: File 'CMakeFiles/thread_safe_wait_set.dir/build.make' has modification time 7874659 s in the future
gmake[2]: Warning: File 'CMakeFiles/listener.dir/build.make' has modification time 7874659 s in the future
gmake[2]: warning:  Clock skew detected.  Your build may be incomplete.
gmake[2]: Warning: File 'CMakeFiles/wait_set_topics_and_timer.dir/build.make' has modification time 7874659 s in the future
gmake[2]: warning:  Clock skew detected.  Your build may be incomplete.
gmake[2]: warning:  Clock skew detected.  Your build may be incomplete.
gmake[2]: warning:  Clock skew detected.  Your build may be incomplete.
gmake[2]: Warning: File 'CMakeFiles/listener.dir/build.make' has modification time 7874659 s in the future
gmake[2]: warning:  Clock skew detected.  Your build may be incomplete.
gmake[2]: Warning: File 'CMakeFiles/thread_safe_wait_set.dir/build.make' has modification time 7874659 s in the future
gmake[2]: warning:  Clock skew detected.  Your build may be incomplete.
gmake[2]: Warning: File 'CMakeFiles/executor_random_order.dir/build.make' has modification time 7874659 s in the future
gmake[2]: Warning: File 'CMakeFiles/wait_set_random_order.dir/build.make' has modification time 7874659 s in the future
gmake[2]: warning:  Clock skew detected.  Your build may be incomplete.
gmake[2]: Warning: File 'CMakeFiles/wait_set_composed.dir/build.make' has modification time 7874659 s in the future
gmake[2]: Warning: File 'CMakeFiles/wait_set_topics_with_different_rates.dir/build.make' has modification time 7874659 s in the future
gmake[2]: warning:  Clock skew detected.  Your build may be incomplete.
gmake[2]: Warning: File 'CMakeFiles/executor_random_order.dir/build.make' has modification time 7874659 s in the future
gmake[2]: Warning: File 'CMakeFiles/wait_set_random_order.dir/build.make' has modification time 7874659 s in the future
gmake[2]: warning:  Clock skew detected.  Your build may be incomplete.
gmake[2]: warning:  Clock skew detected.  Your build may be incomplete.
gmake[2]: warning:  Clock skew detected.  Your build may be incomplete.
gmake[2]: warning:  Clock skew detected.  Your build may be incomplete.
gmake[2]: Warning: File 'CMakeFiles/wait_set_topics_with_different_rates.dir/build.make' has modification time 7874659 s in the future
gmake[2]: warning:  Clock skew detected.  Your build may be incomplete.
gmake[2]: Warning: File 'CMakeFiles/wait_set_composed.dir/build.make' has modification time 7874659 s in the future
gmake[2]: warning:  Clock skew detected.  Your build may be incomplete.
gmake[2]: Warning: File 'CMakeFiles/wait_set_talker.dir/build.make' has modification time 7874659 s in the future
gmake[2]: Warning: File 'CMakeFiles/wait_set_listener.dir/build.make' has modification time 7874659 s in the future
gmake[2]: warning:  Clock skew detected.  Your build may be incomplete.
gmake[2]: Warning: File 'CMakeFiles/wait_set_talker.dir/build.make' has modification time 7874659 s in the future
gmake[2]: warning:  Clock skew detected.  Your build may be incomplete.
gmake[2]: warning:  Clock skew detected.  Your build may be incomplete.
gmake[2]: Warning: File 'CMakeFiles/wait_set_listener.dir/build.make' has modification time 7874659 s in the future
gmake[2]: warning:  Clock skew detected.  Your build may be incomplete.
