-- Found ament_cmake: 2.8.7 (/opt/ros/lyrical/share/ament_cmake/cmake)
-- Override CMake install command with custom implementation using symlinks instead of copying resources
-- Found example_interfaces: 0.14.1 (/opt/ros/lyrical/share/example_interfaces/cmake)
-- Found rosidl_generator_c: 5.2.1 (/opt/ros/lyrical/share/rosidl_generator_c/cmake)
-- Found rosidl_generator_cpp: 5.2.1 (/opt/ros/lyrical/share/rosidl_generator_cpp/cmake)
-- Using all available rosidl_typesupport_c: rosidl_typesupport_fastrtps_c;rosidl_typesupport_introspection_c
-- Using all available rosidl_typesupport_cpp: rosidl_typesupport_fastrtps_cpp;rosidl_typesupport_introspection_cpp
-- Found rclcpp: 32.0.0 (/opt/ros/lyrical/share/rclcpp/cmake)
-- Found rmw_implementation_cmake: 7.10.1 (/opt/ros/lyrical/share/rmw_implementation_cmake/cmake)
-- Found rmw_fastrtps_cpp: 9.4.8 (/opt/ros/lyrical/share/rmw_fastrtps_cpp/cmake)
-- Using RMW implementation 'rmw_fastrtps_cpp' as default
-- Found rclcpp_components: 32.0.0 (/opt/ros/lyrical/share/rclcpp_components/cmake)
-- Found std_msgs: 5.9.2 (/opt/ros/lyrical/share/std_msgs/cmake)
-- Found ament_lint_auto: 0.20.6 (/opt/ros/lyrical/share/ament_lint_auto/cmake)
-- Added test 'copyright' to check source files copyright and LICENSE
-- Added test 'cppcheck' to perform static code analysis on C / C++ code
-- Configured cppcheck include dirs: /home/public/ros2ws/src/examples/rclcpp/wait_set/include
-- Configured cppcheck exclude dirs and/or files: 
-- Added test 'cpplint' to check C / C++ code against the Google style
-- Configured cpplint exclude dirs and/or files: 
-- Added test 'lint_cmake' to check CMake code style
-- Added test 'uncrustify' to check C / C++ code style
-- Configured uncrustify additional arguments: 
-- Added test 'xmllint' to check XML markup files
-- Configuring done (3.9s)
-- Generating done (0.4s)
-- Build files have been written to: /home/public/ros2ws/build/examples_rclcpp_wait_set
-- Found ament_cmake: 2.8.7 (/opt/ros/lyrical/share/ament_cmake/cmake)
-- Override CMake install command with custom implementation using symlinks instead of copying resources
-- Found example_interfaces: 0.14.1 (/opt/ros/lyrical/share/example_interfaces/cmake)
-- Found rosidl_generator_c: 5.2.1 (/opt/ros/lyrical/share/rosidl_generator_c/cmake)
-- Found rosidl_generator_cpp: 5.2.1 (/opt/ros/lyrical/share/rosidl_generator_cpp/cmake)
-- Using all available rosidl_typesupport_c: rosidl_typesupport_fastrtps_c;rosidl_typesupport_introspection_c
-- Using all available rosidl_typesupport_cpp: rosidl_typesupport_fastrtps_cpp;rosidl_typesupport_introspection_cpp
-- Found rclcpp: 32.0.0 (/opt/ros/lyrical/share/rclcpp/cmake)
-- Found rmw_implementation_cmake: 7.10.1 (/opt/ros/lyrical/share/rmw_implementation_cmake/cmake)
-- Found rmw_fastrtps_cpp: 9.4.8 (/opt/ros/lyrical/share/rmw_fastrtps_cpp/cmake)
-- Using RMW implementation 'rmw_fastrtps_cpp' as default
-- Found rclcpp_components: 32.0.0 (/opt/ros/lyrical/share/rclcpp_components/cmake)
-- Found std_msgs: 5.9.2 (/opt/ros/lyrical/share/std_msgs/cmake)
-- Found ament_lint_auto: 0.20.6 (/opt/ros/lyrical/share/ament_lint_auto/cmake)
-- Added test 'copyright' to check source files copyright and LICENSE
-- Added test 'cppcheck' to perform static code analysis on C / C++ code
-- Configured cppcheck include dirs: /home/public/ros2ws/src/examples/rclcpp/wait_set/include
-- Configured cppcheck exclude dirs and/or files: 
-- Added test 'cpplint' to check C / C++ code against the Google style
-- Configured cpplint exclude dirs and/or files: 
-- Added test 'lint_cmake' to check CMake code style
-- Added test 'uncrustify' to check C / C++ code style
-- Configured uncrustify additional arguments: 
-- Added test 'xmllint' to check XML markup files
-- Configuring done (1.7s)
-- Generating done (0.2s)
-- Build files have been written to: /home/public/ros2ws/build/examples_rclcpp_wait_set
gmake[2]: Warning: File 'CMakeFiles/talker.dir/build.make' has modification time 7874659 s in the future
gmake[2]: warning:  Clock skew detected.  Your build may be incomplete.
gmake[2]: Warning: File 'CMakeFiles/talker.dir/build.make' has modification time 7874659 s in the future
gmake[2]: warning:  Clock skew detected.  Your build may be incomplete.
[  8%] Built target talker
gmake[2]: Warning: File 'CMakeFiles/wait_set.dir/build.make' has modification time 7874659 s in the future
gmake[2]: Warning: File 'CMakeFiles/static_wait_set.dir/build.make' has modification time 7874659 s in the future
gmake[2]: warning:  Clock skew detected.  Your build may be incomplete.
gmake[2]: Warning: File 'CMakeFiles/static_wait_set.dir/build.make' has modification time 7874659 s in the future
gmake[2]: warning:  Clock skew detected.  Your build may be incomplete.
gmake[2]: warning:  Clock skew detected.  Your build may be incomplete.
gmake[2]: Warning: File 'CMakeFiles/wait_set.dir/build.make' has modification time 7874659 s in the future
gmake[2]: warning:  Clock skew detected.  Your build may be incomplete.
[ 16%] Built target static_wait_set
[ 25%] Built target wait_set
gmake[2]: Warning: File 'CMakeFiles/wait_set_topics_and_timer.dir/build.make' has modification time 7874659 s in the future
gmake[2]: Warning: File 'CMakeFiles/thread_safe_wait_set.dir/build.make' has modification time 7874659 s in the future
gmake[2]: Warning: File 'CMakeFiles/listener.dir/build.make' has modification time 7874659 s in the future
gmake[2]: warning:  Clock skew detected.  Your build may be incomplete.
gmake[2]: Warning: File 'CMakeFiles/wait_set_topics_and_timer.dir/build.make' has modification time 7874659 s in the future
gmake[2]: warning:  Clock skew detected.  Your build may be incomplete.
gmake[2]: warning:  Clock skew detected.  Your build may be incomplete.
gmake[2]: warning:  Clock skew detected.  Your build may be incomplete.
gmake[2]: Warning: File 'CMakeFiles/listener.dir/build.make' has modification time 7874659 s in the future
gmake[2]: warning:  Clock skew detected.  Your build may be incomplete.
gmake[2]: Warning: File 'CMakeFiles/thread_safe_wait_set.dir/build.make' has modification time 7874659 s in the future
gmake[2]: warning:  Clock skew detected.  Your build may be incomplete.
[ 33%] Built target wait_set_topics_and_timer
[ 41%] Built target listener
[ 50%] Built target thread_safe_wait_set
gmake[2]: Warning: File 'CMakeFiles/executor_random_order.dir/build.make' has modification time 7874659 s in the future
gmake[2]: Warning: File 'CMakeFiles/wait_set_random_order.dir/build.make' has modification time 7874659 s in the future
gmake[2]: warning:  Clock skew detected.  Your build may be incomplete.
gmake[2]: Warning: File 'CMakeFiles/wait_set_composed.dir/build.make' has modification time 7874659 s in the future
gmake[2]: Warning: File 'CMakeFiles/wait_set_topics_with_different_rates.dir/build.make' has modification time 7874659 s in the future
gmake[2]: warning:  Clock skew detected.  Your build may be incomplete.
gmake[2]: Warning: File 'CMakeFiles/executor_random_order.dir/build.make' has modification time 7874659 s in the future
gmake[2]: Warning: File 'CMakeFiles/wait_set_random_order.dir/build.make' has modification time 7874659 s in the future
gmake[2]: warning:  Clock skew detected.  Your build may be incomplete.
gmake[2]: warning:  Clock skew detected.  Your build may be incomplete.
[ 66%] Built target executor_random_order
[ 66%] Built target wait_set_random_order
gmake[2]: warning:  Clock skew detected.  Your build may be incomplete.
gmake[2]: warning:  Clock skew detected.  Your build may be incomplete.
gmake[2]: Warning: File 'CMakeFiles/wait_set_topics_with_different_rates.dir/build.make' has modification time 7874659 s in the future
gmake[2]: warning:  Clock skew detected.  Your build may be incomplete.
gmake[2]: Warning: File 'CMakeFiles/wait_set_composed.dir/build.make' has modification time 7874659 s in the future
gmake[2]: warning:  Clock skew detected.  Your build may be incomplete.
[ 75%] Built target wait_set_topics_with_different_rates
[ 83%] Built target wait_set_composed
gmake[2]: Warning: File 'CMakeFiles/wait_set_talker.dir/build.make' has modification time 7874659 s in the future
gmake[2]: Warning: File 'CMakeFiles/wait_set_listener.dir/build.make' has modification time 7874659 s in the future
gmake[2]: warning:  Clock skew detected.  Your build may be incomplete.
gmake[2]: Warning: File 'CMakeFiles/wait_set_talker.dir/build.make' has modification time 7874659 s in the future
gmake[2]: warning:  Clock skew detected.  Your build may be incomplete.
gmake[2]: warning:  Clock skew detected.  Your build may be incomplete.
gmake[2]: Warning: File 'CMakeFiles/wait_set_listener.dir/build.make' has modification time 7874659 s in the future
gmake[2]: warning:  Clock skew detected.  Your build may be incomplete.
[ 91%] Built target wait_set_talker
[100%] Built target wait_set_listener
-- Install configuration: ""
-- Execute custom install script
-- Symlinking: /home/public/ros2ws/install/examples_rclcpp_wait_set/lib/examples_rclcpp_wait_set/wait_set_talker
-- Symlinking: /home/public/ros2ws/install/examples_rclcpp_wait_set/lib/examples_rclcpp_wait_set/wait_set_listener
-- Symlinking: /home/public/ros2ws/install/examples_rclcpp_wait_set/lib/libtalker.so
-- Symlinking: /home/public/ros2ws/install/examples_rclcpp_wait_set/lib/liblistener.so
-- Symlinking: /home/public/ros2ws/install/examples_rclcpp_wait_set/lib/examples_rclcpp_wait_set/wait_set
-- Symlinking: /home/public/ros2ws/install/examples_rclcpp_wait_set/lib/examples_rclcpp_wait_set/static_wait_set
-- Symlinking: /home/public/ros2ws/install/examples_rclcpp_wait_set/lib/examples_rclcpp_wait_set/thread_safe_wait_set
-- Symlinking: /home/public/ros2ws/install/examples_rclcpp_wait_set/lib/examples_rclcpp_wait_set/wait_set_topics_and_timer
-- Symlinking: /home/public/ros2ws/install/examples_rclcpp_wait_set/lib/examples_rclcpp_wait_set/wait_set_random_order
-- Symlinking: /home/public/ros2ws/install/examples_rclcpp_wait_set/lib/examples_rclcpp_wait_set/executor_random_order
-- Symlinking: /home/public/ros2ws/install/examples_rclcpp_wait_set/lib/examples_rclcpp_wait_set/wait_set_topics_with_different_rates
-- Symlinking: /home/public/ros2ws/install/examples_rclcpp_wait_set/lib/examples_rclcpp_wait_set/wait_set_composed
-- Symlinking: /home/public/ros2ws/install/examples_rclcpp_wait_set/share/ament_index/resource_index/package_run_dependencies/examples_rclcpp_wait_set
-- Symlinking: /home/public/ros2ws/install/examples_rclcpp_wait_set/share/ament_index/resource_index/parent_prefix_path/examples_rclcpp_wait_set
-- Symlinking: /home/public/ros2ws/install/examples_rclcpp_wait_set/share/examples_rclcpp_wait_set/environment/ament_prefix_path.sh
-- Symlinking: /home/public/ros2ws/install/examples_rclcpp_wait_set/share/examples_rclcpp_wait_set/environment/ament_prefix_path.dsv
-- Symlinking: /home/public/ros2ws/install/examples_rclcpp_wait_set/share/examples_rclcpp_wait_set/environment/path.sh
-- Symlinking: /home/public/ros2ws/install/examples_rclcpp_wait_set/share/examples_rclcpp_wait_set/environment/path.dsv
-- Symlinking: /home/public/ros2ws/install/examples_rclcpp_wait_set/share/examples_rclcpp_wait_set/local_setup.bash
-- Symlinking: /home/public/ros2ws/install/examples_rclcpp_wait_set/share/examples_rclcpp_wait_set/local_setup.fish
-- Symlinking: /home/public/ros2ws/install/examples_rclcpp_wait_set/share/examples_rclcpp_wait_set/local_setup.sh
-- Symlinking: /home/public/ros2ws/install/examples_rclcpp_wait_set/share/examples_rclcpp_wait_set/local_setup.zsh
-- Symlinking: /home/public/ros2ws/install/examples_rclcpp_wait_set/share/examples_rclcpp_wait_set/local_setup.dsv
-- Symlinking: /home/public/ros2ws/install/examples_rclcpp_wait_set/share/examples_rclcpp_wait_set/package.dsv
-- Symlinking: /home/public/ros2ws/install/examples_rclcpp_wait_set/share/ament_index/resource_index/packages/examples_rclcpp_wait_set
-- Symlinking: /home/public/ros2ws/install/examples_rclcpp_wait_set/share/ament_index/resource_index/rclcpp_components/examples_rclcpp_wait_set
-- Symlinking: /home/public/ros2ws/install/examples_rclcpp_wait_set/share/examples_rclcpp_wait_set/cmake/examples_rclcpp_wait_setConfig.cmake
-- Symlinking: /home/public/ros2ws/install/examples_rclcpp_wait_set/share/examples_rclcpp_wait_set/cmake/examples_rclcpp_wait_setConfig-version.cmake
-- Symlinking: /home/public/ros2ws/install/examples_rclcpp_wait_set/share/examples_rclcpp_wait_set/package.xml
