[2.183s] Invoking command in '/home/public/MSE112_MPi5_Hiwonder_ROS2/ros2ws/src/controls_core': DEBUGINFOD_URLS=https://debuginfod.ubuntu.com PYTHONPATH=/home/public/MSE112_MPi5_Hiwonder_ROS2/ros2ws/build/controls_core/prefix_override:/usr/lib/python3/dist-packages/colcon_core/task/python/colcon_distutils_commands:/home/public/MSE112_MPi5_Hiwonder_ROS2/ros2ws/install/controls_core/lib/python3.14/site-packages:${PYTHONPATH} /usr/bin/python3 -W ignore:setup.py install is deprecated -W ignore:easy_install command is deprecated setup.py egg_info --egg-base ../../build/controls_core build --build-base /home/public/MSE112_MPi5_Hiwonder_ROS2/ros2ws/build/controls_core/build install --record /home/public/MSE112_MPi5_Hiwonder_ROS2/ros2ws/build/controls_core/install.log --install-scripts $base/lib/controls_core --single-version-externally-managed install_data
[2.788s] running egg_info
[2.846s] creating ../../build/controls_core/controls_core.egg-info
[2.846s] writing ../../build/controls_core/controls_core.egg-info/PKG-INFO
[2.851s] writing dependency_links to ../../build/controls_core/controls_core.egg-info/dependency_links.txt
[2.852s] writing entry points to ../../build/controls_core/controls_core.egg-info/entry_points.txt
[2.856s] writing requirements to ../../build/controls_core/controls_core.egg-info/requires.txt
[2.856s] writing top-level names to ../../build/controls_core/controls_core.egg-info/top_level.txt
[2.856s] writing manifest file '../../build/controls_core/controls_core.egg-info/SOURCES.txt'
[2.977s] reading manifest file '../../build/controls_core/controls_core.egg-info/SOURCES.txt'
[2.978s] adding license file 'LICENSE'
[2.980s] writing manifest file '../../build/controls_core/controls_core.egg-info/SOURCES.txt'
[2.980s] running build
[2.981s] running build_py
[2.981s] creating /home/public/MSE112_MPi5_Hiwonder_ROS2/ros2ws/build/controls_core/build/lib/controls_core
[2.981s] copying controls_core/ui_testing.py -> /home/public/MSE112_MPi5_Hiwonder_ROS2/ros2ws/build/controls_core/build/lib/controls_core
[2.984s] copying controls_core/main_control_node.py -> /home/public/MSE112_MPi5_Hiwonder_ROS2/ros2ws/build/controls_core/build/lib/controls_core
[2.985s] copying controls_core/__init__.py -> /home/public/MSE112_MPi5_Hiwonder_ROS2/ros2ws/build/controls_core/build/lib/controls_core
[2.985s] copying controls_core/cv_interface.py -> /home/public/MSE112_MPi5_Hiwonder_ROS2/ros2ws/build/controls_core/build/lib/controls_core
[2.985s] copying controls_core/board_interface.py -> /home/public/MSE112_MPi5_Hiwonder_ROS2/ros2ws/build/controls_core/build/lib/controls_core
[2.987s] copying controls_core/py.typed -> /home/public/MSE112_MPi5_Hiwonder_ROS2/ros2ws/build/controls_core/build/lib/controls_core
[2.987s] running install
[3.000s] running install_lib
[3.041s] creating /home/public/MSE112_MPi5_Hiwonder_ROS2/ros2ws/install/controls_core/lib/python3.14/site-packages/controls_core
[3.046s] copying /home/public/MSE112_MPi5_Hiwonder_ROS2/ros2ws/build/controls_core/build/lib/controls_core/ui_testing.py -> /home/public/MSE112_MPi5_Hiwonder_ROS2/ros2ws/install/controls_core/lib/python3.14/site-packages/controls_core
[3.046s] copying /home/public/MSE112_MPi5_Hiwonder_ROS2/ros2ws/build/controls_core/build/lib/controls_core/main_control_node.py -> /home/public/MSE112_MPi5_Hiwonder_ROS2/ros2ws/install/controls_core/lib/python3.14/site-packages/controls_core
[3.046s] copying /home/public/MSE112_MPi5_Hiwonder_ROS2/ros2ws/build/controls_core/build/lib/controls_core/__init__.py -> /home/public/MSE112_MPi5_Hiwonder_ROS2/ros2ws/install/controls_core/lib/python3.14/site-packages/controls_core
[3.047s] copying /home/public/MSE112_MPi5_Hiwonder_ROS2/ros2ws/build/controls_core/build/lib/controls_core/cv_interface.py -> /home/public/MSE112_MPi5_Hiwonder_ROS2/ros2ws/install/controls_core/lib/python3.14/site-packages/controls_core
[3.048s] copying /home/public/MSE112_MPi5_Hiwonder_ROS2/ros2ws/build/controls_core/build/lib/controls_core/board_interface.py -> /home/public/MSE112_MPi5_Hiwonder_ROS2/ros2ws/install/controls_core/lib/python3.14/site-packages/controls_core
[3.048s] copying /home/public/MSE112_MPi5_Hiwonder_ROS2/ros2ws/build/controls_core/build/lib/controls_core/py.typed -> /home/public/MSE112_MPi5_Hiwonder_ROS2/ros2ws/install/controls_core/lib/python3.14/site-packages/controls_core
[3.050s] byte-compiling /home/public/MSE112_MPi5_Hiwonder_ROS2/ros2ws/install/controls_core/lib/python3.14/site-packages/controls_core/ui_testing.py to ui_testing.cpython-314.pyc
[3.054s] byte-compiling /home/public/MSE112_MPi5_Hiwonder_ROS2/ros2ws/install/controls_core/lib/python3.14/site-packages/controls_core/main_control_node.py to main_control_node.cpython-314.pyc
[3.056s] byte-compiling /home/public/MSE112_MPi5_Hiwonder_ROS2/ros2ws/install/controls_core/lib/python3.14/site-packages/controls_core/__init__.py to __init__.cpython-314.pyc
[3.057s] byte-compiling /home/public/MSE112_MPi5_Hiwonder_ROS2/ros2ws/install/controls_core/lib/python3.14/site-packages/controls_core/cv_interface.py to cv_interface.cpython-314.pyc
[3.059s] byte-compiling /home/public/MSE112_MPi5_Hiwonder_ROS2/ros2ws/install/controls_core/lib/python3.14/site-packages/controls_core/board_interface.py to board_interface.cpython-314.pyc
[3.062s] running install_data
[3.062s] creating /home/public/MSE112_MPi5_Hiwonder_ROS2/ros2ws/install/controls_core/share/ament_index/resource_index/packages
[3.063s] copying resource/controls_core -> /home/public/MSE112_MPi5_Hiwonder_ROS2/ros2ws/install/controls_core/share/ament_index/resource_index/packages
[3.064s] copying package.xml -> /home/public/MSE112_MPi5_Hiwonder_ROS2/ros2ws/install/controls_core/share/controls_core
[3.064s] running install_egg_info
[3.099s] Copying ../../build/controls_core/controls_core.egg-info to /home/public/MSE112_MPi5_Hiwonder_ROS2/ros2ws/install/controls_core/lib/python3.14/site-packages/controls_core-0.0.0-py3.14.egg-info
[3.101s] running install_scripts
[3.264s] Installing main_control_node script to /home/public/MSE112_MPi5_Hiwonder_ROS2/ros2ws/install/controls_core/lib/controls_core
[3.264s] writing list of installed files to '/home/public/MSE112_MPi5_Hiwonder_ROS2/ros2ws/build/controls_core/install.log'
[3.426s] Invoked command in '/home/public/MSE112_MPi5_Hiwonder_ROS2/ros2ws/src/controls_core' returned '0': DEBUGINFOD_URLS=https://debuginfod.ubuntu.com PYTHONPATH=/home/public/MSE112_MPi5_Hiwonder_ROS2/ros2ws/build/controls_core/prefix_override:/usr/lib/python3/dist-packages/colcon_core/task/python/colcon_distutils_commands:/home/public/MSE112_MPi5_Hiwonder_ROS2/ros2ws/install/controls_core/lib/python3.14/site-packages:${PYTHONPATH} /usr/bin/python3 -W ignore:setup.py install is deprecated -W ignore:easy_install command is deprecated setup.py egg_info --egg-base ../../build/controls_core build --build-base /home/public/MSE112_MPi5_Hiwonder_ROS2/ros2ws/build/controls_core/build install --record /home/public/MSE112_MPi5_Hiwonder_ROS2/ros2ws/build/controls_core/install.log --install-scripts $base/lib/controls_core --single-version-externally-managed install_data
