[0.024s] Invoking command in '/home/public/MSE112_MPi5_Hiwonder_ROS2/ros2ws/build/turtlesim': AMENT_PREFIX_PATH=/home/public/MSE112_MPi5_Hiwonder_ROS2/ros2ws/install/turtlesim_msgs:${AMENT_PREFIX_PATH} CMAKE_PREFIX_PATH=/home/public/MSE112_MPi5_Hiwonder_ROS2/ros2ws/install/turtlesim_msgs:/opt/ros/lyrical/opt/gz_math_vendor:/opt/ros/lyrical/opt/gz_utils_vendor:/opt/ros/lyrical/opt/gz_cmake_vendor:/opt/ros/lyrical DEBUGINFOD_URLS=https://debuginfod.ubuntu.com LD_LIBRARY_PATH=/home/public/MSE112_MPi5_Hiwonder_ROS2/ros2ws/install/turtlesim_msgs/lib:${LD_LIBRARY_PATH} PYTHONPATH=/home/public/MSE112_MPi5_Hiwonder_ROS2/ros2ws/install/turtlesim_msgs/lib/python3.14/site-packages:${PYTHONPATH} /usr/bin/cmake --build /home/public/MSE112_MPi5_Hiwonder_ROS2/ros2ws/build/turtlesim -- -j4 -l4
[0.115s] -- Found ament_cmake: 2.8.7 (/opt/ros/lyrical/share/ament_cmake/cmake)
[0.447s] -- Override CMake install command with custom implementation using symlinks instead of copying resources
[0.459s] -- Found ament_index_cpp: 1.13.3 (/opt/ros/lyrical/share/ament_index_cpp/cmake)
[0.461s] -- Found geometry_msgs: 5.9.2 (/opt/ros/lyrical/share/geometry_msgs/cmake)
[0.488s] -- Found rosidl_generator_c: 5.2.1 (/opt/ros/lyrical/share/rosidl_generator_c/cmake)
[0.493s] -- Found rosidl_generator_cpp: 5.2.1 (/opt/ros/lyrical/share/rosidl_generator_cpp/cmake)
[0.505s] -- Using all available rosidl_typesupport_c: rosidl_typesupport_fastrtps_c;rosidl_typesupport_introspection_c
[0.518s] -- Using all available rosidl_typesupport_cpp: rosidl_typesupport_fastrtps_cpp;rosidl_typesupport_introspection_cpp
[0.847s] -- Found rclcpp: 32.0.0 (/opt/ros/lyrical/share/rclcpp/cmake)
[1.351s] -- Found rmw_implementation_cmake: 7.10.1 (/opt/ros/lyrical/share/rmw_implementation_cmake/cmake)
[1.369s] -- Found rmw_fastrtps_cpp: 9.4.8 (/opt/ros/lyrical/share/rmw_fastrtps_cpp/cmake)
[1.457s] -- Using RMW implementation 'rmw_fastrtps_cpp' as default
[1.572s] -- Found rclcpp_action: 32.0.0 (/opt/ros/lyrical/share/rclcpp_action/cmake)
[1.625s] -- Found std_srvs: 5.9.2 (/opt/ros/lyrical/share/std_srvs/cmake)
[1.656s] -- Found turtlesim_msgs: 1.10.9 (/home/public/MSE112_MPi5_Hiwonder_ROS2/ros2ws/install/turtlesim_msgs/share/turtlesim_msgs/cmake)
[1.695s] -- Found ament_lint_auto: 0.20.6 (/opt/ros/lyrical/share/ament_lint_auto/cmake)
[1.903s] -- Added test 'copyright' to check source files copyright and LICENSE
[1.912s] -- Added test 'cppcheck' to perform static code analysis on C / C++ code
[1.912s] -- Configured cppcheck include dirs: $<BUILD_INTERFACE:/home/public/MSE112_MPi5_Hiwonder_ROS2/ros2ws/src/ros_tutorials/turtlesim/include>
[1.912s] -- Configured cppcheck exclude dirs and/or files: 
[1.916s] -- Added test 'cpplint' to check C / C++ code against the Google style
[1.916s] -- Configured cpplint exclude dirs and/or files: 
[1.917s] -- Added test 'flake8' to check Python code syntax and style conventions
[1.917s] -- Configured 'flake8' exclude dirs and/or files: 
[1.918s] -- Added test 'lint_cmake' to check CMake code style
[1.919s] -- Added test 'pep257' to check Python code against some of the docstring style conventions in PEP 257
[1.922s] -- Added test 'uncrustify' to check C / C++ code style
[1.922s] -- Configured uncrustify additional arguments: 
[1.923s] -- Added test 'xmllint' to check XML markup files
[1.926s] -- Configuring done (1.8s)
[2.186s] -- Generating done (0.3s)
[2.266s] -- Build files have been written to: /home/public/MSE112_MPi5_Hiwonder_ROS2/ros2ws/build/turtlesim
[2.332s] [  0%] Built target turtlesim_node_autogen_timestamp_deps
[2.333s] [  0%] Built target draw_square_autogen_timestamp_deps
[2.333s] [  0%] Built target turtle_teleop_key_autogen_timestamp_deps
[2.363s] [  0%] Built target mimic_autogen_timestamp_deps
[2.385s] [  5%] [1m[34mAutomatic MOC and UIC for target turtlesim_node[0m
[2.427s] [ 15%] [1m[34mAutomatic MOC and UIC for target turtle_teleop_key[0m
[2.427s] [ 15%] [1m[34mAutomatic MOC and UIC for target mimic[0m
[2.460s] [ 20%] [1m[34mAutomatic MOC and UIC for target draw_square[0m
[2.487s] [ 20%] Built target turtlesim_node_autogen
[2.499s] [ 20%] Built target turtle_teleop_key_autogen
[2.503s] [ 25%] [1m[34mGenerating include/turtlesim/moc_turtle_frame.cpp[0m
[2.503s] [ 25%] Built target mimic_autogen
[2.528s] [ 25%] Built target draw_square_autogen
[2.560s] [ 30%] [32mBuilding CXX object CMakeFiles/turtle_teleop_key.dir/turtle_teleop_key_autogen/mocs_compilation.cpp.o[0m
[2.589s] [ 35%] [32mBuilding CXX object CMakeFiles/mimic.dir/mimic_autogen/mocs_compilation.cpp.o[0m
[2.589s] [ 40%] [32mBuilding CXX object CMakeFiles/draw_square.dir/draw_square_autogen/mocs_compilation.cpp.o[0m
[2.678s] [ 45%] [32mBuilding CXX object CMakeFiles/turtlesim_node.dir/include/turtlesim/moc_turtle_frame.cpp.o[0m
[2.691s] [ 55%] [32mBuilding CXX object CMakeFiles/mimic.dir/tutorials/mimic.cpp.o[0m
[2.691s] [ 55%] [32mBuilding CXX object CMakeFiles/turtle_teleop_key.dir/tutorials/teleop_turtle_key.cpp.o[0m
[2.694s] [ 60%] [32mBuilding CXX object CMakeFiles/draw_square.dir/tutorials/draw_square.cpp.o[0m
[17.095s] [ 65%] [32mBuilding CXX object CMakeFiles/turtlesim_node.dir/src/turtle.cpp.o[0m
[18.849s] [ 70%] [1m[32mLinking CXX executable turtle_teleop_key[0m
[20.047s] [ 70%] Built target turtle_teleop_key
[20.067s] [ 75%] [32mBuilding CXX object CMakeFiles/turtlesim_node.dir/src/turtle_frame.cpp.o[0m
[25.604s] [ 80%] [1m[32mLinking CXX executable mimic[0m
[27.006s] [ 80%] Built target mimic
[27.022s] [ 85%] [32mBuilding CXX object CMakeFiles/turtlesim_node.dir/src/turtlesim.cpp.o[0m
[27.746s] [ 90%] [1m[32mLinking CXX executable draw_square[0m
[29.275s] [ 90%] Built target draw_square
[38.347s] [ 95%] [32mBuilding CXX object CMakeFiles/turtlesim_node.dir/turtlesim_node_autogen/mocs_compilation.cpp.o[0m
[45.858s] [100%] [1m[32mLinking CXX executable turtlesim_node[0m
[52.231s] [100%] Built target turtlesim_node
[52.247s] Invoked command in '/home/public/MSE112_MPi5_Hiwonder_ROS2/ros2ws/build/turtlesim' returned '0': AMENT_PREFIX_PATH=/home/public/MSE112_MPi5_Hiwonder_ROS2/ros2ws/install/turtlesim_msgs:${AMENT_PREFIX_PATH} CMAKE_PREFIX_PATH=/home/public/MSE112_MPi5_Hiwonder_ROS2/ros2ws/install/turtlesim_msgs:/opt/ros/lyrical/opt/gz_math_vendor:/opt/ros/lyrical/opt/gz_utils_vendor:/opt/ros/lyrical/opt/gz_cmake_vendor:/opt/ros/lyrical DEBUGINFOD_URLS=https://debuginfod.ubuntu.com LD_LIBRARY_PATH=/home/public/MSE112_MPi5_Hiwonder_ROS2/ros2ws/install/turtlesim_msgs/lib:${LD_LIBRARY_PATH} PYTHONPATH=/home/public/MSE112_MPi5_Hiwonder_ROS2/ros2ws/install/turtlesim_msgs/lib/python3.14/site-packages:${PYTHONPATH} /usr/bin/cmake --build /home/public/MSE112_MPi5_Hiwonder_ROS2/ros2ws/build/turtlesim -- -j4 -l4
[52.251s] Invoking command in '/home/public/MSE112_MPi5_Hiwonder_ROS2/ros2ws/build/turtlesim': AMENT_PREFIX_PATH=/home/public/MSE112_MPi5_Hiwonder_ROS2/ros2ws/install/turtlesim_msgs:${AMENT_PREFIX_PATH} CMAKE_PREFIX_PATH=/home/public/MSE112_MPi5_Hiwonder_ROS2/ros2ws/install/turtlesim_msgs:/opt/ros/lyrical/opt/gz_math_vendor:/opt/ros/lyrical/opt/gz_utils_vendor:/opt/ros/lyrical/opt/gz_cmake_vendor:/opt/ros/lyrical DEBUGINFOD_URLS=https://debuginfod.ubuntu.com LD_LIBRARY_PATH=/home/public/MSE112_MPi5_Hiwonder_ROS2/ros2ws/install/turtlesim_msgs/lib:${LD_LIBRARY_PATH} PYTHONPATH=/home/public/MSE112_MPi5_Hiwonder_ROS2/ros2ws/install/turtlesim_msgs/lib/python3.14/site-packages:${PYTHONPATH} /usr/bin/cmake --install /home/public/MSE112_MPi5_Hiwonder_ROS2/ros2ws/build/turtlesim
[52.263s] -- Install configuration: ""
[52.264s] -- Execute custom install script
[52.266s] -- Up-to-date symlink: /home/public/MSE112_MPi5_Hiwonder_ROS2/ros2ws/install/turtlesim/lib/turtlesim/turtlesim_node
[52.266s] -- Up-to-date symlink: /home/public/MSE112_MPi5_Hiwonder_ROS2/ros2ws/install/turtlesim/lib/turtlesim/turtle_teleop_key
[52.267s] -- Up-to-date symlink: /home/public/MSE112_MPi5_Hiwonder_ROS2/ros2ws/install/turtlesim/lib/turtlesim/draw_square
[52.267s] -- Up-to-date symlink: /home/public/MSE112_MPi5_Hiwonder_ROS2/ros2ws/install/turtlesim/lib/turtlesim/mimic
[52.271s] -- Up-to-date symlink: /home/public/MSE112_MPi5_Hiwonder_ROS2/ros2ws/install/turtlesim/share/turtlesim/launch/multisim.launch.py
[52.272s] -- Up-to-date symlink: /home/public/MSE112_MPi5_Hiwonder_ROS2/ros2ws/install/turtlesim/share/ament_index/resource_index/package_run_dependencies/turtlesim
[52.274s] -- Up-to-date symlink: /home/public/MSE112_MPi5_Hiwonder_ROS2/ros2ws/install/turtlesim/share/ament_index/resource_index/parent_prefix_path/turtlesim
[52.275s] -- Up-to-date symlink: /home/public/MSE112_MPi5_Hiwonder_ROS2/ros2ws/install/turtlesim/share/turtlesim/environment/ament_prefix_path.sh
[52.276s] -- Up-to-date symlink: /home/public/MSE112_MPi5_Hiwonder_ROS2/ros2ws/install/turtlesim/share/turtlesim/environment/ament_prefix_path.dsv
[52.277s] -- Up-to-date symlink: /home/public/MSE112_MPi5_Hiwonder_ROS2/ros2ws/install/turtlesim/share/turtlesim/environment/path.sh
[52.277s] -- Up-to-date symlink: /home/public/MSE112_MPi5_Hiwonder_ROS2/ros2ws/install/turtlesim/share/turtlesim/environment/path.dsv
[52.278s] -- Up-to-date symlink: /home/public/MSE112_MPi5_Hiwonder_ROS2/ros2ws/install/turtlesim/share/turtlesim/local_setup.bash
[52.280s] -- Up-to-date symlink: /home/public/MSE112_MPi5_Hiwonder_ROS2/ros2ws/install/turtlesim/share/turtlesim/local_setup.fish
[52.281s] -- Up-to-date symlink: /home/public/MSE112_MPi5_Hiwonder_ROS2/ros2ws/install/turtlesim/share/turtlesim/local_setup.sh
[52.282s] -- Up-to-date symlink: /home/public/MSE112_MPi5_Hiwonder_ROS2/ros2ws/install/turtlesim/share/turtlesim/local_setup.zsh
[52.283s] -- Up-to-date symlink: /home/public/MSE112_MPi5_Hiwonder_ROS2/ros2ws/install/turtlesim/share/turtlesim/local_setup.dsv
[52.283s] -- Symlinking: /home/public/MSE112_MPi5_Hiwonder_ROS2/ros2ws/install/turtlesim/share/turtlesim/package.dsv
[52.298s] -- Up-to-date symlink: /home/public/MSE112_MPi5_Hiwonder_ROS2/ros2ws/install/turtlesim/share/ament_index/resource_index/packages/turtlesim
[52.299s] -- Up-to-date symlink: /home/public/MSE112_MPi5_Hiwonder_ROS2/ros2ws/install/turtlesim/share/turtlesim/cmake/turtlesimConfig.cmake
[52.299s] -- Up-to-date symlink: /home/public/MSE112_MPi5_Hiwonder_ROS2/ros2ws/install/turtlesim/share/turtlesim/cmake/turtlesimConfig-version.cmake
[52.300s] -- Up-to-date symlink: /home/public/MSE112_MPi5_Hiwonder_ROS2/ros2ws/install/turtlesim/share/turtlesim/package.xml
[52.300s] -- Up-to-date: /home/public/MSE112_MPi5_Hiwonder_ROS2/ros2ws/install/turtlesim/share/turtlesim/images
[52.301s] -- Up-to-date: /home/public/MSE112_MPi5_Hiwonder_ROS2/ros2ws/install/turtlesim/share/turtlesim/images/kilted.png
[52.301s] -- Up-to-date: /home/public/MSE112_MPi5_Hiwonder_ROS2/ros2ws/install/turtlesim/share/turtlesim/images/eloquent.png
[52.301s] -- Up-to-date: /home/public/MSE112_MPi5_Hiwonder_ROS2/ros2ws/install/turtlesim/share/turtlesim/images/jazzy.png
[52.301s] -- Up-to-date: /home/public/MSE112_MPi5_Hiwonder_ROS2/ros2ws/install/turtlesim/share/turtlesim/images/bouncy.png
[52.301s] -- Up-to-date: /home/public/MSE112_MPi5_Hiwonder_ROS2/ros2ws/install/turtlesim/share/turtlesim/images/galactic.png
[52.301s] -- Up-to-date: /home/public/MSE112_MPi5_Hiwonder_ROS2/ros2ws/install/turtlesim/share/turtlesim/images/foxy.png
[52.301s] -- Up-to-date: /home/public/MSE112_MPi5_Hiwonder_ROS2/ros2ws/install/turtlesim/share/turtlesim/images/humble.png
[52.301s] -- Up-to-date: /home/public/MSE112_MPi5_Hiwonder_ROS2/ros2ws/install/turtlesim/share/turtlesim/images/dashing.png
[52.301s] -- Up-to-date: /home/public/MSE112_MPi5_Hiwonder_ROS2/ros2ws/install/turtlesim/share/turtlesim/images/crystal.png
[52.301s] -- Up-to-date: /home/public/MSE112_MPi5_Hiwonder_ROS2/ros2ws/install/turtlesim/share/turtlesim/images/iron.png
[52.302s] -- Up-to-date: /home/public/MSE112_MPi5_Hiwonder_ROS2/ros2ws/install/turtlesim/share/turtlesim/images/lyrical.png
[52.302s] -- Up-to-date: /home/public/MSE112_MPi5_Hiwonder_ROS2/ros2ws/install/turtlesim/share/turtlesim/images/ardent.png
[52.302s] -- Up-to-date: /home/public/MSE112_MPi5_Hiwonder_ROS2/ros2ws/install/turtlesim/share/turtlesim/images/rolling.png
[52.304s] Invoked command in '/home/public/MSE112_MPi5_Hiwonder_ROS2/ros2ws/build/turtlesim' returned '0': AMENT_PREFIX_PATH=/home/public/MSE112_MPi5_Hiwonder_ROS2/ros2ws/install/turtlesim_msgs:${AMENT_PREFIX_PATH} CMAKE_PREFIX_PATH=/home/public/MSE112_MPi5_Hiwonder_ROS2/ros2ws/install/turtlesim_msgs:/opt/ros/lyrical/opt/gz_math_vendor:/opt/ros/lyrical/opt/gz_utils_vendor:/opt/ros/lyrical/opt/gz_cmake_vendor:/opt/ros/lyrical DEBUGINFOD_URLS=https://debuginfod.ubuntu.com LD_LIBRARY_PATH=/home/public/MSE112_MPi5_Hiwonder_ROS2/ros2ws/install/turtlesim_msgs/lib:${LD_LIBRARY_PATH} PYTHONPATH=/home/public/MSE112_MPi5_Hiwonder_ROS2/ros2ws/install/turtlesim_msgs/lib/python3.14/site-packages:${PYTHONPATH} /usr/bin/cmake --install /home/public/MSE112_MPi5_Hiwonder_ROS2/ros2ws/build/turtlesim
