[5.513s] Invoking command in '/home/public/MSE112_MPi5_Hiwonder_ROS2/ros2ws/build/hiwonder_board': DEBUGINFOD_URLS=https://debuginfod.ubuntu.com PYTHONPATH=/home/public/MSE112_MPi5_Hiwonder_ROS2/ros2ws/build/hiwonder_board/prefix_override:/usr/lib/python3/dist-packages/colcon_core/task/python/colcon_distutils_commands:/home/public/MSE112_MPi5_Hiwonder_ROS2/ros2ws/install/hiwonder_board/lib/python3.14/site-packages:${PYTHONPATH} /usr/bin/python3 -W ignore:setup.py install is deprecated -W ignore:easy_install command is deprecated setup.py develop --editable --build-directory /home/public/MSE112_MPi5_Hiwonder_ROS2/ros2ws/build/hiwonder_board/build --no-deps symlink_data
[6.197s] running develop
[6.747s] running egg_info
[6.787s] creating hiwonder_board.egg-info
[6.787s] writing hiwonder_board.egg-info/PKG-INFO
[6.788s] writing dependency_links to hiwonder_board.egg-info/dependency_links.txt
[6.789s] writing entry points to hiwonder_board.egg-info/entry_points.txt
[6.789s] writing requirements to hiwonder_board.egg-info/requires.txt
[6.789s] writing top-level names to hiwonder_board.egg-info/top_level.txt
[6.789s] writing manifest file 'hiwonder_board.egg-info/SOURCES.txt'
[6.865s] reading manifest file 'hiwonder_board.egg-info/SOURCES.txt'
[6.866s] writing manifest file 'hiwonder_board.egg-info/SOURCES.txt'
[6.917s] running build_ext
[6.918s] Creating /home/public/MSE112_MPi5_Hiwonder_ROS2/ros2ws/install/hiwonder_board/lib/python3.14/site-packages/hiwonder-board.egg-link (link to .)
[6.919s] Installing hiwonder_board_node script to /home/public/MSE112_MPi5_Hiwonder_ROS2/ros2ws/install/hiwonder_board/lib/hiwonder_board
[6.920s] Installing test_listener script to /home/public/MSE112_MPi5_Hiwonder_ROS2/ros2ws/install/hiwonder_board/lib/hiwonder_board
[6.920s] Installing test_talker script to /home/public/MSE112_MPi5_Hiwonder_ROS2/ros2ws/install/hiwonder_board/lib/hiwonder_board
[6.920s] 
[6.920s] Installed /home/public/MSE112_MPi5_Hiwonder_ROS2/ros2ws/build/hiwonder_board
[6.920s] running symlink_data
[6.921s] creating /home/public/MSE112_MPi5_Hiwonder_ROS2/ros2ws/install/hiwonder_board/share/ament_index/resource_index/packages
[6.921s] symbolically linking /home/public/MSE112_MPi5_Hiwonder_ROS2/ros2ws/build/hiwonder_board/resource/hiwonder_board -> /home/public/MSE112_MPi5_Hiwonder_ROS2/ros2ws/install/hiwonder_board/share/ament_index/resource_index/packages
[6.921s] symbolically linking /home/public/MSE112_MPi5_Hiwonder_ROS2/ros2ws/build/hiwonder_board/package.xml -> /home/public/MSE112_MPi5_Hiwonder_ROS2/ros2ws/install/hiwonder_board/share/hiwonder_board
[7.115s] Invoked command in '/home/public/MSE112_MPi5_Hiwonder_ROS2/ros2ws/build/hiwonder_board' returned '0': DEBUGINFOD_URLS=https://debuginfod.ubuntu.com PYTHONPATH=/home/public/MSE112_MPi5_Hiwonder_ROS2/ros2ws/build/hiwonder_board/prefix_override:/usr/lib/python3/dist-packages/colcon_core/task/python/colcon_distutils_commands:/home/public/MSE112_MPi5_Hiwonder_ROS2/ros2ws/install/hiwonder_board/lib/python3.14/site-packages:${PYTHONPATH} /usr/bin/python3 -W ignore:setup.py install is deprecated -W ignore:easy_install command is deprecated setup.py develop --editable --build-directory /home/public/MSE112_MPi5_Hiwonder_ROS2/ros2ws/build/hiwonder_board/build --no-deps symlink_data
