[3.446s] Invoking command in '/home/public/ros2ws/build/controls_core': DEBUGINFOD_URLS=https://debuginfod.ubuntu.com PYTHONPATH=/home/public/ros2ws/build/controls_core/prefix_override:/usr/lib/python3/dist-packages/colcon_core/task/python/colcon_distutils_commands:/home/public/ros2ws/install/controls_core/lib/python3.14/site-packages:${PYTHONPATH} /usr/bin/python3 -W ignore:setup.py install is deprecated -W ignore:easy_install command is deprecated setup.py develop --uninstall --editable --build-directory /home/public/ros2ws/build/controls_core/build
[4.402s] running develop
[4.954s] Removing /home/public/ros2ws/install/controls_core/lib/python3.14/site-packages/controls-core.egg-link (link to .)
[5.292s] Invoked command in '/home/public/ros2ws/build/controls_core' returned '0': DEBUGINFOD_URLS=https://debuginfod.ubuntu.com PYTHONPATH=/home/public/ros2ws/build/controls_core/prefix_override:/usr/lib/python3/dist-packages/colcon_core/task/python/colcon_distutils_commands:/home/public/ros2ws/install/controls_core/lib/python3.14/site-packages:${PYTHONPATH} /usr/bin/python3 -W ignore:setup.py install is deprecated -W ignore:easy_install command is deprecated setup.py develop --uninstall --editable --build-directory /home/public/ros2ws/build/controls_core/build
[5.304s] Invoking command in '/home/public/ros2ws/src/controls_core': DEBUGINFOD_URLS=https://debuginfod.ubuntu.com PYTHONPATH=/home/public/ros2ws/build/controls_core/prefix_override:/usr/lib/python3/dist-packages/colcon_core/task/python/colcon_distutils_commands:/home/public/ros2ws/install/controls_core/lib/python3.14/site-packages:${PYTHONPATH} /usr/bin/python3 -W ignore:setup.py install is deprecated -W ignore:easy_install command is deprecated setup.py egg_info --egg-base ../../build/controls_core build --build-base /home/public/ros2ws/build/controls_core/build install --record /home/public/ros2ws/build/controls_core/install.log --install-scripts $base/lib/controls_core --single-version-externally-managed install_data --force
[6.188s] running egg_info
[6.258s] writing ../../build/controls_core/controls_core.egg-info/PKG-INFO
[6.261s] writing dependency_links to ../../build/controls_core/controls_core.egg-info/dependency_links.txt
[6.286s] writing entry points to ../../build/controls_core/controls_core.egg-info/entry_points.txt
[6.288s] writing requirements to ../../build/controls_core/controls_core.egg-info/requires.txt
[6.289s] writing top-level names to ../../build/controls_core/controls_core.egg-info/top_level.txt
[6.394s] reading manifest file '../../build/controls_core/controls_core.egg-info/SOURCES.txt'
[6.396s] adding license file 'LICENSE'
[6.396s] writing manifest file '../../build/controls_core/controls_core.egg-info/SOURCES.txt'
[6.396s] running build
[6.396s] running build_py
[6.399s] copying controls_core/ui_testing.py -> /home/public/ros2ws/build/controls_core/build/lib/controls_core
[6.401s] copying controls_core/__init__.py -> /home/public/ros2ws/build/controls_core/build/lib/controls_core
[6.402s] copying controls_core/cv_interface.py -> /home/public/ros2ws/build/controls_core/build/lib/controls_core
[6.406s] copying controls_core/py.typed -> /home/public/ros2ws/build/controls_core/build/lib/controls_core
[6.410s] running install
[6.424s] running install_lib
[6.478s] copying /home/public/ros2ws/build/controls_core/build/lib/controls_core/ui_testing.py -> /home/public/ros2ws/install/controls_core/lib/python3.14/site-packages/controls_core
[6.479s] copying /home/public/ros2ws/build/controls_core/build/lib/controls_core/main_control_node.py -> /home/public/ros2ws/install/controls_core/lib/python3.14/site-packages/controls_core
[6.481s] copying /home/public/ros2ws/build/controls_core/build/lib/controls_core/__init__.py -> /home/public/ros2ws/install/controls_core/lib/python3.14/site-packages/controls_core
[6.481s] copying /home/public/ros2ws/build/controls_core/build/lib/controls_core/cv_interface.py -> /home/public/ros2ws/install/controls_core/lib/python3.14/site-packages/controls_core
[6.483s] copying /home/public/ros2ws/build/controls_core/build/lib/controls_core/board_interface.py -> /home/public/ros2ws/install/controls_core/lib/python3.14/site-packages/controls_core
[6.485s] copying /home/public/ros2ws/build/controls_core/build/lib/controls_core/py.typed -> /home/public/ros2ws/install/controls_core/lib/python3.14/site-packages/controls_core
[6.488s] byte-compiling /home/public/ros2ws/install/controls_core/lib/python3.14/site-packages/controls_core/ui_testing.py to ui_testing.cpython-314.pyc
[6.492s] byte-compiling /home/public/ros2ws/install/controls_core/lib/python3.14/site-packages/controls_core/main_control_node.py to main_control_node.cpython-314.pyc
[6.498s] byte-compiling /home/public/ros2ws/install/controls_core/lib/python3.14/site-packages/controls_core/__init__.py to __init__.cpython-314.pyc
[6.498s] byte-compiling /home/public/ros2ws/install/controls_core/lib/python3.14/site-packages/controls_core/cv_interface.py to cv_interface.cpython-314.pyc
[6.499s] byte-compiling /home/public/ros2ws/install/controls_core/lib/python3.14/site-packages/controls_core/board_interface.py to board_interface.cpython-314.pyc
[6.502s] running install_data
[6.503s] copying resource/controls_core -> /home/public/ros2ws/install/controls_core/share/ament_index/resource_index/packages
[6.503s] copying package.xml -> /home/public/ros2ws/install/controls_core/share/controls_core
[6.504s] running install_egg_info
[6.558s] Copying ../../build/controls_core/controls_core.egg-info to /home/public/ros2ws/install/controls_core/lib/python3.14/site-packages/controls_core-0.0.0-py3.14.egg-info
[6.565s] running install_scripts
[6.889s] Installing main_control_node script to /home/public/ros2ws/install/controls_core/lib/controls_core
[6.892s] writing list of installed files to '/home/public/ros2ws/build/controls_core/install.log'
[7.220s] Invoked command in '/home/public/ros2ws/src/controls_core' returned '0': DEBUGINFOD_URLS=https://debuginfod.ubuntu.com PYTHONPATH=/home/public/ros2ws/build/controls_core/prefix_override:/usr/lib/python3/dist-packages/colcon_core/task/python/colcon_distutils_commands:/home/public/ros2ws/install/controls_core/lib/python3.14/site-packages:${PYTHONPATH} /usr/bin/python3 -W ignore:setup.py install is deprecated -W ignore:easy_install command is deprecated setup.py egg_info --egg-base ../../build/controls_core build --build-base /home/public/ros2ws/build/controls_core/build install --record /home/public/ros2ws/build/controls_core/install.log --install-scripts $base/lib/controls_core --single-version-externally-managed install_data --force
