[0.203s] Invoking command in '/home/public/ros2ws/build/examples_rclcpp_minimal_action_server': CMAKE_PREFIX_PATH=${CMAKE_PREFIX_PATH}:/home/public/ros2ws/install/opencv2_nodes:/home/public/ros2ws/install/launch_testing_examples:/home/public/ros2ws/install/hiwonder_board:/home/public/ros2ws/install/examples_rclpy_pointcloud_publisher:/home/public/ros2ws/install/examples_rclpy_minimal_subscriber:/home/public/ros2ws/install/examples_rclpy_minimal_service:/home/public/ros2ws/install/examples_rclpy_minimal_publisher:/home/public/ros2ws/install/examples_rclpy_minimal_client:/home/public/ros2ws/install/examples_rclpy_minimal_action_server:/home/public/ros2ws/install/examples_rclpy_minimal_action_client:/home/public/ros2ws/install/examples_rclpy_guard_conditions:/home/public/ros2ws/install/examples_rclpy_executors:/home/public/ros2ws/install/controls_core:/opt/ros/lyrical DEBUGINFOD_URLS=https://debuginfod.ubuntu.com /usr/bin/cmake --build /home/public/ros2ws/build/examples_rclcpp_minimal_action_server -- -j4 -l4
[0.256s] gmake: Warning: File 'Makefile' has modification time 1047 s in the future
[0.385s] -- Found ament_cmake: 2.8.7 (/opt/ros/lyrical/share/ament_cmake/cmake)
[3.437s] -- Override CMake install command with custom implementation using symlinks instead of copying resources
[3.542s] -- Found example_interfaces: 0.14.1 (/opt/ros/lyrical/share/example_interfaces/cmake)
[3.836s] -- Found rosidl_generator_c: 5.2.1 (/opt/ros/lyrical/share/rosidl_generator_c/cmake)
[3.871s] -- Found rosidl_generator_cpp: 5.2.1 (/opt/ros/lyrical/share/rosidl_generator_cpp/cmake)
[3.954s] -- Using all available rosidl_typesupport_c: rosidl_typesupport_fastrtps_c;rosidl_typesupport_introspection_c
[4.062s] -- Using all available rosidl_typesupport_cpp: rosidl_typesupport_fastrtps_cpp;rosidl_typesupport_introspection_cpp
[5.160s] -- Found rclcpp: 32.0.0 (/opt/ros/lyrical/share/rclcpp/cmake)
[5.590s] -- Found rmw_implementation_cmake: 7.10.1 (/opt/ros/lyrical/share/rmw_implementation_cmake/cmake)
[5.601s] -- Found rmw_fastrtps_cpp: 9.4.8 (/opt/ros/lyrical/share/rmw_fastrtps_cpp/cmake)
[5.845s] -- Using RMW implementation 'rmw_fastrtps_cpp' as default
[6.757s] -- Found rclcpp_action: 32.0.0 (/opt/ros/lyrical/share/rclcpp_action/cmake)
[6.871s] -- Found ament_lint_auto: 0.20.6 (/opt/ros/lyrical/share/ament_lint_auto/cmake)
[8.189s] -- Added test 'copyright' to check source files copyright and LICENSE
[8.199s] -- Added test 'cppcheck' to perform static code analysis on C / C++ code
[8.201s] -- Configured cppcheck include dirs: 
[8.201s] -- Configured cppcheck exclude dirs and/or files: 
[8.214s] -- Added test 'cpplint' to check C / C++ code against the Google style
[8.215s] -- Configured cpplint exclude dirs and/or files: 
[8.215s] -- Added test 'lint_cmake' to check CMake code style
[8.225s] -- Added test 'uncrustify' to check C / C++ code style
[8.227s] -- Configured uncrustify additional arguments: 
[8.236s] -- Added test 'xmllint' to check XML markup files
[8.260s] -- Configuring done (7.9s)
[8.594s] -- Generating done (0.3s)
[8.910s] -- Build files have been written to: /home/public/ros2ws/build/examples_rclcpp_minimal_action_server
[9.107s] gmake[2]: Warning: File 'CMakeFiles/action_server_member_functions.dir/build.make' has modification time 7875558 s in the future
[9.230s] gmake[2]: warning:  Clock skew detected.  Your build may be incomplete.
[9.249s] gmake[2]: Warning: File 'CMakeFiles/action_server_member_functions.dir/build.make' has modification time 7875558 s in the future
[9.272s] gmake[2]: warning:  Clock skew detected.  Your build may be incomplete.
[9.296s] [ 33%] Built target action_server_member_functions
[9.315s] gmake[2]: Warning: File 'CMakeFiles/action_server_single_goal.dir/build.make' has modification time 7875558 s in the future
[9.483s] gmake[2]: warning:  Clock skew detected.  Your build may be incomplete.
[9.534s] gmake[2]: Warning: File 'CMakeFiles/action_server_single_goal.dir/build.make' has modification time 7875558 s in the future
[9.534s] gmake[2]: warning:  Clock skew detected.  Your build may be incomplete.
[9.618s] [ 66%] Built target action_server_single_goal
[9.635s] gmake[2]: Warning: File 'CMakeFiles/action_server_not_composable.dir/build.make' has modification time 7875558 s in the future
[9.739s] gmake[2]: warning:  Clock skew detected.  Your build may be incomplete.
[9.838s] gmake[2]: Warning: File 'CMakeFiles/action_server_not_composable.dir/build.make' has modification time 7875557 s in the future
[9.847s] gmake[2]: warning:  Clock skew detected.  Your build may be incomplete.
[9.962s] [100%] Built target action_server_not_composable
[10.057s] gmake: warning:  Clock skew detected.  Your build may be incomplete.
[10.064s] Invoked command in '/home/public/ros2ws/build/examples_rclcpp_minimal_action_server' returned '0': CMAKE_PREFIX_PATH=${CMAKE_PREFIX_PATH}:/home/public/ros2ws/install/opencv2_nodes:/home/public/ros2ws/install/launch_testing_examples:/home/public/ros2ws/install/hiwonder_board:/home/public/ros2ws/install/examples_rclpy_pointcloud_publisher:/home/public/ros2ws/install/examples_rclpy_minimal_subscriber:/home/public/ros2ws/install/examples_rclpy_minimal_service:/home/public/ros2ws/install/examples_rclpy_minimal_publisher:/home/public/ros2ws/install/examples_rclpy_minimal_client:/home/public/ros2ws/install/examples_rclpy_minimal_action_server:/home/public/ros2ws/install/examples_rclpy_minimal_action_client:/home/public/ros2ws/install/examples_rclpy_guard_conditions:/home/public/ros2ws/install/examples_rclpy_executors:/home/public/ros2ws/install/controls_core:/opt/ros/lyrical DEBUGINFOD_URLS=https://debuginfod.ubuntu.com /usr/bin/cmake --build /home/public/ros2ws/build/examples_rclcpp_minimal_action_server -- -j4 -l4
[10.081s] Invoking command in '/home/public/ros2ws/build/examples_rclcpp_minimal_action_server': CMAKE_PREFIX_PATH=${CMAKE_PREFIX_PATH}:/home/public/ros2ws/install/opencv2_nodes:/home/public/ros2ws/install/launch_testing_examples:/home/public/ros2ws/install/hiwonder_board:/home/public/ros2ws/install/examples_rclpy_pointcloud_publisher:/home/public/ros2ws/install/examples_rclpy_minimal_subscriber:/home/public/ros2ws/install/examples_rclpy_minimal_service:/home/public/ros2ws/install/examples_rclpy_minimal_publisher:/home/public/ros2ws/install/examples_rclpy_minimal_client:/home/public/ros2ws/install/examples_rclpy_minimal_action_server:/home/public/ros2ws/install/examples_rclpy_minimal_action_client:/home/public/ros2ws/install/examples_rclpy_guard_conditions:/home/public/ros2ws/install/examples_rclpy_executors:/home/public/ros2ws/install/controls_core:/opt/ros/lyrical DEBUGINFOD_URLS=https://debuginfod.ubuntu.com /usr/bin/cmake --install /home/public/ros2ws/build/examples_rclcpp_minimal_action_server
[10.168s] -- Install configuration: ""
[10.176s] -- Execute custom install script
[10.181s] -- Up-to-date symlink: /home/public/ros2ws/install/examples_rclcpp_minimal_action_server/lib/examples_rclcpp_minimal_action_server/action_server_not_composable
[10.181s] -- Up-to-date symlink: /home/public/ros2ws/install/examples_rclcpp_minimal_action_server/lib/examples_rclcpp_minimal_action_server/action_server_member_functions
[10.185s] -- Up-to-date symlink: /home/public/ros2ws/install/examples_rclcpp_minimal_action_server/lib/examples_rclcpp_minimal_action_server/action_server_single_goal
[10.186s] -- Up-to-date symlink: /home/public/ros2ws/install/examples_rclcpp_minimal_action_server/share/ament_index/resource_index/package_run_dependencies/examples_rclcpp_minimal_action_server
[10.186s] -- Up-to-date symlink: /home/public/ros2ws/install/examples_rclcpp_minimal_action_server/share/ament_index/resource_index/parent_prefix_path/examples_rclcpp_minimal_action_server
[10.192s] -- Up-to-date symlink: /home/public/ros2ws/install/examples_rclcpp_minimal_action_server/share/examples_rclcpp_minimal_action_server/environment/ament_prefix_path.sh
[10.192s] -- Up-to-date symlink: /home/public/ros2ws/install/examples_rclcpp_minimal_action_server/share/examples_rclcpp_minimal_action_server/environment/ament_prefix_path.dsv
[10.193s] -- Up-to-date symlink: /home/public/ros2ws/install/examples_rclcpp_minimal_action_server/share/examples_rclcpp_minimal_action_server/environment/path.sh
[10.205s] -- Up-to-date symlink: /home/public/ros2ws/install/examples_rclcpp_minimal_action_server/share/examples_rclcpp_minimal_action_server/environment/path.dsv
[10.205s] -- Up-to-date symlink: /home/public/ros2ws/install/examples_rclcpp_minimal_action_server/share/examples_rclcpp_minimal_action_server/local_setup.bash
[10.214s] -- Up-to-date symlink: /home/public/ros2ws/install/examples_rclcpp_minimal_action_server/share/examples_rclcpp_minimal_action_server/local_setup.fish
[10.214s] -- Up-to-date symlink: /home/public/ros2ws/install/examples_rclcpp_minimal_action_server/share/examples_rclcpp_minimal_action_server/local_setup.sh
[10.214s] -- Up-to-date symlink: /home/public/ros2ws/install/examples_rclcpp_minimal_action_server/share/examples_rclcpp_minimal_action_server/local_setup.zsh
[10.215s] -- Up-to-date symlink: /home/public/ros2ws/install/examples_rclcpp_minimal_action_server/share/examples_rclcpp_minimal_action_server/local_setup.dsv
[10.215s] -- Symlinking: /home/public/ros2ws/install/examples_rclcpp_minimal_action_server/share/examples_rclcpp_minimal_action_server/package.dsv
[10.384s] -- Up-to-date symlink: /home/public/ros2ws/install/examples_rclcpp_minimal_action_server/share/ament_index/resource_index/packages/examples_rclcpp_minimal_action_server
[10.395s] -- Up-to-date symlink: /home/public/ros2ws/install/examples_rclcpp_minimal_action_server/share/examples_rclcpp_minimal_action_server/cmake/examples_rclcpp_minimal_action_serverConfig.cmake
[10.395s] -- Up-to-date symlink: /home/public/ros2ws/install/examples_rclcpp_minimal_action_server/share/examples_rclcpp_minimal_action_server/cmake/examples_rclcpp_minimal_action_serverConfig-version.cmake
[10.395s] -- Up-to-date symlink: /home/public/ros2ws/install/examples_rclcpp_minimal_action_server/share/examples_rclcpp_minimal_action_server/package.xml
[10.417s] Invoked command in '/home/public/ros2ws/build/examples_rclcpp_minimal_action_server' returned '0': CMAKE_PREFIX_PATH=${CMAKE_PREFIX_PATH}:/home/public/ros2ws/install/opencv2_nodes:/home/public/ros2ws/install/launch_testing_examples:/home/public/ros2ws/install/hiwonder_board:/home/public/ros2ws/install/examples_rclpy_pointcloud_publisher:/home/public/ros2ws/install/examples_rclpy_minimal_subscriber:/home/public/ros2ws/install/examples_rclpy_minimal_service:/home/public/ros2ws/install/examples_rclpy_minimal_publisher:/home/public/ros2ws/install/examples_rclpy_minimal_client:/home/public/ros2ws/install/examples_rclpy_minimal_action_server:/home/public/ros2ws/install/examples_rclpy_minimal_action_client:/home/public/ros2ws/install/examples_rclpy_guard_conditions:/home/public/ros2ws/install/examples_rclpy_executors:/home/public/ros2ws/install/controls_core:/opt/ros/lyrical DEBUGINFOD_URLS=https://debuginfod.ubuntu.com /usr/bin/cmake --install /home/public/ros2ws/build/examples_rclcpp_minimal_action_server
