[0.028s] Invoking command in '/home/public/ros2ws/build/examples_rclcpp_minimal_action_client': CMAKE_PREFIX_PATH=${CMAKE_PREFIX_PATH}:/home/public/ros2ws/install/launch_testing_examples:/home/public/ros2ws/install/hiwonder_board:/home/public/ros2ws/install/examples_rclpy_pointcloud_publisher:/home/public/ros2ws/install/examples_rclpy_minimal_subscriber:/home/public/ros2ws/install/examples_rclpy_minimal_service:/home/public/ros2ws/install/examples_rclpy_minimal_publisher:/home/public/ros2ws/install/examples_rclpy_minimal_client:/home/public/ros2ws/install/examples_rclpy_minimal_action_server:/home/public/ros2ws/install/examples_rclpy_minimal_action_client:/home/public/ros2ws/install/examples_rclpy_guard_conditions:/home/public/ros2ws/install/examples_rclpy_executors:/home/public/ros2ws/install/controls_core:/opt/ros/lyrical DEBUGINFOD_URLS=https://debuginfod.ubuntu.com /usr/bin/cmake --build /home/public/ros2ws/build/examples_rclcpp_minimal_action_client -- -j4 -l4
[0.214s] [ 25%] Built target action_client_member_functions
[0.296s] [ 50%] Built target action_client_not_composable_with_feedback
[0.385s] [ 75%] Built target action_client_not_composable_with_cancel
[0.471s] [100%] Built target action_client_not_composable
[0.504s] Invoked command in '/home/public/ros2ws/build/examples_rclcpp_minimal_action_client' returned '0': CMAKE_PREFIX_PATH=${CMAKE_PREFIX_PATH}:/home/public/ros2ws/install/launch_testing_examples:/home/public/ros2ws/install/hiwonder_board:/home/public/ros2ws/install/examples_rclpy_pointcloud_publisher:/home/public/ros2ws/install/examples_rclpy_minimal_subscriber:/home/public/ros2ws/install/examples_rclpy_minimal_service:/home/public/ros2ws/install/examples_rclpy_minimal_publisher:/home/public/ros2ws/install/examples_rclpy_minimal_client:/home/public/ros2ws/install/examples_rclpy_minimal_action_server:/home/public/ros2ws/install/examples_rclpy_minimal_action_client:/home/public/ros2ws/install/examples_rclpy_guard_conditions:/home/public/ros2ws/install/examples_rclpy_executors:/home/public/ros2ws/install/controls_core:/opt/ros/lyrical DEBUGINFOD_URLS=https://debuginfod.ubuntu.com /usr/bin/cmake --build /home/public/ros2ws/build/examples_rclcpp_minimal_action_client -- -j4 -l4
[0.511s] Invoking command in '/home/public/ros2ws/build/examples_rclcpp_minimal_action_client': CMAKE_PREFIX_PATH=${CMAKE_PREFIX_PATH}:/home/public/ros2ws/install/launch_testing_examples:/home/public/ros2ws/install/hiwonder_board:/home/public/ros2ws/install/examples_rclpy_pointcloud_publisher:/home/public/ros2ws/install/examples_rclpy_minimal_subscriber:/home/public/ros2ws/install/examples_rclpy_minimal_service:/home/public/ros2ws/install/examples_rclpy_minimal_publisher:/home/public/ros2ws/install/examples_rclpy_minimal_client:/home/public/ros2ws/install/examples_rclpy_minimal_action_server:/home/public/ros2ws/install/examples_rclpy_minimal_action_client:/home/public/ros2ws/install/examples_rclpy_guard_conditions:/home/public/ros2ws/install/examples_rclpy_executors:/home/public/ros2ws/install/controls_core:/opt/ros/lyrical DEBUGINFOD_URLS=https://debuginfod.ubuntu.com /usr/bin/cmake --install /home/public/ros2ws/build/examples_rclcpp_minimal_action_client
[0.543s] -- Install configuration: ""
[0.546s] -- Up-to-date: /home/public/ros2ws/install/examples_rclcpp_minimal_action_client/lib/examples_rclcpp_minimal_action_client/action_client_member_functions
[0.550s] -- Up-to-date: /home/public/ros2ws/install/examples_rclcpp_minimal_action_client/lib/examples_rclcpp_minimal_action_client/action_client_not_composable
[0.553s] -- Up-to-date: /home/public/ros2ws/install/examples_rclcpp_minimal_action_client/lib/examples_rclcpp_minimal_action_client/action_client_not_composable_with_cancel
[0.556s] -- Up-to-date: /home/public/ros2ws/install/examples_rclcpp_minimal_action_client/lib/examples_rclcpp_minimal_action_client/action_client_not_composable_with_feedback
[0.558s] -- Up-to-date: /home/public/ros2ws/install/examples_rclcpp_minimal_action_client/share/ament_index/resource_index/package_run_dependencies/examples_rclcpp_minimal_action_client
[0.558s] -- Up-to-date: /home/public/ros2ws/install/examples_rclcpp_minimal_action_client/share/ament_index/resource_index/parent_prefix_path/examples_rclcpp_minimal_action_client
[0.558s] -- Up-to-date: /home/public/ros2ws/install/examples_rclcpp_minimal_action_client/share/examples_rclcpp_minimal_action_client/environment/ament_prefix_path.sh
[0.558s] -- Up-to-date: /home/public/ros2ws/install/examples_rclcpp_minimal_action_client/share/examples_rclcpp_minimal_action_client/environment/ament_prefix_path.dsv
[0.561s] -- Up-to-date: /home/public/ros2ws/install/examples_rclcpp_minimal_action_client/share/examples_rclcpp_minimal_action_client/environment/path.sh
[0.561s] -- Up-to-date: /home/public/ros2ws/install/examples_rclcpp_minimal_action_client/share/examples_rclcpp_minimal_action_client/environment/path.dsv
[0.562s] -- Up-to-date: /home/public/ros2ws/install/examples_rclcpp_minimal_action_client/share/examples_rclcpp_minimal_action_client/local_setup.bash
[0.562s] -- Up-to-date: /home/public/ros2ws/install/examples_rclcpp_minimal_action_client/share/examples_rclcpp_minimal_action_client/local_setup.fish
[0.562s] -- Up-to-date: /home/public/ros2ws/install/examples_rclcpp_minimal_action_client/share/examples_rclcpp_minimal_action_client/local_setup.sh
[0.562s] -- Up-to-date: /home/public/ros2ws/install/examples_rclcpp_minimal_action_client/share/examples_rclcpp_minimal_action_client/local_setup.zsh
[0.562s] -- Up-to-date: /home/public/ros2ws/install/examples_rclcpp_minimal_action_client/share/examples_rclcpp_minimal_action_client/local_setup.dsv
[0.562s] -- Installing: /home/public/ros2ws/install/examples_rclcpp_minimal_action_client/share/examples_rclcpp_minimal_action_client/package.dsv
[0.565s] -- Up-to-date: /home/public/ros2ws/install/examples_rclcpp_minimal_action_client/share/ament_index/resource_index/packages/examples_rclcpp_minimal_action_client
[0.566s] -- Up-to-date: /home/public/ros2ws/install/examples_rclcpp_minimal_action_client/share/examples_rclcpp_minimal_action_client/cmake/examples_rclcpp_minimal_action_clientConfig.cmake
[0.569s] -- Up-to-date: /home/public/ros2ws/install/examples_rclcpp_minimal_action_client/share/examples_rclcpp_minimal_action_client/cmake/examples_rclcpp_minimal_action_clientConfig-version.cmake
[0.569s] -- Up-to-date: /home/public/ros2ws/install/examples_rclcpp_minimal_action_client/share/examples_rclcpp_minimal_action_client/package.xml
[0.572s] Invoked command in '/home/public/ros2ws/build/examples_rclcpp_minimal_action_client' returned '0': CMAKE_PREFIX_PATH=${CMAKE_PREFIX_PATH}:/home/public/ros2ws/install/launch_testing_examples:/home/public/ros2ws/install/hiwonder_board:/home/public/ros2ws/install/examples_rclpy_pointcloud_publisher:/home/public/ros2ws/install/examples_rclpy_minimal_subscriber:/home/public/ros2ws/install/examples_rclpy_minimal_service:/home/public/ros2ws/install/examples_rclpy_minimal_publisher:/home/public/ros2ws/install/examples_rclpy_minimal_client:/home/public/ros2ws/install/examples_rclpy_minimal_action_server:/home/public/ros2ws/install/examples_rclpy_minimal_action_client:/home/public/ros2ws/install/examples_rclpy_guard_conditions:/home/public/ros2ws/install/examples_rclpy_executors:/home/public/ros2ws/install/controls_core:/opt/ros/lyrical DEBUGINFOD_URLS=https://debuginfod.ubuntu.com /usr/bin/cmake --install /home/public/ros2ws/build/examples_rclcpp_minimal_action_client
