[1.253s] Invoking command in '/home/public/ros2ws/src/controls_core': DEBUGINFOD_URLS=https://debuginfod.ubuntu.com PYTHONPATH=/home/public/ros2ws/build/controls_core/prefix_override:/usr/lib/python3/dist-packages/colcon_core/task/python/colcon_distutils_commands:/home/public/ros2ws/install/controls_core/lib/python3.14/site-packages:${PYTHONPATH} /usr/bin/python3 -W ignore:setup.py install is deprecated -W ignore:easy_install command is deprecated setup.py egg_info --egg-base ../../build/controls_core build --build-base /home/public/ros2ws/build/controls_core/build install --record /home/public/ros2ws/build/controls_core/install.log --install-scripts $base/lib/controls_core --single-version-externally-managed install_data
[1.659s] running egg_info
[1.683s] writing ../../build/controls_core/controls_core.egg-info/PKG-INFO
[1.684s] writing dependency_links to ../../build/controls_core/controls_core.egg-info/dependency_links.txt
[1.685s] writing entry points to ../../build/controls_core/controls_core.egg-info/entry_points.txt
[1.686s] writing requirements to ../../build/controls_core/controls_core.egg-info/requires.txt
[1.687s] writing top-level names to ../../build/controls_core/controls_core.egg-info/top_level.txt
[1.744s] reading manifest file '../../build/controls_core/controls_core.egg-info/SOURCES.txt'
[1.744s] adding license file 'LICENSE'
[1.745s] writing manifest file '../../build/controls_core/controls_core.egg-info/SOURCES.txt'
[1.746s] running build
[1.746s] running build_py
[1.746s] copying controls_core/ui_testing.py -> /home/public/ros2ws/build/controls_core/build/lib/controls_core
[1.746s] copying controls_core/main_control_node.py -> /home/public/ros2ws/build/controls_core/build/lib/controls_core
[1.747s] copying controls_core/__init__.py -> /home/public/ros2ws/build/controls_core/build/lib/controls_core
[1.747s] copying controls_core/board_interface.py -> /home/public/ros2ws/build/controls_core/build/lib/controls_core
[1.747s] copying controls_core/py.typed -> /home/public/ros2ws/build/controls_core/build/lib/controls_core
[1.747s] running install
[1.754s] running install_lib
[1.782s] copying /home/public/ros2ws/build/controls_core/build/lib/controls_core/main_control_node.py -> /home/public/ros2ws/install/controls_core/lib/python3.14/site-packages/controls_core
[1.783s] byte-compiling /home/public/ros2ws/install/controls_core/lib/python3.14/site-packages/controls_core/main_control_node.py to main_control_node.cpython-314.pyc
[1.783s] running install_data
[1.784s] copying resource/controls_core -> /home/public/ros2ws/install/controls_core/share/ament_index/resource_index/packages
[1.784s] copying package.xml -> /home/public/ros2ws/install/controls_core/share/controls_core
[1.784s] running install_egg_info
[1.810s] removing '/home/public/ros2ws/install/controls_core/lib/python3.14/site-packages/controls_core-0.0.0-py3.14.egg-info' (and everything under it)
[1.810s] Copying ../../build/controls_core/controls_core.egg-info to /home/public/ros2ws/install/controls_core/lib/python3.14/site-packages/controls_core-0.0.0-py3.14.egg-info
[1.811s] running install_scripts
[1.944s] Installing main_control_node script to /home/public/ros2ws/install/controls_core/lib/controls_core
[1.945s] writing list of installed files to '/home/public/ros2ws/build/controls_core/install.log'
[2.056s] Invoked command in '/home/public/ros2ws/src/controls_core' returned '0': DEBUGINFOD_URLS=https://debuginfod.ubuntu.com PYTHONPATH=/home/public/ros2ws/build/controls_core/prefix_override:/usr/lib/python3/dist-packages/colcon_core/task/python/colcon_distutils_commands:/home/public/ros2ws/install/controls_core/lib/python3.14/site-packages:${PYTHONPATH} /usr/bin/python3 -W ignore:setup.py install is deprecated -W ignore:easy_install command is deprecated setup.py egg_info --egg-base ../../build/controls_core build --build-base /home/public/ros2ws/build/controls_core/build install --record /home/public/ros2ws/build/controls_core/install.log --install-scripts $base/lib/controls_core --single-version-externally-managed install_data
