[3.443s] Invoking command in '/home/public/ros2ws/build/examples_rclpy_minimal_service': DEBUGINFOD_URLS=https://debuginfod.ubuntu.com PYTHONPATH=/home/public/ros2ws/build/examples_rclpy_minimal_service/prefix_override:/usr/lib/python3/dist-packages/colcon_core/task/python/colcon_distutils_commands:/home/public/ros2ws/install/examples_rclpy_minimal_service/lib/python3.14/site-packages:${PYTHONPATH} /usr/bin/python3 -W ignore:setup.py install is deprecated -W ignore:easy_install command is deprecated setup.py develop --editable --build-directory /home/public/ros2ws/build/examples_rclpy_minimal_service/build --no-deps symlink_data --force
[4.199s] running develop
[4.520s] running egg_info
[4.552s] writing examples_rclpy_minimal_service.egg-info/PKG-INFO
[4.553s] writing dependency_links to examples_rclpy_minimal_service.egg-info/dependency_links.txt
[4.555s] writing entry points to examples_rclpy_minimal_service.egg-info/entry_points.txt
[4.558s] writing requirements to examples_rclpy_minimal_service.egg-info/requires.txt
[4.558s] writing top-level names to examples_rclpy_minimal_service.egg-info/top_level.txt
[4.618s] reading manifest file 'examples_rclpy_minimal_service.egg-info/SOURCES.txt'
[4.620s] writing manifest file 'examples_rclpy_minimal_service.egg-info/SOURCES.txt'
[4.649s] running build_ext
[4.650s] Creating /home/public/ros2ws/install/examples_rclpy_minimal_service/lib/python3.14/site-packages/examples-rclpy-minimal-service.egg-link (link to .)
[4.651s] Installing service script to /home/public/ros2ws/install/examples_rclpy_minimal_service/lib/examples_rclpy_minimal_service
[4.651s] Installing service_member_function script to /home/public/ros2ws/install/examples_rclpy_minimal_service/lib/examples_rclpy_minimal_service
[4.652s] 
[4.652s] Installed /home/public/ros2ws/build/examples_rclpy_minimal_service
[4.652s] running symlink_data
[4.652s] symbolically linking /home/public/ros2ws/build/examples_rclpy_minimal_service/resource/examples_rclpy_minimal_service -> /home/public/ros2ws/install/examples_rclpy_minimal_service/share/ament_index/resource_index/packages
[4.653s] symbolically linking /home/public/ros2ws/build/examples_rclpy_minimal_service/package.xml -> /home/public/ros2ws/install/examples_rclpy_minimal_service/share/examples_rclpy_minimal_service
[4.949s] Invoked command in '/home/public/ros2ws/build/examples_rclpy_minimal_service' returned '0': DEBUGINFOD_URLS=https://debuginfod.ubuntu.com PYTHONPATH=/home/public/ros2ws/build/examples_rclpy_minimal_service/prefix_override:/usr/lib/python3/dist-packages/colcon_core/task/python/colcon_distutils_commands:/home/public/ros2ws/install/examples_rclpy_minimal_service/lib/python3.14/site-packages:${PYTHONPATH} /usr/bin/python3 -W ignore:setup.py install is deprecated -W ignore:easy_install command is deprecated setup.py develop --editable --build-directory /home/public/ros2ws/build/examples_rclpy_minimal_service/build --no-deps symlink_data --force
