[3.440s] Invoking command in '/home/public/ros2ws/build/examples_rclpy_minimal_subscriber': DEBUGINFOD_URLS=https://debuginfod.ubuntu.com PYTHONPATH=/home/public/ros2ws/build/examples_rclpy_minimal_subscriber/prefix_override:/usr/lib/python3/dist-packages/colcon_core/task/python/colcon_distutils_commands:/home/public/ros2ws/install/examples_rclpy_minimal_subscriber/lib/python3.14/site-packages:${PYTHONPATH} /usr/bin/python3 -W ignore:setup.py install is deprecated -W ignore:easy_install command is deprecated setup.py develop --editable --build-directory /home/public/ros2ws/build/examples_rclpy_minimal_subscriber/build --no-deps symlink_data --force
[4.165s] running develop
[4.482s] running egg_info
[4.517s] writing examples_rclpy_minimal_subscriber.egg-info/PKG-INFO
[4.518s] writing dependency_links to examples_rclpy_minimal_subscriber.egg-info/dependency_links.txt
[4.518s] writing entry points to examples_rclpy_minimal_subscriber.egg-info/entry_points.txt
[4.518s] writing requirements to examples_rclpy_minimal_subscriber.egg-info/requires.txt
[4.519s] writing top-level names to examples_rclpy_minimal_subscriber.egg-info/top_level.txt
[4.577s] reading manifest file 'examples_rclpy_minimal_subscriber.egg-info/SOURCES.txt'
[4.578s] writing manifest file 'examples_rclpy_minimal_subscriber.egg-info/SOURCES.txt'
[4.615s] running build_ext
[4.615s] Creating /home/public/ros2ws/install/examples_rclpy_minimal_subscriber/lib/python3.14/site-packages/examples-rclpy-minimal-subscriber.egg-link (link to .)
[4.617s] Installing subscriber_lambda script to /home/public/ros2ws/install/examples_rclpy_minimal_subscriber/lib/examples_rclpy_minimal_subscriber
[4.618s] Installing subscriber_member_function script to /home/public/ros2ws/install/examples_rclpy_minimal_subscriber/lib/examples_rclpy_minimal_subscriber
[4.618s] Installing subscriber_old_school script to /home/public/ros2ws/install/examples_rclpy_minimal_subscriber/lib/examples_rclpy_minimal_subscriber
[4.618s] 
[4.619s] Installed /home/public/ros2ws/build/examples_rclpy_minimal_subscriber
[4.619s] running symlink_data
[4.619s] symbolically linking /home/public/ros2ws/build/examples_rclpy_minimal_subscriber/resource/examples_rclpy_minimal_subscriber -> /home/public/ros2ws/install/examples_rclpy_minimal_subscriber/share/ament_index/resource_index/packages
[4.620s] symbolically linking /home/public/ros2ws/build/examples_rclpy_minimal_subscriber/package.xml -> /home/public/ros2ws/install/examples_rclpy_minimal_subscriber/share/examples_rclpy_minimal_subscriber
[4.924s] Invoked command in '/home/public/ros2ws/build/examples_rclpy_minimal_subscriber' returned '0': DEBUGINFOD_URLS=https://debuginfod.ubuntu.com PYTHONPATH=/home/public/ros2ws/build/examples_rclpy_minimal_subscriber/prefix_override:/usr/lib/python3/dist-packages/colcon_core/task/python/colcon_distutils_commands:/home/public/ros2ws/install/examples_rclpy_minimal_subscriber/lib/python3.14/site-packages:${PYTHONPATH} /usr/bin/python3 -W ignore:setup.py install is deprecated -W ignore:easy_install command is deprecated setup.py develop --editable --build-directory /home/public/ros2ws/build/examples_rclpy_minimal_subscriber/build --no-deps symlink_data --force
