[-1785376285398467328.000s] DEBUG:colcon:Command line arguments: ['/usr/bin/colcon', 'build', '--symlink-install']
[-1785376285398467328.000s] DEBUG:colcon:Parsed command line arguments: Namespace(log_base=None, log_level=None, verb_name='build', build_base='build', install_base='install', merge_install=False, symlink_install=True, test_result_base=None, continue_on_error=False, executor='parallel', parallel_workers=4, event_handlers=None, ignore_user_meta=False, metas=['./colcon.meta'], base_paths=['.'], packages_ignore=None, packages_ignore_regex=None, paths=None, packages_up_to=None, packages_up_to_regex=None, packages_above=None, packages_above_and_dependencies=None, packages_above_depth=None, packages_select_by_dep=None, packages_skip_by_dep=None, packages_skip_up_to=None, packages_select_build_failed=False, packages_skip_build_finished=False, packages_select_test_failures=False, packages_skip_test_passed=False, packages_select=None, packages_skip=None, packages_select_regex=None, packages_skip_regex=None, packages_start=None, packages_end=None, allow_overriding=[], cmake_args=None, cmake_target=None, cmake_target_skip_unavailable=False, cmake_clean_cache=False, cmake_clean_first=False, cmake_force_configure=False, ament_cmake_args=None, catkin_cmake_args=None, catkin_skip_building_tests=False, mixin_files=None, mixin=None, verb_parser=<colcon_mixin.mixin.mixin_argument.MixinArgumentDecorator object at 0xffffb1d53ed0>, verb_extension=<colcon_core.verb.build.BuildVerb object at 0xffffb1d73620>, main=<bound method BuildVerb.main of <colcon_core.verb.build.BuildVerb object at 0xffffb1d73620>>, mixin_verb=('build',))
[-1785376285398467328.000s] Level 1:colcon.colcon_core.package_discovery:discover_packages(colcon_meta) check parameters
[-1785376285398467328.000s] Level 1:colcon.colcon_core.package_discovery:discover_packages(recursive) check parameters
[-1785376285398467328.000s] Level 1:colcon.colcon_core.package_discovery:discover_packages(ignore) check parameters
[-1785376285398467328.000s] Level 1:colcon.colcon_core.package_discovery:discover_packages(path) check parameters
[-1785376285398467328.000s] Level 1:colcon.colcon_core.package_discovery:discover_packages(colcon_meta) discover
[-1785376285398467328.000s] Level 1:colcon.colcon_core.package_discovery:discover_packages(recursive) discover
[-1785376285398467328.000s] INFO:colcon.colcon_core.package_discovery:Crawling recursively for packages in '/home/public/MSE112_MPi5_Hiwonder_ROS2/ros2ws'
[-1785376285398467328.000s] Level 1:colcon.colcon_core.package_identification:_identify(.) by extensions ['ignore', 'ignore_ament_install']
[-1785376285398467328.000s] Level 1:colcon.colcon_core.package_identification:_identify(.) by extension 'ignore'
[-1785376285398467328.000s] Level 1:colcon.colcon_core.package_identification:_identify(.) by extension 'ignore_ament_install'
[-1785376285398467328.000s] Level 1:colcon.colcon_core.package_identification:_identify(.) by extensions ['colcon_pkg']
[-1785376285398467328.000s] Level 1:colcon.colcon_core.package_identification:_identify(.) by extension 'colcon_pkg'
[-1785376285398467328.000s] Level 1:colcon.colcon_core.package_identification:_identify(.) by extensions ['colcon_meta']
[-1785376285398467328.000s] Level 1:colcon.colcon_core.package_identification:_identify(.) by extension 'colcon_meta'
[-1785376285398467328.000s] Level 1:colcon.colcon_core.package_identification:_identify(.) by extensions ['ros']
[-1785376285398467328.000s] Level 1:colcon.colcon_core.package_identification:_identify(.) by extension 'ros'
[-1785376285398467328.000s] Level 1:colcon.colcon_core.package_identification:_identify(.) by extensions ['cmake', 'python']
[-1785376285398467328.000s] Level 1:colcon.colcon_core.package_identification:_identify(.) by extension 'cmake'
[-1785376285398467328.000s] Level 1:colcon.colcon_core.package_identification:_identify(.) by extension 'python'
[-1785376285398467328.000s] Level 1:colcon.colcon_core.package_identification:_identify(.) by extensions ['python_setup_py']
[-1785376285398467328.000s] Level 1:colcon.colcon_core.package_identification:_identify(.) by extension 'python_setup_py'
[-1785376285398467328.000s] Level 1:colcon.colcon_core.package_identification:_identify(build) by extensions ['ignore', 'ignore_ament_install']
[-1785376285398467328.000s] Level 1:colcon.colcon_core.package_identification:_identify(build) by extension 'ignore'
[-1785376285398467328.000s] Level 1:colcon.colcon_core.package_identification:_identify(build) ignored
[-1785376285398467328.000s] Level 1:colcon.colcon_core.package_identification:_identify(install) by extensions ['ignore', 'ignore_ament_install']
[-1785376285398467328.000s] Level 1:colcon.colcon_core.package_identification:_identify(install) by extension 'ignore'
[-1785376285398467328.000s] Level 1:colcon.colcon_core.package_identification:_identify(install) ignored
[-1785376285398467328.000s] Level 1:colcon.colcon_core.package_identification:_identify(log) by extensions ['ignore', 'ignore_ament_install']
[-1785376285398467328.000s] Level 1:colcon.colcon_core.package_identification:_identify(log) by extension 'ignore'
[-1785376285398467328.000s] Level 1:colcon.colcon_core.package_identification:_identify(log) ignored
[-1785376285398467328.000s] Level 1:colcon.colcon_core.package_identification:_identify(src) by extensions ['ignore', 'ignore_ament_install']
[-1785376285398467328.000s] Level 1:colcon.colcon_core.package_identification:_identify(src) by extension 'ignore'
[-1785376285398467328.000s] Level 1:colcon.colcon_core.package_identification:_identify(src) by extension 'ignore_ament_install'
[-1785376285398467328.000s] Level 1:colcon.colcon_core.package_identification:_identify(src) by extensions ['colcon_pkg']
[-1785376285398467328.000s] Level 1:colcon.colcon_core.package_identification:_identify(src) by extension 'colcon_pkg'
[-1785376285398467328.000s] Level 1:colcon.colcon_core.package_identification:_identify(src) by extensions ['colcon_meta']
[-1785376285398467328.000s] Level 1:colcon.colcon_core.package_identification:_identify(src) by extension 'colcon_meta'
[-1785376285398467328.000s] Level 1:colcon.colcon_core.package_identification:_identify(src) by extensions ['ros']
[-1785376285398467328.000s] Level 1:colcon.colcon_core.package_identification:_identify(src) by extension 'ros'
[-1785376285398467328.000s] Level 1:colcon.colcon_core.package_identification:_identify(src) by extensions ['cmake', 'python']
[-1785376285398467328.000s] Level 1:colcon.colcon_core.package_identification:_identify(src) by extension 'cmake'
[-1785376285398467328.000s] Level 1:colcon.colcon_core.package_identification:_identify(src) by extension 'python'
[-1785376285398467328.000s] Level 1:colcon.colcon_core.package_identification:_identify(src) by extensions ['python_setup_py']
[-1785376285398467328.000s] Level 1:colcon.colcon_core.package_identification:_identify(src) by extension 'python_setup_py'
[-1785376285398467328.000s] Level 1:colcon.colcon_core.package_identification:_identify(src/core) by extensions ['ignore', 'ignore_ament_install']
[-1785376285398467328.000s] Level 1:colcon.colcon_core.package_identification:_identify(src/core) by extension 'ignore'
[-1785376285398467328.000s] Level 1:colcon.colcon_core.package_identification:_identify(src/core) by extension 'ignore_ament_install'
[-1785376285398467328.000s] Level 1:colcon.colcon_core.package_identification:_identify(src/core) by extensions ['colcon_pkg']
[-1785376285398467328.000s] Level 1:colcon.colcon_core.package_identification:_identify(src/core) by extension 'colcon_pkg'
[-1785376285398467328.000s] Level 1:colcon.colcon_core.package_identification:_identify(src/core) by extensions ['colcon_meta']
[-1785376285398467328.000s] Level 1:colcon.colcon_core.package_identification:_identify(src/core) by extension 'colcon_meta'
[-1785376285398467328.000s] Level 1:colcon.colcon_core.package_identification:_identify(src/core) by extensions ['ros']
[-1785376285398467328.000s] Level 1:colcon.colcon_core.package_identification:_identify(src/core) by extension 'ros'
[-1785376285398467328.000s] DEBUG:colcon.colcon_core.package_identification:Package 'src/core' with type 'ros.ament_python' and name 'core'
[-1785376285398467328.000s] Level 1:colcon.colcon_core.package_identification:_identify(src/hiwonder_board) by extensions ['ignore', 'ignore_ament_install']
[-1785376285398467328.000s] Level 1:colcon.colcon_core.package_identification:_identify(src/hiwonder_board) by extension 'ignore'
[-1785376285398467328.000s] Level 1:colcon.colcon_core.package_identification:_identify(src/hiwonder_board) by extension 'ignore_ament_install'
[-1785376285398467328.000s] Level 1:colcon.colcon_core.package_identification:_identify(src/hiwonder_board) by extensions ['colcon_pkg']
[-1785376285398467328.000s] Level 1:colcon.colcon_core.package_identification:_identify(src/hiwonder_board) by extension 'colcon_pkg'
[-1785376285398467328.000s] Level 1:colcon.colcon_core.package_identification:_identify(src/hiwonder_board) by extensions ['colcon_meta']
[-1785376285398467328.000s] Level 1:colcon.colcon_core.package_identification:_identify(src/hiwonder_board) by extension 'colcon_meta'
[-1785376285398467328.000s] Level 1:colcon.colcon_core.package_identification:_identify(src/hiwonder_board) by extensions ['ros']
[-1785376285398467328.000s] Level 1:colcon.colcon_core.package_identification:_identify(src/hiwonder_board) by extension 'ros'
[-1785376285398467328.000s] DEBUG:colcon.colcon_core.package_identification:Package 'src/hiwonder_board' with type 'ros.ament_python' and name 'hiwonder_board'
[-1785376285398467328.000s] Level 1:colcon.colcon_core.package_identification:_identify(src/vision_stack) by extensions ['ignore', 'ignore_ament_install']
[-1785376285398467328.000s] Level 1:colcon.colcon_core.package_identification:_identify(src/vision_stack) by extension 'ignore'
[-1785376285398467328.000s] Level 1:colcon.colcon_core.package_identification:_identify(src/vision_stack) by extension 'ignore_ament_install'
[-1785376285398467328.000s] Level 1:colcon.colcon_core.package_identification:_identify(src/vision_stack) by extensions ['colcon_pkg']
[-1785376285398467328.000s] Level 1:colcon.colcon_core.package_identification:_identify(src/vision_stack) by extension 'colcon_pkg'
[-1785376285398467328.000s] Level 1:colcon.colcon_core.package_identification:_identify(src/vision_stack) by extensions ['colcon_meta']
[-1785376285398467328.000s] Level 1:colcon.colcon_core.package_identification:_identify(src/vision_stack) by extension 'colcon_meta'
[-1785376285398467328.000s] Level 1:colcon.colcon_core.package_identification:_identify(src/vision_stack) by extensions ['ros']
[-1785376285398467328.000s] Level 1:colcon.colcon_core.package_identification:_identify(src/vision_stack) by extension 'ros'
[-1785376285398467328.000s] DEBUG:colcon.colcon_core.package_identification:Package 'src/vision_stack' with type 'ros.ament_python' and name 'vision_stack'
[-1785376285398467328.000s] Level 1:colcon.colcon_core.package_discovery:discover_packages(recursive) using defaults
[-1785376285398467328.000s] Level 1:colcon.colcon_core.package_discovery:discover_packages(ignore) discover
[-1785376285398467328.000s] Level 1:colcon.colcon_core.package_discovery:discover_packages(ignore) using defaults
[-1785376285398467328.000s] Level 1:colcon.colcon_core.package_discovery:discover_packages(path) discover
[-1785376285398467328.000s] Level 1:colcon.colcon_core.package_discovery:discover_packages(path) using defaults
[-1785376285398467328.000s] Level 1:colcon.colcon_core.package_discovery:discover_packages(prefix_path) check parameters
[-1785376285398467328.000s] Level 1:colcon.colcon_core.package_discovery:discover_packages(prefix_path) discover
[-1785376285398467328.000s] WARNING:colcon.colcon_ros.prefix_path.ament:The path '/home/public/MSE112_MPi5_Hiwonder_ROS2/ros2ws/install/vision_stack' in the environment variable AMENT_PREFIX_PATH doesn't exist
[-1785376285398467328.000s] WARNING:colcon.colcon_ros.prefix_path.ament:The path '/home/public/MSE112_MPi5_Hiwonder_ROS2/ros2ws/install/hiwonder_board' in the environment variable AMENT_PREFIX_PATH doesn't exist
[-1785376285398467328.000s] WARNING:colcon.colcon_ros.prefix_path.ament:The path '/home/public/MSE112_MPi5_Hiwonder_ROS2/ros2ws/install/controls_core' in the environment variable AMENT_PREFIX_PATH doesn't exist
[-1785376285398467328.000s] DEBUG:colcon.colcon_installed_package_information.package_discovery:Found 0 installed packages in /home/public/MSE112_MPi5_Hiwonder_ROS2/ros2ws/install
[-1785376285398467328.000s] DEBUG:colcon.colcon_installed_package_information.package_discovery:Found 290 installed packages in /opt/ros/lyrical
[-1785376285398467328.000s] Level 1:colcon.colcon_core.package_discovery:discover_packages(prefix_path) using defaults
[-1785376285398467328.000s] Level 5:colcon.colcon_core.verb:set package 'core' build argument 'cmake_args' from command line to 'None'
[-1785376285398467328.000s] Level 5:colcon.colcon_core.verb:set package 'core' build argument 'cmake_target' from command line to 'None'
[-1785376285398467328.000s] Level 5:colcon.colcon_core.verb:set package 'core' build argument 'cmake_target_skip_unavailable' from command line to 'False'
[-1785376285398467328.000s] Level 5:colcon.colcon_core.verb:set package 'core' build argument 'cmake_clean_cache' from command line to 'False'
[-1785376285398467328.000s] Level 5:colcon.colcon_core.verb:set package 'core' build argument 'cmake_clean_first' from command line to 'False'
[-1785376285398467328.000s] Level 5:colcon.colcon_core.verb:set package 'core' build argument 'cmake_force_configure' from command line to 'False'
[-1785376285398467328.000s] Level 5:colcon.colcon_core.verb:set package 'core' build argument 'ament_cmake_args' from command line to 'None'
[-1785376285398467328.000s] Level 5:colcon.colcon_core.verb:set package 'core' build argument 'catkin_cmake_args' from command line to 'None'
[-1785376285398467328.000s] Level 5:colcon.colcon_core.verb:set package 'core' build argument 'catkin_skip_building_tests' from command line to 'False'
[-1785376285398467328.000s] DEBUG:colcon.colcon_core.verb:Building package 'core' with the following arguments: {'ament_cmake_args': None, 'build_base': '/home/public/MSE112_MPi5_Hiwonder_ROS2/ros2ws/build/core', 'catkin_cmake_args': None, 'catkin_skip_building_tests': False, 'cmake_args': None, 'cmake_clean_cache': False, 'cmake_clean_first': False, 'cmake_force_configure': False, 'cmake_target': None, 'cmake_target_skip_unavailable': False, 'install_base': '/home/public/MSE112_MPi5_Hiwonder_ROS2/ros2ws/install/core', 'merge_install': False, 'path': '/home/public/MSE112_MPi5_Hiwonder_ROS2/ros2ws/src/core', 'symlink_install': True, 'test_result_base': None}
[-1785376285398467328.000s] Level 5:colcon.colcon_core.verb:set package 'hiwonder_board' build argument 'cmake_args' from command line to 'None'
[-1785376285398467328.000s] Level 5:colcon.colcon_core.verb:set package 'hiwonder_board' build argument 'cmake_target' from command line to 'None'
[-1785376285398467328.000s] Level 5:colcon.colcon_core.verb:set package 'hiwonder_board' build argument 'cmake_target_skip_unavailable' from command line to 'False'
[-1785376285398467328.000s] Level 5:colcon.colcon_core.verb:set package 'hiwonder_board' build argument 'cmake_clean_cache' from command line to 'False'
[-1785376285398467328.000s] Level 5:colcon.colcon_core.verb:set package 'hiwonder_board' build argument 'cmake_clean_first' from command line to 'False'
[-1785376285398467328.000s] Level 5:colcon.colcon_core.verb:set package 'hiwonder_board' build argument 'cmake_force_configure' from command line to 'False'
[-1785376285398467328.000s] Level 5:colcon.colcon_core.verb:set package 'hiwonder_board' build argument 'ament_cmake_args' from command line to 'None'
[-1785376285398467328.000s] Level 5:colcon.colcon_core.verb:set package 'hiwonder_board' build argument 'catkin_cmake_args' from command line to 'None'
[-1785376285398467328.000s] Level 5:colcon.colcon_core.verb:set package 'hiwonder_board' build argument 'catkin_skip_building_tests' from command line to 'False'
[-1785376285398467328.000s] DEBUG:colcon.colcon_core.verb:Building package 'hiwonder_board' with the following arguments: {'ament_cmake_args': None, 'build_base': '/home/public/MSE112_MPi5_Hiwonder_ROS2/ros2ws/build/hiwonder_board', 'catkin_cmake_args': None, 'catkin_skip_building_tests': False, 'cmake_args': None, 'cmake_clean_cache': False, 'cmake_clean_first': False, 'cmake_force_configure': False, 'cmake_target': None, 'cmake_target_skip_unavailable': False, 'install_base': '/home/public/MSE112_MPi5_Hiwonder_ROS2/ros2ws/install/hiwonder_board', 'merge_install': False, 'path': '/home/public/MSE112_MPi5_Hiwonder_ROS2/ros2ws/src/hiwonder_board', 'symlink_install': True, 'test_result_base': None}
[-1785376285398467328.000s] Level 5:colcon.colcon_core.verb:set package 'vision_stack' build argument 'cmake_args' from command line to 'None'
[-1785376285398467328.000s] Level 5:colcon.colcon_core.verb:set package 'vision_stack' build argument 'cmake_target' from command line to 'None'
[-1785376285398467328.000s] Level 5:colcon.colcon_core.verb:set package 'vision_stack' build argument 'cmake_target_skip_unavailable' from command line to 'False'
[-1785376285398467328.000s] Level 5:colcon.colcon_core.verb:set package 'vision_stack' build argument 'cmake_clean_cache' from command line to 'False'
[-1785376285398467328.000s] Level 5:colcon.colcon_core.verb:set package 'vision_stack' build argument 'cmake_clean_first' from command line to 'False'
[-1785376285398467328.000s] Level 5:colcon.colcon_core.verb:set package 'vision_stack' build argument 'cmake_force_configure' from command line to 'False'
[-1785376285398467328.000s] Level 5:colcon.colcon_core.verb:set package 'vision_stack' build argument 'ament_cmake_args' from command line to 'None'
[-1785376285398467328.000s] Level 5:colcon.colcon_core.verb:set package 'vision_stack' build argument 'catkin_cmake_args' from command line to 'None'
[-1785376285398467328.000s] Level 5:colcon.colcon_core.verb:set package 'vision_stack' build argument 'catkin_skip_building_tests' from command line to 'False'
[-1785376285398467328.000s] DEBUG:colcon.colcon_core.verb:Building package 'vision_stack' with the following arguments: {'ament_cmake_args': None, 'build_base': '/home/public/MSE112_MPi5_Hiwonder_ROS2/ros2ws/build/vision_stack', 'catkin_cmake_args': None, 'catkin_skip_building_tests': False, 'cmake_args': None, 'cmake_clean_cache': False, 'cmake_clean_first': False, 'cmake_force_configure': False, 'cmake_target': None, 'cmake_target_skip_unavailable': False, 'install_base': '/home/public/MSE112_MPi5_Hiwonder_ROS2/ros2ws/install/vision_stack', 'merge_install': False, 'path': '/home/public/MSE112_MPi5_Hiwonder_ROS2/ros2ws/src/vision_stack', 'symlink_install': True, 'test_result_base': None}
[-1785376285398467328.000s] INFO:colcon.colcon_core.executor:Executing jobs using 'parallel' executor
[-1785376285398467328.000s] DEBUG:colcon.colcon_parallel_executor.executor.parallel:run_until_complete
[-1785376285398467328.000s] INFO:colcon.colcon_ros.task.ament_python.build:Building ROS package in '/home/public/MSE112_MPi5_Hiwonder_ROS2/ros2ws/src/core' with build type 'ament_python'
[-1785376285398467328.000s] Level 1:colcon.colcon_core.shell:create_environment_hook('core', 'ament_prefix_path')
[-1785376285398467328.000s] INFO:colcon.colcon_core.plugin_system:Skipping extension 'colcon_core.shell.bat': Not used on non-Windows systems
[-1785376285398467328.000s] INFO:colcon.colcon_core.shell:Creating environment hook '/home/public/MSE112_MPi5_Hiwonder_ROS2/ros2ws/install/core/share/core/hook/ament_prefix_path.ps1'
[-1785376285398467328.000s] INFO:colcon.colcon_core.shell:Creating environment descriptor '/home/public/MSE112_MPi5_Hiwonder_ROS2/ros2ws/install/core/share/core/hook/ament_prefix_path.dsv'
[-1785376285398467328.000s] INFO:colcon.colcon_core.shell:Creating environment hook '/home/public/MSE112_MPi5_Hiwonder_ROS2/ros2ws/install/core/share/core/hook/ament_prefix_path.sh'
[-1785376285398467328.000s] INFO:colcon.colcon_core.shell:Skip shell extension 'powershell' for command environment: Not usable outside of PowerShell
[-1785376285398467328.000s] DEBUG:colcon.colcon_core.shell:Skip shell extension 'dsv' for command environment
[-1785376285398467328.000s] INFO:colcon.colcon_ros.task.ament_python.build:Building ROS package in '/home/public/MSE112_MPi5_Hiwonder_ROS2/ros2ws/src/hiwonder_board' with build type 'ament_python'
[-1785376285398467328.000s] Level 1:colcon.colcon_core.shell:create_environment_hook('hiwonder_board', 'ament_prefix_path')
[-1785376285398467328.000s] INFO:colcon.colcon_core.shell:Creating environment hook '/home/public/MSE112_MPi5_Hiwonder_ROS2/ros2ws/install/hiwonder_board/share/hiwonder_board/hook/ament_prefix_path.ps1'
[-1785376285398467328.000s] INFO:colcon.colcon_core.shell:Creating environment descriptor '/home/public/MSE112_MPi5_Hiwonder_ROS2/ros2ws/install/hiwonder_board/share/hiwonder_board/hook/ament_prefix_path.dsv'
[-1785376285398467328.000s] INFO:colcon.colcon_core.shell:Creating environment hook '/home/public/MSE112_MPi5_Hiwonder_ROS2/ros2ws/install/hiwonder_board/share/hiwonder_board/hook/ament_prefix_path.sh'
[-1785376285398467328.000s] INFO:colcon.colcon_core.shell:Skip shell extension 'powershell' for command environment: Not usable outside of PowerShell
[-1785376285398467328.000s] DEBUG:colcon.colcon_core.shell:Skip shell extension 'dsv' for command environment
[-1785376285398467328.000s] INFO:colcon.colcon_ros.task.ament_python.build:Building ROS package in '/home/public/MSE112_MPi5_Hiwonder_ROS2/ros2ws/src/vision_stack' with build type 'ament_python'
[-1785376285398467328.000s] Level 1:colcon.colcon_core.shell:create_environment_hook('vision_stack', 'ament_prefix_path')
[-1785376285398467328.000s] INFO:colcon.colcon_core.shell:Creating environment hook '/home/public/MSE112_MPi5_Hiwonder_ROS2/ros2ws/install/vision_stack/share/vision_stack/hook/ament_prefix_path.ps1'
[-1785376285398467328.000s] INFO:colcon.colcon_core.shell:Creating environment descriptor '/home/public/MSE112_MPi5_Hiwonder_ROS2/ros2ws/install/vision_stack/share/vision_stack/hook/ament_prefix_path.dsv'
[-1785376285398467328.000s] INFO:colcon.colcon_core.shell:Creating environment hook '/home/public/MSE112_MPi5_Hiwonder_ROS2/ros2ws/install/vision_stack/share/vision_stack/hook/ament_prefix_path.sh'
[-1785376285398467328.000s] INFO:colcon.colcon_core.shell:Skip shell extension 'powershell' for command environment: Not usable outside of PowerShell
[-1785376285398467328.000s] DEBUG:colcon.colcon_core.shell:Skip shell extension 'dsv' for command environment
[-1785376285398467328.000s] INFO:colcon.colcon_core.task.python.build:Building Python package in '/home/public/MSE112_MPi5_Hiwonder_ROS2/ros2ws/src/core'
[-1785376285398467328.000s] INFO:colcon.colcon_core.shell:Skip shell extension 'powershell' for command environment: Not usable outside of PowerShell
[-1785376285398467328.000s] DEBUG:colcon.colcon_core.shell:Skip shell extension 'dsv' for command environment
[-1785376285398467328.000s] INFO:colcon.colcon_core.task.python.build:Building Python package in '/home/public/MSE112_MPi5_Hiwonder_ROS2/ros2ws/src/hiwonder_board'
[-1785376285398467328.000s] INFO:colcon.colcon_core.shell:Skip shell extension 'powershell' for command environment: Not usable outside of PowerShell
[-1785376285398467328.000s] DEBUG:colcon.colcon_core.shell:Skip shell extension 'dsv' for command environment
[-1785376285398467328.000s] INFO:colcon.colcon_core.task.python.build:Building Python package in '/home/public/MSE112_MPi5_Hiwonder_ROS2/ros2ws/src/vision_stack'
[-1785376285398467328.000s] INFO:colcon.colcon_core.shell:Skip shell extension 'powershell' for command environment: Not usable outside of PowerShell
[-1785376285398467328.000s] DEBUG:colcon.colcon_core.shell:Skip shell extension 'dsv' for command environment
[-1785376285398467328.000s] DEBUG:colcon.colcon_core.task.python.build:Available setuptools commands: install_data, bdist_egg, editable_wheel, dist_info, easy_install, build_py, build_scripts, rotate, extract_messages, saveopts, build_ext, update_catalog, check, bdist_rpm, develop, install_headers, sdist, install_egg_info, bdist_wheel, build, install_scripts, symlink_data, install, build_clib, egg_info, clean, setopt, install_lib, alias, bdist, compile_catalog, bdist_dumb, init_catalog
[-1785376285398467328.000s] DEBUG:colcon.colcon_core.task.python.build:Available setuptools commands: install_data, bdist_egg, editable_wheel, dist_info, easy_install, build_py, build_scripts, rotate, extract_messages, saveopts, build_ext, update_catalog, check, bdist_rpm, develop, install_headers, sdist, install_egg_info, bdist_wheel, build, install_scripts, symlink_data, install, build_clib, egg_info, clean, setopt, install_lib, alias, bdist, compile_catalog, bdist_dumb, init_catalog
[-1785376285398467328.000s] DEBUG:colcon.colcon_core.task.python.build:Available setuptools commands: install_data, bdist_egg, editable_wheel, dist_info, easy_install, build_py, build_scripts, rotate, extract_messages, saveopts, build_ext, update_catalog, check, bdist_rpm, develop, install_headers, sdist, install_egg_info, bdist_wheel, build, install_scripts, symlink_data, install, build_clib, egg_info, clean, setopt, install_lib, alias, bdist, compile_catalog, bdist_dumb, init_catalog
[-1785376285398467328.000s] DEBUG:colcon.colcon_core.task.python.build:Available setuptools 'develop' options: --help, --install-dir, --no-find-links, --index-url, --build-directory, --force-installation-into-system-dir, --multi-version, --allow-hosts, --quiet, --uninstall, --zip-ok, --always-unzip, --find-links, --script-dir, --version, --user, --exclude-scripts, --no-user-cfg, --no-deps, --site-dirs, --local-snapshots-ok, --optimize, --record, --egg-path, --dry-run, --verbose, --prefix, --always-copy, --editable, --upgrade, --install-layout
[-1785376285398467328.000s] DEBUG:colcon.colcon_core.event_handler.log_command:Invoking command in '/home/public/MSE112_MPi5_Hiwonder_ROS2/ros2ws/build/vision_stack': DEBUGINFOD_URLS=https://debuginfod.ubuntu.com PYTHONPATH=/home/public/MSE112_MPi5_Hiwonder_ROS2/ros2ws/build/vision_stack/prefix_override:/usr/lib/python3/dist-packages/colcon_core/task/python/colcon_distutils_commands:/home/public/MSE112_MPi5_Hiwonder_ROS2/ros2ws/install/vision_stack/lib/python3.14/site-packages:${PYTHONPATH} /usr/bin/python3 -W ignore:setup.py install is deprecated -W ignore:easy_install command is deprecated setup.py develop --editable --build-directory /home/public/MSE112_MPi5_Hiwonder_ROS2/ros2ws/build/vision_stack/build --no-deps symlink_data
[-1785376285398467328.000s] DEBUG:colcon.colcon_core.task.python.build:Available setuptools 'develop' options: --help, --install-dir, --no-find-links, --index-url, --build-directory, --force-installation-into-system-dir, --multi-version, --allow-hosts, --quiet, --uninstall, --zip-ok, --always-unzip, --find-links, --script-dir, --version, --user, --exclude-scripts, --no-user-cfg, --no-deps, --site-dirs, --local-snapshots-ok, --optimize, --record, --egg-path, --dry-run, --verbose, --prefix, --always-copy, --editable, --upgrade, --install-layout
[-1785376285398467328.000s] DEBUG:colcon.colcon_core.event_handler.log_command:Invoking command in '/home/public/MSE112_MPi5_Hiwonder_ROS2/ros2ws/build/hiwonder_board': DEBUGINFOD_URLS=https://debuginfod.ubuntu.com PYTHONPATH=/home/public/MSE112_MPi5_Hiwonder_ROS2/ros2ws/build/hiwonder_board/prefix_override:/usr/lib/python3/dist-packages/colcon_core/task/python/colcon_distutils_commands:/home/public/MSE112_MPi5_Hiwonder_ROS2/ros2ws/install/hiwonder_board/lib/python3.14/site-packages:${PYTHONPATH} /usr/bin/python3 -W ignore:setup.py install is deprecated -W ignore:easy_install command is deprecated setup.py develop --editable --build-directory /home/public/MSE112_MPi5_Hiwonder_ROS2/ros2ws/build/hiwonder_board/build --no-deps symlink_data
[-1785376285398467328.000s] DEBUG:colcon.colcon_core.task.python.build:Available setuptools 'develop' options: --help, --install-dir, --no-find-links, --index-url, --build-directory, --force-installation-into-system-dir, --multi-version, --allow-hosts, --quiet, --uninstall, --zip-ok, --always-unzip, --find-links, --script-dir, --version, --user, --exclude-scripts, --no-user-cfg, --no-deps, --site-dirs, --local-snapshots-ok, --optimize, --record, --egg-path, --dry-run, --verbose, --prefix, --always-copy, --editable, --upgrade, --install-layout
[-1785376285398467328.000s] DEBUG:colcon.colcon_core.event_handler.log_command:Invoking command in '/home/public/MSE112_MPi5_Hiwonder_ROS2/ros2ws/build/core': DEBUGINFOD_URLS=https://debuginfod.ubuntu.com PYTHONPATH=/home/public/MSE112_MPi5_Hiwonder_ROS2/ros2ws/build/core/prefix_override:/usr/lib/python3/dist-packages/colcon_core/task/python/colcon_distutils_commands:/home/public/MSE112_MPi5_Hiwonder_ROS2/ros2ws/install/core/lib/python3.14/site-packages:${PYTHONPATH} /usr/bin/python3 -W ignore:setup.py install is deprecated -W ignore:easy_install command is deprecated setup.py develop --editable --build-directory /home/public/MSE112_MPi5_Hiwonder_ROS2/ros2ws/build/core/build --no-deps symlink_data
[-1785376285398467328.000s] Level 1:colcon.colcon_core.shell:create_environment_hook('vision_stack', 'pythonpath_develop')
[-1785376285398467328.000s] INFO:colcon.colcon_core.shell:Creating environment hook '/home/public/MSE112_MPi5_Hiwonder_ROS2/ros2ws/build/vision_stack/share/vision_stack/hook/pythonpath_develop.ps1'
[-1785376285398467328.000s] DEBUG:colcon.colcon_core.event_handler.log_command:Invoked command in '/home/public/MSE112_MPi5_Hiwonder_ROS2/ros2ws/build/vision_stack' returned '0': DEBUGINFOD_URLS=https://debuginfod.ubuntu.com PYTHONPATH=/home/public/MSE112_MPi5_Hiwonder_ROS2/ros2ws/build/vision_stack/prefix_override:/usr/lib/python3/dist-packages/colcon_core/task/python/colcon_distutils_commands:/home/public/MSE112_MPi5_Hiwonder_ROS2/ros2ws/install/vision_stack/lib/python3.14/site-packages:${PYTHONPATH} /usr/bin/python3 -W ignore:setup.py install is deprecated -W ignore:easy_install command is deprecated setup.py develop --editable --build-directory /home/public/MSE112_MPi5_Hiwonder_ROS2/ros2ws/build/vision_stack/build --no-deps symlink_data
[-1785376285398467328.000s] INFO:colcon.colcon_core.shell:Creating environment descriptor '/home/public/MSE112_MPi5_Hiwonder_ROS2/ros2ws/build/vision_stack/share/vision_stack/hook/pythonpath_develop.dsv'
[-1785376285398467328.000s] INFO:colcon.colcon_core.shell:Creating environment hook '/home/public/MSE112_MPi5_Hiwonder_ROS2/ros2ws/build/vision_stack/share/vision_stack/hook/pythonpath_develop.sh'
[-1785376285398467328.000s] Level 1:colcon.colcon_core.environment:checking '/home/public/MSE112_MPi5_Hiwonder_ROS2/ros2ws/install/vision_stack' for CMake module files
[-1785376285398467328.000s] Level 1:colcon.colcon_core.environment:checking '/home/public/MSE112_MPi5_Hiwonder_ROS2/ros2ws/install/vision_stack' for CMake config files
[-1785376285398467328.000s] Level 1:colcon.colcon_core.environment:checking '/home/public/MSE112_MPi5_Hiwonder_ROS2/ros2ws/install/vision_stack/lib'
[-1785376285398467328.000s] Level 1:colcon.colcon_core.environment:checking '/home/public/MSE112_MPi5_Hiwonder_ROS2/ros2ws/install/vision_stack/bin'
[-1785376285398467328.000s] Level 1:colcon.colcon_core.environment:checking '/home/public/MSE112_MPi5_Hiwonder_ROS2/ros2ws/install/vision_stack/lib/pkgconfig/vision_stack.pc'
[-1785376285398467328.000s] Level 1:colcon.colcon_core.environment:checking '/home/public/MSE112_MPi5_Hiwonder_ROS2/ros2ws/install/vision_stack/lib/python3.14/site-packages'
[-1785376285398467328.000s] Level 1:colcon.colcon_core.shell:create_environment_hook('vision_stack', 'pythonpath')
[-1785376285398467328.000s] INFO:colcon.colcon_core.shell:Creating environment hook '/home/public/MSE112_MPi5_Hiwonder_ROS2/ros2ws/install/vision_stack/share/vision_stack/hook/pythonpath.ps1'
[-1785376285398467328.000s] INFO:colcon.colcon_core.shell:Creating environment descriptor '/home/public/MSE112_MPi5_Hiwonder_ROS2/ros2ws/install/vision_stack/share/vision_stack/hook/pythonpath.dsv'
[-1785376285398467328.000s] INFO:colcon.colcon_core.shell:Creating environment hook '/home/public/MSE112_MPi5_Hiwonder_ROS2/ros2ws/install/vision_stack/share/vision_stack/hook/pythonpath.sh'
[-1785376285398467328.000s] Level 1:colcon.colcon_core.environment:checking '/home/public/MSE112_MPi5_Hiwonder_ROS2/ros2ws/install/vision_stack/bin'
[-1785376285398467328.000s] Level 1:colcon.colcon_core.environment:create_environment_scripts_only(vision_stack)
[-1785376285398467328.000s] INFO:colcon.colcon_core.shell:Creating package script '/home/public/MSE112_MPi5_Hiwonder_ROS2/ros2ws/install/vision_stack/share/vision_stack/package.ps1'
[-1785376285398467328.000s] INFO:colcon.colcon_core.shell:Creating package descriptor '/home/public/MSE112_MPi5_Hiwonder_ROS2/ros2ws/install/vision_stack/share/vision_stack/package.dsv'
[-1785376285398467328.000s] INFO:colcon.colcon_core.shell:Creating package script '/home/public/MSE112_MPi5_Hiwonder_ROS2/ros2ws/install/vision_stack/share/vision_stack/package.sh'
[-1785376285398467328.000s] INFO:colcon.colcon_core.shell:Creating package script '/home/public/MSE112_MPi5_Hiwonder_ROS2/ros2ws/install/vision_stack/share/vision_stack/package.bash'
[-1785376285398467328.000s] INFO:colcon.colcon_core.shell:Creating package script '/home/public/MSE112_MPi5_Hiwonder_ROS2/ros2ws/install/vision_stack/share/vision_stack/package.zsh'
[-1785376285398467328.000s] Level 1:colcon.colcon_core.environment:create_file_with_runtime_dependencies(/home/public/MSE112_MPi5_Hiwonder_ROS2/ros2ws/install/vision_stack/share/colcon-core/packages/vision_stack)
[-1785376285398467328.000s] Level 1:colcon.colcon_core.shell:create_environment_hook('core', 'pythonpath_develop')
[-1785376285398467328.000s] INFO:colcon.colcon_core.shell:Creating environment hook '/home/public/MSE112_MPi5_Hiwonder_ROS2/ros2ws/build/core/share/core/hook/pythonpath_develop.ps1'
[-1785376285398467328.000s] DEBUG:colcon.colcon_core.event_handler.log_command:Invoked command in '/home/public/MSE112_MPi5_Hiwonder_ROS2/ros2ws/build/core' returned '0': DEBUGINFOD_URLS=https://debuginfod.ubuntu.com PYTHONPATH=/home/public/MSE112_MPi5_Hiwonder_ROS2/ros2ws/build/core/prefix_override:/usr/lib/python3/dist-packages/colcon_core/task/python/colcon_distutils_commands:/home/public/MSE112_MPi5_Hiwonder_ROS2/ros2ws/install/core/lib/python3.14/site-packages:${PYTHONPATH} /usr/bin/python3 -W ignore:setup.py install is deprecated -W ignore:easy_install command is deprecated setup.py develop --editable --build-directory /home/public/MSE112_MPi5_Hiwonder_ROS2/ros2ws/build/core/build --no-deps symlink_data
[-1785376285398467328.000s] INFO:colcon.colcon_core.shell:Creating environment descriptor '/home/public/MSE112_MPi5_Hiwonder_ROS2/ros2ws/build/core/share/core/hook/pythonpath_develop.dsv'
[-1785376285398467328.000s] INFO:colcon.colcon_core.shell:Creating environment hook '/home/public/MSE112_MPi5_Hiwonder_ROS2/ros2ws/build/core/share/core/hook/pythonpath_develop.sh'
[-1785376285398467328.000s] Level 1:colcon.colcon_core.environment:checking '/home/public/MSE112_MPi5_Hiwonder_ROS2/ros2ws/install/core' for CMake module files
[-1785376285398467328.000s] Level 1:colcon.colcon_core.environment:checking '/home/public/MSE112_MPi5_Hiwonder_ROS2/ros2ws/install/core' for CMake config files
[-1785376285398467328.000s] Level 1:colcon.colcon_core.environment:checking '/home/public/MSE112_MPi5_Hiwonder_ROS2/ros2ws/install/core/lib'
[-1785376285398467328.000s] Level 1:colcon.colcon_core.environment:checking '/home/public/MSE112_MPi5_Hiwonder_ROS2/ros2ws/install/core/bin'
[-1785376285398467328.000s] Level 1:colcon.colcon_core.environment:checking '/home/public/MSE112_MPi5_Hiwonder_ROS2/ros2ws/install/core/lib/pkgconfig/core.pc'
[-1785376285398467328.000s] Level 1:colcon.colcon_core.environment:checking '/home/public/MSE112_MPi5_Hiwonder_ROS2/ros2ws/install/core/lib/python3.14/site-packages'
[-1785376285398467328.000s] Level 1:colcon.colcon_core.shell:create_environment_hook('core', 'pythonpath')
[-1785376285398467328.000s] INFO:colcon.colcon_core.shell:Creating environment hook '/home/public/MSE112_MPi5_Hiwonder_ROS2/ros2ws/install/core/share/core/hook/pythonpath.ps1'
[-1785376285398467328.000s] INFO:colcon.colcon_core.shell:Creating environment descriptor '/home/public/MSE112_MPi5_Hiwonder_ROS2/ros2ws/install/core/share/core/hook/pythonpath.dsv'
[-1785376285398467328.000s] INFO:colcon.colcon_core.shell:Creating environment hook '/home/public/MSE112_MPi5_Hiwonder_ROS2/ros2ws/install/core/share/core/hook/pythonpath.sh'
[-1785376285398467328.000s] Level 1:colcon.colcon_core.environment:checking '/home/public/MSE112_MPi5_Hiwonder_ROS2/ros2ws/install/core/bin'
[-1785376285398467328.000s] Level 1:colcon.colcon_core.environment:create_environment_scripts_only(core)
[-1785376285398467328.000s] INFO:colcon.colcon_core.shell:Creating package script '/home/public/MSE112_MPi5_Hiwonder_ROS2/ros2ws/install/core/share/core/package.ps1'
[-1785376285398467328.000s] INFO:colcon.colcon_core.shell:Creating package descriptor '/home/public/MSE112_MPi5_Hiwonder_ROS2/ros2ws/install/core/share/core/package.dsv'
[-1785376285398467328.000s] INFO:colcon.colcon_core.shell:Creating package script '/home/public/MSE112_MPi5_Hiwonder_ROS2/ros2ws/install/core/share/core/package.sh'
[-1785376285398467328.000s] INFO:colcon.colcon_core.shell:Creating package script '/home/public/MSE112_MPi5_Hiwonder_ROS2/ros2ws/install/core/share/core/package.bash'
[-1785376285398467328.000s] INFO:colcon.colcon_core.shell:Creating package script '/home/public/MSE112_MPi5_Hiwonder_ROS2/ros2ws/install/core/share/core/package.zsh'
[-1785376285398467328.000s] Level 1:colcon.colcon_core.environment:create_file_with_runtime_dependencies(/home/public/MSE112_MPi5_Hiwonder_ROS2/ros2ws/install/core/share/colcon-core/packages/core)
[-1785376285398467328.000s] Level 1:colcon.colcon_core.shell:create_environment_hook('hiwonder_board', 'pythonpath_develop')
[-1785376285398467328.000s] INFO:colcon.colcon_core.shell:Creating environment hook '/home/public/MSE112_MPi5_Hiwonder_ROS2/ros2ws/build/hiwonder_board/share/hiwonder_board/hook/pythonpath_develop.ps1'
[-1785376285398467328.000s] DEBUG:colcon.colcon_core.event_handler.log_command:Invoked command in '/home/public/MSE112_MPi5_Hiwonder_ROS2/ros2ws/build/hiwonder_board' returned '0': DEBUGINFOD_URLS=https://debuginfod.ubuntu.com PYTHONPATH=/home/public/MSE112_MPi5_Hiwonder_ROS2/ros2ws/build/hiwonder_board/prefix_override:/usr/lib/python3/dist-packages/colcon_core/task/python/colcon_distutils_commands:/home/public/MSE112_MPi5_Hiwonder_ROS2/ros2ws/install/hiwonder_board/lib/python3.14/site-packages:${PYTHONPATH} /usr/bin/python3 -W ignore:setup.py install is deprecated -W ignore:easy_install command is deprecated setup.py develop --editable --build-directory /home/public/MSE112_MPi5_Hiwonder_ROS2/ros2ws/build/hiwonder_board/build --no-deps symlink_data
[-1785376285398467328.000s] INFO:colcon.colcon_core.shell:Creating environment descriptor '/home/public/MSE112_MPi5_Hiwonder_ROS2/ros2ws/build/hiwonder_board/share/hiwonder_board/hook/pythonpath_develop.dsv'
[-1785376285398467328.000s] INFO:colcon.colcon_core.shell:Creating environment hook '/home/public/MSE112_MPi5_Hiwonder_ROS2/ros2ws/build/hiwonder_board/share/hiwonder_board/hook/pythonpath_develop.sh'
[-1785376285398467328.000s] Level 1:colcon.colcon_core.environment:checking '/home/public/MSE112_MPi5_Hiwonder_ROS2/ros2ws/install/hiwonder_board' for CMake module files
[-1785376285398467328.000s] Level 1:colcon.colcon_core.environment:checking '/home/public/MSE112_MPi5_Hiwonder_ROS2/ros2ws/install/hiwonder_board' for CMake config files
[-1785376285398467328.000s] Level 1:colcon.colcon_core.environment:checking '/home/public/MSE112_MPi5_Hiwonder_ROS2/ros2ws/install/hiwonder_board/lib'
[-1785376285398467328.000s] Level 1:colcon.colcon_core.environment:checking '/home/public/MSE112_MPi5_Hiwonder_ROS2/ros2ws/install/hiwonder_board/bin'
[-1785376285398467328.000s] Level 1:colcon.colcon_core.environment:checking '/home/public/MSE112_MPi5_Hiwonder_ROS2/ros2ws/install/hiwonder_board/lib/pkgconfig/hiwonder_board.pc'
[-1785376285398467328.000s] Level 1:colcon.colcon_core.environment:checking '/home/public/MSE112_MPi5_Hiwonder_ROS2/ros2ws/install/hiwonder_board/lib/python3.14/site-packages'
[-1785376285398467328.000s] Level 1:colcon.colcon_core.shell:create_environment_hook('hiwonder_board', 'pythonpath')
[-1785376285398467328.000s] INFO:colcon.colcon_core.shell:Creating environment hook '/home/public/MSE112_MPi5_Hiwonder_ROS2/ros2ws/install/hiwonder_board/share/hiwonder_board/hook/pythonpath.ps1'
[-1785376285398467328.000s] INFO:colcon.colcon_core.shell:Creating environment descriptor '/home/public/MSE112_MPi5_Hiwonder_ROS2/ros2ws/install/hiwonder_board/share/hiwonder_board/hook/pythonpath.dsv'
[-1785376285398467328.000s] INFO:colcon.colcon_core.shell:Creating environment hook '/home/public/MSE112_MPi5_Hiwonder_ROS2/ros2ws/install/hiwonder_board/share/hiwonder_board/hook/pythonpath.sh'
[-1785376285398467328.000s] Level 1:colcon.colcon_core.environment:checking '/home/public/MSE112_MPi5_Hiwonder_ROS2/ros2ws/install/hiwonder_board/bin'
[-1785376285398467328.000s] Level 1:colcon.colcon_core.environment:create_environment_scripts_only(hiwonder_board)
[-1785376285398467328.000s] INFO:colcon.colcon_core.shell:Creating package script '/home/public/MSE112_MPi5_Hiwonder_ROS2/ros2ws/install/hiwonder_board/share/hiwonder_board/package.ps1'
[-1785376285398467328.000s] INFO:colcon.colcon_core.shell:Creating package descriptor '/home/public/MSE112_MPi5_Hiwonder_ROS2/ros2ws/install/hiwonder_board/share/hiwonder_board/package.dsv'
[-1785376285398467328.000s] INFO:colcon.colcon_core.shell:Creating package script '/home/public/MSE112_MPi5_Hiwonder_ROS2/ros2ws/install/hiwonder_board/share/hiwonder_board/package.sh'
[-1785376285398467328.000s] INFO:colcon.colcon_core.shell:Creating package script '/home/public/MSE112_MPi5_Hiwonder_ROS2/ros2ws/install/hiwonder_board/share/hiwonder_board/package.bash'
[-1785376285398467328.000s] INFO:colcon.colcon_core.shell:Creating package script '/home/public/MSE112_MPi5_Hiwonder_ROS2/ros2ws/install/hiwonder_board/share/hiwonder_board/package.zsh'
[-1785376285398467328.000s] Level 1:colcon.colcon_core.environment:create_file_with_runtime_dependencies(/home/public/MSE112_MPi5_Hiwonder_ROS2/ros2ws/install/hiwonder_board/share/colcon-core/packages/hiwonder_board)
[-1785376285398467328.000s] DEBUG:colcon.colcon_parallel_executor.executor.parallel:closing loop
[-1785376285398467328.000s] DEBUG:colcon.colcon_parallel_executor.executor.parallel:loop closed
[-1785376285398467328.000s] DEBUG:colcon.colcon_parallel_executor.executor.parallel:run_until_complete finished with '0'
[-1785376285398467328.000s] DEBUG:colcon.colcon_core.event_reactor:joining thread
[-1785376285398467328.000s] INFO:colcon.colcon_core.plugin_system:Skipping extension 'colcon_notification.desktop_notification.terminal_notifier': Not used on non-Darwin systems
[-1785376285398467328.000s] INFO:colcon.colcon_core.plugin_system:Skipping extension 'colcon_notification.desktop_notification.win32': Not used on non-Windows systems
[-1785376285398467328.000s] INFO:colcon.colcon_notification.desktop_notification:Sending desktop notification using 'notify2'
[-1785376285398467328.000s] DEBUG:colcon.colcon_core.event_reactor:joined thread
[-1785376285398467328.000s] INFO:colcon.colcon_core.shell:Creating prefix script '/home/public/MSE112_MPi5_Hiwonder_ROS2/ros2ws/install/local_setup.ps1'
[-1785376285398467328.000s] INFO:colcon.colcon_core.shell:Creating prefix util module '/home/public/MSE112_MPi5_Hiwonder_ROS2/ros2ws/install/_local_setup_util_ps1.py'
[-1785376285398467328.000s] INFO:colcon.colcon_core.shell:Creating prefix chain script '/home/public/MSE112_MPi5_Hiwonder_ROS2/ros2ws/install/setup.ps1'
[-1785376285398467328.000s] INFO:colcon.colcon_core.shell:Creating prefix script '/home/public/MSE112_MPi5_Hiwonder_ROS2/ros2ws/install/local_setup.sh'
[-1785376285398467328.000s] INFO:colcon.colcon_core.shell:Creating prefix util module '/home/public/MSE112_MPi5_Hiwonder_ROS2/ros2ws/install/_local_setup_util_sh.py'
[-1785376285398467328.000s] INFO:colcon.colcon_core.shell:Creating prefix chain script '/home/public/MSE112_MPi5_Hiwonder_ROS2/ros2ws/install/setup.sh'
[-1785376285398467328.000s] INFO:colcon.colcon_core.shell:Creating prefix script '/home/public/MSE112_MPi5_Hiwonder_ROS2/ros2ws/install/local_setup.bash'
[-1785376285398467328.000s] INFO:colcon.colcon_core.shell:Creating prefix chain script '/home/public/MSE112_MPi5_Hiwonder_ROS2/ros2ws/install/setup.bash'
[-1785376285398467328.000s] INFO:colcon.colcon_core.shell:Creating prefix script '/home/public/MSE112_MPi5_Hiwonder_ROS2/ros2ws/install/local_setup.zsh'
[-1785376285398467328.000s] INFO:colcon.colcon_core.shell:Creating prefix chain script '/home/public/MSE112_MPi5_Hiwonder_ROS2/ros2ws/install/setup.zsh'
