[0.120s] Invoking command in '/home/public/ros2ws/build/examples_rclcpp_minimal_service': CMAKE_PREFIX_PATH=${CMAKE_PREFIX_PATH}:/home/public/ros2ws/install/opencv2_nodes:/home/public/ros2ws/install/launch_testing_examples:/home/public/ros2ws/install/hiwonder_board:/home/public/ros2ws/install/examples_rclpy_pointcloud_publisher:/home/public/ros2ws/install/examples_rclpy_minimal_subscriber:/home/public/ros2ws/install/examples_rclpy_minimal_service:/home/public/ros2ws/install/examples_rclpy_minimal_publisher:/home/public/ros2ws/install/examples_rclpy_minimal_client:/home/public/ros2ws/install/examples_rclpy_minimal_action_server:/home/public/ros2ws/install/examples_rclpy_minimal_action_client:/home/public/ros2ws/install/examples_rclpy_guard_conditions:/home/public/ros2ws/install/examples_rclpy_executors:/home/public/ros2ws/install/controls_core:/opt/ros/lyrical DEBUGINFOD_URLS=https://debuginfod.ubuntu.com /usr/bin/cmake --build /home/public/ros2ws/build/examples_rclcpp_minimal_service -- -j4 -l4
[0.195s] gmake: Warning: File 'Makefile' has modification time 1033 s in the future
[0.904s] -- Found ament_cmake: 2.8.7 (/opt/ros/lyrical/share/ament_cmake/cmake)
[2.942s] -- Override CMake install command with custom implementation using symlinks instead of copying resources
[3.104s] -- Found example_interfaces: 0.14.1 (/opt/ros/lyrical/share/example_interfaces/cmake)
[3.449s] -- Found rosidl_generator_c: 5.2.1 (/opt/ros/lyrical/share/rosidl_generator_c/cmake)
[3.611s] -- Found rosidl_generator_cpp: 5.2.1 (/opt/ros/lyrical/share/rosidl_generator_cpp/cmake)
[3.809s] -- Using all available rosidl_typesupport_c: rosidl_typesupport_fastrtps_c;rosidl_typesupport_introspection_c
[3.999s] -- Using all available rosidl_typesupport_cpp: rosidl_typesupport_fastrtps_cpp;rosidl_typesupport_introspection_cpp
[4.874s] -- Found rclcpp: 32.0.0 (/opt/ros/lyrical/share/rclcpp/cmake)
[5.152s] -- Found rmw_implementation_cmake: 7.10.1 (/opt/ros/lyrical/share/rmw_implementation_cmake/cmake)
[5.177s] -- Found rmw_fastrtps_cpp: 9.4.8 (/opt/ros/lyrical/share/rmw_fastrtps_cpp/cmake)
[5.482s] -- Using RMW implementation 'rmw_fastrtps_cpp' as default
[6.229s] -- Found ament_lint_auto: 0.20.6 (/opt/ros/lyrical/share/ament_lint_auto/cmake)
[7.570s] -- Added test 'copyright' to check source files copyright and LICENSE
[7.577s] -- Added test 'cppcheck' to perform static code analysis on C / C++ code
[7.578s] -- Configured cppcheck include dirs: 
[7.578s] -- Configured cppcheck exclude dirs and/or files: 
[7.589s] -- Added test 'cpplint' to check C / C++ code against the Google style
[7.591s] -- Configured cpplint exclude dirs and/or files: 
[7.591s] -- Added test 'lint_cmake' to check CMake code style
[7.602s] -- Added test 'uncrustify' to check C / C++ code style
[7.602s] -- Configured uncrustify additional arguments: 
[7.602s] -- Added test 'xmllint' to check XML markup files
[7.628s] -- Configuring done (7.2s)
[7.934s] -- Generating done (0.3s)
[8.366s] -- Build files have been written to: /home/public/ros2ws/build/examples_rclcpp_minimal_service
[8.434s] gmake[2]: Warning: File 'CMakeFiles/service_main.dir/build.make' has modification time 7875637 s in the future
[8.561s] gmake[2]: warning:  Clock skew detected.  Your build may be incomplete.
[8.585s] gmake[2]: Warning: File 'CMakeFiles/service_main.dir/build.make' has modification time 7875637 s in the future
[8.591s] gmake[2]: warning:  Clock skew detected.  Your build may be incomplete.
[8.638s] [100%] Built target service_main
[8.711s] gmake: warning:  Clock skew detected.  Your build may be incomplete.
[8.735s] Invoked command in '/home/public/ros2ws/build/examples_rclcpp_minimal_service' returned '0': CMAKE_PREFIX_PATH=${CMAKE_PREFIX_PATH}:/home/public/ros2ws/install/opencv2_nodes:/home/public/ros2ws/install/launch_testing_examples:/home/public/ros2ws/install/hiwonder_board:/home/public/ros2ws/install/examples_rclpy_pointcloud_publisher:/home/public/ros2ws/install/examples_rclpy_minimal_subscriber:/home/public/ros2ws/install/examples_rclpy_minimal_service:/home/public/ros2ws/install/examples_rclpy_minimal_publisher:/home/public/ros2ws/install/examples_rclpy_minimal_client:/home/public/ros2ws/install/examples_rclpy_minimal_action_server:/home/public/ros2ws/install/examples_rclpy_minimal_action_client:/home/public/ros2ws/install/examples_rclpy_guard_conditions:/home/public/ros2ws/install/examples_rclpy_executors:/home/public/ros2ws/install/controls_core:/opt/ros/lyrical DEBUGINFOD_URLS=https://debuginfod.ubuntu.com /usr/bin/cmake --build /home/public/ros2ws/build/examples_rclcpp_minimal_service -- -j4 -l4
[8.743s] Invoking command in '/home/public/ros2ws/build/examples_rclcpp_minimal_service': CMAKE_PREFIX_PATH=${CMAKE_PREFIX_PATH}:/home/public/ros2ws/install/opencv2_nodes:/home/public/ros2ws/install/launch_testing_examples:/home/public/ros2ws/install/hiwonder_board:/home/public/ros2ws/install/examples_rclpy_pointcloud_publisher:/home/public/ros2ws/install/examples_rclpy_minimal_subscriber:/home/public/ros2ws/install/examples_rclpy_minimal_service:/home/public/ros2ws/install/examples_rclpy_minimal_publisher:/home/public/ros2ws/install/examples_rclpy_minimal_client:/home/public/ros2ws/install/examples_rclpy_minimal_action_server:/home/public/ros2ws/install/examples_rclpy_minimal_action_client:/home/public/ros2ws/install/examples_rclpy_guard_conditions:/home/public/ros2ws/install/examples_rclpy_executors:/home/public/ros2ws/install/controls_core:/opt/ros/lyrical DEBUGINFOD_URLS=https://debuginfod.ubuntu.com /usr/bin/cmake --install /home/public/ros2ws/build/examples_rclcpp_minimal_service
[8.799s] -- Install configuration: ""
[8.800s] -- Execute custom install script
[8.804s] -- Up-to-date symlink: /home/public/ros2ws/install/examples_rclcpp_minimal_service/lib/examples_rclcpp_minimal_service/service_main
[8.807s] -- Up-to-date symlink: /home/public/ros2ws/install/examples_rclcpp_minimal_service/share/ament_index/resource_index/package_run_dependencies/examples_rclcpp_minimal_service
[8.807s] -- Up-to-date symlink: /home/public/ros2ws/install/examples_rclcpp_minimal_service/share/ament_index/resource_index/parent_prefix_path/examples_rclcpp_minimal_service
[8.807s] -- Up-to-date symlink: /home/public/ros2ws/install/examples_rclcpp_minimal_service/share/examples_rclcpp_minimal_service/environment/ament_prefix_path.sh
[8.808s] -- Up-to-date symlink: /home/public/ros2ws/install/examples_rclcpp_minimal_service/share/examples_rclcpp_minimal_service/environment/ament_prefix_path.dsv
[8.820s] -- Up-to-date symlink: /home/public/ros2ws/install/examples_rclcpp_minimal_service/share/examples_rclcpp_minimal_service/environment/path.sh
[8.821s] -- Up-to-date symlink: /home/public/ros2ws/install/examples_rclcpp_minimal_service/share/examples_rclcpp_minimal_service/environment/path.dsv
[8.822s] -- Up-to-date symlink: /home/public/ros2ws/install/examples_rclcpp_minimal_service/share/examples_rclcpp_minimal_service/local_setup.bash
[8.823s] -- Up-to-date symlink: /home/public/ros2ws/install/examples_rclcpp_minimal_service/share/examples_rclcpp_minimal_service/local_setup.fish
[8.832s] -- Up-to-date symlink: /home/public/ros2ws/install/examples_rclcpp_minimal_service/share/examples_rclcpp_minimal_service/local_setup.sh
[8.832s] -- Up-to-date symlink: /home/public/ros2ws/install/examples_rclcpp_minimal_service/share/examples_rclcpp_minimal_service/local_setup.zsh
[8.833s] -- Up-to-date symlink: /home/public/ros2ws/install/examples_rclcpp_minimal_service/share/examples_rclcpp_minimal_service/local_setup.dsv
[8.840s] -- Symlinking: /home/public/ros2ws/install/examples_rclcpp_minimal_service/share/examples_rclcpp_minimal_service/package.dsv
[9.043s] -- Up-to-date symlink: /home/public/ros2ws/install/examples_rclcpp_minimal_service/share/ament_index/resource_index/packages/examples_rclcpp_minimal_service
[9.048s] -- Up-to-date symlink: /home/public/ros2ws/install/examples_rclcpp_minimal_service/share/examples_rclcpp_minimal_service/cmake/examples_rclcpp_minimal_serviceConfig.cmake
[9.051s] -- Up-to-date symlink: /home/public/ros2ws/install/examples_rclcpp_minimal_service/share/examples_rclcpp_minimal_service/cmake/examples_rclcpp_minimal_serviceConfig-version.cmake
[9.058s] -- Up-to-date symlink: /home/public/ros2ws/install/examples_rclcpp_minimal_service/share/examples_rclcpp_minimal_service/package.xml
[9.067s] Invoked command in '/home/public/ros2ws/build/examples_rclcpp_minimal_service' returned '0': CMAKE_PREFIX_PATH=${CMAKE_PREFIX_PATH}:/home/public/ros2ws/install/opencv2_nodes:/home/public/ros2ws/install/launch_testing_examples:/home/public/ros2ws/install/hiwonder_board:/home/public/ros2ws/install/examples_rclpy_pointcloud_publisher:/home/public/ros2ws/install/examples_rclpy_minimal_subscriber:/home/public/ros2ws/install/examples_rclpy_minimal_service:/home/public/ros2ws/install/examples_rclpy_minimal_publisher:/home/public/ros2ws/install/examples_rclpy_minimal_client:/home/public/ros2ws/install/examples_rclpy_minimal_action_server:/home/public/ros2ws/install/examples_rclpy_minimal_action_client:/home/public/ros2ws/install/examples_rclpy_guard_conditions:/home/public/ros2ws/install/examples_rclpy_executors:/home/public/ros2ws/install/controls_core:/opt/ros/lyrical DEBUGINFOD_URLS=https://debuginfod.ubuntu.com /usr/bin/cmake --install /home/public/ros2ws/build/examples_rclcpp_minimal_service
