[4.640s] Invoking command in '/home/public/MSE112_MPi5_Hiwonder_ROS2/ros2ws/src/hiwonder_board': DEBUGINFOD_URLS=https://debuginfod.ubuntu.com PYTHONPATH=/home/public/MSE112_MPi5_Hiwonder_ROS2/ros2ws/build/hiwonder_board/prefix_override:/usr/lib/python3/dist-packages/colcon_core/task/python/colcon_distutils_commands:/home/public/MSE112_MPi5_Hiwonder_ROS2/ros2ws/install/hiwonder_board/lib/python3.14/site-packages:${PYTHONPATH} /usr/bin/python3 -W ignore:setup.py install is deprecated -W ignore:easy_install command is deprecated setup.py egg_info --egg-base ../../build/hiwonder_board build --build-base /home/public/MSE112_MPi5_Hiwonder_ROS2/ros2ws/build/hiwonder_board/build install --record /home/public/MSE112_MPi5_Hiwonder_ROS2/ros2ws/build/hiwonder_board/install.log --install-scripts $base/lib/hiwonder_board --single-version-externally-managed install_data
[5.811s] running egg_info
[5.901s] creating ../../build/hiwonder_board/hiwonder_board.egg-info
[5.901s] writing ../../build/hiwonder_board/hiwonder_board.egg-info/PKG-INFO
[5.905s] writing dependency_links to ../../build/hiwonder_board/hiwonder_board.egg-info/dependency_links.txt
[5.906s] writing entry points to ../../build/hiwonder_board/hiwonder_board.egg-info/entry_points.txt
[5.906s] writing requirements to ../../build/hiwonder_board/hiwonder_board.egg-info/requires.txt
[5.906s] writing top-level names to ../../build/hiwonder_board/hiwonder_board.egg-info/top_level.txt
[5.906s] writing manifest file '../../build/hiwonder_board/hiwonder_board.egg-info/SOURCES.txt'
[6.020s] reading manifest file '../../build/hiwonder_board/hiwonder_board.egg-info/SOURCES.txt'
[6.020s] adding license file 'LICENSE'
[6.021s] writing manifest file '../../build/hiwonder_board/hiwonder_board.egg-info/SOURCES.txt'
[6.021s] running build
[6.021s] running build_py
[6.028s] creating /home/public/MSE112_MPi5_Hiwonder_ROS2/ros2ws/build/hiwonder_board/build/lib/hiwonder_board
[6.028s] copying hiwonder_board/__init__.py -> /home/public/MSE112_MPi5_Hiwonder_ROS2/ros2ws/build/hiwonder_board/build/lib/hiwonder_board
[6.028s] copying hiwonder_board/hiwonder_board_node.py -> /home/public/MSE112_MPi5_Hiwonder_ROS2/ros2ws/build/hiwonder_board/build/lib/hiwonder_board
[6.028s] copying hiwonder_board/subscriber_member_function.py -> /home/public/MSE112_MPi5_Hiwonder_ROS2/ros2ws/build/hiwonder_board/build/lib/hiwonder_board
[6.028s] copying hiwonder_board/publisher_member_function.py -> /home/public/MSE112_MPi5_Hiwonder_ROS2/ros2ws/build/hiwonder_board/build/lib/hiwonder_board
[6.029s] copying hiwonder_board/py.typed -> /home/public/MSE112_MPi5_Hiwonder_ROS2/ros2ws/build/hiwonder_board/build/lib/hiwonder_board
[6.029s] running install
[6.040s] running install_lib
[6.093s] creating /home/public/MSE112_MPi5_Hiwonder_ROS2/ros2ws/install/hiwonder_board/lib/python3.14/site-packages/hiwonder_board
[6.093s] copying /home/public/MSE112_MPi5_Hiwonder_ROS2/ros2ws/build/hiwonder_board/build/lib/hiwonder_board/__init__.py -> /home/public/MSE112_MPi5_Hiwonder_ROS2/ros2ws/install/hiwonder_board/lib/python3.14/site-packages/hiwonder_board
[6.093s] copying /home/public/MSE112_MPi5_Hiwonder_ROS2/ros2ws/build/hiwonder_board/build/lib/hiwonder_board/hiwonder_board_node.py -> /home/public/MSE112_MPi5_Hiwonder_ROS2/ros2ws/install/hiwonder_board/lib/python3.14/site-packages/hiwonder_board
[6.093s] copying /home/public/MSE112_MPi5_Hiwonder_ROS2/ros2ws/build/hiwonder_board/build/lib/hiwonder_board/subscriber_member_function.py -> /home/public/MSE112_MPi5_Hiwonder_ROS2/ros2ws/install/hiwonder_board/lib/python3.14/site-packages/hiwonder_board
[6.094s] copying /home/public/MSE112_MPi5_Hiwonder_ROS2/ros2ws/build/hiwonder_board/build/lib/hiwonder_board/py.typed -> /home/public/MSE112_MPi5_Hiwonder_ROS2/ros2ws/install/hiwonder_board/lib/python3.14/site-packages/hiwonder_board
[6.094s] copying /home/public/MSE112_MPi5_Hiwonder_ROS2/ros2ws/build/hiwonder_board/build/lib/hiwonder_board/publisher_member_function.py -> /home/public/MSE112_MPi5_Hiwonder_ROS2/ros2ws/install/hiwonder_board/lib/python3.14/site-packages/hiwonder_board
[6.097s] byte-compiling /home/public/MSE112_MPi5_Hiwonder_ROS2/ros2ws/install/hiwonder_board/lib/python3.14/site-packages/hiwonder_board/__init__.py to __init__.cpython-314.pyc
[6.097s] byte-compiling /home/public/MSE112_MPi5_Hiwonder_ROS2/ros2ws/install/hiwonder_board/lib/python3.14/site-packages/hiwonder_board/hiwonder_board_node.py to hiwonder_board_node.cpython-314.pyc
[6.108s] byte-compiling /home/public/MSE112_MPi5_Hiwonder_ROS2/ros2ws/install/hiwonder_board/lib/python3.14/site-packages/hiwonder_board/subscriber_member_function.py to subscriber_member_function.cpython-314.pyc
[6.114s] byte-compiling /home/public/MSE112_MPi5_Hiwonder_ROS2/ros2ws/install/hiwonder_board/lib/python3.14/site-packages/hiwonder_board/publisher_member_function.py to publisher_member_function.cpython-314.pyc
[6.114s] running install_data
[6.114s] creating /home/public/MSE112_MPi5_Hiwonder_ROS2/ros2ws/install/hiwonder_board/share/ament_index/resource_index/packages
[6.114s] copying resource/hiwonder_board -> /home/public/MSE112_MPi5_Hiwonder_ROS2/ros2ws/install/hiwonder_board/share/ament_index/resource_index/packages
[6.114s] copying package.xml -> /home/public/MSE112_MPi5_Hiwonder_ROS2/ros2ws/install/hiwonder_board/share/hiwonder_board
[6.115s] running install_egg_info
[6.173s] Copying ../../build/hiwonder_board/hiwonder_board.egg-info to /home/public/MSE112_MPi5_Hiwonder_ROS2/ros2ws/install/hiwonder_board/lib/python3.14/site-packages/hiwonder_board-0.0.0-py3.14.egg-info
[6.177s] running install_scripts
[6.593s] Installing hiwonder_board_node script to /home/public/MSE112_MPi5_Hiwonder_ROS2/ros2ws/install/hiwonder_board/lib/hiwonder_board
[6.594s] Installing test_listener script to /home/public/MSE112_MPi5_Hiwonder_ROS2/ros2ws/install/hiwonder_board/lib/hiwonder_board
[6.594s] Installing test_talker script to /home/public/MSE112_MPi5_Hiwonder_ROS2/ros2ws/install/hiwonder_board/lib/hiwonder_board
[6.594s] writing list of installed files to '/home/public/MSE112_MPi5_Hiwonder_ROS2/ros2ws/build/hiwonder_board/install.log'
[6.964s] Invoked command in '/home/public/MSE112_MPi5_Hiwonder_ROS2/ros2ws/src/hiwonder_board' returned '0': DEBUGINFOD_URLS=https://debuginfod.ubuntu.com PYTHONPATH=/home/public/MSE112_MPi5_Hiwonder_ROS2/ros2ws/build/hiwonder_board/prefix_override:/usr/lib/python3/dist-packages/colcon_core/task/python/colcon_distutils_commands:/home/public/MSE112_MPi5_Hiwonder_ROS2/ros2ws/install/hiwonder_board/lib/python3.14/site-packages:${PYTHONPATH} /usr/bin/python3 -W ignore:setup.py install is deprecated -W ignore:easy_install command is deprecated setup.py egg_info --egg-base ../../build/hiwonder_board build --build-base /home/public/MSE112_MPi5_Hiwonder_ROS2/ros2ws/build/hiwonder_board/build install --record /home/public/MSE112_MPi5_Hiwonder_ROS2/ros2ws/build/hiwonder_board/install.log --install-scripts $base/lib/hiwonder_board --single-version-externally-managed install_data
