running egg_info
writing ../../../../../build/examples_rclpy_minimal_action_server/examples_rclpy_minimal_action_server.egg-info/PKG-INFO
writing dependency_links to ../../../../../build/examples_rclpy_minimal_action_server/examples_rclpy_minimal_action_server.egg-info/dependency_links.txt
writing entry points to ../../../../../build/examples_rclpy_minimal_action_server/examples_rclpy_minimal_action_server.egg-info/entry_points.txt
writing requirements to ../../../../../build/examples_rclpy_minimal_action_server/examples_rclpy_minimal_action_server.egg-info/requires.txt
writing top-level names to ../../../../../build/examples_rclpy_minimal_action_server/examples_rclpy_minimal_action_server.egg-info/top_level.txt
reading manifest file '../../../../../build/examples_rclpy_minimal_action_server/examples_rclpy_minimal_action_server.egg-info/SOURCES.txt'
writing manifest file '../../../../../build/examples_rclpy_minimal_action_server/examples_rclpy_minimal_action_server.egg-info/SOURCES.txt'
running build
running build_py
copying examples_rclpy_minimal_action_server/server_not_composable.py -> /home/public/ros2ws/build/examples_rclpy_minimal_action_server/build/lib/examples_rclpy_minimal_action_server
copying examples_rclpy_minimal_action_server/server_defer.py -> /home/public/ros2ws/build/examples_rclpy_minimal_action_server/build/lib/examples_rclpy_minimal_action_server
copying examples_rclpy_minimal_action_server/server_single_goal.py -> /home/public/ros2ws/build/examples_rclpy_minimal_action_server/build/lib/examples_rclpy_minimal_action_server
copying examples_rclpy_minimal_action_server/__init__.py -> /home/public/ros2ws/build/examples_rclpy_minimal_action_server/build/lib/examples_rclpy_minimal_action_server
copying examples_rclpy_minimal_action_server/server_queue_goals.py -> /home/public/ros2ws/build/examples_rclpy_minimal_action_server/build/lib/examples_rclpy_minimal_action_server
copying examples_rclpy_minimal_action_server/server.py -> /home/public/ros2ws/build/examples_rclpy_minimal_action_server/build/lib/examples_rclpy_minimal_action_server
running install
running install_lib
running install_data
copying resource/examples_rclpy_minimal_action_server -> /home/public/ros2ws/install/examples_rclpy_minimal_action_server/share/ament_index/resource_index/packages
copying package.xml -> /home/public/ros2ws/install/examples_rclpy_minimal_action_server/share/examples_rclpy_minimal_action_server
running install_egg_info
removing '/home/public/ros2ws/install/examples_rclpy_minimal_action_server/lib/python3.14/site-packages/examples_rclpy_minimal_action_server-0.21.5-py3.14.egg-info' (and everything under it)
Copying ../../../../../build/examples_rclpy_minimal_action_server/examples_rclpy_minimal_action_server.egg-info to /home/public/ros2ws/install/examples_rclpy_minimal_action_server/lib/python3.14/site-packages/examples_rclpy_minimal_action_server-0.21.5-py3.14.egg-info
running install_scripts
Installing server script to /home/public/ros2ws/install/examples_rclpy_minimal_action_server/lib/examples_rclpy_minimal_action_server
Installing server_defer script to /home/public/ros2ws/install/examples_rclpy_minimal_action_server/lib/examples_rclpy_minimal_action_server
Installing server_not_composable script to /home/public/ros2ws/install/examples_rclpy_minimal_action_server/lib/examples_rclpy_minimal_action_server
Installing server_queue_goals script to /home/public/ros2ws/install/examples_rclpy_minimal_action_server/lib/examples_rclpy_minimal_action_server
Installing server_single_goal script to /home/public/ros2ws/install/examples_rclpy_minimal_action_server/lib/examples_rclpy_minimal_action_server
writing list of installed files to '/home/public/ros2ws/build/examples_rclpy_minimal_action_server/install.log'
