[2.855s] Invoking command in '/home/public/ros2ws/src/examples/rclpy/actions/minimal_action_server': DEBUGINFOD_URLS=https://debuginfod.ubuntu.com PYTHONPATH=/home/public/ros2ws/build/examples_rclpy_minimal_action_server/prefix_override:/usr/lib/python3/dist-packages/colcon_core/task/python/colcon_distutils_commands:/home/public/ros2ws/install/examples_rclpy_minimal_action_server/lib/python3.14/site-packages:${PYTHONPATH} /usr/bin/python3 -W ignore:setup.py install is deprecated -W ignore:easy_install command is deprecated setup.py egg_info --egg-base ../../../../../build/examples_rclpy_minimal_action_server build --build-base /home/public/ros2ws/build/examples_rclpy_minimal_action_server/build install --record /home/public/ros2ws/build/examples_rclpy_minimal_action_server/install.log --install-scripts $base/lib/examples_rclpy_minimal_action_server --single-version-externally-managed install_data
[3.481s] running egg_info
[3.545s] writing ../../../../../build/examples_rclpy_minimal_action_server/examples_rclpy_minimal_action_server.egg-info/PKG-INFO
[3.552s] writing dependency_links to ../../../../../build/examples_rclpy_minimal_action_server/examples_rclpy_minimal_action_server.egg-info/dependency_links.txt
[3.553s] writing entry points to ../../../../../build/examples_rclpy_minimal_action_server/examples_rclpy_minimal_action_server.egg-info/entry_points.txt
[3.554s] writing requirements to ../../../../../build/examples_rclpy_minimal_action_server/examples_rclpy_minimal_action_server.egg-info/requires.txt
[3.554s] writing top-level names to ../../../../../build/examples_rclpy_minimal_action_server/examples_rclpy_minimal_action_server.egg-info/top_level.txt
[3.666s] reading manifest file '../../../../../build/examples_rclpy_minimal_action_server/examples_rclpy_minimal_action_server.egg-info/SOURCES.txt'
[3.667s] writing manifest file '../../../../../build/examples_rclpy_minimal_action_server/examples_rclpy_minimal_action_server.egg-info/SOURCES.txt'
[3.668s] running build
[3.668s] running build_py
[3.670s] copying examples_rclpy_minimal_action_server/server_not_composable.py -> /home/public/ros2ws/build/examples_rclpy_minimal_action_server/build/lib/examples_rclpy_minimal_action_server
[3.672s] copying examples_rclpy_minimal_action_server/server_defer.py -> /home/public/ros2ws/build/examples_rclpy_minimal_action_server/build/lib/examples_rclpy_minimal_action_server
[3.672s] copying examples_rclpy_minimal_action_server/server_single_goal.py -> /home/public/ros2ws/build/examples_rclpy_minimal_action_server/build/lib/examples_rclpy_minimal_action_server
[3.672s] copying examples_rclpy_minimal_action_server/__init__.py -> /home/public/ros2ws/build/examples_rclpy_minimal_action_server/build/lib/examples_rclpy_minimal_action_server
[3.672s] copying examples_rclpy_minimal_action_server/server_queue_goals.py -> /home/public/ros2ws/build/examples_rclpy_minimal_action_server/build/lib/examples_rclpy_minimal_action_server
[3.672s] copying examples_rclpy_minimal_action_server/server.py -> /home/public/ros2ws/build/examples_rclpy_minimal_action_server/build/lib/examples_rclpy_minimal_action_server
[3.675s] running install
[3.680s] running install_lib
[3.717s] running install_data
[3.718s] copying resource/examples_rclpy_minimal_action_server -> /home/public/ros2ws/install/examples_rclpy_minimal_action_server/share/ament_index/resource_index/packages
[3.719s] copying package.xml -> /home/public/ros2ws/install/examples_rclpy_minimal_action_server/share/examples_rclpy_minimal_action_server
[3.722s] running install_egg_info
[3.757s] removing '/home/public/ros2ws/install/examples_rclpy_minimal_action_server/lib/python3.14/site-packages/examples_rclpy_minimal_action_server-0.21.5-py3.14.egg-info' (and everything under it)
[3.759s] Copying ../../../../../build/examples_rclpy_minimal_action_server/examples_rclpy_minimal_action_server.egg-info to /home/public/ros2ws/install/examples_rclpy_minimal_action_server/lib/python3.14/site-packages/examples_rclpy_minimal_action_server-0.21.5-py3.14.egg-info
[3.766s] running install_scripts
[4.020s] Installing server script to /home/public/ros2ws/install/examples_rclpy_minimal_action_server/lib/examples_rclpy_minimal_action_server
[4.021s] Installing server_defer script to /home/public/ros2ws/install/examples_rclpy_minimal_action_server/lib/examples_rclpy_minimal_action_server
[4.024s] Installing server_not_composable script to /home/public/ros2ws/install/examples_rclpy_minimal_action_server/lib/examples_rclpy_minimal_action_server
[4.025s] Installing server_queue_goals script to /home/public/ros2ws/install/examples_rclpy_minimal_action_server/lib/examples_rclpy_minimal_action_server
[4.028s] Installing server_single_goal script to /home/public/ros2ws/install/examples_rclpy_minimal_action_server/lib/examples_rclpy_minimal_action_server
[4.034s] writing list of installed files to '/home/public/ros2ws/build/examples_rclpy_minimal_action_server/install.log'
[4.237s] Invoked command in '/home/public/ros2ws/src/examples/rclpy/actions/minimal_action_server' returned '0': DEBUGINFOD_URLS=https://debuginfod.ubuntu.com PYTHONPATH=/home/public/ros2ws/build/examples_rclpy_minimal_action_server/prefix_override:/usr/lib/python3/dist-packages/colcon_core/task/python/colcon_distutils_commands:/home/public/ros2ws/install/examples_rclpy_minimal_action_server/lib/python3.14/site-packages:${PYTHONPATH} /usr/bin/python3 -W ignore:setup.py install is deprecated -W ignore:easy_install command is deprecated setup.py egg_info --egg-base ../../../../../build/examples_rclpy_minimal_action_server build --build-base /home/public/ros2ws/build/examples_rclpy_minimal_action_server/build install --record /home/public/ros2ws/build/examples_rclpy_minimal_action_server/install.log --install-scripts $base/lib/examples_rclpy_minimal_action_server --single-version-externally-managed install_data
