[6.873s] Invoking command in '/home/public/ros2ws/src/controls_core': DEBUGINFOD_URLS=https://debuginfod.ubuntu.com PYTHONPATH=/home/public/ros2ws/build/controls_core/prefix_override:/usr/lib/python3/dist-packages/colcon_core/task/python/colcon_distutils_commands:/home/public/ros2ws/install/controls_core/lib/python3.14/site-packages:${PYTHONPATH} /usr/bin/python3 -W ignore:setup.py install is deprecated -W ignore:easy_install command is deprecated setup.py egg_info --egg-base ../../build/controls_core build --build-base /home/public/ros2ws/build/controls_core/build install --record /home/public/ros2ws/build/controls_core/install.log --install-scripts $base/lib/controls_core --single-version-externally-managed install_data
[11.522s] running egg_info
[11.807s] writing ../../build/controls_core/controls_core.egg-info/PKG-INFO
[11.812s] writing dependency_links to ../../build/controls_core/controls_core.egg-info/dependency_links.txt
[11.837s] writing entry points to ../../build/controls_core/controls_core.egg-info/entry_points.txt
[11.846s] writing requirements to ../../build/controls_core/controls_core.egg-info/requires.txt
[11.850s] writing top-level names to ../../build/controls_core/controls_core.egg-info/top_level.txt
[12.473s] reading manifest file '../../build/controls_core/controls_core.egg-info/SOURCES.txt'
[12.478s] adding license file 'LICENSE'
[12.478s] writing manifest file '../../build/controls_core/controls_core.egg-info/SOURCES.txt'
[12.479s] running build
[12.479s] running build_py
[12.479s] copying controls_core/ui_testing.py -> /home/public/ros2ws/build/controls_core/build/lib/controls_core
[12.483s] copying controls_core/main_control_node.py -> /home/public/ros2ws/build/controls_core/build/lib/controls_core
[12.484s] copying controls_core/__init__.py -> /home/public/ros2ws/build/controls_core/build/lib/controls_core
[12.484s] copying controls_core/cv_interface.py -> /home/public/ros2ws/build/controls_core/build/lib/controls_core
[12.484s] copying controls_core/board_interface.py -> /home/public/ros2ws/build/controls_core/build/lib/controls_core
[12.484s] copying controls_core/py.typed -> /home/public/ros2ws/build/controls_core/build/lib/controls_core
[12.484s] running install
[12.500s] running install_lib
[12.635s] copying /home/public/ros2ws/build/controls_core/build/lib/controls_core/main_control_node.py -> /home/public/ros2ws/install/controls_core/lib/python3.14/site-packages/controls_core
[12.640s] byte-compiling /home/public/ros2ws/install/controls_core/lib/python3.14/site-packages/controls_core/main_control_node.py to main_control_node.cpython-314.pyc
[12.644s] running install_data
[12.645s] copying resource/controls_core -> /home/public/ros2ws/install/controls_core/share/ament_index/resource_index/packages
[12.646s] copying package.xml -> /home/public/ros2ws/install/controls_core/share/controls_core
[12.646s] running install_egg_info
[12.778s] removing '/home/public/ros2ws/install/controls_core/lib/python3.14/site-packages/controls_core-0.0.0-py3.14.egg-info' (and everything under it)
[12.778s] Copying ../../build/controls_core/controls_core.egg-info to /home/public/ros2ws/install/controls_core/lib/python3.14/site-packages/controls_core-0.0.0-py3.14.egg-info
[12.784s] running install_scripts
[13.265s] Installing main_control_node script to /home/public/ros2ws/install/controls_core/lib/controls_core
[13.269s] writing list of installed files to '/home/public/ros2ws/build/controls_core/install.log'
[13.554s] Invoked command in '/home/public/ros2ws/src/controls_core' returned '0': DEBUGINFOD_URLS=https://debuginfod.ubuntu.com PYTHONPATH=/home/public/ros2ws/build/controls_core/prefix_override:/usr/lib/python3/dist-packages/colcon_core/task/python/colcon_distutils_commands:/home/public/ros2ws/install/controls_core/lib/python3.14/site-packages:${PYTHONPATH} /usr/bin/python3 -W ignore:setup.py install is deprecated -W ignore:easy_install command is deprecated setup.py egg_info --egg-base ../../build/controls_core build --build-base /home/public/ros2ws/build/controls_core/build install --record /home/public/ros2ws/build/controls_core/install.log --install-scripts $base/lib/controls_core --single-version-externally-managed install_data
