running egg_info
writing ../../../../build/examples_rclpy_guard_conditions/examples_rclpy_guard_conditions.egg-info/PKG-INFO
writing dependency_links to ../../../../build/examples_rclpy_guard_conditions/examples_rclpy_guard_conditions.egg-info/dependency_links.txt
writing entry points to ../../../../build/examples_rclpy_guard_conditions/examples_rclpy_guard_conditions.egg-info/entry_points.txt
writing requirements to ../../../../build/examples_rclpy_guard_conditions/examples_rclpy_guard_conditions.egg-info/requires.txt
writing top-level names to ../../../../build/examples_rclpy_guard_conditions/examples_rclpy_guard_conditions.egg-info/top_level.txt
reading manifest file '../../../../build/examples_rclpy_guard_conditions/examples_rclpy_guard_conditions.egg-info/SOURCES.txt'
writing manifest file '../../../../build/examples_rclpy_guard_conditions/examples_rclpy_guard_conditions.egg-info/SOURCES.txt'
running build
running build_py
copying examples_rclpy_guard_conditions/trigger_guard_condition.py -> /home/public/ros2ws/build/examples_rclpy_guard_conditions/build/lib/examples_rclpy_guard_conditions
copying examples_rclpy_guard_conditions/__init__.py -> /home/public/ros2ws/build/examples_rclpy_guard_conditions/build/lib/examples_rclpy_guard_conditions
running install
running install_lib
running install_data
copying resource/examples_rclpy_guard_conditions -> /home/public/ros2ws/install/examples_rclpy_guard_conditions/share/ament_index/resource_index/packages
copying package.xml -> /home/public/ros2ws/install/examples_rclpy_guard_conditions/share/examples_rclpy_guard_conditions
running install_egg_info
removing '/home/public/ros2ws/install/examples_rclpy_guard_conditions/lib/python3.14/site-packages/examples_rclpy_guard_conditions-0.21.5-py3.14.egg-info' (and everything under it)
Copying ../../../../build/examples_rclpy_guard_conditions/examples_rclpy_guard_conditions.egg-info to /home/public/ros2ws/install/examples_rclpy_guard_conditions/lib/python3.14/site-packages/examples_rclpy_guard_conditions-0.21.5-py3.14.egg-info
running install_scripts
Installing trigger_guard_condition script to /home/public/ros2ws/install/examples_rclpy_guard_conditions/lib/examples_rclpy_guard_conditions
writing list of installed files to '/home/public/ros2ws/build/examples_rclpy_guard_conditions/install.log'
