[2.443s] Invoking command in '/home/public/ros2ws/src/examples/rclpy/guard_conditions': DEBUGINFOD_URLS=https://debuginfod.ubuntu.com PYTHONPATH=/home/public/ros2ws/build/examples_rclpy_guard_conditions/prefix_override:/usr/lib/python3/dist-packages/colcon_core/task/python/colcon_distutils_commands:/home/public/ros2ws/install/examples_rclpy_guard_conditions/lib/python3.14/site-packages:${PYTHONPATH} /usr/bin/python3 -W ignore:setup.py install is deprecated -W ignore:easy_install command is deprecated setup.py egg_info --egg-base ../../../../build/examples_rclpy_guard_conditions build --build-base /home/public/ros2ws/build/examples_rclpy_guard_conditions/build install --record /home/public/ros2ws/build/examples_rclpy_guard_conditions/install.log --install-scripts $base/lib/examples_rclpy_guard_conditions --single-version-externally-managed install_data
[3.538s] running egg_info
[3.582s] writing ../../../../build/examples_rclpy_guard_conditions/examples_rclpy_guard_conditions.egg-info/PKG-INFO
[3.585s] writing dependency_links to ../../../../build/examples_rclpy_guard_conditions/examples_rclpy_guard_conditions.egg-info/dependency_links.txt
[3.587s] writing entry points to ../../../../build/examples_rclpy_guard_conditions/examples_rclpy_guard_conditions.egg-info/entry_points.txt
[3.589s] writing requirements to ../../../../build/examples_rclpy_guard_conditions/examples_rclpy_guard_conditions.egg-info/requires.txt
[3.591s] writing top-level names to ../../../../build/examples_rclpy_guard_conditions/examples_rclpy_guard_conditions.egg-info/top_level.txt
[3.670s] reading manifest file '../../../../build/examples_rclpy_guard_conditions/examples_rclpy_guard_conditions.egg-info/SOURCES.txt'
[3.673s] writing manifest file '../../../../build/examples_rclpy_guard_conditions/examples_rclpy_guard_conditions.egg-info/SOURCES.txt'
[3.675s] running build
[3.675s] running build_py
[3.676s] copying examples_rclpy_guard_conditions/trigger_guard_condition.py -> /home/public/ros2ws/build/examples_rclpy_guard_conditions/build/lib/examples_rclpy_guard_conditions
[3.683s] copying examples_rclpy_guard_conditions/__init__.py -> /home/public/ros2ws/build/examples_rclpy_guard_conditions/build/lib/examples_rclpy_guard_conditions
[3.687s] running install
[3.694s] running install_lib
[3.723s] running install_data
[3.724s] copying resource/examples_rclpy_guard_conditions -> /home/public/ros2ws/install/examples_rclpy_guard_conditions/share/ament_index/resource_index/packages
[3.729s] copying package.xml -> /home/public/ros2ws/install/examples_rclpy_guard_conditions/share/examples_rclpy_guard_conditions
[3.735s] running install_egg_info
[3.779s] removing '/home/public/ros2ws/install/examples_rclpy_guard_conditions/lib/python3.14/site-packages/examples_rclpy_guard_conditions-0.21.5-py3.14.egg-info' (and everything under it)
[3.780s] Copying ../../../../build/examples_rclpy_guard_conditions/examples_rclpy_guard_conditions.egg-info to /home/public/ros2ws/install/examples_rclpy_guard_conditions/lib/python3.14/site-packages/examples_rclpy_guard_conditions-0.21.5-py3.14.egg-info
[3.785s] running install_scripts
[4.078s] Installing trigger_guard_condition script to /home/public/ros2ws/install/examples_rclpy_guard_conditions/lib/examples_rclpy_guard_conditions
[4.078s] writing list of installed files to '/home/public/ros2ws/build/examples_rclpy_guard_conditions/install.log'
[4.833s] Invoked command in '/home/public/ros2ws/src/examples/rclpy/guard_conditions' returned '0': DEBUGINFOD_URLS=https://debuginfod.ubuntu.com PYTHONPATH=/home/public/ros2ws/build/examples_rclpy_guard_conditions/prefix_override:/usr/lib/python3/dist-packages/colcon_core/task/python/colcon_distutils_commands:/home/public/ros2ws/install/examples_rclpy_guard_conditions/lib/python3.14/site-packages:${PYTHONPATH} /usr/bin/python3 -W ignore:setup.py install is deprecated -W ignore:easy_install command is deprecated setup.py egg_info --egg-base ../../../../build/examples_rclpy_guard_conditions build --build-base /home/public/ros2ws/build/examples_rclpy_guard_conditions/build install --record /home/public/ros2ws/build/examples_rclpy_guard_conditions/install.log --install-scripts $base/lib/examples_rclpy_guard_conditions --single-version-externally-managed install_data
