[2.879s] Invoking command in '/home/public/ros2ws/src/examples/rclpy/services/minimal_service': DEBUGINFOD_URLS=https://debuginfod.ubuntu.com PYTHONPATH=/home/public/ros2ws/build/examples_rclpy_minimal_service/prefix_override:/usr/lib/python3/dist-packages/colcon_core/task/python/colcon_distutils_commands:/home/public/ros2ws/install/examples_rclpy_minimal_service/lib/python3.14/site-packages:${PYTHONPATH} /usr/bin/python3 -W ignore:setup.py install is deprecated -W ignore:easy_install command is deprecated setup.py egg_info --egg-base ../../../../../build/examples_rclpy_minimal_service build --build-base /home/public/ros2ws/build/examples_rclpy_minimal_service/build install --record /home/public/ros2ws/build/examples_rclpy_minimal_service/install.log --install-scripts $base/lib/examples_rclpy_minimal_service --single-version-externally-managed install_data
[3.968s] running egg_info
[4.020s] creating ../../../../../build/examples_rclpy_minimal_service/examples_rclpy_minimal_service.egg-info
[4.020s] writing ../../../../../build/examples_rclpy_minimal_service/examples_rclpy_minimal_service.egg-info/PKG-INFO
[4.025s] writing dependency_links to ../../../../../build/examples_rclpy_minimal_service/examples_rclpy_minimal_service.egg-info/dependency_links.txt
[4.025s] writing entry points to ../../../../../build/examples_rclpy_minimal_service/examples_rclpy_minimal_service.egg-info/entry_points.txt
[4.026s] writing requirements to ../../../../../build/examples_rclpy_minimal_service/examples_rclpy_minimal_service.egg-info/requires.txt
[4.026s] writing top-level names to ../../../../../build/examples_rclpy_minimal_service/examples_rclpy_minimal_service.egg-info/top_level.txt
[4.026s] writing manifest file '../../../../../build/examples_rclpy_minimal_service/examples_rclpy_minimal_service.egg-info/SOURCES.txt'
[4.198s] reading manifest file '../../../../../build/examples_rclpy_minimal_service/examples_rclpy_minimal_service.egg-info/SOURCES.txt'
[4.204s] writing manifest file '../../../../../build/examples_rclpy_minimal_service/examples_rclpy_minimal_service.egg-info/SOURCES.txt'
[4.205s] running build
[4.207s] running build_py
[4.208s] creating /home/public/ros2ws/build/examples_rclpy_minimal_service/build/lib/examples_rclpy_minimal_service
[4.210s] copying examples_rclpy_minimal_service/service.py -> /home/public/ros2ws/build/examples_rclpy_minimal_service/build/lib/examples_rclpy_minimal_service
[4.210s] copying examples_rclpy_minimal_service/__init__.py -> /home/public/ros2ws/build/examples_rclpy_minimal_service/build/lib/examples_rclpy_minimal_service
[4.210s] copying examples_rclpy_minimal_service/service_member_function.py -> /home/public/ros2ws/build/examples_rclpy_minimal_service/build/lib/examples_rclpy_minimal_service
[4.212s] running install
[4.233s] running install_lib
[4.379s] creating /home/public/ros2ws/install/examples_rclpy_minimal_service/lib/python3.14/site-packages/examples_rclpy_minimal_service
[4.383s] copying /home/public/ros2ws/build/examples_rclpy_minimal_service/build/lib/examples_rclpy_minimal_service/service.py -> /home/public/ros2ws/install/examples_rclpy_minimal_service/lib/python3.14/site-packages/examples_rclpy_minimal_service
[4.384s] copying /home/public/ros2ws/build/examples_rclpy_minimal_service/build/lib/examples_rclpy_minimal_service/__init__.py -> /home/public/ros2ws/install/examples_rclpy_minimal_service/lib/python3.14/site-packages/examples_rclpy_minimal_service
[4.384s] copying /home/public/ros2ws/build/examples_rclpy_minimal_service/build/lib/examples_rclpy_minimal_service/service_member_function.py -> /home/public/ros2ws/install/examples_rclpy_minimal_service/lib/python3.14/site-packages/examples_rclpy_minimal_service
[4.389s] byte-compiling /home/public/ros2ws/install/examples_rclpy_minimal_service/lib/python3.14/site-packages/examples_rclpy_minimal_service/service.py to service.cpython-314.pyc
[4.390s] byte-compiling /home/public/ros2ws/install/examples_rclpy_minimal_service/lib/python3.14/site-packages/examples_rclpy_minimal_service/__init__.py to __init__.cpython-314.pyc
[4.393s] byte-compiling /home/public/ros2ws/install/examples_rclpy_minimal_service/lib/python3.14/site-packages/examples_rclpy_minimal_service/service_member_function.py to service_member_function.cpython-314.pyc
[4.395s] running install_data
[4.395s] creating /home/public/ros2ws/install/examples_rclpy_minimal_service/share/ament_index/resource_index/packages
[4.396s] copying resource/examples_rclpy_minimal_service -> /home/public/ros2ws/install/examples_rclpy_minimal_service/share/ament_index/resource_index/packages
[4.396s] copying package.xml -> /home/public/ros2ws/install/examples_rclpy_minimal_service/share/examples_rclpy_minimal_service
[4.400s] running install_egg_info
[4.555s] Copying ../../../../../build/examples_rclpy_minimal_service/examples_rclpy_minimal_service.egg-info to /home/public/ros2ws/install/examples_rclpy_minimal_service/lib/python3.14/site-packages/examples_rclpy_minimal_service-0.21.5-py3.14.egg-info
[4.560s] running install_scripts
[5.122s] Installing service script to /home/public/ros2ws/install/examples_rclpy_minimal_service/lib/examples_rclpy_minimal_service
[5.124s] Installing service_member_function script to /home/public/ros2ws/install/examples_rclpy_minimal_service/lib/examples_rclpy_minimal_service
[5.126s] writing list of installed files to '/home/public/ros2ws/build/examples_rclpy_minimal_service/install.log'
[5.440s] Invoked command in '/home/public/ros2ws/src/examples/rclpy/services/minimal_service' returned '0': DEBUGINFOD_URLS=https://debuginfod.ubuntu.com PYTHONPATH=/home/public/ros2ws/build/examples_rclpy_minimal_service/prefix_override:/usr/lib/python3/dist-packages/colcon_core/task/python/colcon_distutils_commands:/home/public/ros2ws/install/examples_rclpy_minimal_service/lib/python3.14/site-packages:${PYTHONPATH} /usr/bin/python3 -W ignore:setup.py install is deprecated -W ignore:easy_install command is deprecated setup.py egg_info --egg-base ../../../../../build/examples_rclpy_minimal_service build --build-base /home/public/ros2ws/build/examples_rclpy_minimal_service/build install --record /home/public/ros2ws/build/examples_rclpy_minimal_service/install.log --install-scripts $base/lib/examples_rclpy_minimal_service --single-version-externally-managed install_data
