[4.003s] Invoking command in '/home/public/MSE112_MPi5_Hiwonder_ROS2/ros2ws/build/controls_core': DEBUGINFOD_URLS=https://debuginfod.ubuntu.com PYTHONPATH=/home/public/MSE112_MPi5_Hiwonder_ROS2/ros2ws/build/controls_core/prefix_override:/usr/lib/python3/dist-packages/colcon_core/task/python/colcon_distutils_commands:/home/public/MSE112_MPi5_Hiwonder_ROS2/ros2ws/install/controls_core/lib/python3.14/site-packages:${PYTHONPATH} /usr/bin/python3 -W ignore:setup.py install is deprecated -W ignore:easy_install command is deprecated setup.py develop --editable --build-directory /home/public/MSE112_MPi5_Hiwonder_ROS2/ros2ws/build/controls_core/build --no-deps symlink_data
[4.650s] running develop
[4.950s] running egg_info
[4.985s] creating controls_core.egg-info
[4.985s] writing controls_core.egg-info/PKG-INFO
[4.986s] writing dependency_links to controls_core.egg-info/dependency_links.txt
[4.987s] writing entry points to controls_core.egg-info/entry_points.txt
[4.987s] writing requirements to controls_core.egg-info/requires.txt
[4.987s] writing top-level names to controls_core.egg-info/top_level.txt
[4.988s] writing manifest file 'controls_core.egg-info/SOURCES.txt'
[5.055s] reading manifest file 'controls_core.egg-info/SOURCES.txt'
[5.056s] writing manifest file 'controls_core.egg-info/SOURCES.txt'
[5.088s] running build_ext
[5.089s] Creating /home/public/MSE112_MPi5_Hiwonder_ROS2/ros2ws/install/controls_core/lib/python3.14/site-packages/controls-core.egg-link (link to .)
[5.091s] Installing main_control_node script to /home/public/MSE112_MPi5_Hiwonder_ROS2/ros2ws/install/controls_core/lib/controls_core
[5.092s] 
[5.092s] Installed /home/public/MSE112_MPi5_Hiwonder_ROS2/ros2ws/build/controls_core
[5.092s] running symlink_data
[5.093s] creating /home/public/MSE112_MPi5_Hiwonder_ROS2/ros2ws/install/controls_core/share/ament_index/resource_index/packages
[5.093s] symbolically linking /home/public/MSE112_MPi5_Hiwonder_ROS2/ros2ws/build/controls_core/resource/controls_core -> /home/public/MSE112_MPi5_Hiwonder_ROS2/ros2ws/install/controls_core/share/ament_index/resource_index/packages
[5.094s] symbolically linking /home/public/MSE112_MPi5_Hiwonder_ROS2/ros2ws/build/controls_core/package.xml -> /home/public/MSE112_MPi5_Hiwonder_ROS2/ros2ws/install/controls_core/share/controls_core
[5.390s] Invoked command in '/home/public/MSE112_MPi5_Hiwonder_ROS2/ros2ws/build/controls_core' returned '0': DEBUGINFOD_URLS=https://debuginfod.ubuntu.com PYTHONPATH=/home/public/MSE112_MPi5_Hiwonder_ROS2/ros2ws/build/controls_core/prefix_override:/usr/lib/python3/dist-packages/colcon_core/task/python/colcon_distutils_commands:/home/public/MSE112_MPi5_Hiwonder_ROS2/ros2ws/install/controls_core/lib/python3.14/site-packages:${PYTHONPATH} /usr/bin/python3 -W ignore:setup.py install is deprecated -W ignore:easy_install command is deprecated setup.py develop --editable --build-directory /home/public/MSE112_MPi5_Hiwonder_ROS2/ros2ws/build/controls_core/build --no-deps symlink_data
