[2.827s] Invoking command in '/home/public/ros2ws/build/examples_rclpy_minimal_publisher': DEBUGINFOD_URLS=https://debuginfod.ubuntu.com PYTHONPATH=/home/public/ros2ws/build/examples_rclpy_minimal_publisher/prefix_override:/usr/lib/python3/dist-packages/colcon_core/task/python/colcon_distutils_commands:/home/public/ros2ws/install/examples_rclpy_minimal_publisher/lib/python3.14/site-packages:${PYTHONPATH} /usr/bin/python3 -W ignore:setup.py install is deprecated -W ignore:easy_install command is deprecated setup.py develop --editable --build-directory /home/public/ros2ws/build/examples_rclpy_minimal_publisher/build --no-deps symlink_data --force
[3.608s] running develop
[3.903s] running egg_info
[3.939s] writing examples_rclpy_minimal_publisher.egg-info/PKG-INFO
[3.940s] writing dependency_links to examples_rclpy_minimal_publisher.egg-info/dependency_links.txt
[3.940s] writing entry points to examples_rclpy_minimal_publisher.egg-info/entry_points.txt
[3.942s] writing requirements to examples_rclpy_minimal_publisher.egg-info/requires.txt
[3.943s] writing top-level names to examples_rclpy_minimal_publisher.egg-info/top_level.txt
[4.064s] reading manifest file 'examples_rclpy_minimal_publisher.egg-info/SOURCES.txt'
[4.065s] writing manifest file 'examples_rclpy_minimal_publisher.egg-info/SOURCES.txt'
[4.154s] running build_ext
[4.155s] Creating /home/public/ros2ws/install/examples_rclpy_minimal_publisher/lib/python3.14/site-packages/examples-rclpy-minimal-publisher.egg-link (link to .)
[4.157s] Installing publisher_local_function script to /home/public/ros2ws/install/examples_rclpy_minimal_publisher/lib/examples_rclpy_minimal_publisher
[4.160s] Installing publisher_member_function script to /home/public/ros2ws/install/examples_rclpy_minimal_publisher/lib/examples_rclpy_minimal_publisher
[4.160s] Installing publisher_member_function_with_wait_for_all_acked script to /home/public/ros2ws/install/examples_rclpy_minimal_publisher/lib/examples_rclpy_minimal_publisher
[4.160s] Installing publisher_old_school script to /home/public/ros2ws/install/examples_rclpy_minimal_publisher/lib/examples_rclpy_minimal_publisher
[4.162s] 
[4.163s] Installed /home/public/ros2ws/build/examples_rclpy_minimal_publisher
[4.163s] running symlink_data
[4.163s] symbolically linking /home/public/ros2ws/build/examples_rclpy_minimal_publisher/resource/examples_rclpy_minimal_publisher -> /home/public/ros2ws/install/examples_rclpy_minimal_publisher/share/ament_index/resource_index/packages
[4.165s] symbolically linking /home/public/ros2ws/build/examples_rclpy_minimal_publisher/package.xml -> /home/public/ros2ws/install/examples_rclpy_minimal_publisher/share/examples_rclpy_minimal_publisher
[4.492s] Invoked command in '/home/public/ros2ws/build/examples_rclpy_minimal_publisher' returned '0': DEBUGINFOD_URLS=https://debuginfod.ubuntu.com PYTHONPATH=/home/public/ros2ws/build/examples_rclpy_minimal_publisher/prefix_override:/usr/lib/python3/dist-packages/colcon_core/task/python/colcon_distutils_commands:/home/public/ros2ws/install/examples_rclpy_minimal_publisher/lib/python3.14/site-packages:${PYTHONPATH} /usr/bin/python3 -W ignore:setup.py install is deprecated -W ignore:easy_install command is deprecated setup.py develop --editable --build-directory /home/public/ros2ws/build/examples_rclpy_minimal_publisher/build --no-deps symlink_data --force
