[0.130s] Invoking command in '/home/public/ros2ws/build/examples_rclcpp_minimal_composition': CMAKE_PREFIX_PATH=${CMAKE_PREFIX_PATH}:/home/public/ros2ws/install/opencv2_nodes:/home/public/ros2ws/install/launch_testing_examples:/home/public/ros2ws/install/hiwonder_board:/home/public/ros2ws/install/examples_rclpy_pointcloud_publisher:/home/public/ros2ws/install/examples_rclpy_minimal_subscriber:/home/public/ros2ws/install/examples_rclpy_minimal_service:/home/public/ros2ws/install/examples_rclpy_minimal_publisher:/home/public/ros2ws/install/examples_rclpy_minimal_client:/home/public/ros2ws/install/examples_rclpy_minimal_action_server:/home/public/ros2ws/install/examples_rclpy_minimal_action_client:/home/public/ros2ws/install/examples_rclpy_guard_conditions:/home/public/ros2ws/install/examples_rclpy_executors:/home/public/ros2ws/install/controls_core:/opt/ros/lyrical DEBUGINFOD_URLS=https://debuginfod.ubuntu.com /usr/bin/cmake --build /home/public/ros2ws/build/examples_rclcpp_minimal_composition -- -j4 -l4
[0.342s] gmake: Warning: File 'Makefile' has modification time 1044 s in the future
[0.648s] -- Found ament_cmake: 2.8.7 (/opt/ros/lyrical/share/ament_cmake/cmake)
[3.488s] -- Override CMake install command with custom implementation using symlinks instead of copying resources
[3.607s] -- Found rclcpp: 32.0.0 (/opt/ros/lyrical/share/rclcpp/cmake)
[3.950s] -- Found rosidl_generator_c: 5.2.1 (/opt/ros/lyrical/share/rosidl_generator_c/cmake)
[3.999s] -- Found rosidl_generator_cpp: 5.2.1 (/opt/ros/lyrical/share/rosidl_generator_cpp/cmake)
[4.126s] -- Using all available rosidl_typesupport_c: rosidl_typesupport_fastrtps_c;rosidl_typesupport_introspection_c
[4.188s] -- Using all available rosidl_typesupport_cpp: rosidl_typesupport_fastrtps_cpp;rosidl_typesupport_introspection_cpp
[5.086s] -- Found rmw_implementation_cmake: 7.10.1 (/opt/ros/lyrical/share/rmw_implementation_cmake/cmake)
[5.181s] -- Found rmw_fastrtps_cpp: 9.4.8 (/opt/ros/lyrical/share/rmw_fastrtps_cpp/cmake)
[5.807s] -- Using RMW implementation 'rmw_fastrtps_cpp' as default
[6.844s] -- Found rclcpp_components: 32.0.0 (/opt/ros/lyrical/share/rclcpp_components/cmake)
[7.186s] -- Found std_msgs: 5.9.2 (/opt/ros/lyrical/share/std_msgs/cmake)
[7.380s] -- Found ament_lint_auto: 0.20.6 (/opt/ros/lyrical/share/ament_lint_auto/cmake)
[8.670s] -- Added test 'copyright' to check source files copyright and LICENSE
[8.704s] -- Added test 'cppcheck' to perform static code analysis on C / C++ code
[8.704s] -- Configured cppcheck include dirs: /home/public/ros2ws/src/examples/rclcpp/composition/minimal_composition/include
[8.705s] -- Configured cppcheck exclude dirs and/or files: 
[8.705s] -- Added test 'cpplint' to check C / C++ code against the Google style
[8.708s] -- Configured cpplint exclude dirs and/or files: 
[8.716s] -- Added test 'lint_cmake' to check CMake code style
[8.731s] -- Added test 'uncrustify' to check C / C++ code style
[8.757s] -- Configured uncrustify additional arguments: 
[8.759s] -- Added test 'xmllint' to check XML markup files
[8.773s] -- Configuring done (8.2s)
[9.225s] -- Generating done (0.4s)
[9.346s] -- Build files have been written to: /home/public/ros2ws/build/examples_rclcpp_minimal_composition
[9.451s] gmake[2]: Warning: File 'CMakeFiles/composition_nodes.dir/build.make' has modification time 7875597 s in the future
[9.515s] gmake[2]: warning:  Clock skew detected.  Your build may be incomplete.
[9.580s] gmake[2]: Warning: File 'CMakeFiles/composition_nodes.dir/build.make' has modification time 7875597 s in the future
[9.622s] gmake[2]: warning:  Clock skew detected.  Your build may be incomplete.
[9.832s] [ 33%] Built target composition_nodes
[9.884s] gmake[2]: Warning: File 'CMakeFiles/composition_publisher.dir/build.make' has modification time 7875596 s in the future
[10.109s] gmake[2]: warning:  Clock skew detected.  Your build may be incomplete.
[10.109s] gmake[2]: Warning: File 'CMakeFiles/composition_publisher.dir/build.make' has modification time 7875596 s in the future
[10.109s] gmake[2]: warning:  Clock skew detected.  Your build may be incomplete.
[10.147s] [ 55%] Built target composition_publisher
[10.169s] gmake[2]: Warning: File 'CMakeFiles/composition_composed.dir/build.make' has modification time 7875596 s in the future
[10.346s] gmake[2]: warning:  Clock skew detected.  Your build may be incomplete.
[10.371s] gmake[2]: Warning: File 'CMakeFiles/composition_composed.dir/build.make' has modification time 7875596 s in the future
[10.377s] gmake[2]: warning:  Clock skew detected.  Your build may be incomplete.
[10.425s] [ 77%] Built target composition_composed
[10.439s] gmake[2]: Warning: File 'CMakeFiles/composition_subscriber.dir/build.make' has modification time 7875596 s in the future
[10.591s] gmake[2]: warning:  Clock skew detected.  Your build may be incomplete.
[10.615s] gmake[2]: Warning: File 'CMakeFiles/composition_subscriber.dir/build.make' has modification time 7875596 s in the future
[10.617s] gmake[2]: warning:  Clock skew detected.  Your build may be incomplete.
[10.677s] [100%] Built target composition_subscriber
[10.751s] gmake: warning:  Clock skew detected.  Your build may be incomplete.
[10.931s] Invoked command in '/home/public/ros2ws/build/examples_rclcpp_minimal_composition' returned '0': CMAKE_PREFIX_PATH=${CMAKE_PREFIX_PATH}:/home/public/ros2ws/install/opencv2_nodes:/home/public/ros2ws/install/launch_testing_examples:/home/public/ros2ws/install/hiwonder_board:/home/public/ros2ws/install/examples_rclpy_pointcloud_publisher:/home/public/ros2ws/install/examples_rclpy_minimal_subscriber:/home/public/ros2ws/install/examples_rclpy_minimal_service:/home/public/ros2ws/install/examples_rclpy_minimal_publisher:/home/public/ros2ws/install/examples_rclpy_minimal_client:/home/public/ros2ws/install/examples_rclpy_minimal_action_server:/home/public/ros2ws/install/examples_rclpy_minimal_action_client:/home/public/ros2ws/install/examples_rclpy_guard_conditions:/home/public/ros2ws/install/examples_rclpy_executors:/home/public/ros2ws/install/controls_core:/opt/ros/lyrical DEBUGINFOD_URLS=https://debuginfod.ubuntu.com /usr/bin/cmake --build /home/public/ros2ws/build/examples_rclcpp_minimal_composition -- -j4 -l4
[10.947s] Invoking command in '/home/public/ros2ws/build/examples_rclcpp_minimal_composition': CMAKE_PREFIX_PATH=${CMAKE_PREFIX_PATH}:/home/public/ros2ws/install/opencv2_nodes:/home/public/ros2ws/install/launch_testing_examples:/home/public/ros2ws/install/hiwonder_board:/home/public/ros2ws/install/examples_rclpy_pointcloud_publisher:/home/public/ros2ws/install/examples_rclpy_minimal_subscriber:/home/public/ros2ws/install/examples_rclpy_minimal_service:/home/public/ros2ws/install/examples_rclpy_minimal_publisher:/home/public/ros2ws/install/examples_rclpy_minimal_client:/home/public/ros2ws/install/examples_rclpy_minimal_action_server:/home/public/ros2ws/install/examples_rclpy_minimal_action_client:/home/public/ros2ws/install/examples_rclpy_guard_conditions:/home/public/ros2ws/install/examples_rclpy_executors:/home/public/ros2ws/install/controls_core:/opt/ros/lyrical DEBUGINFOD_URLS=https://debuginfod.ubuntu.com /usr/bin/cmake --install /home/public/ros2ws/build/examples_rclcpp_minimal_composition
[11.033s] -- Install configuration: ""
[11.038s] -- Execute custom install script
[11.063s] -- Up-to-date symlink: /home/public/ros2ws/install/examples_rclcpp_minimal_composition/share/examples_rclcpp_minimal_composition/environment/library_path.sh
[11.067s] -- Up-to-date symlink: /home/public/ros2ws/install/examples_rclcpp_minimal_composition/share/examples_rclcpp_minimal_composition/environment/library_path.dsv
[11.074s] -- Up-to-date symlink: /home/public/ros2ws/install/examples_rclcpp_minimal_composition/lib/libcomposition_nodes.so
[11.078s] -- Up-to-date symlink: /home/public/ros2ws/install/examples_rclcpp_minimal_composition/lib/examples_rclcpp_minimal_composition/composition_publisher
[11.089s] -- Up-to-date symlink: /home/public/ros2ws/install/examples_rclcpp_minimal_composition/lib/examples_rclcpp_minimal_composition/composition_subscriber
[11.105s] -- Up-to-date symlink: /home/public/ros2ws/install/examples_rclcpp_minimal_composition/lib/examples_rclcpp_minimal_composition/composition_composed
[11.111s] -- Up-to-date symlink: /home/public/ros2ws/install/examples_rclcpp_minimal_composition/share/ament_index/resource_index/package_run_dependencies/examples_rclcpp_minimal_composition
[11.112s] -- Up-to-date symlink: /home/public/ros2ws/install/examples_rclcpp_minimal_composition/share/ament_index/resource_index/parent_prefix_path/examples_rclcpp_minimal_composition
[11.112s] -- Up-to-date symlink: /home/public/ros2ws/install/examples_rclcpp_minimal_composition/share/examples_rclcpp_minimal_composition/environment/ament_prefix_path.sh
[11.112s] -- Up-to-date symlink: /home/public/ros2ws/install/examples_rclcpp_minimal_composition/share/examples_rclcpp_minimal_composition/environment/ament_prefix_path.dsv
[11.135s] -- Up-to-date symlink: /home/public/ros2ws/install/examples_rclcpp_minimal_composition/share/examples_rclcpp_minimal_composition/environment/path.sh
[11.144s] -- Up-to-date symlink: /home/public/ros2ws/install/examples_rclcpp_minimal_composition/share/examples_rclcpp_minimal_composition/environment/path.dsv
[11.160s] -- Up-to-date symlink: /home/public/ros2ws/install/examples_rclcpp_minimal_composition/share/examples_rclcpp_minimal_composition/local_setup.bash
[11.179s] -- Up-to-date symlink: /home/public/ros2ws/install/examples_rclcpp_minimal_composition/share/examples_rclcpp_minimal_composition/local_setup.fish
[11.200s] -- Up-to-date symlink: /home/public/ros2ws/install/examples_rclcpp_minimal_composition/share/examples_rclcpp_minimal_composition/local_setup.sh
[11.270s] -- Up-to-date symlink: /home/public/ros2ws/install/examples_rclcpp_minimal_composition/share/examples_rclcpp_minimal_composition/local_setup.zsh
[11.271s] -- Up-to-date symlink: /home/public/ros2ws/install/examples_rclcpp_minimal_composition/share/examples_rclcpp_minimal_composition/local_setup.dsv
[11.285s] -- Symlinking: /home/public/ros2ws/install/examples_rclcpp_minimal_composition/share/examples_rclcpp_minimal_composition/package.dsv
[11.559s] -- Up-to-date symlink: /home/public/ros2ws/install/examples_rclcpp_minimal_composition/share/ament_index/resource_index/packages/examples_rclcpp_minimal_composition
[11.614s] -- Up-to-date symlink: /home/public/ros2ws/install/examples_rclcpp_minimal_composition/share/examples_rclcpp_minimal_composition/cmake/examples_rclcpp_minimal_compositionConfig.cmake
[11.651s] -- Up-to-date symlink: /home/public/ros2ws/install/examples_rclcpp_minimal_composition/share/examples_rclcpp_minimal_composition/cmake/examples_rclcpp_minimal_compositionConfig-version.cmake
[11.652s] -- Up-to-date symlink: /home/public/ros2ws/install/examples_rclcpp_minimal_composition/share/examples_rclcpp_minimal_composition/package.xml
[11.696s] Invoked command in '/home/public/ros2ws/build/examples_rclcpp_minimal_composition' returned '0': CMAKE_PREFIX_PATH=${CMAKE_PREFIX_PATH}:/home/public/ros2ws/install/opencv2_nodes:/home/public/ros2ws/install/launch_testing_examples:/home/public/ros2ws/install/hiwonder_board:/home/public/ros2ws/install/examples_rclpy_pointcloud_publisher:/home/public/ros2ws/install/examples_rclpy_minimal_subscriber:/home/public/ros2ws/install/examples_rclpy_minimal_service:/home/public/ros2ws/install/examples_rclpy_minimal_publisher:/home/public/ros2ws/install/examples_rclpy_minimal_client:/home/public/ros2ws/install/examples_rclpy_minimal_action_server:/home/public/ros2ws/install/examples_rclpy_minimal_action_client:/home/public/ros2ws/install/examples_rclpy_guard_conditions:/home/public/ros2ws/install/examples_rclpy_executors:/home/public/ros2ws/install/controls_core:/opt/ros/lyrical DEBUGINFOD_URLS=https://debuginfod.ubuntu.com /usr/bin/cmake --install /home/public/ros2ws/build/examples_rclcpp_minimal_composition
