[1.225s] Invoking command in '/home/public/ros2ws/src/controls_core': DEBUGINFOD_URLS=https://debuginfod.ubuntu.com PYTHONPATH=/home/public/ros2ws/build/controls_core/prefix_override:/usr/lib/python3/dist-packages/colcon_core/task/python/colcon_distutils_commands:/home/public/ros2ws/install/controls_core/lib/python3.14/site-packages:${PYTHONPATH} /usr/bin/python3 -W ignore:setup.py install is deprecated -W ignore:easy_install command is deprecated setup.py egg_info --egg-base ../../build/controls_core build --build-base /home/public/ros2ws/build/controls_core/build install --record /home/public/ros2ws/build/controls_core/install.log --install-scripts $base/lib/controls_core --single-version-externally-managed install_data
[1.613s] running egg_info
[1.637s] writing ../../build/controls_core/controls_core.egg-info/PKG-INFO
[1.638s] writing dependency_links to ../../build/controls_core/controls_core.egg-info/dependency_links.txt
[1.644s] writing entry points to ../../build/controls_core/controls_core.egg-info/entry_points.txt
[1.645s] writing requirements to ../../build/controls_core/controls_core.egg-info/requires.txt
[1.646s] writing top-level names to ../../build/controls_core/controls_core.egg-info/top_level.txt
[1.709s] reading manifest file '../../build/controls_core/controls_core.egg-info/SOURCES.txt'
[1.710s] adding license file 'LICENSE'
[1.712s] writing manifest file '../../build/controls_core/controls_core.egg-info/SOURCES.txt'
[1.712s] running build
[1.712s] running build_py
[1.712s] copying controls_core/board_interface_2.py -> /home/public/ros2ws/build/controls_core/build/lib/controls_core
[1.712s] copying controls_core/ui_testing.py -> /home/public/ros2ws/build/controls_core/build/lib/controls_core
[1.713s] copying controls_core/main_control_node.py -> /home/public/ros2ws/build/controls_core/build/lib/controls_core
[1.713s] copying controls_core/__init__.py -> /home/public/ros2ws/build/controls_core/build/lib/controls_core
[1.713s] copying controls_core/board_interface.py -> /home/public/ros2ws/build/controls_core/build/lib/controls_core
[1.713s] copying controls_core/py.typed -> /home/public/ros2ws/build/controls_core/build/lib/controls_core
[1.714s] running install
[1.721s] running install_lib
[1.746s] running install_data
[1.746s] copying resource/controls_core -> /home/public/ros2ws/install/controls_core/share/ament_index/resource_index/packages
[1.747s] copying package.xml -> /home/public/ros2ws/install/controls_core/share/controls_core
[1.747s] running install_egg_info
[1.774s] removing '/home/public/ros2ws/install/controls_core/lib/python3.14/site-packages/controls_core-0.0.0-py3.14.egg-info' (and everything under it)
[1.775s] Copying ../../build/controls_core/controls_core.egg-info to /home/public/ros2ws/install/controls_core/lib/python3.14/site-packages/controls_core-0.0.0-py3.14.egg-info
[1.777s] running install_scripts
[1.900s] Installing main_control_node script to /home/public/ros2ws/install/controls_core/lib/controls_core
[1.901s] writing list of installed files to '/home/public/ros2ws/build/controls_core/install.log'
[2.019s] Invoked command in '/home/public/ros2ws/src/controls_core' returned '0': DEBUGINFOD_URLS=https://debuginfod.ubuntu.com PYTHONPATH=/home/public/ros2ws/build/controls_core/prefix_override:/usr/lib/python3/dist-packages/colcon_core/task/python/colcon_distutils_commands:/home/public/ros2ws/install/controls_core/lib/python3.14/site-packages:${PYTHONPATH} /usr/bin/python3 -W ignore:setup.py install is deprecated -W ignore:easy_install command is deprecated setup.py egg_info --egg-base ../../build/controls_core build --build-base /home/public/ros2ws/build/controls_core/build install --record /home/public/ros2ws/build/controls_core/install.log --install-scripts $base/lib/controls_core --single-version-externally-managed install_data
