[4.414s] Invoking command in '/home/public/ros2ws/build/opencv2_nodes': DEBUGINFOD_URLS=https://debuginfod.ubuntu.com PYTHONPATH=/home/public/ros2ws/build/opencv2_nodes/prefix_override:/usr/lib/python3/dist-packages/colcon_core/task/python/colcon_distutils_commands:/home/public/ros2ws/install/opencv2_nodes/lib/python3.14/site-packages:${PYTHONPATH} /usr/bin/python3 -W ignore:setup.py install is deprecated -W ignore:easy_install command is deprecated setup.py develop --editable --build-directory /home/public/ros2ws/build/opencv2_nodes/build --no-deps symlink_data
[4.936s] running develop
[5.169s] running egg_info
[5.196s] writing opencv2_nodes.egg-info/PKG-INFO
[5.197s] writing dependency_links to opencv2_nodes.egg-info/dependency_links.txt
[5.198s] writing entry points to opencv2_nodes.egg-info/entry_points.txt
[5.199s] writing requirements to opencv2_nodes.egg-info/requires.txt
[5.199s] writing top-level names to opencv2_nodes.egg-info/top_level.txt
[5.255s] reading manifest file 'opencv2_nodes.egg-info/SOURCES.txt'
[5.260s] writing manifest file 'opencv2_nodes.egg-info/SOURCES.txt'
[5.338s] running build_ext
[5.338s] Creating /home/public/ros2ws/install/opencv2_nodes/lib/python3.14/site-packages/opencv2-nodes.egg-link (link to .)
[5.339s] Installing bin_mask script to /home/public/ros2ws/install/opencv2_nodes/lib/opencv2_nodes
[5.339s] Installing edge_recog script to /home/public/ros2ws/install/opencv2_nodes/lib/opencv2_nodes
[5.339s] Installing image_publisher script to /home/public/ros2ws/install/opencv2_nodes/lib/opencv2_nodes
[5.339s] Installing line_recog script to /home/public/ros2ws/install/opencv2_nodes/lib/opencv2_nodes
[5.340s] 
[5.340s] Installed /home/public/ros2ws/build/opencv2_nodes
[5.340s] running symlink_data
[5.612s] Invoked command in '/home/public/ros2ws/build/opencv2_nodes' returned '0': DEBUGINFOD_URLS=https://debuginfod.ubuntu.com PYTHONPATH=/home/public/ros2ws/build/opencv2_nodes/prefix_override:/usr/lib/python3/dist-packages/colcon_core/task/python/colcon_distutils_commands:/home/public/ros2ws/install/opencv2_nodes/lib/python3.14/site-packages:${PYTHONPATH} /usr/bin/python3 -W ignore:setup.py install is deprecated -W ignore:easy_install command is deprecated setup.py develop --editable --build-directory /home/public/ros2ws/build/opencv2_nodes/build --no-deps symlink_data
