[4.226s] Invoking command in '/home/public/ros2ws/src/controls_core': DEBUGINFOD_URLS=https://debuginfod.ubuntu.com PYTHONPATH=/home/public/ros2ws/build/controls_core/prefix_override:/usr/lib/python3/dist-packages/colcon_core/task/python/colcon_distutils_commands:/home/public/ros2ws/install/controls_core/lib/python3.14/site-packages:${PYTHONPATH} /usr/bin/python3 -W ignore:setup.py install is deprecated -W ignore:easy_install command is deprecated setup.py egg_info --egg-base ../../build/controls_core build --build-base /home/public/ros2ws/build/controls_core/build install --record /home/public/ros2ws/build/controls_core/install.log --install-scripts $base/lib/controls_core --single-version-externally-managed install_data
[5.642s] running egg_info
[5.724s] writing ../../build/controls_core/controls_core.egg-info/PKG-INFO
[5.726s] writing dependency_links to ../../build/controls_core/controls_core.egg-info/dependency_links.txt
[5.727s] writing entry points to ../../build/controls_core/controls_core.egg-info/entry_points.txt
[5.728s] writing requirements to ../../build/controls_core/controls_core.egg-info/requires.txt
[5.730s] writing top-level names to ../../build/controls_core/controls_core.egg-info/top_level.txt
[5.956s] reading manifest file '../../build/controls_core/controls_core.egg-info/SOURCES.txt'
[5.957s] adding license file 'LICENSE'
[5.958s] writing manifest file '../../build/controls_core/controls_core.egg-info/SOURCES.txt'
[5.959s] running build
[5.959s] running build_py
[5.959s] copying controls_core/ui_testing.py -> /home/public/ros2ws/build/controls_core/build/lib/controls_core
[5.961s] copying controls_core/main_control_node.py -> /home/public/ros2ws/build/controls_core/build/lib/controls_core
[5.961s] copying controls_core/__init__.py -> /home/public/ros2ws/build/controls_core/build/lib/controls_core
[5.962s] copying controls_core/board_interface.py -> /home/public/ros2ws/build/controls_core/build/lib/controls_core
[5.965s] copying controls_core/py.typed -> /home/public/ros2ws/build/controls_core/build/lib/controls_core
[5.966s] running install
[5.976s] running install_lib
[6.081s] copying /home/public/ros2ws/build/controls_core/build/lib/controls_core/main_control_node.py -> /home/public/ros2ws/install/controls_core/lib/python3.14/site-packages/controls_core
[6.084s] byte-compiling /home/public/ros2ws/install/controls_core/lib/python3.14/site-packages/controls_core/main_control_node.py to main_control_node.cpython-314.pyc
[6.090s] running install_data
[6.090s] copying resource/controls_core -> /home/public/ros2ws/install/controls_core/share/ament_index/resource_index/packages
[6.093s] copying package.xml -> /home/public/ros2ws/install/controls_core/share/controls_core
[6.093s] running install_egg_info
[6.162s] removing '/home/public/ros2ws/install/controls_core/lib/python3.14/site-packages/controls_core-0.0.0-py3.14.egg-info' (and everything under it)
[6.163s] Copying ../../build/controls_core/controls_core.egg-info to /home/public/ros2ws/install/controls_core/lib/python3.14/site-packages/controls_core-0.0.0-py3.14.egg-info
[6.170s] running install_scripts
[6.596s] Installing main_control_node script to /home/public/ros2ws/install/controls_core/lib/controls_core
[6.602s] writing list of installed files to '/home/public/ros2ws/build/controls_core/install.log'
[6.878s] Invoked command in '/home/public/ros2ws/src/controls_core' returned '0': DEBUGINFOD_URLS=https://debuginfod.ubuntu.com PYTHONPATH=/home/public/ros2ws/build/controls_core/prefix_override:/usr/lib/python3/dist-packages/colcon_core/task/python/colcon_distutils_commands:/home/public/ros2ws/install/controls_core/lib/python3.14/site-packages:${PYTHONPATH} /usr/bin/python3 -W ignore:setup.py install is deprecated -W ignore:easy_install command is deprecated setup.py egg_info --egg-base ../../build/controls_core build --build-base /home/public/ros2ws/build/controls_core/build install --record /home/public/ros2ws/build/controls_core/install.log --install-scripts $base/lib/controls_core --single-version-externally-managed install_data
