[4.333s] Invoking command in '/home/public/MSE112_MPi5_Hiwonder_ROS2/ros2ws/build/controls_core': DEBUGINFOD_URLS=https://debuginfod.ubuntu.com PYTHONPATH=/home/public/MSE112_MPi5_Hiwonder_ROS2/ros2ws/build/controls_core/prefix_override:/usr/lib/python3/dist-packages/colcon_core/task/python/colcon_distutils_commands:/home/public/MSE112_MPi5_Hiwonder_ROS2/ros2ws/install/controls_core/lib/python3.14/site-packages:${PYTHONPATH} /usr/bin/python3 -W ignore:setup.py install is deprecated -W ignore:easy_install command is deprecated setup.py develop --uninstall --editable --build-directory /home/public/MSE112_MPi5_Hiwonder_ROS2/ros2ws/build/controls_core/build
[5.511s] running develop
[6.172s] Removing /home/public/MSE112_MPi5_Hiwonder_ROS2/ros2ws/install/controls_core/lib/python3.14/site-packages/controls-core.egg-link (link to .)
[6.639s] Invoked command in '/home/public/MSE112_MPi5_Hiwonder_ROS2/ros2ws/build/controls_core' returned '0': DEBUGINFOD_URLS=https://debuginfod.ubuntu.com PYTHONPATH=/home/public/MSE112_MPi5_Hiwonder_ROS2/ros2ws/build/controls_core/prefix_override:/usr/lib/python3/dist-packages/colcon_core/task/python/colcon_distutils_commands:/home/public/MSE112_MPi5_Hiwonder_ROS2/ros2ws/install/controls_core/lib/python3.14/site-packages:${PYTHONPATH} /usr/bin/python3 -W ignore:setup.py install is deprecated -W ignore:easy_install command is deprecated setup.py develop --uninstall --editable --build-directory /home/public/MSE112_MPi5_Hiwonder_ROS2/ros2ws/build/controls_core/build
[6.650s] Invoking command in '/home/public/MSE112_MPi5_Hiwonder_ROS2/ros2ws/src/controls_core': DEBUGINFOD_URLS=https://debuginfod.ubuntu.com PYTHONPATH=/home/public/MSE112_MPi5_Hiwonder_ROS2/ros2ws/build/controls_core/prefix_override:/usr/lib/python3/dist-packages/colcon_core/task/python/colcon_distutils_commands:/home/public/MSE112_MPi5_Hiwonder_ROS2/ros2ws/install/controls_core/lib/python3.14/site-packages:${PYTHONPATH} /usr/bin/python3 -W ignore:setup.py install is deprecated -W ignore:easy_install command is deprecated setup.py egg_info --egg-base ../../build/controls_core build --build-base /home/public/MSE112_MPi5_Hiwonder_ROS2/ros2ws/build/controls_core/build install --record /home/public/MSE112_MPi5_Hiwonder_ROS2/ros2ws/build/controls_core/install.log --install-scripts $base/lib/controls_core --single-version-externally-managed install_data --force
[7.808s] running egg_info
[7.877s] writing ../../build/controls_core/controls_core.egg-info/PKG-INFO
[7.878s] writing dependency_links to ../../build/controls_core/controls_core.egg-info/dependency_links.txt
[7.887s] writing entry points to ../../build/controls_core/controls_core.egg-info/entry_points.txt
[7.895s] writing requirements to ../../build/controls_core/controls_core.egg-info/requires.txt
[7.898s] writing top-level names to ../../build/controls_core/controls_core.egg-info/top_level.txt
[8.086s] reading manifest file '../../build/controls_core/controls_core.egg-info/SOURCES.txt'
[8.087s] adding license file 'LICENSE'
[8.088s] writing manifest file '../../build/controls_core/controls_core.egg-info/SOURCES.txt'
[8.089s] running build
[8.089s] running build_py
[8.089s] creating /home/public/MSE112_MPi5_Hiwonder_ROS2/ros2ws/build/controls_core/build/lib/controls_core
[8.090s] copying controls_core/ui_testing.py -> /home/public/MSE112_MPi5_Hiwonder_ROS2/ros2ws/build/controls_core/build/lib/controls_core
[8.099s] copying controls_core/main_control_node.py -> /home/public/MSE112_MPi5_Hiwonder_ROS2/ros2ws/build/controls_core/build/lib/controls_core
[8.099s] copying controls_core/__init__.py -> /home/public/MSE112_MPi5_Hiwonder_ROS2/ros2ws/build/controls_core/build/lib/controls_core
[8.100s] copying controls_core/cv_interface.py -> /home/public/MSE112_MPi5_Hiwonder_ROS2/ros2ws/build/controls_core/build/lib/controls_core
[8.103s] copying controls_core/board_interface.py -> /home/public/MSE112_MPi5_Hiwonder_ROS2/ros2ws/build/controls_core/build/lib/controls_core
[8.107s] copying controls_core/py.typed -> /home/public/MSE112_MPi5_Hiwonder_ROS2/ros2ws/build/controls_core/build/lib/controls_core
[8.113s] running install
[8.135s] running install_lib
[8.197s] creating /home/public/MSE112_MPi5_Hiwonder_ROS2/ros2ws/install/controls_core/lib/python3.14/site-packages/controls_core
[8.199s] copying /home/public/MSE112_MPi5_Hiwonder_ROS2/ros2ws/build/controls_core/build/lib/controls_core/ui_testing.py -> /home/public/MSE112_MPi5_Hiwonder_ROS2/ros2ws/install/controls_core/lib/python3.14/site-packages/controls_core
[8.199s] copying /home/public/MSE112_MPi5_Hiwonder_ROS2/ros2ws/build/controls_core/build/lib/controls_core/main_control_node.py -> /home/public/MSE112_MPi5_Hiwonder_ROS2/ros2ws/install/controls_core/lib/python3.14/site-packages/controls_core
[8.199s] copying /home/public/MSE112_MPi5_Hiwonder_ROS2/ros2ws/build/controls_core/build/lib/controls_core/__init__.py -> /home/public/MSE112_MPi5_Hiwonder_ROS2/ros2ws/install/controls_core/lib/python3.14/site-packages/controls_core
[8.200s] copying /home/public/MSE112_MPi5_Hiwonder_ROS2/ros2ws/build/controls_core/build/lib/controls_core/cv_interface.py -> /home/public/MSE112_MPi5_Hiwonder_ROS2/ros2ws/install/controls_core/lib/python3.14/site-packages/controls_core
[8.200s] copying /home/public/MSE112_MPi5_Hiwonder_ROS2/ros2ws/build/controls_core/build/lib/controls_core/board_interface.py -> /home/public/MSE112_MPi5_Hiwonder_ROS2/ros2ws/install/controls_core/lib/python3.14/site-packages/controls_core
[8.201s] copying /home/public/MSE112_MPi5_Hiwonder_ROS2/ros2ws/build/controls_core/build/lib/controls_core/py.typed -> /home/public/MSE112_MPi5_Hiwonder_ROS2/ros2ws/install/controls_core/lib/python3.14/site-packages/controls_core
[8.203s] byte-compiling /home/public/MSE112_MPi5_Hiwonder_ROS2/ros2ws/install/controls_core/lib/python3.14/site-packages/controls_core/ui_testing.py to ui_testing.cpython-314.pyc
[8.205s] byte-compiling /home/public/MSE112_MPi5_Hiwonder_ROS2/ros2ws/install/controls_core/lib/python3.14/site-packages/controls_core/main_control_node.py to main_control_node.cpython-314.pyc
[8.208s] byte-compiling /home/public/MSE112_MPi5_Hiwonder_ROS2/ros2ws/install/controls_core/lib/python3.14/site-packages/controls_core/__init__.py to __init__.cpython-314.pyc
[8.209s] byte-compiling /home/public/MSE112_MPi5_Hiwonder_ROS2/ros2ws/install/controls_core/lib/python3.14/site-packages/controls_core/cv_interface.py to cv_interface.cpython-314.pyc
[8.213s] byte-compiling /home/public/MSE112_MPi5_Hiwonder_ROS2/ros2ws/install/controls_core/lib/python3.14/site-packages/controls_core/board_interface.py to board_interface.cpython-314.pyc
[8.220s] running install_data
[8.223s] copying resource/controls_core -> /home/public/MSE112_MPi5_Hiwonder_ROS2/ros2ws/install/controls_core/share/ament_index/resource_index/packages
[8.225s] copying package.xml -> /home/public/MSE112_MPi5_Hiwonder_ROS2/ros2ws/install/controls_core/share/controls_core
[8.227s] running install_egg_info
[8.311s] Copying ../../build/controls_core/controls_core.egg-info to /home/public/MSE112_MPi5_Hiwonder_ROS2/ros2ws/install/controls_core/lib/python3.14/site-packages/controls_core-0.0.0-py3.14.egg-info
[8.313s] running install_scripts
[8.697s] Installing main_control_node script to /home/public/MSE112_MPi5_Hiwonder_ROS2/ros2ws/install/controls_core/lib/controls_core
[8.697s] writing list of installed files to '/home/public/MSE112_MPi5_Hiwonder_ROS2/ros2ws/build/controls_core/install.log'
[9.150s] Invoked command in '/home/public/MSE112_MPi5_Hiwonder_ROS2/ros2ws/src/controls_core' returned '0': DEBUGINFOD_URLS=https://debuginfod.ubuntu.com PYTHONPATH=/home/public/MSE112_MPi5_Hiwonder_ROS2/ros2ws/build/controls_core/prefix_override:/usr/lib/python3/dist-packages/colcon_core/task/python/colcon_distutils_commands:/home/public/MSE112_MPi5_Hiwonder_ROS2/ros2ws/install/controls_core/lib/python3.14/site-packages:${PYTHONPATH} /usr/bin/python3 -W ignore:setup.py install is deprecated -W ignore:easy_install command is deprecated setup.py egg_info --egg-base ../../build/controls_core build --build-base /home/public/MSE112_MPi5_Hiwonder_ROS2/ros2ws/build/controls_core/build install --record /home/public/MSE112_MPi5_Hiwonder_ROS2/ros2ws/build/controls_core/install.log --install-scripts $base/lib/controls_core --single-version-externally-managed install_data --force
