[2.976s] Invoking command in '/home/admin/MSE112_MPi5_Hiwonder_ROS2/ros2ws/build/hiwonder_board': DEBUGINFOD_URLS=https://debuginfod.ubuntu.com PYTHONPATH=/home/admin/MSE112_MPi5_Hiwonder_ROS2/ros2ws/build/hiwonder_board/prefix_override:/usr/lib/python3/dist-packages/colcon_core/task/python/colcon_distutils_commands:/home/admin/MSE112_MPi5_Hiwonder_ROS2/ros2ws/install/hiwonder_board/lib/python3.14/site-packages:${PYTHONPATH} /usr/bin/python3 -W ignore:setup.py install is deprecated -W ignore:easy_install command is deprecated setup.py develop --editable --build-directory /home/admin/MSE112_MPi5_Hiwonder_ROS2/ros2ws/build/hiwonder_board/build --no-deps symlink_data
[3.456s] running develop
[3.665s] running egg_info
[3.688s] creating hiwonder_board.egg-info
[3.688s] writing hiwonder_board.egg-info/PKG-INFO
[3.689s] writing dependency_links to hiwonder_board.egg-info/dependency_links.txt
[3.689s] writing entry points to hiwonder_board.egg-info/entry_points.txt
[3.690s] writing requirements to hiwonder_board.egg-info/requires.txt
[3.690s] writing top-level names to hiwonder_board.egg-info/top_level.txt
[3.690s] writing manifest file 'hiwonder_board.egg-info/SOURCES.txt'
[3.741s] reading manifest file 'hiwonder_board.egg-info/SOURCES.txt'
[3.742s] writing manifest file 'hiwonder_board.egg-info/SOURCES.txt'
[3.773s] running build_ext
[3.774s] Creating /home/admin/MSE112_MPi5_Hiwonder_ROS2/ros2ws/install/hiwonder_board/lib/python3.14/site-packages/hiwonder-board.egg-link (link to .)
[3.778s] Installing hiwonder_board_node script to /home/admin/MSE112_MPi5_Hiwonder_ROS2/ros2ws/install/hiwonder_board/lib/hiwonder_board
[3.779s] Installing test_listener script to /home/admin/MSE112_MPi5_Hiwonder_ROS2/ros2ws/install/hiwonder_board/lib/hiwonder_board
[3.779s] Installing test_talker script to /home/admin/MSE112_MPi5_Hiwonder_ROS2/ros2ws/install/hiwonder_board/lib/hiwonder_board
[3.780s] 
[3.781s] Installed /home/admin/MSE112_MPi5_Hiwonder_ROS2/ros2ws/build/hiwonder_board
[3.781s] running symlink_data
[3.782s] creating /home/admin/MSE112_MPi5_Hiwonder_ROS2/ros2ws/install/hiwonder_board/share/ament_index/resource_index/packages
[3.782s] symbolically linking /home/admin/MSE112_MPi5_Hiwonder_ROS2/ros2ws/build/hiwonder_board/resource/hiwonder_board -> /home/admin/MSE112_MPi5_Hiwonder_ROS2/ros2ws/install/hiwonder_board/share/ament_index/resource_index/packages
[3.784s] symbolically linking /home/admin/MSE112_MPi5_Hiwonder_ROS2/ros2ws/build/hiwonder_board/package.xml -> /home/admin/MSE112_MPi5_Hiwonder_ROS2/ros2ws/install/hiwonder_board/share/hiwonder_board
[4.288s] Invoked command in '/home/admin/MSE112_MPi5_Hiwonder_ROS2/ros2ws/build/hiwonder_board' returned '0': DEBUGINFOD_URLS=https://debuginfod.ubuntu.com PYTHONPATH=/home/admin/MSE112_MPi5_Hiwonder_ROS2/ros2ws/build/hiwonder_board/prefix_override:/usr/lib/python3/dist-packages/colcon_core/task/python/colcon_distutils_commands:/home/admin/MSE112_MPi5_Hiwonder_ROS2/ros2ws/install/hiwonder_board/lib/python3.14/site-packages:${PYTHONPATH} /usr/bin/python3 -W ignore:setup.py install is deprecated -W ignore:easy_install command is deprecated setup.py develop --editable --build-directory /home/admin/MSE112_MPi5_Hiwonder_ROS2/ros2ws/build/hiwonder_board/build --no-deps symlink_data
