running egg_info
writing ../../build/core/core.egg-info/PKG-INFO
writing dependency_links to ../../build/core/core.egg-info/dependency_links.txt
writing entry points to ../../build/core/core.egg-info/entry_points.txt
writing requirements to ../../build/core/core.egg-info/requires.txt
writing top-level names to ../../build/core/core.egg-info/top_level.txt
reading manifest file '../../build/core/core.egg-info/SOURCES.txt'
adding license file 'LICENSE'
writing manifest file '../../build/core/core.egg-info/SOURCES.txt'
running build
running build_py
copying core/ui_testing.py -> /home/public/MSE112_MPi5_Hiwonder_ROS2/ros2ws/build/core/build/lib/core
copying core/main.py -> /home/public/MSE112_MPi5_Hiwonder_ROS2/ros2ws/build/core/build/lib/core
copying core/__init__.py -> /home/public/MSE112_MPi5_Hiwonder_ROS2/ros2ws/build/core/build/lib/core
copying core/cv_interface.py -> /home/public/MSE112_MPi5_Hiwonder_ROS2/ros2ws/build/core/build/lib/core
copying core/board_interface.py -> /home/public/MSE112_MPi5_Hiwonder_ROS2/ros2ws/build/core/build/lib/core
copying core/py.typed -> /home/public/MSE112_MPi5_Hiwonder_ROS2/ros2ws/build/core/build/lib/core
running install
running install_lib
copying /home/public/MSE112_MPi5_Hiwonder_ROS2/ros2ws/build/core/build/lib/core/cv_interface.py -> /home/public/MSE112_MPi5_Hiwonder_ROS2/ros2ws/install/core/lib/python3.14/site-packages/core
byte-compiling /home/public/MSE112_MPi5_Hiwonder_ROS2/ros2ws/install/core/lib/python3.14/site-packages/core/cv_interface.py to cv_interface.cpython-314.pyc
running install_data
copying resource/core -> /home/public/MSE112_MPi5_Hiwonder_ROS2/ros2ws/install/core/share/ament_index/resource_index/packages
copying package.xml -> /home/public/MSE112_MPi5_Hiwonder_ROS2/ros2ws/install/core/share/core
running install_egg_info
removing '/home/public/MSE112_MPi5_Hiwonder_ROS2/ros2ws/install/core/lib/python3.14/site-packages/core-0.0.0-py3.14.egg-info' (and everything under it)
Copying ../../build/core/core.egg-info to /home/public/MSE112_MPi5_Hiwonder_ROS2/ros2ws/install/core/lib/python3.14/site-packages/core-0.0.0-py3.14.egg-info
running install_scripts
Installing main script to /home/public/MSE112_MPi5_Hiwonder_ROS2/ros2ws/install/core/lib/core
writing list of installed files to '/home/public/MSE112_MPi5_Hiwonder_ROS2/ros2ws/build/core/install.log'
