[1.412s] Invoking command in '/home/public/MSE112_MPi5_Hiwonder_ROS2/ros2ws/src/core': DEBUGINFOD_URLS=https://debuginfod.ubuntu.com PYTHONPATH=/home/public/MSE112_MPi5_Hiwonder_ROS2/ros2ws/build/core/prefix_override:/usr/lib/python3/dist-packages/colcon_core/task/python/colcon_distutils_commands:/home/public/MSE112_MPi5_Hiwonder_ROS2/ros2ws/install/core/lib/python3.14/site-packages:${PYTHONPATH} /usr/bin/python3 -W ignore:setup.py install is deprecated -W ignore:easy_install command is deprecated setup.py egg_info --egg-base ../../build/core build --build-base /home/public/MSE112_MPi5_Hiwonder_ROS2/ros2ws/build/core/build install --record /home/public/MSE112_MPi5_Hiwonder_ROS2/ros2ws/build/core/install.log --install-scripts $base/lib/core --single-version-externally-managed install_data
[1.859s] running egg_info
[1.887s] writing ../../build/core/core.egg-info/PKG-INFO
[1.887s] writing dependency_links to ../../build/core/core.egg-info/dependency_links.txt
[1.912s] writing entry points to ../../build/core/core.egg-info/entry_points.txt
[1.913s] writing requirements to ../../build/core/core.egg-info/requires.txt
[1.914s] writing top-level names to ../../build/core/core.egg-info/top_level.txt
[1.975s] reading manifest file '../../build/core/core.egg-info/SOURCES.txt'
[1.976s] adding license file 'LICENSE'
[1.977s] writing manifest file '../../build/core/core.egg-info/SOURCES.txt'
[1.977s] running build
[1.977s] running build_py
[1.977s] copying core/ui_testing.py -> /home/public/MSE112_MPi5_Hiwonder_ROS2/ros2ws/build/core/build/lib/core
[1.977s] copying core/main.py -> /home/public/MSE112_MPi5_Hiwonder_ROS2/ros2ws/build/core/build/lib/core
[1.978s] copying core/__init__.py -> /home/public/MSE112_MPi5_Hiwonder_ROS2/ros2ws/build/core/build/lib/core
[1.978s] copying core/cv_interface.py -> /home/public/MSE112_MPi5_Hiwonder_ROS2/ros2ws/build/core/build/lib/core
[1.979s] copying core/board_interface.py -> /home/public/MSE112_MPi5_Hiwonder_ROS2/ros2ws/build/core/build/lib/core
[1.980s] copying core/py.typed -> /home/public/MSE112_MPi5_Hiwonder_ROS2/ros2ws/build/core/build/lib/core
[1.980s] running install
[1.987s] running install_lib
[2.016s] copying /home/public/MSE112_MPi5_Hiwonder_ROS2/ros2ws/build/core/build/lib/core/cv_interface.py -> /home/public/MSE112_MPi5_Hiwonder_ROS2/ros2ws/install/core/lib/python3.14/site-packages/core
[2.017s] byte-compiling /home/public/MSE112_MPi5_Hiwonder_ROS2/ros2ws/install/core/lib/python3.14/site-packages/core/cv_interface.py to cv_interface.cpython-314.pyc
[2.019s] running install_data
[2.019s] copying resource/core -> /home/public/MSE112_MPi5_Hiwonder_ROS2/ros2ws/install/core/share/ament_index/resource_index/packages
[2.019s] copying package.xml -> /home/public/MSE112_MPi5_Hiwonder_ROS2/ros2ws/install/core/share/core
[2.020s] running install_egg_info
[2.048s] removing '/home/public/MSE112_MPi5_Hiwonder_ROS2/ros2ws/install/core/lib/python3.14/site-packages/core-0.0.0-py3.14.egg-info' (and everything under it)
[2.048s] Copying ../../build/core/core.egg-info to /home/public/MSE112_MPi5_Hiwonder_ROS2/ros2ws/install/core/lib/python3.14/site-packages/core-0.0.0-py3.14.egg-info
[2.049s] running install_scripts
[2.189s] Installing main script to /home/public/MSE112_MPi5_Hiwonder_ROS2/ros2ws/install/core/lib/core
[2.190s] writing list of installed files to '/home/public/MSE112_MPi5_Hiwonder_ROS2/ros2ws/build/core/install.log'
[2.317s] Invoked command in '/home/public/MSE112_MPi5_Hiwonder_ROS2/ros2ws/src/core' returned '0': DEBUGINFOD_URLS=https://debuginfod.ubuntu.com PYTHONPATH=/home/public/MSE112_MPi5_Hiwonder_ROS2/ros2ws/build/core/prefix_override:/usr/lib/python3/dist-packages/colcon_core/task/python/colcon_distutils_commands:/home/public/MSE112_MPi5_Hiwonder_ROS2/ros2ws/install/core/lib/python3.14/site-packages:${PYTHONPATH} /usr/bin/python3 -W ignore:setup.py install is deprecated -W ignore:easy_install command is deprecated setup.py egg_info --egg-base ../../build/core build --build-base /home/public/MSE112_MPi5_Hiwonder_ROS2/ros2ws/build/core/build install --record /home/public/MSE112_MPi5_Hiwonder_ROS2/ros2ws/build/core/install.log --install-scripts $base/lib/core --single-version-externally-managed install_data
