[2.852s] Invoking command in '/home/public/MSE112_MPi5_Hiwonder_ROS2/ros2ws/build/hiwonder_board': DEBUGINFOD_URLS=https://debuginfod.ubuntu.com PYTHONPATH=/home/public/MSE112_MPi5_Hiwonder_ROS2/ros2ws/build/hiwonder_board/prefix_override:/usr/lib/python3/dist-packages/colcon_core/task/python/colcon_distutils_commands:/home/public/MSE112_MPi5_Hiwonder_ROS2/ros2ws/install/hiwonder_board/lib/python3.14/site-packages:${PYTHONPATH} /usr/bin/python3 -W ignore:setup.py install is deprecated -W ignore:easy_install command is deprecated setup.py develop --editable --build-directory /home/public/MSE112_MPi5_Hiwonder_ROS2/ros2ws/build/hiwonder_board/build --no-deps symlink_data --force
[3.352s] running develop
[3.590s] running egg_info
[3.614s] writing hiwonder_board.egg-info/PKG-INFO
[3.617s] writing dependency_links to hiwonder_board.egg-info/dependency_links.txt
[3.618s] writing entry points to hiwonder_board.egg-info/entry_points.txt
[3.620s] writing requirements to hiwonder_board.egg-info/requires.txt
[3.622s] writing top-level names to hiwonder_board.egg-info/top_level.txt
[3.678s] reading manifest file 'hiwonder_board.egg-info/SOURCES.txt'
[3.681s] writing manifest file 'hiwonder_board.egg-info/SOURCES.txt'
[3.709s] running build_ext
[3.709s] Creating /home/public/MSE112_MPi5_Hiwonder_ROS2/ros2ws/install/hiwonder_board/lib/python3.14/site-packages/hiwonder-board.egg-link (link to .)
[3.712s] Installing hiwonder_board_node script to /home/public/MSE112_MPi5_Hiwonder_ROS2/ros2ws/install/hiwonder_board/lib/hiwonder_board
[3.712s] Installing test_listener script to /home/public/MSE112_MPi5_Hiwonder_ROS2/ros2ws/install/hiwonder_board/lib/hiwonder_board
[3.712s] Installing test_talker script to /home/public/MSE112_MPi5_Hiwonder_ROS2/ros2ws/install/hiwonder_board/lib/hiwonder_board
[3.712s] 
[3.712s] Installed /home/public/MSE112_MPi5_Hiwonder_ROS2/ros2ws/build/hiwonder_board
[3.712s] running symlink_data
[3.714s] symbolically linking /home/public/MSE112_MPi5_Hiwonder_ROS2/ros2ws/build/hiwonder_board/resource/hiwonder_board -> /home/public/MSE112_MPi5_Hiwonder_ROS2/ros2ws/install/hiwonder_board/share/ament_index/resource_index/packages
[3.714s] symbolically linking /home/public/MSE112_MPi5_Hiwonder_ROS2/ros2ws/build/hiwonder_board/package.xml -> /home/public/MSE112_MPi5_Hiwonder_ROS2/ros2ws/install/hiwonder_board/share/hiwonder_board
[3.956s] Invoked command in '/home/public/MSE112_MPi5_Hiwonder_ROS2/ros2ws/build/hiwonder_board' returned '0': DEBUGINFOD_URLS=https://debuginfod.ubuntu.com PYTHONPATH=/home/public/MSE112_MPi5_Hiwonder_ROS2/ros2ws/build/hiwonder_board/prefix_override:/usr/lib/python3/dist-packages/colcon_core/task/python/colcon_distutils_commands:/home/public/MSE112_MPi5_Hiwonder_ROS2/ros2ws/install/hiwonder_board/lib/python3.14/site-packages:${PYTHONPATH} /usr/bin/python3 -W ignore:setup.py install is deprecated -W ignore:easy_install command is deprecated setup.py develop --editable --build-directory /home/public/MSE112_MPi5_Hiwonder_ROS2/ros2ws/build/hiwonder_board/build --no-deps symlink_data --force
