[  1%] Built target turtlesim_msgs__rosidl_generator_type_description
[  2%] Built target turtlesim_msgs__rs
[  2%] Built target turtlesim_msgs__cpp
[ 27%] Built target turtlesim_msgs__rosidl_generator_c
[ 37%] Built target turtlesim_msgs__rosidl_typesupport_cpp
[ 46%] Built target turtlesim_msgs__rosidl_typesupport_fastrtps_c
[ 55%] Built target turtlesim_msgs__rosidl_typesupport_introspection_c
[ 65%] Built target turtlesim_msgs__rosidl_typesupport_fastrtps_cpp
[ 74%] Built target turtlesim_msgs__rosidl_typesupport_c
[ 84%] Built target turtlesim_msgs__rosidl_typesupport_introspection_cpp
[ 84%] Built target turtlesim_msgs
[ 85%] Built target turtlesim_msgs__py
[ 94%] Built target turtlesim_msgs__rosidl_generator_py
[ 98%] Built target turtlesim_msgs_s__rosidl_typesupport_fastrtps_c
[ 98%] Built target turtlesim_msgs_s__rosidl_typesupport_introspection_c
[100%] Built target turtlesim_msgs_s__rosidl_typesupport_c
[100%] Built target ament_cmake_python_sync_turtlesim_msgs
running egg_info
writing turtlesim_msgs.egg-info/PKG-INFO
writing dependency_links to turtlesim_msgs.egg-info/dependency_links.txt
writing top-level names to turtlesim_msgs.egg-info/top_level.txt
reading manifest file 'turtlesim_msgs.egg-info/SOURCES.txt'
writing manifest file 'turtlesim_msgs.egg-info/SOURCES.txt'
[100%] Built target ament_cmake_python_build_turtlesim_msgs_egg
-- Install configuration: ""
-- Execute custom install script
-- Up-to-date symlink: /home/public/ros2ws/install/turtlesim_msgs/share/ament_index/resource_index/rosidl_interfaces/turtlesim_msgs
-- Up-to-date symlink: /home/public/ros2ws/install/turtlesim_msgs/share/turtlesim_msgs/action/RotateAbsolute.json
-- Up-to-date symlink: /home/public/ros2ws/install/turtlesim_msgs/share/turtlesim_msgs/msg/Color.json
-- Up-to-date symlink: /home/public/ros2ws/install/turtlesim_msgs/share/turtlesim_msgs/msg/Pose.json
-- Up-to-date symlink: /home/public/ros2ws/install/turtlesim_msgs/share/turtlesim_msgs/srv/Kill.json
-- Up-to-date symlink: /home/public/ros2ws/install/turtlesim_msgs/share/turtlesim_msgs/srv/SetPen.json
-- Up-to-date symlink: /home/public/ros2ws/install/turtlesim_msgs/share/turtlesim_msgs/srv/Spawn.json
-- Up-to-date symlink: /home/public/ros2ws/install/turtlesim_msgs/share/turtlesim_msgs/srv/TeleportAbsolute.json
-- Up-to-date symlink: /home/public/ros2ws/install/turtlesim_msgs/share/turtlesim_msgs/srv/TeleportRelative.json
-- Up-to-date symlink: /home/public/ros2ws/install/turtlesim_msgs/include/turtlesim_msgs/turtlesim_msgs/action/detail/rotate_absolute__functions.h
-- Up-to-date symlink: /home/public/ros2ws/install/turtlesim_msgs/include/turtlesim_msgs/turtlesim_msgs/action/detail/rotate_absolute__struct.h
-- Up-to-date symlink: /home/public/ros2ws/install/turtlesim_msgs/include/turtlesim_msgs/turtlesim_msgs/action/detail/rotate_absolute__type_support.h
-- Up-to-date symlink: /home/public/ros2ws/install/turtlesim_msgs/include/turtlesim_msgs/turtlesim_msgs/action/rotate_absolute.h
-- Up-to-date symlink: /home/public/ros2ws/install/turtlesim_msgs/include/turtlesim_msgs/turtlesim_msgs/msg/color.h
-- Up-to-date symlink: /home/public/ros2ws/install/turtlesim_msgs/include/turtlesim_msgs/turtlesim_msgs/msg/detail/color__functions.h
-- Up-to-date symlink: /home/public/ros2ws/install/turtlesim_msgs/include/turtlesim_msgs/turtlesim_msgs/msg/detail/color__struct.h
-- Up-to-date symlink: /home/public/ros2ws/install/turtlesim_msgs/include/turtlesim_msgs/turtlesim_msgs/msg/detail/color__type_support.h
-- Up-to-date symlink: /home/public/ros2ws/install/turtlesim_msgs/include/turtlesim_msgs/turtlesim_msgs/msg/detail/pose__functions.h
-- Up-to-date symlink: /home/public/ros2ws/install/turtlesim_msgs/include/turtlesim_msgs/turtlesim_msgs/msg/detail/pose__struct.h
-- Up-to-date symlink: /home/public/ros2ws/install/turtlesim_msgs/include/turtlesim_msgs/turtlesim_msgs/msg/detail/pose__type_support.h
-- Up-to-date symlink: /home/public/ros2ws/install/turtlesim_msgs/include/turtlesim_msgs/turtlesim_msgs/msg/pose.h
-- Up-to-date symlink: /home/public/ros2ws/install/turtlesim_msgs/include/turtlesim_msgs/turtlesim_msgs/msg/rosidl_generator_c__visibility_control.h
-- Up-to-date symlink: /home/public/ros2ws/install/turtlesim_msgs/include/turtlesim_msgs/turtlesim_msgs/srv/detail/kill__functions.h
-- Up-to-date symlink: /home/public/ros2ws/install/turtlesim_msgs/include/turtlesim_msgs/turtlesim_msgs/srv/detail/kill__struct.h
-- Up-to-date symlink: /home/public/ros2ws/install/turtlesim_msgs/include/turtlesim_msgs/turtlesim_msgs/srv/detail/kill__type_support.h
-- Up-to-date symlink: /home/public/ros2ws/install/turtlesim_msgs/include/turtlesim_msgs/turtlesim_msgs/srv/detail/set_pen__functions.h
-- Up-to-date symlink: /home/public/ros2ws/install/turtlesim_msgs/include/turtlesim_msgs/turtlesim_msgs/srv/detail/set_pen__struct.h
-- Up-to-date symlink: /home/public/ros2ws/install/turtlesim_msgs/include/turtlesim_msgs/turtlesim_msgs/srv/detail/set_pen__type_support.h
-- Up-to-date symlink: /home/public/ros2ws/install/turtlesim_msgs/include/turtlesim_msgs/turtlesim_msgs/srv/detail/spawn__functions.h
-- Up-to-date symlink: /home/public/ros2ws/install/turtlesim_msgs/include/turtlesim_msgs/turtlesim_msgs/srv/detail/spawn__struct.h
-- Up-to-date symlink: /home/public/ros2ws/install/turtlesim_msgs/include/turtlesim_msgs/turtlesim_msgs/srv/detail/spawn__type_support.h
-- Up-to-date symlink: /home/public/ros2ws/install/turtlesim_msgs/include/turtlesim_msgs/turtlesim_msgs/srv/detail/teleport_absolute__functions.h
-- Up-to-date symlink: /home/public/ros2ws/install/turtlesim_msgs/include/turtlesim_msgs/turtlesim_msgs/srv/detail/teleport_absolute__struct.h
-- Up-to-date symlink: /home/public/ros2ws/install/turtlesim_msgs/include/turtlesim_msgs/turtlesim_msgs/srv/detail/teleport_absolute__type_support.h
-- Up-to-date symlink: /home/public/ros2ws/install/turtlesim_msgs/include/turtlesim_msgs/turtlesim_msgs/srv/detail/teleport_relative__functions.h
-- Up-to-date symlink: /home/public/ros2ws/install/turtlesim_msgs/include/turtlesim_msgs/turtlesim_msgs/srv/detail/teleport_relative__struct.h
-- Up-to-date symlink: /home/public/ros2ws/install/turtlesim_msgs/include/turtlesim_msgs/turtlesim_msgs/srv/detail/teleport_relative__type_support.h
-- Up-to-date symlink: /home/public/ros2ws/install/turtlesim_msgs/include/turtlesim_msgs/turtlesim_msgs/srv/kill.h
-- Up-to-date symlink: /home/public/ros2ws/install/turtlesim_msgs/include/turtlesim_msgs/turtlesim_msgs/srv/set_pen.h
-- Up-to-date symlink: /home/public/ros2ws/install/turtlesim_msgs/include/turtlesim_msgs/turtlesim_msgs/srv/spawn.h
-- Up-to-date symlink: /home/public/ros2ws/install/turtlesim_msgs/include/turtlesim_msgs/turtlesim_msgs/srv/teleport_absolute.h
-- Up-to-date symlink: /home/public/ros2ws/install/turtlesim_msgs/include/turtlesim_msgs/turtlesim_msgs/srv/teleport_relative.h
-- Up-to-date symlink: /home/public/ros2ws/install/turtlesim_msgs/share/turtlesim_msgs/environment/library_path.sh
-- Up-to-date symlink: /home/public/ros2ws/install/turtlesim_msgs/share/turtlesim_msgs/environment/library_path.dsv
-- Up-to-date symlink: /home/public/ros2ws/install/turtlesim_msgs/include/turtlesim_msgs/turtlesim_msgs/action/detail/rotate_absolute__rosidl_typesupport_fastrtps_c.h
-- Up-to-date symlink: /home/public/ros2ws/install/turtlesim_msgs/include/turtlesim_msgs/turtlesim_msgs/msg/detail/color__rosidl_typesupport_fastrtps_c.h
-- Up-to-date symlink: /home/public/ros2ws/install/turtlesim_msgs/include/turtlesim_msgs/turtlesim_msgs/msg/detail/pose__rosidl_typesupport_fastrtps_c.h
-- Up-to-date symlink: /home/public/ros2ws/install/turtlesim_msgs/include/turtlesim_msgs/turtlesim_msgs/msg/rosidl_typesupport_fastrtps_c__visibility_control.h
-- Up-to-date symlink: /home/public/ros2ws/install/turtlesim_msgs/include/turtlesim_msgs/turtlesim_msgs/srv/detail/kill__rosidl_typesupport_fastrtps_c.h
-- Up-to-date symlink: /home/public/ros2ws/install/turtlesim_msgs/include/turtlesim_msgs/turtlesim_msgs/srv/detail/set_pen__rosidl_typesupport_fastrtps_c.h
-- Up-to-date symlink: /home/public/ros2ws/install/turtlesim_msgs/include/turtlesim_msgs/turtlesim_msgs/srv/detail/spawn__rosidl_typesupport_fastrtps_c.h
-- Up-to-date symlink: /home/public/ros2ws/install/turtlesim_msgs/include/turtlesim_msgs/turtlesim_msgs/srv/detail/teleport_absolute__rosidl_typesupport_fastrtps_c.h
-- Up-to-date symlink: /home/public/ros2ws/install/turtlesim_msgs/include/turtlesim_msgs/turtlesim_msgs/srv/detail/teleport_relative__rosidl_typesupport_fastrtps_c.h
-- Up-to-date symlink: /home/public/ros2ws/install/turtlesim_msgs/include/turtlesim_msgs/turtlesim_msgs/action/detail/rotate_absolute__builder.hpp
-- Up-to-date symlink: /home/public/ros2ws/install/turtlesim_msgs/include/turtlesim_msgs/turtlesim_msgs/action/detail/rotate_absolute__struct.hpp
-- Up-to-date symlink: /home/public/ros2ws/install/turtlesim_msgs/include/turtlesim_msgs/turtlesim_msgs/action/detail/rotate_absolute__traits.hpp
-- Up-to-date symlink: /home/public/ros2ws/install/turtlesim_msgs/include/turtlesim_msgs/turtlesim_msgs/action/detail/rotate_absolute__type_support.hpp
-- Up-to-date symlink: /home/public/ros2ws/install/turtlesim_msgs/include/turtlesim_msgs/turtlesim_msgs/action/rotate_absolute.hpp
-- Up-to-date symlink: /home/public/ros2ws/install/turtlesim_msgs/include/turtlesim_msgs/turtlesim_msgs/msg/color.hpp
-- Up-to-date symlink: /home/public/ros2ws/install/turtlesim_msgs/include/turtlesim_msgs/turtlesim_msgs/msg/detail/color__builder.hpp
-- Up-to-date symlink: /home/public/ros2ws/install/turtlesim_msgs/include/turtlesim_msgs/turtlesim_msgs/msg/detail/color__struct.hpp
-- Up-to-date symlink: /home/public/ros2ws/install/turtlesim_msgs/include/turtlesim_msgs/turtlesim_msgs/msg/detail/color__traits.hpp
-- Up-to-date symlink: /home/public/ros2ws/install/turtlesim_msgs/include/turtlesim_msgs/turtlesim_msgs/msg/detail/color__type_support.hpp
-- Up-to-date symlink: /home/public/ros2ws/install/turtlesim_msgs/include/turtlesim_msgs/turtlesim_msgs/msg/detail/pose__builder.hpp
-- Up-to-date symlink: /home/public/ros2ws/install/turtlesim_msgs/include/turtlesim_msgs/turtlesim_msgs/msg/detail/pose__struct.hpp
-- Up-to-date symlink: /home/public/ros2ws/install/turtlesim_msgs/include/turtlesim_msgs/turtlesim_msgs/msg/detail/pose__traits.hpp
-- Up-to-date symlink: /home/public/ros2ws/install/turtlesim_msgs/include/turtlesim_msgs/turtlesim_msgs/msg/detail/pose__type_support.hpp
-- Up-to-date symlink: /home/public/ros2ws/install/turtlesim_msgs/include/turtlesim_msgs/turtlesim_msgs/msg/pose.hpp
-- Up-to-date symlink: /home/public/ros2ws/install/turtlesim_msgs/include/turtlesim_msgs/turtlesim_msgs/msg/rosidl_generator_cpp__visibility_control.hpp
-- Up-to-date symlink: /home/public/ros2ws/install/turtlesim_msgs/include/turtlesim_msgs/turtlesim_msgs/srv/detail/kill__builder.hpp
-- Up-to-date symlink: /home/public/ros2ws/install/turtlesim_msgs/include/turtlesim_msgs/turtlesim_msgs/srv/detail/kill__struct.hpp
-- Up-to-date symlink: /home/public/ros2ws/install/turtlesim_msgs/include/turtlesim_msgs/turtlesim_msgs/srv/detail/kill__traits.hpp
-- Up-to-date symlink: /home/public/ros2ws/install/turtlesim_msgs/include/turtlesim_msgs/turtlesim_msgs/srv/detail/kill__type_support.hpp
-- Up-to-date symlink: /home/public/ros2ws/install/turtlesim_msgs/include/turtlesim_msgs/turtlesim_msgs/srv/detail/set_pen__builder.hpp
-- Up-to-date symlink: /home/public/ros2ws/install/turtlesim_msgs/include/turtlesim_msgs/turtlesim_msgs/srv/detail/set_pen__struct.hpp
-- Up-to-date symlink: /home/public/ros2ws/install/turtlesim_msgs/include/turtlesim_msgs/turtlesim_msgs/srv/detail/set_pen__traits.hpp
-- Up-to-date symlink: /home/public/ros2ws/install/turtlesim_msgs/include/turtlesim_msgs/turtlesim_msgs/srv/detail/set_pen__type_support.hpp
-- Up-to-date symlink: /home/public/ros2ws/install/turtlesim_msgs/include/turtlesim_msgs/turtlesim_msgs/srv/detail/spawn__builder.hpp
-- Up-to-date symlink: /home/public/ros2ws/install/turtlesim_msgs/include/turtlesim_msgs/turtlesim_msgs/srv/detail/spawn__struct.hpp
-- Up-to-date symlink: /home/public/ros2ws/install/turtlesim_msgs/include/turtlesim_msgs/turtlesim_msgs/srv/detail/spawn__traits.hpp
-- Up-to-date symlink: /home/public/ros2ws/install/turtlesim_msgs/include/turtlesim_msgs/turtlesim_msgs/srv/detail/spawn__type_support.hpp
-- Up-to-date symlink: /home/public/ros2ws/install/turtlesim_msgs/include/turtlesim_msgs/turtlesim_msgs/srv/detail/teleport_absolute__builder.hpp
-- Up-to-date symlink: /home/public/ros2ws/install/turtlesim_msgs/include/turtlesim_msgs/turtlesim_msgs/srv/detail/teleport_absolute__struct.hpp
-- Up-to-date symlink: /home/public/ros2ws/install/turtlesim_msgs/include/turtlesim_msgs/turtlesim_msgs/srv/detail/teleport_absolute__traits.hpp
-- Up-to-date symlink: /home/public/ros2ws/install/turtlesim_msgs/include/turtlesim_msgs/turtlesim_msgs/srv/detail/teleport_absolute__type_support.hpp
-- Up-to-date symlink: /home/public/ros2ws/install/turtlesim_msgs/include/turtlesim_msgs/turtlesim_msgs/srv/detail/teleport_relative__builder.hpp
-- Up-to-date symlink: /home/public/ros2ws/install/turtlesim_msgs/include/turtlesim_msgs/turtlesim_msgs/srv/detail/teleport_relative__struct.hpp
-- Up-to-date symlink: /home/public/ros2ws/install/turtlesim_msgs/include/turtlesim_msgs/turtlesim_msgs/srv/detail/teleport_relative__traits.hpp
-- Up-to-date symlink: /home/public/ros2ws/install/turtlesim_msgs/include/turtlesim_msgs/turtlesim_msgs/srv/detail/teleport_relative__type_support.hpp
-- Up-to-date symlink: /home/public/ros2ws/install/turtlesim_msgs/include/turtlesim_msgs/turtlesim_msgs/srv/kill.hpp
-- Up-to-date symlink: /home/public/ros2ws/install/turtlesim_msgs/include/turtlesim_msgs/turtlesim_msgs/srv/set_pen.hpp
-- Up-to-date symlink: /home/public/ros2ws/install/turtlesim_msgs/include/turtlesim_msgs/turtlesim_msgs/srv/spawn.hpp
-- Up-to-date symlink: /home/public/ros2ws/install/turtlesim_msgs/include/turtlesim_msgs/turtlesim_msgs/srv/teleport_absolute.hpp
-- Up-to-date symlink: /home/public/ros2ws/install/turtlesim_msgs/include/turtlesim_msgs/turtlesim_msgs/srv/teleport_relative.hpp
-- Up-to-date symlink: /home/public/ros2ws/install/turtlesim_msgs/include/turtlesim_msgs/turtlesim_msgs/action/detail/rotate_absolute__rosidl_typesupport_fastrtps_cpp.hpp
-- Up-to-date symlink: /home/public/ros2ws/install/turtlesim_msgs/include/turtlesim_msgs/turtlesim_msgs/msg/detail/color__rosidl_typesupport_fastrtps_cpp.hpp
-- Up-to-date symlink: /home/public/ros2ws/install/turtlesim_msgs/include/turtlesim_msgs/turtlesim_msgs/msg/detail/pose__rosidl_typesupport_fastrtps_cpp.hpp
-- Up-to-date symlink: /home/public/ros2ws/install/turtlesim_msgs/include/turtlesim_msgs/turtlesim_msgs/msg/rosidl_typesupport_fastrtps_cpp__visibility_control.h
-- Up-to-date symlink: /home/public/ros2ws/install/turtlesim_msgs/include/turtlesim_msgs/turtlesim_msgs/srv/detail/kill__rosidl_typesupport_fastrtps_cpp.hpp
-- Up-to-date symlink: /home/public/ros2ws/install/turtlesim_msgs/include/turtlesim_msgs/turtlesim_msgs/srv/detail/set_pen__rosidl_typesupport_fastrtps_cpp.hpp
-- Up-to-date symlink: /home/public/ros2ws/install/turtlesim_msgs/include/turtlesim_msgs/turtlesim_msgs/srv/detail/spawn__rosidl_typesupport_fastrtps_cpp.hpp
-- Up-to-date symlink: /home/public/ros2ws/install/turtlesim_msgs/include/turtlesim_msgs/turtlesim_msgs/srv/detail/teleport_absolute__rosidl_typesupport_fastrtps_cpp.hpp
-- Up-to-date symlink: /home/public/ros2ws/install/turtlesim_msgs/include/turtlesim_msgs/turtlesim_msgs/srv/detail/teleport_relative__rosidl_typesupport_fastrtps_cpp.hpp
-- Up-to-date symlink: /home/public/ros2ws/install/turtlesim_msgs/include/turtlesim_msgs/turtlesim_msgs/action/detail/rotate_absolute__rosidl_typesupport_introspection_c.h
-- Up-to-date symlink: /home/public/ros2ws/install/turtlesim_msgs/include/turtlesim_msgs/turtlesim_msgs/msg/detail/color__rosidl_typesupport_introspection_c.h
-- Up-to-date symlink: /home/public/ros2ws/install/turtlesim_msgs/include/turtlesim_msgs/turtlesim_msgs/msg/detail/pose__rosidl_typesupport_introspection_c.h
-- Up-to-date symlink: /home/public/ros2ws/install/turtlesim_msgs/include/turtlesim_msgs/turtlesim_msgs/msg/rosidl_typesupport_introspection_c__visibility_control.h
-- Up-to-date symlink: /home/public/ros2ws/install/turtlesim_msgs/include/turtlesim_msgs/turtlesim_msgs/srv/detail/kill__rosidl_typesupport_introspection_c.h
-- Up-to-date symlink: /home/public/ros2ws/install/turtlesim_msgs/include/turtlesim_msgs/turtlesim_msgs/srv/detail/set_pen__rosidl_typesupport_introspection_c.h
-- Up-to-date symlink: /home/public/ros2ws/install/turtlesim_msgs/include/turtlesim_msgs/turtlesim_msgs/srv/detail/spawn__rosidl_typesupport_introspection_c.h
-- Up-to-date symlink: /home/public/ros2ws/install/turtlesim_msgs/include/turtlesim_msgs/turtlesim_msgs/srv/detail/teleport_absolute__rosidl_typesupport_introspection_c.h
-- Up-to-date symlink: /home/public/ros2ws/install/turtlesim_msgs/include/turtlesim_msgs/turtlesim_msgs/srv/detail/teleport_relative__rosidl_typesupport_introspection_c.h
-- Up-to-date symlink: /home/public/ros2ws/install/turtlesim_msgs/include/turtlesim_msgs/turtlesim_msgs/action/detail/rotate_absolute__rosidl_typesupport_introspection_cpp.hpp
-- Up-to-date symlink: /home/public/ros2ws/install/turtlesim_msgs/include/turtlesim_msgs/turtlesim_msgs/msg/detail/color__rosidl_typesupport_introspection_cpp.hpp
-- Up-to-date symlink: /home/public/ros2ws/install/turtlesim_msgs/include/turtlesim_msgs/turtlesim_msgs/msg/detail/pose__rosidl_typesupport_introspection_cpp.hpp
-- Up-to-date symlink: /home/public/ros2ws/install/turtlesim_msgs/include/turtlesim_msgs/turtlesim_msgs/srv/detail/kill__rosidl_typesupport_introspection_cpp.hpp
-- Up-to-date symlink: /home/public/ros2ws/install/turtlesim_msgs/include/turtlesim_msgs/turtlesim_msgs/srv/detail/set_pen__rosidl_typesupport_introspection_cpp.hpp
-- Up-to-date symlink: /home/public/ros2ws/install/turtlesim_msgs/include/turtlesim_msgs/turtlesim_msgs/srv/detail/spawn__rosidl_typesupport_introspection_cpp.hpp
-- Up-to-date symlink: /home/public/ros2ws/install/turtlesim_msgs/include/turtlesim_msgs/turtlesim_msgs/srv/detail/teleport_absolute__rosidl_typesupport_introspection_cpp.hpp
-- Up-to-date symlink: /home/public/ros2ws/install/turtlesim_msgs/include/turtlesim_msgs/turtlesim_msgs/srv/detail/teleport_relative__rosidl_typesupport_introspection_cpp.hpp
-- Up-to-date symlink: /home/public/ros2ws/install/turtlesim_msgs/share/turtlesim_msgs/environment/pythonpath.sh
-- Up-to-date symlink: /home/public/ros2ws/install/turtlesim_msgs/share/turtlesim_msgs/environment/pythonpath.dsv
-- Up-to-date symlink: /home/public/ros2ws/install/turtlesim_msgs/lib/python3.14/site-packages/turtlesim_msgs/turtlesim_msgs_s__rosidl_typesupport_fastrtps_c.so
-- Up-to-date symlink: /home/public/ros2ws/install/turtlesim_msgs/lib/python3.14/site-packages/turtlesim_msgs/turtlesim_msgs_s__rosidl_typesupport_introspection_c.so
-- Up-to-date symlink: /home/public/ros2ws/install/turtlesim_msgs/lib/python3.14/site-packages/turtlesim_msgs/turtlesim_msgs_s__rosidl_typesupport_c.so
-- Up-to-date symlink: /home/public/ros2ws/install/turtlesim_msgs/share/ament_index/resource_index/rust_packages/turtlesim_msgs
-- Up-to-date symlink: /home/public/ros2ws/install/turtlesim_msgs/share/turtlesim_msgs/rust/Cargo.toml
-- Up-to-date symlink: /home/public/ros2ws/install/turtlesim_msgs/share/turtlesim_msgs/rust/build.rs
-- Up-to-date symlink: /home/public/ros2ws/install/turtlesim_msgs/share/turtlesim_msgs/rust/src/action.rs
-- Up-to-date symlink: /home/public/ros2ws/install/turtlesim_msgs/share/turtlesim_msgs/rust/src/action/rmw.rs
-- Up-to-date symlink: /home/public/ros2ws/install/turtlesim_msgs/share/turtlesim_msgs/rust/src/lib.rs
-- Up-to-date symlink: /home/public/ros2ws/install/turtlesim_msgs/share/turtlesim_msgs/rust/src/msg.rs
-- Up-to-date symlink: /home/public/ros2ws/install/turtlesim_msgs/share/turtlesim_msgs/rust/src/msg/rmw.rs
-- Up-to-date symlink: /home/public/ros2ws/install/turtlesim_msgs/share/turtlesim_msgs/rust/src/srv.rs
-- Up-to-date symlink: /home/public/ros2ws/install/turtlesim_msgs/share/turtlesim_msgs/rust/src/srv/rmw.rs
-- Up-to-date symlink: /home/public/ros2ws/install/turtlesim_msgs/share/turtlesim_msgs/action/RotateAbsolute.idl
-- Up-to-date symlink: /home/public/ros2ws/install/turtlesim_msgs/share/turtlesim_msgs/msg/Color.idl
-- Up-to-date symlink: /home/public/ros2ws/install/turtlesim_msgs/share/turtlesim_msgs/msg/Pose.idl
-- Up-to-date symlink: /home/public/ros2ws/install/turtlesim_msgs/share/turtlesim_msgs/srv/Kill.idl
-- Up-to-date symlink: /home/public/ros2ws/install/turtlesim_msgs/share/turtlesim_msgs/srv/SetPen.idl
-- Up-to-date symlink: /home/public/ros2ws/install/turtlesim_msgs/share/turtlesim_msgs/srv/Spawn.idl
-- Up-to-date symlink: /home/public/ros2ws/install/turtlesim_msgs/share/turtlesim_msgs/srv/TeleportAbsolute.idl
-- Up-to-date symlink: /home/public/ros2ws/install/turtlesim_msgs/share/turtlesim_msgs/srv/TeleportRelative.idl
-- Up-to-date symlink: /home/public/ros2ws/install/turtlesim_msgs/share/turtlesim_msgs/action/RotateAbsolute.action
-- Up-to-date symlink: /home/public/ros2ws/install/turtlesim_msgs/share/turtlesim_msgs/msg/Color.msg
-- Up-to-date symlink: /home/public/ros2ws/install/turtlesim_msgs/share/turtlesim_msgs/msg/Pose.msg
-- Up-to-date symlink: /home/public/ros2ws/install/turtlesim_msgs/share/turtlesim_msgs/srv/Kill.srv
-- Up-to-date symlink: /home/public/ros2ws/install/turtlesim_msgs/share/turtlesim_msgs/srv/SetPen.srv
-- Up-to-date symlink: /home/public/ros2ws/install/turtlesim_msgs/share/turtlesim_msgs/srv/Spawn.srv
-- Up-to-date symlink: /home/public/ros2ws/install/turtlesim_msgs/share/turtlesim_msgs/srv/TeleportAbsolute.srv
-- Up-to-date symlink: /home/public/ros2ws/install/turtlesim_msgs/share/turtlesim_msgs/srv/TeleportRelative.srv
-- Up-to-date symlink: /home/public/ros2ws/install/turtlesim_msgs/share/ament_index/resource_index/package_run_dependencies/turtlesim_msgs
-- Up-to-date symlink: /home/public/ros2ws/install/turtlesim_msgs/share/ament_index/resource_index/parent_prefix_path/turtlesim_msgs
-- Up-to-date symlink: /home/public/ros2ws/install/turtlesim_msgs/share/turtlesim_msgs/environment/ament_prefix_path.sh
-- Up-to-date symlink: /home/public/ros2ws/install/turtlesim_msgs/share/turtlesim_msgs/environment/ament_prefix_path.dsv
-- Up-to-date symlink: /home/public/ros2ws/install/turtlesim_msgs/share/turtlesim_msgs/environment/path.sh
-- Up-to-date symlink: /home/public/ros2ws/install/turtlesim_msgs/share/turtlesim_msgs/environment/path.dsv
-- Up-to-date symlink: /home/public/ros2ws/install/turtlesim_msgs/share/turtlesim_msgs/local_setup.bash
-- Up-to-date symlink: /home/public/ros2ws/install/turtlesim_msgs/share/turtlesim_msgs/local_setup.fish
-- Up-to-date symlink: /home/public/ros2ws/install/turtlesim_msgs/share/turtlesim_msgs/local_setup.sh
-- Up-to-date symlink: /home/public/ros2ws/install/turtlesim_msgs/share/turtlesim_msgs/local_setup.zsh
-- Up-to-date symlink: /home/public/ros2ws/install/turtlesim_msgs/share/turtlesim_msgs/local_setup.dsv
-- Symlinking: /home/public/ros2ws/install/turtlesim_msgs/share/turtlesim_msgs/package.dsv
-- Up-to-date symlink: /home/public/ros2ws/install/turtlesim_msgs/share/ament_index/resource_index/packages/turtlesim_msgs
-- Up-to-date symlink: /home/public/ros2ws/install/turtlesim_msgs/lib/python3.14/site-packages/turtlesim_msgs-1.10.9-py3.14.egg-info/PKG-INFO
-- Up-to-date symlink: /home/public/ros2ws/install/turtlesim_msgs/lib/python3.14/site-packages/turtlesim_msgs-1.10.9-py3.14.egg-info/SOURCES.txt
-- Up-to-date symlink: /home/public/ros2ws/install/turtlesim_msgs/lib/python3.14/site-packages/turtlesim_msgs-1.10.9-py3.14.egg-info/dependency_links.txt
-- Up-to-date symlink: /home/public/ros2ws/install/turtlesim_msgs/lib/python3.14/site-packages/turtlesim_msgs-1.10.9-py3.14.egg-info/top_level.txt
-- Up-to-date symlink: /home/public/ros2ws/install/turtlesim_msgs/lib/python3.14/site-packages/turtlesim_msgs/__init__.py
-- Up-to-date symlink: /home/public/ros2ws/install/turtlesim_msgs/lib/python3.14/site-packages/turtlesim_msgs/_turtlesim_msgs_s.ep.rosidl_typesupport_c.c
-- Up-to-date symlink: /home/public/ros2ws/install/turtlesim_msgs/lib/python3.14/site-packages/turtlesim_msgs/_turtlesim_msgs_s.ep.rosidl_typesupport_fastrtps_c.c
-- Up-to-date symlink: /home/public/ros2ws/install/turtlesim_msgs/lib/python3.14/site-packages/turtlesim_msgs/_turtlesim_msgs_s.ep.rosidl_typesupport_introspection_c.c
-- Up-to-date symlink: /home/public/ros2ws/install/turtlesim_msgs/lib/python3.14/site-packages/turtlesim_msgs/action/__init__.py
-- Up-to-date symlink: /home/public/ros2ws/install/turtlesim_msgs/lib/python3.14/site-packages/turtlesim_msgs/action/_rotate_absolute.py
-- Up-to-date symlink: /home/public/ros2ws/install/turtlesim_msgs/lib/python3.14/site-packages/turtlesim_msgs/action/_rotate_absolute_s.c
-- Up-to-date symlink: /home/public/ros2ws/install/turtlesim_msgs/lib/python3.14/site-packages/turtlesim_msgs/msg/__init__.py
-- Up-to-date symlink: /home/public/ros2ws/install/turtlesim_msgs/lib/python3.14/site-packages/turtlesim_msgs/msg/_color.py
-- Up-to-date symlink: /home/public/ros2ws/install/turtlesim_msgs/lib/python3.14/site-packages/turtlesim_msgs/msg/_color_s.c
-- Up-to-date symlink: /home/public/ros2ws/install/turtlesim_msgs/lib/python3.14/site-packages/turtlesim_msgs/msg/_pose.py
-- Up-to-date symlink: /home/public/ros2ws/install/turtlesim_msgs/lib/python3.14/site-packages/turtlesim_msgs/msg/_pose_s.c
-- Up-to-date symlink: /home/public/ros2ws/install/turtlesim_msgs/lib/python3.14/site-packages/turtlesim_msgs/py.typed
-- Up-to-date symlink: /home/public/ros2ws/install/turtlesim_msgs/lib/python3.14/site-packages/turtlesim_msgs/srv/__init__.py
-- Up-to-date symlink: /home/public/ros2ws/install/turtlesim_msgs/lib/python3.14/site-packages/turtlesim_msgs/srv/_kill.py
-- Up-to-date symlink: /home/public/ros2ws/install/turtlesim_msgs/lib/python3.14/site-packages/turtlesim_msgs/srv/_kill_s.c
-- Up-to-date symlink: /home/public/ros2ws/install/turtlesim_msgs/lib/python3.14/site-packages/turtlesim_msgs/srv/_set_pen.py
-- Up-to-date symlink: /home/public/ros2ws/install/turtlesim_msgs/lib/python3.14/site-packages/turtlesim_msgs/srv/_set_pen_s.c
-- Up-to-date symlink: /home/public/ros2ws/install/turtlesim_msgs/lib/python3.14/site-packages/turtlesim_msgs/srv/_spawn.py
-- Up-to-date symlink: /home/public/ros2ws/install/turtlesim_msgs/lib/python3.14/site-packages/turtlesim_msgs/srv/_spawn_s.c
-- Up-to-date symlink: /home/public/ros2ws/install/turtlesim_msgs/lib/python3.14/site-packages/turtlesim_msgs/srv/_teleport_absolute.py
-- Up-to-date symlink: /home/public/ros2ws/install/turtlesim_msgs/lib/python3.14/site-packages/turtlesim_msgs/srv/_teleport_absolute_s.c
-- Up-to-date symlink: /home/public/ros2ws/install/turtlesim_msgs/lib/python3.14/site-packages/turtlesim_msgs/srv/_teleport_relative.py
-- Up-to-date symlink: /home/public/ros2ws/install/turtlesim_msgs/lib/python3.14/site-packages/turtlesim_msgs/srv/_teleport_relative_s.c
-- Up-to-date symlink: /home/public/ros2ws/install/turtlesim_msgs/lib/python3.14/site-packages/turtlesim_msgs/turtlesim_msgs_s__rosidl_typesupport_c.so
-- Up-to-date symlink: /home/public/ros2ws/install/turtlesim_msgs/lib/python3.14/site-packages/turtlesim_msgs/turtlesim_msgs_s__rosidl_typesupport_fastrtps_c.so
-- Up-to-date symlink: /home/public/ros2ws/install/turtlesim_msgs/lib/python3.14/site-packages/turtlesim_msgs/turtlesim_msgs_s__rosidl_typesupport_introspection_c.so
-- Up-to-date symlink: /home/public/ros2ws/install/turtlesim_msgs/share/turtlesim_msgs/cmake/rosidl_cmake-extras.cmake
-- Up-to-date symlink: /home/public/ros2ws/install/turtlesim_msgs/share/turtlesim_msgs/cmake/ament_cmake_export_dependencies-extras.cmake
-- Up-to-date symlink: /home/public/ros2ws/install/turtlesim_msgs/share/turtlesim_msgs/cmake/ament_cmake_export_include_directories-extras.cmake
-- Up-to-date symlink: /home/public/ros2ws/install/turtlesim_msgs/share/turtlesim_msgs/cmake/ament_cmake_export_libraries-extras.cmake
-- Up-to-date symlink: /home/public/ros2ws/install/turtlesim_msgs/share/turtlesim_msgs/cmake/ament_cmake_export_targets-extras.cmake
-- Up-to-date symlink: /home/public/ros2ws/install/turtlesim_msgs/share/turtlesim_msgs/cmake/rosidl_cmake_export_typesupport_targets-extras.cmake
-- Up-to-date symlink: /home/public/ros2ws/install/turtlesim_msgs/share/turtlesim_msgs/cmake/rosidl_cmake_export_typesupport_libraries-extras.cmake
-- Up-to-date symlink: /home/public/ros2ws/install/turtlesim_msgs/share/turtlesim_msgs/cmake/rosidl_cmake_aggregate_target-extras.cmake
-- Up-to-date symlink: /home/public/ros2ws/install/turtlesim_msgs/share/turtlesim_msgs/cmake/turtlesim_msgsConfig.cmake
-- Up-to-date symlink: /home/public/ros2ws/install/turtlesim_msgs/share/turtlesim_msgs/cmake/turtlesim_msgsConfig-version.cmake
-- Up-to-date symlink: /home/public/ros2ws/install/turtlesim_msgs/share/turtlesim_msgs/package.xml
-- Up-to-date: /home/public/ros2ws/install/turtlesim_msgs/lib/libturtlesim_msgs__rosidl_generator_c.so
-- Up-to-date: /home/public/ros2ws/install/turtlesim_msgs/lib/libturtlesim_msgs__rosidl_typesupport_fastrtps_c.so
-- Up-to-date: /home/public/ros2ws/install/turtlesim_msgs/lib/libturtlesim_msgs__rosidl_typesupport_fastrtps_cpp.so
-- Up-to-date: /home/public/ros2ws/install/turtlesim_msgs/lib/libturtlesim_msgs__rosidl_typesupport_introspection_c.so
-- Up-to-date: /home/public/ros2ws/install/turtlesim_msgs/lib/libturtlesim_msgs__rosidl_typesupport_c.so
-- Up-to-date: /home/public/ros2ws/install/turtlesim_msgs/lib/libturtlesim_msgs__rosidl_typesupport_introspection_cpp.so
-- Up-to-date: /home/public/ros2ws/install/turtlesim_msgs/lib/libturtlesim_msgs__rosidl_typesupport_cpp.so
-- Up-to-date: /home/public/ros2ws/install/turtlesim_msgs/lib/libturtlesim_msgs__rosidl_generator_py.so
-- Up-to-date: /home/public/ros2ws/install/turtlesim_msgs/share/turtlesim_msgs/cmake/export_turtlesim_msgs__rosidl_generator_cExport.cmake
-- Up-to-date: /home/public/ros2ws/install/turtlesim_msgs/share/turtlesim_msgs/cmake/export_turtlesim_msgs__rosidl_generator_cExport-noconfig.cmake
-- Up-to-date: /home/public/ros2ws/install/turtlesim_msgs/share/turtlesim_msgs/cmake/export_turtlesim_msgs__rosidl_typesupport_fastrtps_cExport.cmake
-- Up-to-date: /home/public/ros2ws/install/turtlesim_msgs/share/turtlesim_msgs/cmake/export_turtlesim_msgs__rosidl_typesupport_fastrtps_cExport-noconfig.cmake
-- Up-to-date: /home/public/ros2ws/install/turtlesim_msgs/share/turtlesim_msgs/cmake/export_turtlesim_msgs__rosidl_generator_cppExport.cmake
-- Up-to-date: /home/public/ros2ws/install/turtlesim_msgs/share/turtlesim_msgs/cmake/export_turtlesim_msgs__rosidl_typesupport_fastrtps_cppExport.cmake
-- Up-to-date: /home/public/ros2ws/install/turtlesim_msgs/share/turtlesim_msgs/cmake/export_turtlesim_msgs__rosidl_typesupport_fastrtps_cppExport-noconfig.cmake
-- Up-to-date: /home/public/ros2ws/install/turtlesim_msgs/share/turtlesim_msgs/cmake/turtlesim_msgs__rosidl_typesupport_introspection_cExport.cmake
-- Up-to-date: /home/public/ros2ws/install/turtlesim_msgs/share/turtlesim_msgs/cmake/turtlesim_msgs__rosidl_typesupport_introspection_cExport-noconfig.cmake
-- Up-to-date: /home/public/ros2ws/install/turtlesim_msgs/share/turtlesim_msgs/cmake/turtlesim_msgs__rosidl_typesupport_cExport.cmake
-- Up-to-date: /home/public/ros2ws/install/turtlesim_msgs/share/turtlesim_msgs/cmake/turtlesim_msgs__rosidl_typesupport_cExport-noconfig.cmake
-- Up-to-date: /home/public/ros2ws/install/turtlesim_msgs/share/turtlesim_msgs/cmake/turtlesim_msgs__rosidl_typesupport_introspection_cppExport.cmake
-- Up-to-date: /home/public/ros2ws/install/turtlesim_msgs/share/turtlesim_msgs/cmake/turtlesim_msgs__rosidl_typesupport_introspection_cppExport-noconfig.cmake
-- Up-to-date: /home/public/ros2ws/install/turtlesim_msgs/share/turtlesim_msgs/cmake/turtlesim_msgs__rosidl_typesupport_cppExport.cmake
-- Up-to-date: /home/public/ros2ws/install/turtlesim_msgs/share/turtlesim_msgs/cmake/turtlesim_msgs__rosidl_typesupport_cppExport-noconfig.cmake
-- Up-to-date: /home/public/ros2ws/install/turtlesim_msgs/share/turtlesim_msgs/cmake/export_turtlesim_msgs__rosidl_generator_pyExport.cmake
-- Up-to-date: /home/public/ros2ws/install/turtlesim_msgs/share/turtlesim_msgs/cmake/export_turtlesim_msgs__rosidl_generator_pyExport-noconfig.cmake
Listing '/home/public/ros2ws/install/turtlesim_msgs/lib/python3.14/site-packages/turtlesim_msgs'...
Listing '/home/public/ros2ws/install/turtlesim_msgs/lib/python3.14/site-packages/turtlesim_msgs/action'...
Listing '/home/public/ros2ws/install/turtlesim_msgs/lib/python3.14/site-packages/turtlesim_msgs/msg'...
Listing '/home/public/ros2ws/install/turtlesim_msgs/lib/python3.14/site-packages/turtlesim_msgs/srv'...
