[0.072s] Invoking command in '/home/public/MSE112_MPi5_Hiwonder_ROS2/ros2ws/build/turtlesim_msgs': CMAKE_PREFIX_PATH=${CMAKE_PREFIX_PATH}:/opt/ros/lyrical DEBUGINFOD_URLS=https://debuginfod.ubuntu.com /usr/bin/cmake --build /home/public/MSE112_MPi5_Hiwonder_ROS2/ros2ws/build/turtlesim_msgs -- -j4 -l4
[0.945s] [  1%] Built target turtlesim_msgs__rosidl_generator_type_description
[0.946s] [  2%] Built target turtlesim_msgs__rs
[0.947s] [  2%] Built target turtlesim_msgs__cpp
[0.949s] [ 27%] Built target turtlesim_msgs__rosidl_generator_c
[0.949s] [ 37%] Built target turtlesim_msgs__rosidl_typesupport_cpp
[0.949s] [ 46%] Built target turtlesim_msgs__rosidl_typesupport_fastrtps_c
[0.949s] [ 55%] Built target turtlesim_msgs__rosidl_typesupport_introspection_c
[0.949s] [ 65%] Built target turtlesim_msgs__rosidl_typesupport_fastrtps_cpp
[0.949s] [ 74%] Built target turtlesim_msgs__rosidl_typesupport_c
[0.949s] [ 84%] Built target turtlesim_msgs__rosidl_typesupport_introspection_cpp
[0.949s] [ 84%] Built target turtlesim_msgs
[0.949s] [ 85%] Built target turtlesim_msgs__py
[0.950s] [0mCMake Error: The current CMakeCache.txt directory /home/public/MSE112_MPi5_Hiwonder_ROS2/ros2ws/build/turtlesim_msgs/CMakeCache.txt is different than the directory /home/public/ros2ws/build/turtlesim_msgs where CMakeCache.txt was created. This may result in binaries being created in the wrong place. If you are not sure, reedit the CMakeCache.txt[0m
[0.950s] gmake: Warning: File 'Makefile' has modification time 8915533 s in the future
[0.950s] gmake[1]: Warning: File 'CMakeFiles/Makefile2' has modification time 8915533 s in the future
[0.950s] gmake[2]: Warning: File 'CMakeFiles/turtlesim_msgs__rosidl_generator_type_description.dir/build.make' has modification time 7875868 s in the future
[0.950s] gmake[2]: Warning: File '/home/public/ros2ws/build/turtlesim_msgs/turtlesim_msgs__rs/CMakeFiles/turtlesim_msgs__rs.dir/build.make' has modification time 7875868 s in the future
[0.950s] gmake[2]: warning:  Clock skew detected.  Your build may be incomplete.
[0.950s] gmake[2]: warning:  Clock skew detected.  Your build may be incomplete.
[0.950s] gmake[2]: Warning: File 'CMakeFiles/turtlesim_msgs__rosidl_generator_type_description.dir/build.make' has modification time 7875868 s in the future
[0.950s] gmake[2]: Warning: File '/home/public/ros2ws/build/turtlesim_msgs/turtlesim_msgs__rs/CMakeFiles/turtlesim_msgs__rs.dir/build.make' has modification time 7875868 s in the future
[0.950s] gmake[2]: warning:  Clock skew detected.  Your build may be incomplete.
[0.950s] gmake[2]: warning:  Clock skew detected.  Your build may be incomplete.
[0.950s] gmake[2]: Warning: File 'CMakeFiles/turtlesim_msgs__cpp.dir/build.make' has modification time 7875868 s in the future
[0.950s] gmake[2]: Warning: File 'CMakeFiles/turtlesim_msgs__rosidl_generator_c.dir/build.make' has modification time 7875868 s in the future
[0.950s] gmake[2]: warning:  Clock skew detected.  Your build may be incomplete.
[0.950s] gmake[2]: Warning: File 'CMakeFiles/turtlesim_msgs__cpp.dir/build.make' has modification time 7875868 s in the future
[0.950s] gmake[2]: warning:  Clock skew detected.  Your build may be incomplete.
[0.951s] gmake[2]: warning:  Clock skew detected.  Your build may be incomplete.
[0.951s] gmake[2]: Warning: File 'CMakeFiles/turtlesim_msgs__rosidl_generator_c.dir/build.make' has modification time 7875868 s in the future
[0.951s] gmake[2]: warning:  Clock skew detected.  Your build may be incomplete.
[0.951s] gmake[2]: Warning: File 'CMakeFiles/turtlesim_msgs__rosidl_typesupport_cpp.dir/build.make' has modification time 7875868 s in the future
[0.951s] gmake[2]: Warning: File 'CMakeFiles/turtlesim_msgs__rosidl_typesupport_fastrtps_c.dir/build.make' has modification time 7875868 s in the future
[0.951s] gmake[2]: Warning: File 'CMakeFiles/turtlesim_msgs__rosidl_typesupport_fastrtps_cpp.dir/build.make' has modification time 7875868 s in the future
[0.951s] gmake[2]: warning:  Clock skew detected.  Your build may be incomplete.
[0.951s] gmake[2]: Warning: File 'CMakeFiles/turtlesim_msgs__rosidl_typesupport_cpp.dir/build.make' has modification time 7875868 s in the future
[0.951s] gmake[2]: warning:  Clock skew detected.  Your build may be incomplete.
[0.951s] gmake[2]: Warning: File 'CMakeFiles/turtlesim_msgs__rosidl_typesupport_fastrtps_c.dir/build.make' has modification time 7875868 s in the future
[0.952s] gmake[2]: Warning: File 'CMakeFiles/turtlesim_msgs__rosidl_typesupport_introspection_c.dir/build.make' has modification time 7875868 s in the future
[0.952s] gmake[2]: warning:  Clock skew detected.  Your build may be incomplete.
[0.952s] gmake[2]: Warning: File 'CMakeFiles/turtlesim_msgs__rosidl_typesupport_fastrtps_cpp.dir/build.make' has modification time 7875868 s in the future
[0.952s] gmake[2]: warning:  Clock skew detected.  Your build may be incomplete.
[0.952s] gmake[2]: Warning: File 'CMakeFiles/turtlesim_msgs__rosidl_typesupport_introspection_c.dir/build.make' has modification time 7875868 s in the future
[0.952s] gmake[2]: warning:  Clock skew detected.  Your build may be incomplete.
[0.952s] gmake[2]: warning:  Clock skew detected.  Your build may be incomplete.
[0.952s] gmake[2]: warning:  Clock skew detected.  Your build may be incomplete.
[0.952s] gmake[2]: warning:  Clock skew detected.  Your build may be incomplete.
[0.952s] gmake[2]: Warning: File 'CMakeFiles/turtlesim_msgs__rosidl_typesupport_c.dir/build.make' has modification time 7875868 s in the future
[0.952s] gmake[2]: Warning: File 'CMakeFiles/turtlesim_msgs__rosidl_typesupport_introspection_cpp.dir/build.make' has modification time 7875868 s in the future
[0.952s] gmake[2]: warning:  Clock skew detected.  Your build may be incomplete.
[0.953s] gmake[2]: Warning: File 'CMakeFiles/turtlesim_msgs__rosidl_typesupport_c.dir/build.make' has modification time 7875868 s in the future
[0.953s] gmake[2]: warning:  Clock skew detected.  Your build may be incomplete.
[0.953s] gmake[2]: warning:  Clock skew detected.  Your build may be incomplete.
[0.953s] gmake[2]: Warning: File 'CMakeFiles/turtlesim_msgs__rosidl_typesupport_introspection_cpp.dir/build.make' has modification time 7875868 s in the future
[0.953s] gmake[2]: warning:  Clock skew detected.  Your build may be incomplete.
[0.953s] gmake[2]: Warning: File 'CMakeFiles/turtlesim_msgs.dir/build.make' has modification time 7875868 s in the future
[0.953s] gmake[2]: warning:  Clock skew detected.  Your build may be incomplete.
[0.953s] gmake[2]: Warning: File 'CMakeFiles/turtlesim_msgs.dir/build.make' has modification time 7875868 s in the future
[0.953s] gmake[2]: warning:  Clock skew detected.  Your build may be incomplete.
[0.953s] gmake[2]: Warning: File '/home/public/ros2ws/build/turtlesim_msgs/turtlesim_msgs__py/CMakeFiles/turtlesim_msgs__py.dir/build.make' has modification time 7875868 s in the future
[0.953s] gmake[2]: warning:  Clock skew detected.  Your build may be incomplete.
[0.953s] gmake[2]: Warning: File '/home/public/ros2ws/build/turtlesim_msgs/turtlesim_msgs__py/CMakeFiles/turtlesim_msgs__py.dir/build.make' has modification time 7875868 s in the future
[0.953s] gmake[2]: warning:  Clock skew detected.  Your build may be incomplete.
[0.958s] gmake[2]: Warning: File 'CMakeFiles/turtlesim_msgs__rosidl_generator_py.dir/build.make' has modification time 7875868 s in the future
[0.984s] gmake[2]: warning:  Clock skew detected.  Your build may be incomplete.
[0.988s] gmake[2]: Warning: File 'CMakeFiles/turtlesim_msgs__rosidl_generator_py.dir/build.make' has modification time 7875868 s in the future
[1.018s] gmake[2]: warning:  Clock skew detected.  Your build may be incomplete.
[1.030s] [ 94%] Built target turtlesim_msgs__rosidl_generator_py
[1.038s] gmake[2]: Warning: File 'CMakeFiles/ament_cmake_python_sync_turtlesim_msgs.dir/build.make' has modification time 7875868 s in the future
[1.044s] gmake[2]: Warning: File 'CMakeFiles/turtlesim_msgs_s__rosidl_typesupport_fastrtps_c.dir/build.make' has modification time 7875868 s in the future
[1.047s] gmake[2]: Warning: File 'CMakeFiles/turtlesim_msgs_s__rosidl_typesupport_introspection_c.dir/build.make' has modification time 7875868 s in the future
[1.058s] gmake[2]: warning:  Clock skew detected.  Your build may be incomplete.
[1.059s] gmake[2]: Warning: File 'CMakeFiles/ament_cmake_python_sync_turtlesim_msgs.dir/build.make' has modification time 7875868 s in the future
[1.072s] gmake[2]: warning:  Clock skew detected.  Your build may be incomplete.
[1.072s] gmake[2]: warning:  Clock skew detected.  Your build may be incomplete.
[1.075s] gmake[2]: Warning: File 'CMakeFiles/turtlesim_msgs_s__rosidl_typesupport_introspection_c.dir/build.make' has modification time 7875868 s in the future
[1.075s] gmake[2]: Warning: File 'CMakeFiles/turtlesim_msgs_s__rosidl_typesupport_fastrtps_c.dir/build.make' has modification time 7875868 s in the future
[1.077s] gmake[2]: warning:  Clock skew detected.  Your build may be incomplete.
[1.078s] gmake[2]: warning:  Clock skew detected.  Your build may be incomplete.
[1.090s] [ 98%] Built target turtlesim_msgs_s__rosidl_typesupport_fastrtps_c
[1.090s] [ 98%] Built target turtlesim_msgs_s__rosidl_typesupport_introspection_c
[1.106s] gmake[2]: Warning: File 'CMakeFiles/turtlesim_msgs_s__rosidl_typesupport_c.dir/build.make' has modification time 7875868 s in the future
[1.129s] gmake[2]: warning:  Clock skew detected.  Your build may be incomplete.
[1.132s] gmake[2]: Warning: File 'CMakeFiles/turtlesim_msgs_s__rosidl_typesupport_c.dir/build.make' has modification time 7875868 s in the future
[1.137s] gmake[2]: warning:  Clock skew detected.  Your build may be incomplete.
[1.140s] gmake[2]: warning:  Clock skew detected.  Your build may be incomplete.
[1.152s] [100%] Built target turtlesim_msgs_s__rosidl_typesupport_c
[1.156s] [100%] Built target ament_cmake_python_sync_turtlesim_msgs
[1.163s] gmake[2]: Warning: File 'CMakeFiles/ament_cmake_python_build_turtlesim_msgs_egg.dir/build.make' has modification time 7875868 s in the future
[1.178s] gmake[2]: warning:  Clock skew detected.  Your build may be incomplete.
[1.179s] gmake[2]: Warning: File 'CMakeFiles/ament_cmake_python_build_turtlesim_msgs_egg.dir/build.make' has modification time 7875868 s in the future
[1.633s] running egg_info
[1.680s] writing turtlesim_msgs.egg-info/PKG-INFO
[1.681s] writing dependency_links to turtlesim_msgs.egg-info/dependency_links.txt
[1.682s] writing top-level names to turtlesim_msgs.egg-info/top_level.txt
[1.773s] reading manifest file 'turtlesim_msgs.egg-info/SOURCES.txt'
[1.775s] writing manifest file 'turtlesim_msgs.egg-info/SOURCES.txt'
[1.891s] gmake[2]: warning:  Clock skew detected.  Your build may be incomplete.
[1.906s] [100%] Built target ament_cmake_python_build_turtlesim_msgs_egg
[1.907s] gmake[1]: warning:  Clock skew detected.  Your build may be incomplete.
[1.924s] gmake: warning:  Clock skew detected.  Your build may be incomplete.
[1.928s] Invoked command in '/home/public/MSE112_MPi5_Hiwonder_ROS2/ros2ws/build/turtlesim_msgs' returned '0': CMAKE_PREFIX_PATH=${CMAKE_PREFIX_PATH}:/opt/ros/lyrical DEBUGINFOD_URLS=https://debuginfod.ubuntu.com /usr/bin/cmake --build /home/public/MSE112_MPi5_Hiwonder_ROS2/ros2ws/build/turtlesim_msgs -- -j4 -l4
[1.950s] Invoking command in '/home/public/MSE112_MPi5_Hiwonder_ROS2/ros2ws/build/turtlesim_msgs': CMAKE_PREFIX_PATH=${CMAKE_PREFIX_PATH}:/opt/ros/lyrical DEBUGINFOD_URLS=https://debuginfod.ubuntu.com /usr/bin/cmake --install /home/public/MSE112_MPi5_Hiwonder_ROS2/ros2ws/build/turtlesim_msgs
[1.967s] -- Install configuration: ""
[1.972s] -- Execute custom install script
[1.984s] -- Up-to-date symlink: /home/public/ros2ws/install/turtlesim_msgs/share/ament_index/resource_index/rosidl_interfaces/turtlesim_msgs
[1.988s] -- Up-to-date symlink: /home/public/ros2ws/install/turtlesim_msgs/share/turtlesim_msgs/action/RotateAbsolute.json
[1.991s] -- Up-to-date symlink: /home/public/ros2ws/install/turtlesim_msgs/share/turtlesim_msgs/msg/Color.json
[1.993s] -- Up-to-date symlink: /home/public/ros2ws/install/turtlesim_msgs/share/turtlesim_msgs/msg/Pose.json
[1.996s] -- Up-to-date symlink: /home/public/ros2ws/install/turtlesim_msgs/share/turtlesim_msgs/srv/Kill.json
[2.001s] -- Up-to-date symlink: /home/public/ros2ws/install/turtlesim_msgs/share/turtlesim_msgs/srv/SetPen.json
[2.003s] -- Up-to-date symlink: /home/public/ros2ws/install/turtlesim_msgs/share/turtlesim_msgs/srv/Spawn.json
[2.005s] -- Up-to-date symlink: /home/public/ros2ws/install/turtlesim_msgs/share/turtlesim_msgs/srv/TeleportAbsolute.json
[2.006s] -- Up-to-date symlink: /home/public/ros2ws/install/turtlesim_msgs/share/turtlesim_msgs/srv/TeleportRelative.json
[2.014s] -- Up-to-date symlink: /home/public/ros2ws/install/turtlesim_msgs/include/turtlesim_msgs/turtlesim_msgs/action/detail/rotate_absolute__functions.h
[2.015s] -- Up-to-date symlink: /home/public/ros2ws/install/turtlesim_msgs/include/turtlesim_msgs/turtlesim_msgs/action/detail/rotate_absolute__struct.h
[2.015s] -- Up-to-date symlink: /home/public/ros2ws/install/turtlesim_msgs/include/turtlesim_msgs/turtlesim_msgs/action/detail/rotate_absolute__type_support.h
[2.016s] -- Up-to-date symlink: /home/public/ros2ws/install/turtlesim_msgs/include/turtlesim_msgs/turtlesim_msgs/action/rotate_absolute.h
[2.018s] -- Up-to-date symlink: /home/public/ros2ws/install/turtlesim_msgs/include/turtlesim_msgs/turtlesim_msgs/msg/color.h
[2.020s] -- Up-to-date symlink: /home/public/ros2ws/install/turtlesim_msgs/include/turtlesim_msgs/turtlesim_msgs/msg/detail/color__functions.h
[2.021s] -- Up-to-date symlink: /home/public/ros2ws/install/turtlesim_msgs/include/turtlesim_msgs/turtlesim_msgs/msg/detail/color__struct.h
[2.022s] -- Up-to-date symlink: /home/public/ros2ws/install/turtlesim_msgs/include/turtlesim_msgs/turtlesim_msgs/msg/detail/color__type_support.h
[2.023s] -- Up-to-date symlink: /home/public/ros2ws/install/turtlesim_msgs/include/turtlesim_msgs/turtlesim_msgs/msg/detail/pose__functions.h
[2.023s] -- Up-to-date symlink: /home/public/ros2ws/install/turtlesim_msgs/include/turtlesim_msgs/turtlesim_msgs/msg/detail/pose__struct.h
[2.024s] -- Up-to-date symlink: /home/public/ros2ws/install/turtlesim_msgs/include/turtlesim_msgs/turtlesim_msgs/msg/detail/pose__type_support.h
[2.025s] -- Up-to-date symlink: /home/public/ros2ws/install/turtlesim_msgs/include/turtlesim_msgs/turtlesim_msgs/msg/pose.h
[2.026s] -- Up-to-date symlink: /home/public/ros2ws/install/turtlesim_msgs/include/turtlesim_msgs/turtlesim_msgs/msg/rosidl_generator_c__visibility_control.h
[2.029s] -- Up-to-date symlink: /home/public/ros2ws/install/turtlesim_msgs/include/turtlesim_msgs/turtlesim_msgs/srv/detail/kill__functions.h
[2.030s] -- Up-to-date symlink: /home/public/ros2ws/install/turtlesim_msgs/include/turtlesim_msgs/turtlesim_msgs/srv/detail/kill__struct.h
[2.031s] -- Up-to-date symlink: /home/public/ros2ws/install/turtlesim_msgs/include/turtlesim_msgs/turtlesim_msgs/srv/detail/kill__type_support.h
[2.032s] -- Up-to-date symlink: /home/public/ros2ws/install/turtlesim_msgs/include/turtlesim_msgs/turtlesim_msgs/srv/detail/set_pen__functions.h
[2.033s] -- Up-to-date symlink: /home/public/ros2ws/install/turtlesim_msgs/include/turtlesim_msgs/turtlesim_msgs/srv/detail/set_pen__struct.h
[2.036s] -- Up-to-date symlink: /home/public/ros2ws/install/turtlesim_msgs/include/turtlesim_msgs/turtlesim_msgs/srv/detail/set_pen__type_support.h
[2.037s] -- Up-to-date symlink: /home/public/ros2ws/install/turtlesim_msgs/include/turtlesim_msgs/turtlesim_msgs/srv/detail/spawn__functions.h
[2.038s] -- Up-to-date symlink: /home/public/ros2ws/install/turtlesim_msgs/include/turtlesim_msgs/turtlesim_msgs/srv/detail/spawn__struct.h
[2.039s] -- Up-to-date symlink: /home/public/ros2ws/install/turtlesim_msgs/include/turtlesim_msgs/turtlesim_msgs/srv/detail/spawn__type_support.h
[2.040s] -- Up-to-date symlink: /home/public/ros2ws/install/turtlesim_msgs/include/turtlesim_msgs/turtlesim_msgs/srv/detail/teleport_absolute__functions.h
[2.041s] -- Up-to-date symlink: /home/public/ros2ws/install/turtlesim_msgs/include/turtlesim_msgs/turtlesim_msgs/srv/detail/teleport_absolute__struct.h
[2.042s] -- Up-to-date symlink: /home/public/ros2ws/install/turtlesim_msgs/include/turtlesim_msgs/turtlesim_msgs/srv/detail/teleport_absolute__type_support.h
[2.043s] -- Up-to-date symlink: /home/public/ros2ws/install/turtlesim_msgs/include/turtlesim_msgs/turtlesim_msgs/srv/detail/teleport_relative__functions.h
[2.044s] -- Up-to-date symlink: /home/public/ros2ws/install/turtlesim_msgs/include/turtlesim_msgs/turtlesim_msgs/srv/detail/teleport_relative__struct.h
[2.044s] -- Up-to-date symlink: /home/public/ros2ws/install/turtlesim_msgs/include/turtlesim_msgs/turtlesim_msgs/srv/detail/teleport_relative__type_support.h
[2.045s] -- Up-to-date symlink: /home/public/ros2ws/install/turtlesim_msgs/include/turtlesim_msgs/turtlesim_msgs/srv/kill.h
[2.046s] -- Up-to-date symlink: /home/public/ros2ws/install/turtlesim_msgs/include/turtlesim_msgs/turtlesim_msgs/srv/set_pen.h
[2.047s] -- Up-to-date symlink: /home/public/ros2ws/install/turtlesim_msgs/include/turtlesim_msgs/turtlesim_msgs/srv/spawn.h
[2.048s] -- Up-to-date symlink: /home/public/ros2ws/install/turtlesim_msgs/include/turtlesim_msgs/turtlesim_msgs/srv/teleport_absolute.h
[2.049s] -- Up-to-date symlink: /home/public/ros2ws/install/turtlesim_msgs/include/turtlesim_msgs/turtlesim_msgs/srv/teleport_relative.h
[2.051s] -- Up-to-date symlink: /home/public/ros2ws/install/turtlesim_msgs/share/turtlesim_msgs/environment/library_path.sh
[2.054s] -- Up-to-date symlink: /home/public/ros2ws/install/turtlesim_msgs/share/turtlesim_msgs/environment/library_path.dsv
[2.057s] -- Up-to-date symlink: /home/public/ros2ws/install/turtlesim_msgs/include/turtlesim_msgs/turtlesim_msgs/action/detail/rotate_absolute__rosidl_typesupport_fastrtps_c.h
[2.061s] -- Up-to-date symlink: /home/public/ros2ws/install/turtlesim_msgs/include/turtlesim_msgs/turtlesim_msgs/msg/detail/color__rosidl_typesupport_fastrtps_c.h
[2.063s] -- Up-to-date symlink: /home/public/ros2ws/install/turtlesim_msgs/include/turtlesim_msgs/turtlesim_msgs/msg/detail/pose__rosidl_typesupport_fastrtps_c.h
[2.064s] -- Up-to-date symlink: /home/public/ros2ws/install/turtlesim_msgs/include/turtlesim_msgs/turtlesim_msgs/msg/rosidl_typesupport_fastrtps_c__visibility_control.h
[2.064s] -- Up-to-date symlink: /home/public/ros2ws/install/turtlesim_msgs/include/turtlesim_msgs/turtlesim_msgs/srv/detail/kill__rosidl_typesupport_fastrtps_c.h
[2.065s] -- Up-to-date symlink: /home/public/ros2ws/install/turtlesim_msgs/include/turtlesim_msgs/turtlesim_msgs/srv/detail/set_pen__rosidl_typesupport_fastrtps_c.h
[2.066s] -- Up-to-date symlink: /home/public/ros2ws/install/turtlesim_msgs/include/turtlesim_msgs/turtlesim_msgs/srv/detail/spawn__rosidl_typesupport_fastrtps_c.h
[2.067s] -- Up-to-date symlink: /home/public/ros2ws/install/turtlesim_msgs/include/turtlesim_msgs/turtlesim_msgs/srv/detail/teleport_absolute__rosidl_typesupport_fastrtps_c.h
[2.068s] -- Up-to-date symlink: /home/public/ros2ws/install/turtlesim_msgs/include/turtlesim_msgs/turtlesim_msgs/srv/detail/teleport_relative__rosidl_typesupport_fastrtps_c.h
[2.070s] -- Up-to-date symlink: /home/public/ros2ws/install/turtlesim_msgs/include/turtlesim_msgs/turtlesim_msgs/action/detail/rotate_absolute__builder.hpp
[2.070s] -- Up-to-date symlink: /home/public/ros2ws/install/turtlesim_msgs/include/turtlesim_msgs/turtlesim_msgs/action/detail/rotate_absolute__struct.hpp
[2.071s] -- Up-to-date symlink: /home/public/ros2ws/install/turtlesim_msgs/include/turtlesim_msgs/turtlesim_msgs/action/detail/rotate_absolute__traits.hpp
[2.072s] -- Up-to-date symlink: /home/public/ros2ws/install/turtlesim_msgs/include/turtlesim_msgs/turtlesim_msgs/action/detail/rotate_absolute__type_support.hpp
[2.073s] -- Up-to-date symlink: /home/public/ros2ws/install/turtlesim_msgs/include/turtlesim_msgs/turtlesim_msgs/action/rotate_absolute.hpp
[2.074s] -- Up-to-date symlink: /home/public/ros2ws/install/turtlesim_msgs/include/turtlesim_msgs/turtlesim_msgs/msg/color.hpp
[2.075s] -- Up-to-date symlink: /home/public/ros2ws/install/turtlesim_msgs/include/turtlesim_msgs/turtlesim_msgs/msg/detail/color__builder.hpp
[2.076s] -- Up-to-date symlink: /home/public/ros2ws/install/turtlesim_msgs/include/turtlesim_msgs/turtlesim_msgs/msg/detail/color__struct.hpp
[2.077s] -- Up-to-date symlink: /home/public/ros2ws/install/turtlesim_msgs/include/turtlesim_msgs/turtlesim_msgs/msg/detail/color__traits.hpp
[2.078s] -- Up-to-date symlink: /home/public/ros2ws/install/turtlesim_msgs/include/turtlesim_msgs/turtlesim_msgs/msg/detail/color__type_support.hpp
[2.079s] -- Up-to-date symlink: /home/public/ros2ws/install/turtlesim_msgs/include/turtlesim_msgs/turtlesim_msgs/msg/detail/pose__builder.hpp
[2.080s] -- Up-to-date symlink: /home/public/ros2ws/install/turtlesim_msgs/include/turtlesim_msgs/turtlesim_msgs/msg/detail/pose__struct.hpp
[2.081s] -- Up-to-date symlink: /home/public/ros2ws/install/turtlesim_msgs/include/turtlesim_msgs/turtlesim_msgs/msg/detail/pose__traits.hpp
[2.082s] -- Up-to-date symlink: /home/public/ros2ws/install/turtlesim_msgs/include/turtlesim_msgs/turtlesim_msgs/msg/detail/pose__type_support.hpp
[2.083s] -- Up-to-date symlink: /home/public/ros2ws/install/turtlesim_msgs/include/turtlesim_msgs/turtlesim_msgs/msg/pose.hpp
[2.084s] -- Up-to-date symlink: /home/public/ros2ws/install/turtlesim_msgs/include/turtlesim_msgs/turtlesim_msgs/msg/rosidl_generator_cpp__visibility_control.hpp
[2.085s] -- Up-to-date symlink: /home/public/ros2ws/install/turtlesim_msgs/include/turtlesim_msgs/turtlesim_msgs/srv/detail/kill__builder.hpp
[2.086s] -- Up-to-date symlink: /home/public/ros2ws/install/turtlesim_msgs/include/turtlesim_msgs/turtlesim_msgs/srv/detail/kill__struct.hpp
[2.087s] -- Up-to-date symlink: /home/public/ros2ws/install/turtlesim_msgs/include/turtlesim_msgs/turtlesim_msgs/srv/detail/kill__traits.hpp
[2.087s] -- Up-to-date symlink: /home/public/ros2ws/install/turtlesim_msgs/include/turtlesim_msgs/turtlesim_msgs/srv/detail/kill__type_support.hpp
[2.088s] -- Up-to-date symlink: /home/public/ros2ws/install/turtlesim_msgs/include/turtlesim_msgs/turtlesim_msgs/srv/detail/set_pen__builder.hpp
[2.089s] -- Up-to-date symlink: /home/public/ros2ws/install/turtlesim_msgs/include/turtlesim_msgs/turtlesim_msgs/srv/detail/set_pen__struct.hpp
[2.090s] -- Up-to-date symlink: /home/public/ros2ws/install/turtlesim_msgs/include/turtlesim_msgs/turtlesim_msgs/srv/detail/set_pen__traits.hpp
[2.091s] -- Up-to-date symlink: /home/public/ros2ws/install/turtlesim_msgs/include/turtlesim_msgs/turtlesim_msgs/srv/detail/set_pen__type_support.hpp
[2.092s] -- Up-to-date symlink: /home/public/ros2ws/install/turtlesim_msgs/include/turtlesim_msgs/turtlesim_msgs/srv/detail/spawn__builder.hpp
[2.093s] -- Up-to-date symlink: /home/public/ros2ws/install/turtlesim_msgs/include/turtlesim_msgs/turtlesim_msgs/srv/detail/spawn__struct.hpp
[2.094s] -- Up-to-date symlink: /home/public/ros2ws/install/turtlesim_msgs/include/turtlesim_msgs/turtlesim_msgs/srv/detail/spawn__traits.hpp
[2.095s] -- Up-to-date symlink: /home/public/ros2ws/install/turtlesim_msgs/include/turtlesim_msgs/turtlesim_msgs/srv/detail/spawn__type_support.hpp
[2.096s] -- Up-to-date symlink: /home/public/ros2ws/install/turtlesim_msgs/include/turtlesim_msgs/turtlesim_msgs/srv/detail/teleport_absolute__builder.hpp
[2.097s] -- Up-to-date symlink: /home/public/ros2ws/install/turtlesim_msgs/include/turtlesim_msgs/turtlesim_msgs/srv/detail/teleport_absolute__struct.hpp
[2.098s] -- Up-to-date symlink: /home/public/ros2ws/install/turtlesim_msgs/include/turtlesim_msgs/turtlesim_msgs/srv/detail/teleport_absolute__traits.hpp
[2.099s] -- Up-to-date symlink: /home/public/ros2ws/install/turtlesim_msgs/include/turtlesim_msgs/turtlesim_msgs/srv/detail/teleport_absolute__type_support.hpp
[2.100s] -- Up-to-date symlink: /home/public/ros2ws/install/turtlesim_msgs/include/turtlesim_msgs/turtlesim_msgs/srv/detail/teleport_relative__builder.hpp
[2.101s] -- Up-to-date symlink: /home/public/ros2ws/install/turtlesim_msgs/include/turtlesim_msgs/turtlesim_msgs/srv/detail/teleport_relative__struct.hpp
[2.101s] -- Up-to-date symlink: /home/public/ros2ws/install/turtlesim_msgs/include/turtlesim_msgs/turtlesim_msgs/srv/detail/teleport_relative__traits.hpp
[2.102s] -- Up-to-date symlink: /home/public/ros2ws/install/turtlesim_msgs/include/turtlesim_msgs/turtlesim_msgs/srv/detail/teleport_relative__type_support.hpp
[2.103s] -- Up-to-date symlink: /home/public/ros2ws/install/turtlesim_msgs/include/turtlesim_msgs/turtlesim_msgs/srv/kill.hpp
[2.104s] -- Up-to-date symlink: /home/public/ros2ws/install/turtlesim_msgs/include/turtlesim_msgs/turtlesim_msgs/srv/set_pen.hpp
[2.105s] -- Up-to-date symlink: /home/public/ros2ws/install/turtlesim_msgs/include/turtlesim_msgs/turtlesim_msgs/srv/spawn.hpp
[2.106s] -- Up-to-date symlink: /home/public/ros2ws/install/turtlesim_msgs/include/turtlesim_msgs/turtlesim_msgs/srv/teleport_absolute.hpp
[2.107s] -- Up-to-date symlink: /home/public/ros2ws/install/turtlesim_msgs/include/turtlesim_msgs/turtlesim_msgs/srv/teleport_relative.hpp
[2.109s] -- Up-to-date symlink: /home/public/ros2ws/install/turtlesim_msgs/include/turtlesim_msgs/turtlesim_msgs/action/detail/rotate_absolute__rosidl_typesupport_fastrtps_cpp.hpp
[2.110s] -- Up-to-date symlink: /home/public/ros2ws/install/turtlesim_msgs/include/turtlesim_msgs/turtlesim_msgs/msg/detail/color__rosidl_typesupport_fastrtps_cpp.hpp
[2.111s] -- Up-to-date symlink: /home/public/ros2ws/install/turtlesim_msgs/include/turtlesim_msgs/turtlesim_msgs/msg/detail/pose__rosidl_typesupport_fastrtps_cpp.hpp
[2.112s] -- Up-to-date symlink: /home/public/ros2ws/install/turtlesim_msgs/include/turtlesim_msgs/turtlesim_msgs/msg/rosidl_typesupport_fastrtps_cpp__visibility_control.h
[2.113s] -- Up-to-date symlink: /home/public/ros2ws/install/turtlesim_msgs/include/turtlesim_msgs/turtlesim_msgs/srv/detail/kill__rosidl_typesupport_fastrtps_cpp.hpp
[2.113s] -- Up-to-date symlink: /home/public/ros2ws/install/turtlesim_msgs/include/turtlesim_msgs/turtlesim_msgs/srv/detail/set_pen__rosidl_typesupport_fastrtps_cpp.hpp
[2.114s] -- Up-to-date symlink: /home/public/ros2ws/install/turtlesim_msgs/include/turtlesim_msgs/turtlesim_msgs/srv/detail/spawn__rosidl_typesupport_fastrtps_cpp.hpp
[2.116s] -- Up-to-date symlink: /home/public/ros2ws/install/turtlesim_msgs/include/turtlesim_msgs/turtlesim_msgs/srv/detail/teleport_absolute__rosidl_typesupport_fastrtps_cpp.hpp
[2.117s] -- Up-to-date symlink: /home/public/ros2ws/install/turtlesim_msgs/include/turtlesim_msgs/turtlesim_msgs/srv/detail/teleport_relative__rosidl_typesupport_fastrtps_cpp.hpp
[2.118s] -- Up-to-date symlink: /home/public/ros2ws/install/turtlesim_msgs/include/turtlesim_msgs/turtlesim_msgs/action/detail/rotate_absolute__rosidl_typesupport_introspection_c.h
[2.119s] -- Up-to-date symlink: /home/public/ros2ws/install/turtlesim_msgs/include/turtlesim_msgs/turtlesim_msgs/msg/detail/color__rosidl_typesupport_introspection_c.h
[2.120s] -- Up-to-date symlink: /home/public/ros2ws/install/turtlesim_msgs/include/turtlesim_msgs/turtlesim_msgs/msg/detail/pose__rosidl_typesupport_introspection_c.h
[2.121s] -- Up-to-date symlink: /home/public/ros2ws/install/turtlesim_msgs/include/turtlesim_msgs/turtlesim_msgs/msg/rosidl_typesupport_introspection_c__visibility_control.h
[2.122s] -- Up-to-date symlink: /home/public/ros2ws/install/turtlesim_msgs/include/turtlesim_msgs/turtlesim_msgs/srv/detail/kill__rosidl_typesupport_introspection_c.h
[2.122s] -- Up-to-date symlink: /home/public/ros2ws/install/turtlesim_msgs/include/turtlesim_msgs/turtlesim_msgs/srv/detail/set_pen__rosidl_typesupport_introspection_c.h
[2.123s] -- Up-to-date symlink: /home/public/ros2ws/install/turtlesim_msgs/include/turtlesim_msgs/turtlesim_msgs/srv/detail/spawn__rosidl_typesupport_introspection_c.h
[2.124s] -- Up-to-date symlink: /home/public/ros2ws/install/turtlesim_msgs/include/turtlesim_msgs/turtlesim_msgs/srv/detail/teleport_absolute__rosidl_typesupport_introspection_c.h
[2.125s] -- Up-to-date symlink: /home/public/ros2ws/install/turtlesim_msgs/include/turtlesim_msgs/turtlesim_msgs/srv/detail/teleport_relative__rosidl_typesupport_introspection_c.h
[2.127s] -- Up-to-date symlink: /home/public/ros2ws/install/turtlesim_msgs/include/turtlesim_msgs/turtlesim_msgs/action/detail/rotate_absolute__rosidl_typesupport_introspection_cpp.hpp
[2.127s] -- Up-to-date symlink: /home/public/ros2ws/install/turtlesim_msgs/include/turtlesim_msgs/turtlesim_msgs/msg/detail/color__rosidl_typesupport_introspection_cpp.hpp
[2.128s] -- Up-to-date symlink: /home/public/ros2ws/install/turtlesim_msgs/include/turtlesim_msgs/turtlesim_msgs/msg/detail/pose__rosidl_typesupport_introspection_cpp.hpp
[2.130s] -- Up-to-date symlink: /home/public/ros2ws/install/turtlesim_msgs/include/turtlesim_msgs/turtlesim_msgs/srv/detail/kill__rosidl_typesupport_introspection_cpp.hpp
[2.131s] -- Up-to-date symlink: /home/public/ros2ws/install/turtlesim_msgs/include/turtlesim_msgs/turtlesim_msgs/srv/detail/set_pen__rosidl_typesupport_introspection_cpp.hpp
[2.131s] -- Up-to-date symlink: /home/public/ros2ws/install/turtlesim_msgs/include/turtlesim_msgs/turtlesim_msgs/srv/detail/spawn__rosidl_typesupport_introspection_cpp.hpp
[2.132s] -- Up-to-date symlink: /home/public/ros2ws/install/turtlesim_msgs/include/turtlesim_msgs/turtlesim_msgs/srv/detail/teleport_absolute__rosidl_typesupport_introspection_cpp.hpp
[2.133s] -- Up-to-date symlink: /home/public/ros2ws/install/turtlesim_msgs/include/turtlesim_msgs/turtlesim_msgs/srv/detail/teleport_relative__rosidl_typesupport_introspection_cpp.hpp
[2.135s] -- Up-to-date symlink: /home/public/ros2ws/install/turtlesim_msgs/share/turtlesim_msgs/environment/pythonpath.sh
[2.137s] -- Up-to-date symlink: /home/public/ros2ws/install/turtlesim_msgs/share/turtlesim_msgs/environment/pythonpath.dsv
[2.143s] -- Up-to-date symlink: /home/public/ros2ws/install/turtlesim_msgs/lib/python3.14/site-packages/turtlesim_msgs/turtlesim_msgs_s__rosidl_typesupport_fastrtps_c.so
[2.145s] -- Up-to-date symlink: /home/public/ros2ws/install/turtlesim_msgs/lib/python3.14/site-packages/turtlesim_msgs/turtlesim_msgs_s__rosidl_typesupport_introspection_c.so
[2.147s] -- Up-to-date symlink: /home/public/ros2ws/install/turtlesim_msgs/lib/python3.14/site-packages/turtlesim_msgs/turtlesim_msgs_s__rosidl_typesupport_c.so
[2.151s] -- Up-to-date symlink: /home/public/ros2ws/install/turtlesim_msgs/share/ament_index/resource_index/rust_packages/turtlesim_msgs
[2.153s] -- Up-to-date symlink: /home/public/ros2ws/install/turtlesim_msgs/share/turtlesim_msgs/rust/Cargo.toml
[2.154s] -- Up-to-date symlink: /home/public/ros2ws/install/turtlesim_msgs/share/turtlesim_msgs/rust/build.rs
[2.156s] -- Up-to-date symlink: /home/public/ros2ws/install/turtlesim_msgs/share/turtlesim_msgs/rust/src/action.rs
[2.158s] -- Up-to-date symlink: /home/public/ros2ws/install/turtlesim_msgs/share/turtlesim_msgs/rust/src/action/rmw.rs
[2.159s] -- Up-to-date symlink: /home/public/ros2ws/install/turtlesim_msgs/share/turtlesim_msgs/rust/src/lib.rs
[2.160s] -- Up-to-date symlink: /home/public/ros2ws/install/turtlesim_msgs/share/turtlesim_msgs/rust/src/msg.rs
[2.161s] -- Up-to-date symlink: /home/public/ros2ws/install/turtlesim_msgs/share/turtlesim_msgs/rust/src/msg/rmw.rs
[2.162s] -- Up-to-date symlink: /home/public/ros2ws/install/turtlesim_msgs/share/turtlesim_msgs/rust/src/srv.rs
[2.164s] -- Up-to-date symlink: /home/public/ros2ws/install/turtlesim_msgs/share/turtlesim_msgs/rust/src/srv/rmw.rs
[2.169s] -- Up-to-date symlink: /home/public/ros2ws/install/turtlesim_msgs/share/turtlesim_msgs/action/RotateAbsolute.idl
[2.172s] -- Up-to-date symlink: /home/public/ros2ws/install/turtlesim_msgs/share/turtlesim_msgs/msg/Color.idl
[2.174s] -- Up-to-date symlink: /home/public/ros2ws/install/turtlesim_msgs/share/turtlesim_msgs/msg/Pose.idl
[2.177s] -- Up-to-date symlink: /home/public/ros2ws/install/turtlesim_msgs/share/turtlesim_msgs/srv/Kill.idl
[2.179s] -- Up-to-date symlink: /home/public/ros2ws/install/turtlesim_msgs/share/turtlesim_msgs/srv/SetPen.idl
[2.180s] -- Up-to-date symlink: /home/public/ros2ws/install/turtlesim_msgs/share/turtlesim_msgs/srv/Spawn.idl
[2.182s] -- Up-to-date symlink: /home/public/ros2ws/install/turtlesim_msgs/share/turtlesim_msgs/srv/TeleportAbsolute.idl
[2.184s] -- Up-to-date symlink: /home/public/ros2ws/install/turtlesim_msgs/share/turtlesim_msgs/srv/TeleportRelative.idl
[2.186s] -- Up-to-date symlink: /home/public/ros2ws/install/turtlesim_msgs/share/turtlesim_msgs/action/RotateAbsolute.action
[2.188s] -- Up-to-date symlink: /home/public/ros2ws/install/turtlesim_msgs/share/turtlesim_msgs/msg/Color.msg
[2.190s] -- Up-to-date symlink: /home/public/ros2ws/install/turtlesim_msgs/share/turtlesim_msgs/msg/Pose.msg
[2.192s] -- Up-to-date symlink: /home/public/ros2ws/install/turtlesim_msgs/share/turtlesim_msgs/srv/Kill.srv
[2.193s] -- Up-to-date symlink: /home/public/ros2ws/install/turtlesim_msgs/share/turtlesim_msgs/srv/SetPen.srv
[2.195s] -- Up-to-date symlink: /home/public/ros2ws/install/turtlesim_msgs/share/turtlesim_msgs/srv/Spawn.srv
[2.197s] -- Up-to-date symlink: /home/public/ros2ws/install/turtlesim_msgs/share/turtlesim_msgs/srv/TeleportAbsolute.srv
[2.199s] -- Up-to-date symlink: /home/public/ros2ws/install/turtlesim_msgs/share/turtlesim_msgs/srv/TeleportRelative.srv
[2.203s] -- Up-to-date symlink: /home/public/ros2ws/install/turtlesim_msgs/share/ament_index/resource_index/package_run_dependencies/turtlesim_msgs
[2.207s] -- Up-to-date symlink: /home/public/ros2ws/install/turtlesim_msgs/share/ament_index/resource_index/parent_prefix_path/turtlesim_msgs
[2.209s] -- Up-to-date symlink: /home/public/ros2ws/install/turtlesim_msgs/share/turtlesim_msgs/environment/ament_prefix_path.sh
[2.210s] -- Up-to-date symlink: /home/public/ros2ws/install/turtlesim_msgs/share/turtlesim_msgs/environment/ament_prefix_path.dsv
[2.212s] -- Up-to-date symlink: /home/public/ros2ws/install/turtlesim_msgs/share/turtlesim_msgs/environment/path.sh
[2.215s] -- Up-to-date symlink: /home/public/ros2ws/install/turtlesim_msgs/share/turtlesim_msgs/environment/path.dsv
[2.216s] -- Up-to-date symlink: /home/public/ros2ws/install/turtlesim_msgs/share/turtlesim_msgs/local_setup.bash
[2.218s] -- Up-to-date symlink: /home/public/ros2ws/install/turtlesim_msgs/share/turtlesim_msgs/local_setup.fish
[2.220s] -- Up-to-date symlink: /home/public/ros2ws/install/turtlesim_msgs/share/turtlesim_msgs/local_setup.sh
[2.222s] -- Up-to-date symlink: /home/public/ros2ws/install/turtlesim_msgs/share/turtlesim_msgs/local_setup.zsh
[2.224s] -- Up-to-date symlink: /home/public/ros2ws/install/turtlesim_msgs/share/turtlesim_msgs/local_setup.dsv
[2.225s] -- Symlinking: /home/public/ros2ws/install/turtlesim_msgs/share/turtlesim_msgs/package.dsv
[2.242s] -- Up-to-date symlink: /home/public/ros2ws/install/turtlesim_msgs/share/ament_index/resource_index/packages/turtlesim_msgs
[2.244s] -- Up-to-date symlink: /home/public/ros2ws/install/turtlesim_msgs/lib/python3.14/site-packages/turtlesim_msgs-1.10.9-py3.14.egg-info/PKG-INFO
[2.244s] -- Up-to-date symlink: /home/public/ros2ws/install/turtlesim_msgs/lib/python3.14/site-packages/turtlesim_msgs-1.10.9-py3.14.egg-info/SOURCES.txt
[2.245s] -- Up-to-date symlink: /home/public/ros2ws/install/turtlesim_msgs/lib/python3.14/site-packages/turtlesim_msgs-1.10.9-py3.14.egg-info/dependency_links.txt
[2.246s] -- Up-to-date symlink: /home/public/ros2ws/install/turtlesim_msgs/lib/python3.14/site-packages/turtlesim_msgs-1.10.9-py3.14.egg-info/top_level.txt
[2.248s] -- Up-to-date symlink: /home/public/ros2ws/install/turtlesim_msgs/lib/python3.14/site-packages/turtlesim_msgs/__init__.py
[2.249s] -- Up-to-date symlink: /home/public/ros2ws/install/turtlesim_msgs/lib/python3.14/site-packages/turtlesim_msgs/_turtlesim_msgs_s.ep.rosidl_typesupport_c.c
[2.250s] -- Up-to-date symlink: /home/public/ros2ws/install/turtlesim_msgs/lib/python3.14/site-packages/turtlesim_msgs/_turtlesim_msgs_s.ep.rosidl_typesupport_fastrtps_c.c
[2.251s] -- Up-to-date symlink: /home/public/ros2ws/install/turtlesim_msgs/lib/python3.14/site-packages/turtlesim_msgs/_turtlesim_msgs_s.ep.rosidl_typesupport_introspection_c.c
[2.253s] -- Up-to-date symlink: /home/public/ros2ws/install/turtlesim_msgs/lib/python3.14/site-packages/turtlesim_msgs/action/__init__.py
[2.254s] -- Up-to-date symlink: /home/public/ros2ws/install/turtlesim_msgs/lib/python3.14/site-packages/turtlesim_msgs/action/_rotate_absolute.py
[2.255s] -- Up-to-date symlink: /home/public/ros2ws/install/turtlesim_msgs/lib/python3.14/site-packages/turtlesim_msgs/action/_rotate_absolute_s.c
[2.256s] -- Up-to-date symlink: /home/public/ros2ws/install/turtlesim_msgs/lib/python3.14/site-packages/turtlesim_msgs/msg/__init__.py
[2.257s] -- Up-to-date symlink: /home/public/ros2ws/install/turtlesim_msgs/lib/python3.14/site-packages/turtlesim_msgs/msg/_color.py
[2.258s] -- Up-to-date symlink: /home/public/ros2ws/install/turtlesim_msgs/lib/python3.14/site-packages/turtlesim_msgs/msg/_color_s.c
[2.259s] -- Up-to-date symlink: /home/public/ros2ws/install/turtlesim_msgs/lib/python3.14/site-packages/turtlesim_msgs/msg/_pose.py
[2.260s] -- Up-to-date symlink: /home/public/ros2ws/install/turtlesim_msgs/lib/python3.14/site-packages/turtlesim_msgs/msg/_pose_s.c
[2.261s] -- Up-to-date symlink: /home/public/ros2ws/install/turtlesim_msgs/lib/python3.14/site-packages/turtlesim_msgs/py.typed
[2.263s] -- Up-to-date symlink: /home/public/ros2ws/install/turtlesim_msgs/lib/python3.14/site-packages/turtlesim_msgs/srv/__init__.py
[2.264s] -- Up-to-date symlink: /home/public/ros2ws/install/turtlesim_msgs/lib/python3.14/site-packages/turtlesim_msgs/srv/_kill.py
[2.264s] -- Up-to-date symlink: /home/public/ros2ws/install/turtlesim_msgs/lib/python3.14/site-packages/turtlesim_msgs/srv/_kill_s.c
[2.265s] -- Up-to-date symlink: /home/public/ros2ws/install/turtlesim_msgs/lib/python3.14/site-packages/turtlesim_msgs/srv/_set_pen.py
[2.266s] -- Up-to-date symlink: /home/public/ros2ws/install/turtlesim_msgs/lib/python3.14/site-packages/turtlesim_msgs/srv/_set_pen_s.c
[2.267s] -- Up-to-date symlink: /home/public/ros2ws/install/turtlesim_msgs/lib/python3.14/site-packages/turtlesim_msgs/srv/_spawn.py
[2.268s] -- Up-to-date symlink: /home/public/ros2ws/install/turtlesim_msgs/lib/python3.14/site-packages/turtlesim_msgs/srv/_spawn_s.c
[2.269s] -- Up-to-date symlink: /home/public/ros2ws/install/turtlesim_msgs/lib/python3.14/site-packages/turtlesim_msgs/srv/_teleport_absolute.py
[2.270s] -- Up-to-date symlink: /home/public/ros2ws/install/turtlesim_msgs/lib/python3.14/site-packages/turtlesim_msgs/srv/_teleport_absolute_s.c
[2.271s] -- Up-to-date symlink: /home/public/ros2ws/install/turtlesim_msgs/lib/python3.14/site-packages/turtlesim_msgs/srv/_teleport_relative.py
[2.272s] -- Up-to-date symlink: /home/public/ros2ws/install/turtlesim_msgs/lib/python3.14/site-packages/turtlesim_msgs/srv/_teleport_relative_s.c
[2.272s] -- Up-to-date symlink: /home/public/ros2ws/install/turtlesim_msgs/lib/python3.14/site-packages/turtlesim_msgs/turtlesim_msgs_s__rosidl_typesupport_c.so
[2.272s] -- Up-to-date symlink: /home/public/ros2ws/install/turtlesim_msgs/lib/python3.14/site-packages/turtlesim_msgs/turtlesim_msgs_s__rosidl_typesupport_fastrtps_c.so
[2.272s] -- Up-to-date symlink: /home/public/ros2ws/install/turtlesim_msgs/lib/python3.14/site-packages/turtlesim_msgs/turtlesim_msgs_s__rosidl_typesupport_introspection_c.so
[2.276s] -- Up-to-date symlink: /home/public/ros2ws/install/turtlesim_msgs/share/turtlesim_msgs/cmake/rosidl_cmake-extras.cmake
[2.278s] -- Up-to-date symlink: /home/public/ros2ws/install/turtlesim_msgs/share/turtlesim_msgs/cmake/ament_cmake_export_dependencies-extras.cmake
[2.281s] -- Up-to-date symlink: /home/public/ros2ws/install/turtlesim_msgs/share/turtlesim_msgs/cmake/ament_cmake_export_include_directories-extras.cmake
[2.284s] -- Up-to-date symlink: /home/public/ros2ws/install/turtlesim_msgs/share/turtlesim_msgs/cmake/ament_cmake_export_libraries-extras.cmake
[2.286s] -- Up-to-date symlink: /home/public/ros2ws/install/turtlesim_msgs/share/turtlesim_msgs/cmake/ament_cmake_export_targets-extras.cmake
[2.288s] -- Up-to-date symlink: /home/public/ros2ws/install/turtlesim_msgs/share/turtlesim_msgs/cmake/rosidl_cmake_export_typesupport_targets-extras.cmake
[2.290s] -- Up-to-date symlink: /home/public/ros2ws/install/turtlesim_msgs/share/turtlesim_msgs/cmake/rosidl_cmake_export_typesupport_libraries-extras.cmake
[2.294s] -- Up-to-date symlink: /home/public/ros2ws/install/turtlesim_msgs/share/turtlesim_msgs/cmake/rosidl_cmake_aggregate_target-extras.cmake
[2.297s] -- Up-to-date symlink: /home/public/ros2ws/install/turtlesim_msgs/share/turtlesim_msgs/cmake/turtlesim_msgsConfig.cmake
[2.298s] -- Up-to-date symlink: /home/public/ros2ws/install/turtlesim_msgs/share/turtlesim_msgs/cmake/turtlesim_msgsConfig-version.cmake
[2.302s] -- Up-to-date symlink: /home/public/ros2ws/install/turtlesim_msgs/share/turtlesim_msgs/package.xml
[2.305s] -- Up-to-date: /home/public/ros2ws/install/turtlesim_msgs/lib/libturtlesim_msgs__rosidl_generator_c.so
[2.308s] -- Up-to-date: /home/public/ros2ws/install/turtlesim_msgs/lib/libturtlesim_msgs__rosidl_typesupport_fastrtps_c.so
[2.311s] -- Up-to-date: /home/public/ros2ws/install/turtlesim_msgs/lib/libturtlesim_msgs__rosidl_typesupport_fastrtps_cpp.so
[2.315s] -- Up-to-date: /home/public/ros2ws/install/turtlesim_msgs/lib/libturtlesim_msgs__rosidl_typesupport_introspection_c.so
[2.319s] -- Up-to-date: /home/public/ros2ws/install/turtlesim_msgs/lib/libturtlesim_msgs__rosidl_typesupport_c.so
[2.322s] -- Up-to-date: /home/public/ros2ws/install/turtlesim_msgs/lib/libturtlesim_msgs__rosidl_typesupport_introspection_cpp.so
[2.325s] -- Up-to-date: /home/public/ros2ws/install/turtlesim_msgs/lib/libturtlesim_msgs__rosidl_typesupport_cpp.so
[2.328s] -- Up-to-date: /home/public/ros2ws/install/turtlesim_msgs/lib/libturtlesim_msgs__rosidl_generator_py.so
[2.334s] -- Up-to-date: /home/public/ros2ws/install/turtlesim_msgs/share/turtlesim_msgs/cmake/export_turtlesim_msgs__rosidl_generator_cExport.cmake
[2.334s] -- Up-to-date: /home/public/ros2ws/install/turtlesim_msgs/share/turtlesim_msgs/cmake/export_turtlesim_msgs__rosidl_generator_cExport-noconfig.cmake
[2.335s] -- Up-to-date: /home/public/ros2ws/install/turtlesim_msgs/share/turtlesim_msgs/cmake/export_turtlesim_msgs__rosidl_typesupport_fastrtps_cExport.cmake
[2.336s] -- Up-to-date: /home/public/ros2ws/install/turtlesim_msgs/share/turtlesim_msgs/cmake/export_turtlesim_msgs__rosidl_typesupport_fastrtps_cExport-noconfig.cmake
[2.338s] -- Up-to-date: /home/public/ros2ws/install/turtlesim_msgs/share/turtlesim_msgs/cmake/export_turtlesim_msgs__rosidl_generator_cppExport.cmake
[2.340s] -- Up-to-date: /home/public/ros2ws/install/turtlesim_msgs/share/turtlesim_msgs/cmake/export_turtlesim_msgs__rosidl_typesupport_fastrtps_cppExport.cmake
[2.340s] -- Up-to-date: /home/public/ros2ws/install/turtlesim_msgs/share/turtlesim_msgs/cmake/export_turtlesim_msgs__rosidl_typesupport_fastrtps_cppExport-noconfig.cmake
[2.343s] -- Up-to-date: /home/public/ros2ws/install/turtlesim_msgs/share/turtlesim_msgs/cmake/turtlesim_msgs__rosidl_typesupport_introspection_cExport.cmake
[2.343s] -- Up-to-date: /home/public/ros2ws/install/turtlesim_msgs/share/turtlesim_msgs/cmake/turtlesim_msgs__rosidl_typesupport_introspection_cExport-noconfig.cmake
[2.344s] -- Up-to-date: /home/public/ros2ws/install/turtlesim_msgs/share/turtlesim_msgs/cmake/turtlesim_msgs__rosidl_typesupport_cExport.cmake
[2.344s] -- Up-to-date: /home/public/ros2ws/install/turtlesim_msgs/share/turtlesim_msgs/cmake/turtlesim_msgs__rosidl_typesupport_cExport-noconfig.cmake
[2.347s] -- Up-to-date: /home/public/ros2ws/install/turtlesim_msgs/share/turtlesim_msgs/cmake/turtlesim_msgs__rosidl_typesupport_introspection_cppExport.cmake
[2.347s] -- Up-to-date: /home/public/ros2ws/install/turtlesim_msgs/share/turtlesim_msgs/cmake/turtlesim_msgs__rosidl_typesupport_introspection_cppExport-noconfig.cmake
[2.349s] -- Up-to-date: /home/public/ros2ws/install/turtlesim_msgs/share/turtlesim_msgs/cmake/turtlesim_msgs__rosidl_typesupport_cppExport.cmake
[2.349s] -- Up-to-date: /home/public/ros2ws/install/turtlesim_msgs/share/turtlesim_msgs/cmake/turtlesim_msgs__rosidl_typesupport_cppExport-noconfig.cmake
[2.351s] -- Up-to-date: /home/public/ros2ws/install/turtlesim_msgs/share/turtlesim_msgs/cmake/export_turtlesim_msgs__rosidl_generator_pyExport.cmake
[2.351s] -- Up-to-date: /home/public/ros2ws/install/turtlesim_msgs/share/turtlesim_msgs/cmake/export_turtlesim_msgs__rosidl_generator_pyExport-noconfig.cmake
[2.463s] Listing '/home/public/ros2ws/install/turtlesim_msgs/lib/python3.14/site-packages/turtlesim_msgs'...
[2.463s] Listing '/home/public/ros2ws/install/turtlesim_msgs/lib/python3.14/site-packages/turtlesim_msgs/action'...
[2.463s] Listing '/home/public/ros2ws/install/turtlesim_msgs/lib/python3.14/site-packages/turtlesim_msgs/msg'...
[2.463s] Listing '/home/public/ros2ws/install/turtlesim_msgs/lib/python3.14/site-packages/turtlesim_msgs/srv'...
[2.496s] Invoked command in '/home/public/MSE112_MPi5_Hiwonder_ROS2/ros2ws/build/turtlesim_msgs' returned '0': CMAKE_PREFIX_PATH=${CMAKE_PREFIX_PATH}:/opt/ros/lyrical DEBUGINFOD_URLS=https://debuginfod.ubuntu.com /usr/bin/cmake --install /home/public/MSE112_MPi5_Hiwonder_ROS2/ros2ws/build/turtlesim_msgs
