[3.581s] Invoking command in '/home/public/ros2ws/src/hiwonder_board': DEBUGINFOD_URLS=https://debuginfod.ubuntu.com PYTHONPATH=/home/public/ros2ws/build/hiwonder_board/prefix_override:/usr/lib/python3/dist-packages/colcon_core/task/python/colcon_distutils_commands:/home/public/ros2ws/install/hiwonder_board/lib/python3.14/site-packages:${PYTHONPATH} /usr/bin/python3 -W ignore:setup.py install is deprecated -W ignore:easy_install command is deprecated setup.py egg_info --egg-base ../../build/hiwonder_board build --build-base /home/public/ros2ws/build/hiwonder_board/build install --record /home/public/ros2ws/build/hiwonder_board/install.log --install-scripts $base/lib/hiwonder_board --single-version-externally-managed install_data
[4.329s] running egg_info
[4.387s] writing ../../build/hiwonder_board/hiwonder_board.egg-info/PKG-INFO
[4.388s] writing dependency_links to ../../build/hiwonder_board/hiwonder_board.egg-info/dependency_links.txt
[4.388s] writing entry points to ../../build/hiwonder_board/hiwonder_board.egg-info/entry_points.txt
[4.388s] writing requirements to ../../build/hiwonder_board/hiwonder_board.egg-info/requires.txt
[4.390s] writing top-level names to ../../build/hiwonder_board/hiwonder_board.egg-info/top_level.txt
[4.494s] reading manifest file '../../build/hiwonder_board/hiwonder_board.egg-info/SOURCES.txt'
[4.496s] adding license file 'LICENSE'
[4.500s] writing manifest file '../../build/hiwonder_board/hiwonder_board.egg-info/SOURCES.txt'
[4.500s] running build
[4.500s] running build_py
[4.500s] copying hiwonder_board/__init__.py -> /home/public/ros2ws/build/hiwonder_board/build/lib/hiwonder_board
[4.501s] copying hiwonder_board/hiwonder_board_node.py -> /home/public/ros2ws/build/hiwonder_board/build/lib/hiwonder_board
[4.501s] copying hiwonder_board/subscriber_member_function.py -> /home/public/ros2ws/build/hiwonder_board/build/lib/hiwonder_board
[4.501s] copying hiwonder_board/publisher_member_function.py -> /home/public/ros2ws/build/hiwonder_board/build/lib/hiwonder_board
[4.503s] copying hiwonder_board/py.typed -> /home/public/ros2ws/build/hiwonder_board/build/lib/hiwonder_board
[4.504s] running install
[4.511s] running install_lib
[4.560s] copying /home/public/ros2ws/build/hiwonder_board/build/lib/hiwonder_board/hiwonder_board_node.py -> /home/public/ros2ws/install/hiwonder_board/lib/python3.14/site-packages/hiwonder_board
[4.564s] byte-compiling /home/public/ros2ws/install/hiwonder_board/lib/python3.14/site-packages/hiwonder_board/hiwonder_board_node.py to hiwonder_board_node.cpython-314.pyc
[4.592s] running install_data
[4.592s] copying resource/hiwonder_board -> /home/public/ros2ws/install/hiwonder_board/share/ament_index/resource_index/packages
[4.593s] copying package.xml -> /home/public/ros2ws/install/hiwonder_board/share/hiwonder_board
[4.593s] running install_egg_info
[4.638s] removing '/home/public/ros2ws/install/hiwonder_board/lib/python3.14/site-packages/hiwonder_board-0.0.0-py3.14.egg-info' (and everything under it)
[4.640s] Copying ../../build/hiwonder_board/hiwonder_board.egg-info to /home/public/ros2ws/install/hiwonder_board/lib/python3.14/site-packages/hiwonder_board-0.0.0-py3.14.egg-info
[4.642s] running install_scripts
[4.883s] Installing hiwonder_board_node script to /home/public/ros2ws/install/hiwonder_board/lib/hiwonder_board
[4.884s] Installing test_listener script to /home/public/ros2ws/install/hiwonder_board/lib/hiwonder_board
[4.885s] Installing test_talker script to /home/public/ros2ws/install/hiwonder_board/lib/hiwonder_board
[4.890s] writing list of installed files to '/home/public/ros2ws/build/hiwonder_board/install.log'
[5.095s] Invoked command in '/home/public/ros2ws/src/hiwonder_board' returned '0': DEBUGINFOD_URLS=https://debuginfod.ubuntu.com PYTHONPATH=/home/public/ros2ws/build/hiwonder_board/prefix_override:/usr/lib/python3/dist-packages/colcon_core/task/python/colcon_distutils_commands:/home/public/ros2ws/install/hiwonder_board/lib/python3.14/site-packages:${PYTHONPATH} /usr/bin/python3 -W ignore:setup.py install is deprecated -W ignore:easy_install command is deprecated setup.py egg_info --egg-base ../../build/hiwonder_board build --build-base /home/public/ros2ws/build/hiwonder_board/build install --record /home/public/ros2ws/build/hiwonder_board/install.log --install-scripts $base/lib/hiwonder_board --single-version-externally-managed install_data
