[2.628s] Invoking command in '/home/public/MSE112_MPi5_Hiwonder_ROS2/ros2ws/src/opencv2_nodes': DEBUGINFOD_URLS=https://debuginfod.ubuntu.com PYTHONPATH=/home/public/MSE112_MPi5_Hiwonder_ROS2/ros2ws/build/opencv2_nodes/prefix_override:/usr/lib/python3/dist-packages/colcon_core/task/python/colcon_distutils_commands:/home/public/MSE112_MPi5_Hiwonder_ROS2/ros2ws/install/opencv2_nodes/lib/python3.14/site-packages:${PYTHONPATH} /usr/bin/python3 -W ignore:setup.py install is deprecated -W ignore:easy_install command is deprecated setup.py egg_info --egg-base ../../build/opencv2_nodes build --build-base /home/public/MSE112_MPi5_Hiwonder_ROS2/ros2ws/build/opencv2_nodes/build install --record /home/public/MSE112_MPi5_Hiwonder_ROS2/ros2ws/build/opencv2_nodes/install.log --install-scripts $base/lib/opencv2_nodes --single-version-externally-managed install_data
[3.305s] running egg_info
[3.344s] writing ../../build/opencv2_nodes/opencv2_nodes.egg-info/PKG-INFO
[3.346s] writing dependency_links to ../../build/opencv2_nodes/opencv2_nodes.egg-info/dependency_links.txt
[3.371s] writing entry points to ../../build/opencv2_nodes/opencv2_nodes.egg-info/entry_points.txt
[3.371s] writing requirements to ../../build/opencv2_nodes/opencv2_nodes.egg-info/requires.txt
[3.373s] writing top-level names to ../../build/opencv2_nodes/opencv2_nodes.egg-info/top_level.txt
[3.478s] reading manifest file '../../build/opencv2_nodes/opencv2_nodes.egg-info/SOURCES.txt'
[3.478s] writing manifest file '../../build/opencv2_nodes/opencv2_nodes.egg-info/SOURCES.txt'
[3.478s] running build
[3.478s] running build_py
[3.478s] copying opencv2_nodes/bin_mask.py -> /home/public/MSE112_MPi5_Hiwonder_ROS2/ros2ws/build/opencv2_nodes/build/lib/opencv2_nodes
[3.481s] copying opencv2_nodes/color_recog.py -> /home/public/MSE112_MPi5_Hiwonder_ROS2/ros2ws/build/opencv2_nodes/build/lib/opencv2_nodes
[3.481s] copying opencv2_nodes/line_recog.py -> /home/public/MSE112_MPi5_Hiwonder_ROS2/ros2ws/build/opencv2_nodes/build/lib/opencv2_nodes
[3.483s] copying opencv2_nodes/__init__.py -> /home/public/MSE112_MPi5_Hiwonder_ROS2/ros2ws/build/opencv2_nodes/build/lib/opencv2_nodes
[3.484s] copying opencv2_nodes/green_bin_mask.py -> /home/public/MSE112_MPi5_Hiwonder_ROS2/ros2ws/build/opencv2_nodes/build/lib/opencv2_nodes
[3.490s] copying opencv2_nodes/edge_recog.py -> /home/public/MSE112_MPi5_Hiwonder_ROS2/ros2ws/build/opencv2_nodes/build/lib/opencv2_nodes
[3.490s] copying opencv2_nodes/image_publisher.py -> /home/public/MSE112_MPi5_Hiwonder_ROS2/ros2ws/build/opencv2_nodes/build/lib/opencv2_nodes
[3.490s] copying opencv2_nodes/py.typed -> /home/public/MSE112_MPi5_Hiwonder_ROS2/ros2ws/build/opencv2_nodes/build/lib/opencv2_nodes
[3.490s] running install
[3.503s] running install_lib
[3.555s] running install_data
[3.557s] copying resource/opencv2_nodes -> /home/public/MSE112_MPi5_Hiwonder_ROS2/ros2ws/install/opencv2_nodes/share/ament_index/resource_index/packages
[3.557s] copying package.xml -> /home/public/MSE112_MPi5_Hiwonder_ROS2/ros2ws/install/opencv2_nodes/share/opencv2_nodes
[3.557s] running install_egg_info
[3.608s] removing '/home/public/MSE112_MPi5_Hiwonder_ROS2/ros2ws/install/opencv2_nodes/lib/python3.14/site-packages/opencv2_nodes-0.0.0-py3.14.egg-info' (and everything under it)
[3.610s] Copying ../../build/opencv2_nodes/opencv2_nodes.egg-info to /home/public/MSE112_MPi5_Hiwonder_ROS2/ros2ws/install/opencv2_nodes/lib/python3.14/site-packages/opencv2_nodes-0.0.0-py3.14.egg-info
[3.619s] running install_scripts
[3.859s] Installing bin_mask script to /home/public/MSE112_MPi5_Hiwonder_ROS2/ros2ws/install/opencv2_nodes/lib/opencv2_nodes
[3.860s] Installing edge_recog script to /home/public/MSE112_MPi5_Hiwonder_ROS2/ros2ws/install/opencv2_nodes/lib/opencv2_nodes
[3.860s] Installing image_publisher script to /home/public/MSE112_MPi5_Hiwonder_ROS2/ros2ws/install/opencv2_nodes/lib/opencv2_nodes
[3.861s] Installing line_recog script to /home/public/MSE112_MPi5_Hiwonder_ROS2/ros2ws/install/opencv2_nodes/lib/opencv2_nodes
[3.862s] writing list of installed files to '/home/public/MSE112_MPi5_Hiwonder_ROS2/ros2ws/build/opencv2_nodes/install.log'
[4.050s] Invoked command in '/home/public/MSE112_MPi5_Hiwonder_ROS2/ros2ws/src/opencv2_nodes' returned '0': DEBUGINFOD_URLS=https://debuginfod.ubuntu.com PYTHONPATH=/home/public/MSE112_MPi5_Hiwonder_ROS2/ros2ws/build/opencv2_nodes/prefix_override:/usr/lib/python3/dist-packages/colcon_core/task/python/colcon_distutils_commands:/home/public/MSE112_MPi5_Hiwonder_ROS2/ros2ws/install/opencv2_nodes/lib/python3.14/site-packages:${PYTHONPATH} /usr/bin/python3 -W ignore:setup.py install is deprecated -W ignore:easy_install command is deprecated setup.py egg_info --egg-base ../../build/opencv2_nodes build --build-base /home/public/MSE112_MPi5_Hiwonder_ROS2/ros2ws/build/opencv2_nodes/build install --record /home/public/MSE112_MPi5_Hiwonder_ROS2/ros2ws/build/opencv2_nodes/install.log --install-scripts $base/lib/opencv2_nodes --single-version-externally-managed install_data
