[15.421s] Invoking command in '/home/public/ros2ws/build/examples_rclpy_minimal_action_server': DEBUGINFOD_URLS=https://debuginfod.ubuntu.com PYTHONPATH=/home/public/ros2ws/build/examples_rclpy_minimal_action_server/prefix_override:/usr/lib/python3/dist-packages/colcon_core/task/python/colcon_distutils_commands:/home/public/ros2ws/install/examples_rclpy_minimal_action_server/lib/python3.14/site-packages:${PYTHONPATH} /usr/bin/python3 -W ignore:setup.py install is deprecated -W ignore:easy_install command is deprecated setup.py develop --editable --build-directory /home/public/ros2ws/build/examples_rclpy_minimal_action_server/build --no-deps symlink_data
[21.349s] running develop
[24.359s] running egg_info
[24.616s] writing examples_rclpy_minimal_action_server.egg-info/PKG-INFO
[24.619s] writing dependency_links to examples_rclpy_minimal_action_server.egg-info/dependency_links.txt
[24.632s] writing entry points to examples_rclpy_minimal_action_server.egg-info/entry_points.txt
[24.634s] writing requirements to examples_rclpy_minimal_action_server.egg-info/requires.txt
[24.636s] writing top-level names to examples_rclpy_minimal_action_server.egg-info/top_level.txt
[24.995s] reading manifest file 'examples_rclpy_minimal_action_server.egg-info/SOURCES.txt'
[25.012s] writing manifest file 'examples_rclpy_minimal_action_server.egg-info/SOURCES.txt'
[25.273s] running build_ext
[25.273s] Creating /home/public/ros2ws/install/examples_rclpy_minimal_action_server/lib/python3.14/site-packages/examples-rclpy-minimal-action-server.egg-link (link to .)
[25.281s] Installing server script to /home/public/ros2ws/install/examples_rclpy_minimal_action_server/lib/examples_rclpy_minimal_action_server
[25.290s] Installing server_defer script to /home/public/ros2ws/install/examples_rclpy_minimal_action_server/lib/examples_rclpy_minimal_action_server
[25.291s] Installing server_not_composable script to /home/public/ros2ws/install/examples_rclpy_minimal_action_server/lib/examples_rclpy_minimal_action_server
[25.291s] Installing server_queue_goals script to /home/public/ros2ws/install/examples_rclpy_minimal_action_server/lib/examples_rclpy_minimal_action_server
[25.297s] Installing server_single_goal script to /home/public/ros2ws/install/examples_rclpy_minimal_action_server/lib/examples_rclpy_minimal_action_server
[25.300s] 
[25.300s] Installed /home/public/ros2ws/build/examples_rclpy_minimal_action_server
[25.301s] running symlink_data
[26.060s] Invoked command in '/home/public/ros2ws/build/examples_rclpy_minimal_action_server' returned '0': DEBUGINFOD_URLS=https://debuginfod.ubuntu.com PYTHONPATH=/home/public/ros2ws/build/examples_rclpy_minimal_action_server/prefix_override:/usr/lib/python3/dist-packages/colcon_core/task/python/colcon_distutils_commands:/home/public/ros2ws/install/examples_rclpy_minimal_action_server/lib/python3.14/site-packages:${PYTHONPATH} /usr/bin/python3 -W ignore:setup.py install is deprecated -W ignore:easy_install command is deprecated setup.py develop --editable --build-directory /home/public/ros2ws/build/examples_rclpy_minimal_action_server/build --no-deps symlink_data
