[14.836s] Invoking command in '/home/public/ros2ws/src/controls_core': DEBUGINFOD_URLS=https://debuginfod.ubuntu.com PYTHONPATH=/home/public/ros2ws/build/controls_core/prefix_override:/usr/lib/python3/dist-packages/colcon_core/task/python/colcon_distutils_commands:/home/public/ros2ws/install/controls_core/lib/python3.14/site-packages:${PYTHONPATH} /usr/bin/python3 -W ignore:setup.py install is deprecated -W ignore:easy_install command is deprecated setup.py egg_info --egg-base ../../build/controls_core build --build-base /home/public/ros2ws/build/controls_core/build install --record /home/public/ros2ws/build/controls_core/install.log --install-scripts $base/lib/controls_core --single-version-externally-managed install_data
[16.992s] running egg_info
[17.140s] writing ../../build/controls_core/controls_core.egg-info/PKG-INFO
[17.145s] writing dependency_links to ../../build/controls_core/controls_core.egg-info/dependency_links.txt
[17.145s] writing entry points to ../../build/controls_core/controls_core.egg-info/entry_points.txt
[17.145s] writing requirements to ../../build/controls_core/controls_core.egg-info/requires.txt
[17.146s] writing top-level names to ../../build/controls_core/controls_core.egg-info/top_level.txt
[17.479s] reading manifest file '../../build/controls_core/controls_core.egg-info/SOURCES.txt'
[17.483s] adding license file 'LICENSE'
[17.487s] writing manifest file '../../build/controls_core/controls_core.egg-info/SOURCES.txt'
[17.488s] running build
[17.488s] running build_py
[17.491s] copying controls_core/ui_testing.py -> /home/public/ros2ws/build/controls_core/build/lib/controls_core
[17.496s] copying controls_core/main_control_node.py -> /home/public/ros2ws/build/controls_core/build/lib/controls_core
[17.497s] copying controls_core/__init__.py -> /home/public/ros2ws/build/controls_core/build/lib/controls_core
[17.497s] copying controls_core/cv_interface.py -> /home/public/ros2ws/build/controls_core/build/lib/controls_core
[17.497s] copying controls_core/board_interface.py -> /home/public/ros2ws/build/controls_core/build/lib/controls_core
[17.502s] copying controls_core/py.typed -> /home/public/ros2ws/build/controls_core/build/lib/controls_core
[17.503s] running install
[17.529s] running install_lib
[17.658s] copying /home/public/ros2ws/build/controls_core/build/lib/controls_core/main_control_node.py -> /home/public/ros2ws/install/controls_core/lib/python3.14/site-packages/controls_core
[17.663s] byte-compiling /home/public/ros2ws/install/controls_core/lib/python3.14/site-packages/controls_core/main_control_node.py to main_control_node.cpython-314.pyc
[17.666s] running install_data
[17.670s] copying resource/controls_core -> /home/public/ros2ws/install/controls_core/share/ament_index/resource_index/packages
[17.682s] copying package.xml -> /home/public/ros2ws/install/controls_core/share/controls_core
[17.682s] running install_egg_info
[17.793s] interrupted
[18.060s] Invoked command in '/home/public/ros2ws/src/controls_core' returned '1': DEBUGINFOD_URLS=https://debuginfod.ubuntu.com PYTHONPATH=/home/public/ros2ws/build/controls_core/prefix_override:/usr/lib/python3/dist-packages/colcon_core/task/python/colcon_distutils_commands:/home/public/ros2ws/install/controls_core/lib/python3.14/site-packages:${PYTHONPATH} /usr/bin/python3 -W ignore:setup.py install is deprecated -W ignore:easy_install command is deprecated setup.py egg_info --egg-base ../../build/controls_core build --build-base /home/public/ros2ws/build/controls_core/build install --record /home/public/ros2ws/build/controls_core/install.log --install-scripts $base/lib/controls_core --single-version-externally-managed install_data
