[7.823s] Invoking command in '/home/public/ros2ws/src/controls_core': DEBUGINFOD_URLS=https://debuginfod.ubuntu.com PYTHONPATH=/home/public/ros2ws/build/controls_core/prefix_override:/usr/lib/python3/dist-packages/colcon_core/task/python/colcon_distutils_commands:/home/public/ros2ws/install/controls_core/lib/python3.14/site-packages:${PYTHONPATH} /usr/bin/python3 -W ignore:setup.py install is deprecated -W ignore:easy_install command is deprecated setup.py egg_info --egg-base ../../build/controls_core build --build-base /home/public/ros2ws/build/controls_core/build install --record /home/public/ros2ws/build/controls_core/install.log --install-scripts $base/lib/controls_core --single-version-externally-managed install_data
[9.579s] running egg_info
[9.693s] writing ../../build/controls_core/controls_core.egg-info/PKG-INFO
[9.694s] writing dependency_links to ../../build/controls_core/controls_core.egg-info/dependency_links.txt
[9.702s] writing entry points to ../../build/controls_core/controls_core.egg-info/entry_points.txt
[9.704s] writing requirements to ../../build/controls_core/controls_core.egg-info/requires.txt
[9.705s] writing top-level names to ../../build/controls_core/controls_core.egg-info/top_level.txt
[9.953s] reading manifest file '../../build/controls_core/controls_core.egg-info/SOURCES.txt'
[9.958s] adding license file 'LICENSE'
[9.958s] writing manifest file '../../build/controls_core/controls_core.egg-info/SOURCES.txt'
[9.959s] running build
[9.959s] running build_py
[9.959s] copying controls_core/ui_testing.py -> /home/public/ros2ws/build/controls_core/build/lib/controls_core
[9.965s] copying controls_core/main_control_node.py -> /home/public/ros2ws/build/controls_core/build/lib/controls_core
[9.972s] copying controls_core/__init__.py -> /home/public/ros2ws/build/controls_core/build/lib/controls_core
[9.972s] copying controls_core/cv_interface.py -> /home/public/ros2ws/build/controls_core/build/lib/controls_core
[9.973s] copying controls_core/board_interface.py -> /home/public/ros2ws/build/controls_core/build/lib/controls_core
[9.973s] copying controls_core/py.typed -> /home/public/ros2ws/build/controls_core/build/lib/controls_core
[9.982s] running install
[9.987s] running install_lib
[10.127s] copying /home/public/ros2ws/build/controls_core/build/lib/controls_core/main_control_node.py -> /home/public/ros2ws/install/controls_core/lib/python3.14/site-packages/controls_core
[10.128s] byte-compiling /home/public/ros2ws/install/controls_core/lib/python3.14/site-packages/controls_core/main_control_node.py to main_control_node.cpython-314.pyc
[10.132s] running install_data
[10.134s] copying resource/controls_core -> /home/public/ros2ws/install/controls_core/share/ament_index/resource_index/packages
[10.136s] copying package.xml -> /home/public/ros2ws/install/controls_core/share/controls_core
[10.137s] running install_egg_info
[10.289s] removing '/home/public/ros2ws/install/controls_core/lib/python3.14/site-packages/controls_core-0.0.0-py3.14.egg-info' (and everything under it)
[10.289s] Copying ../../build/controls_core/controls_core.egg-info to /home/public/ros2ws/install/controls_core/lib/python3.14/site-packages/controls_core-0.0.0-py3.14.egg-info
[10.298s] running install_scripts
[10.950s] Installing main_control_node script to /home/public/ros2ws/install/controls_core/lib/controls_core
[10.952s] writing list of installed files to '/home/public/ros2ws/build/controls_core/install.log'
[11.239s] Invoked command in '/home/public/ros2ws/src/controls_core' returned '0': DEBUGINFOD_URLS=https://debuginfod.ubuntu.com PYTHONPATH=/home/public/ros2ws/build/controls_core/prefix_override:/usr/lib/python3/dist-packages/colcon_core/task/python/colcon_distutils_commands:/home/public/ros2ws/install/controls_core/lib/python3.14/site-packages:${PYTHONPATH} /usr/bin/python3 -W ignore:setup.py install is deprecated -W ignore:easy_install command is deprecated setup.py egg_info --egg-base ../../build/controls_core build --build-base /home/public/ros2ws/build/controls_core/build install --record /home/public/ros2ws/build/controls_core/install.log --install-scripts $base/lib/controls_core --single-version-externally-managed install_data
