[3.244s] Invoking command in '/home/public/ros2ws/src/examples/rclpy/guard_conditions': DEBUGINFOD_URLS=https://debuginfod.ubuntu.com PYTHONPATH=/home/public/ros2ws/build/examples_rclpy_guard_conditions/prefix_override:/usr/lib/python3/dist-packages/colcon_core/task/python/colcon_distutils_commands:/home/public/ros2ws/install/examples_rclpy_guard_conditions/lib/python3.14/site-packages:${PYTHONPATH} /usr/bin/python3 -W ignore:setup.py install is deprecated -W ignore:easy_install command is deprecated setup.py egg_info --egg-base ../../../../build/examples_rclpy_guard_conditions build --build-base /home/public/ros2ws/build/examples_rclpy_guard_conditions/build install --record /home/public/ros2ws/build/examples_rclpy_guard_conditions/install.log --install-scripts $base/lib/examples_rclpy_guard_conditions --single-version-externally-managed install_data
[4.175s] running egg_info
[4.228s] creating ../../../../build/examples_rclpy_guard_conditions/examples_rclpy_guard_conditions.egg-info
[4.228s] writing ../../../../build/examples_rclpy_guard_conditions/examples_rclpy_guard_conditions.egg-info/PKG-INFO
[4.233s] writing dependency_links to ../../../../build/examples_rclpy_guard_conditions/examples_rclpy_guard_conditions.egg-info/dependency_links.txt
[4.234s] writing entry points to ../../../../build/examples_rclpy_guard_conditions/examples_rclpy_guard_conditions.egg-info/entry_points.txt
[4.234s] writing requirements to ../../../../build/examples_rclpy_guard_conditions/examples_rclpy_guard_conditions.egg-info/requires.txt
[4.234s] writing top-level names to ../../../../build/examples_rclpy_guard_conditions/examples_rclpy_guard_conditions.egg-info/top_level.txt
[4.234s] writing manifest file '../../../../build/examples_rclpy_guard_conditions/examples_rclpy_guard_conditions.egg-info/SOURCES.txt'
[4.395s] reading manifest file '../../../../build/examples_rclpy_guard_conditions/examples_rclpy_guard_conditions.egg-info/SOURCES.txt'
[4.397s] writing manifest file '../../../../build/examples_rclpy_guard_conditions/examples_rclpy_guard_conditions.egg-info/SOURCES.txt'
[4.400s] running build
[4.401s] running build_py
[4.403s] creating /home/public/ros2ws/build/examples_rclpy_guard_conditions/build/lib/examples_rclpy_guard_conditions
[4.404s] copying examples_rclpy_guard_conditions/trigger_guard_condition.py -> /home/public/ros2ws/build/examples_rclpy_guard_conditions/build/lib/examples_rclpy_guard_conditions
[4.406s] copying examples_rclpy_guard_conditions/__init__.py -> /home/public/ros2ws/build/examples_rclpy_guard_conditions/build/lib/examples_rclpy_guard_conditions
[4.408s] running install
[4.422s] running install_lib
[4.495s] creating /home/public/ros2ws/install/examples_rclpy_guard_conditions/lib/python3.14/site-packages/examples_rclpy_guard_conditions
[4.496s] copying /home/public/ros2ws/build/examples_rclpy_guard_conditions/build/lib/examples_rclpy_guard_conditions/trigger_guard_condition.py -> /home/public/ros2ws/install/examples_rclpy_guard_conditions/lib/python3.14/site-packages/examples_rclpy_guard_conditions
[4.497s] copying /home/public/ros2ws/build/examples_rclpy_guard_conditions/build/lib/examples_rclpy_guard_conditions/__init__.py -> /home/public/ros2ws/install/examples_rclpy_guard_conditions/lib/python3.14/site-packages/examples_rclpy_guard_conditions
[4.500s] byte-compiling /home/public/ros2ws/install/examples_rclpy_guard_conditions/lib/python3.14/site-packages/examples_rclpy_guard_conditions/trigger_guard_condition.py to trigger_guard_condition.cpython-314.pyc
[4.503s] byte-compiling /home/public/ros2ws/install/examples_rclpy_guard_conditions/lib/python3.14/site-packages/examples_rclpy_guard_conditions/__init__.py to __init__.cpython-314.pyc
[4.508s] running install_data
[4.509s] creating /home/public/ros2ws/install/examples_rclpy_guard_conditions/share/ament_index/resource_index/packages
[4.509s] copying resource/examples_rclpy_guard_conditions -> /home/public/ros2ws/install/examples_rclpy_guard_conditions/share/ament_index/resource_index/packages
[4.510s] copying package.xml -> /home/public/ros2ws/install/examples_rclpy_guard_conditions/share/examples_rclpy_guard_conditions
[4.514s] running install_egg_info
[4.586s] Copying ../../../../build/examples_rclpy_guard_conditions/examples_rclpy_guard_conditions.egg-info to /home/public/ros2ws/install/examples_rclpy_guard_conditions/lib/python3.14/site-packages/examples_rclpy_guard_conditions-0.21.5-py3.14.egg-info
[4.586s] running install_scripts
[5.214s] Installing trigger_guard_condition script to /home/public/ros2ws/install/examples_rclpy_guard_conditions/lib/examples_rclpy_guard_conditions
[5.216s] writing list of installed files to '/home/public/ros2ws/build/examples_rclpy_guard_conditions/install.log'
[5.664s] Invoked command in '/home/public/ros2ws/src/examples/rclpy/guard_conditions' returned '0': DEBUGINFOD_URLS=https://debuginfod.ubuntu.com PYTHONPATH=/home/public/ros2ws/build/examples_rclpy_guard_conditions/prefix_override:/usr/lib/python3/dist-packages/colcon_core/task/python/colcon_distutils_commands:/home/public/ros2ws/install/examples_rclpy_guard_conditions/lib/python3.14/site-packages:${PYTHONPATH} /usr/bin/python3 -W ignore:setup.py install is deprecated -W ignore:easy_install command is deprecated setup.py egg_info --egg-base ../../../../build/examples_rclpy_guard_conditions build --build-base /home/public/ros2ws/build/examples_rclpy_guard_conditions/build install --record /home/public/ros2ws/build/examples_rclpy_guard_conditions/install.log --install-scripts $base/lib/examples_rclpy_guard_conditions --single-version-externally-managed install_data
