[3.533s] Invoking command in '/home/public/ros2ws/src/opencv2_nodes': DEBUGINFOD_URLS=https://debuginfod.ubuntu.com PYTHONPATH=/home/public/ros2ws/build/opencv2_nodes/prefix_override:/usr/lib/python3/dist-packages/colcon_core/task/python/colcon_distutils_commands:/home/public/ros2ws/install/opencv2_nodes/lib/python3.14/site-packages:${PYTHONPATH} /usr/bin/python3 -W ignore:setup.py install is deprecated -W ignore:easy_install command is deprecated setup.py egg_info --egg-base ../../build/opencv2_nodes build --build-base /home/public/ros2ws/build/opencv2_nodes/build install --record /home/public/ros2ws/build/opencv2_nodes/install.log --install-scripts $base/lib/opencv2_nodes --single-version-externally-managed install_data
[5.183s] running egg_info
[5.248s] writing ../../build/opencv2_nodes/opencv2_nodes.egg-info/PKG-INFO
[5.251s] writing dependency_links to ../../build/opencv2_nodes/opencv2_nodes.egg-info/dependency_links.txt
[5.254s] writing entry points to ../../build/opencv2_nodes/opencv2_nodes.egg-info/entry_points.txt
[5.256s] writing requirements to ../../build/opencv2_nodes/opencv2_nodes.egg-info/requires.txt
[5.256s] writing top-level names to ../../build/opencv2_nodes/opencv2_nodes.egg-info/top_level.txt
[5.395s] reading manifest file '../../build/opencv2_nodes/opencv2_nodes.egg-info/SOURCES.txt'
[5.397s] writing manifest file '../../build/opencv2_nodes/opencv2_nodes.egg-info/SOURCES.txt'
[5.399s] running build
[5.399s] running build_py
[5.399s] copying opencv2_nodes/bin_mask.py -> /home/public/ros2ws/build/opencv2_nodes/build/lib/opencv2_nodes
[5.399s] copying opencv2_nodes/color_recog.py -> /home/public/ros2ws/build/opencv2_nodes/build/lib/opencv2_nodes
[5.404s] copying opencv2_nodes/line_recog.py -> /home/public/ros2ws/build/opencv2_nodes/build/lib/opencv2_nodes
[5.404s] copying opencv2_nodes/__init__.py -> /home/public/ros2ws/build/opencv2_nodes/build/lib/opencv2_nodes
[5.405s] copying opencv2_nodes/green_bin_mask.py -> /home/public/ros2ws/build/opencv2_nodes/build/lib/opencv2_nodes
[5.405s] copying opencv2_nodes/edge_recog.py -> /home/public/ros2ws/build/opencv2_nodes/build/lib/opencv2_nodes
[5.405s] copying opencv2_nodes/image_publisher.py -> /home/public/ros2ws/build/opencv2_nodes/build/lib/opencv2_nodes
[5.405s] copying opencv2_nodes/py.typed -> /home/public/ros2ws/build/opencv2_nodes/build/lib/opencv2_nodes
[5.405s] running install
[5.415s] running install_lib
[5.474s] copying /home/public/ros2ws/build/opencv2_nodes/build/lib/opencv2_nodes/bin_mask.py -> /home/public/ros2ws/install/opencv2_nodes/lib/python3.14/site-packages/opencv2_nodes
[5.476s] byte-compiling /home/public/ros2ws/install/opencv2_nodes/lib/python3.14/site-packages/opencv2_nodes/bin_mask.py to bin_mask.cpython-314.pyc
[5.481s] running install_data
[5.481s] copying resource/opencv2_nodes -> /home/public/ros2ws/install/opencv2_nodes/share/ament_index/resource_index/packages
[5.482s] copying package.xml -> /home/public/ros2ws/install/opencv2_nodes/share/opencv2_nodes
[5.482s] running install_egg_info
[5.531s] removing '/home/public/ros2ws/install/opencv2_nodes/lib/python3.14/site-packages/opencv2_nodes-0.0.0-py3.14.egg-info' (and everything under it)
[5.534s] Copying ../../build/opencv2_nodes/opencv2_nodes.egg-info to /home/public/ros2ws/install/opencv2_nodes/lib/python3.14/site-packages/opencv2_nodes-0.0.0-py3.14.egg-info
[5.535s] running install_scripts
[5.813s] Installing bin_mask script to /home/public/ros2ws/install/opencv2_nodes/lib/opencv2_nodes
[5.814s] Installing edge_recog script to /home/public/ros2ws/install/opencv2_nodes/lib/opencv2_nodes
[5.815s] Installing image_publisher script to /home/public/ros2ws/install/opencv2_nodes/lib/opencv2_nodes
[5.817s] writing list of installed files to '/home/public/ros2ws/build/opencv2_nodes/install.log'
[6.004s] Invoked command in '/home/public/ros2ws/src/opencv2_nodes' returned '0': DEBUGINFOD_URLS=https://debuginfod.ubuntu.com PYTHONPATH=/home/public/ros2ws/build/opencv2_nodes/prefix_override:/usr/lib/python3/dist-packages/colcon_core/task/python/colcon_distutils_commands:/home/public/ros2ws/install/opencv2_nodes/lib/python3.14/site-packages:${PYTHONPATH} /usr/bin/python3 -W ignore:setup.py install is deprecated -W ignore:easy_install command is deprecated setup.py egg_info --egg-base ../../build/opencv2_nodes build --build-base /home/public/ros2ws/build/opencv2_nodes/build install --record /home/public/ros2ws/build/opencv2_nodes/install.log --install-scripts $base/lib/opencv2_nodes --single-version-externally-managed install_data
