[1.402s] Invoking command in '/home/public/ros2ws/src/opencv2_nodes': DEBUGINFOD_URLS=https://debuginfod.ubuntu.com PYTHONPATH=/home/public/ros2ws/build/opencv2_nodes/prefix_override:/usr/lib/python3/dist-packages/colcon_core/task/python/colcon_distutils_commands:/home/public/ros2ws/install/opencv2_nodes/lib/python3.14/site-packages:${PYTHONPATH} /usr/bin/python3 -W ignore:setup.py install is deprecated -W ignore:easy_install command is deprecated setup.py egg_info --egg-base ../../build/opencv2_nodes build --build-base /home/public/ros2ws/build/opencv2_nodes/build install --record /home/public/ros2ws/build/opencv2_nodes/install.log --install-scripts $base/lib/opencv2_nodes --single-version-externally-managed install_data
[1.847s] running egg_info
[1.874s] writing ../../build/opencv2_nodes/opencv2_nodes.egg-info/PKG-INFO
[1.875s] writing dependency_links to ../../build/opencv2_nodes/opencv2_nodes.egg-info/dependency_links.txt
[1.876s] writing entry points to ../../build/opencv2_nodes/opencv2_nodes.egg-info/entry_points.txt
[1.877s] writing requirements to ../../build/opencv2_nodes/opencv2_nodes.egg-info/requires.txt
[1.878s] writing top-level names to ../../build/opencv2_nodes/opencv2_nodes.egg-info/top_level.txt
[1.941s] reading manifest file '../../build/opencv2_nodes/opencv2_nodes.egg-info/SOURCES.txt'
[1.942s] writing manifest file '../../build/opencv2_nodes/opencv2_nodes.egg-info/SOURCES.txt'
[1.943s] running build
[1.943s] running build_py
[1.943s] copying opencv2_nodes/bin_mask.py -> /home/public/ros2ws/build/opencv2_nodes/build/lib/opencv2_nodes
[1.943s] copying opencv2_nodes/color_recog.py -> /home/public/ros2ws/build/opencv2_nodes/build/lib/opencv2_nodes
[1.943s] copying opencv2_nodes/line_recog.py -> /home/public/ros2ws/build/opencv2_nodes/build/lib/opencv2_nodes
[1.944s] copying opencv2_nodes/__init__.py -> /home/public/ros2ws/build/opencv2_nodes/build/lib/opencv2_nodes
[1.944s] copying opencv2_nodes/green_bin_mask.py -> /home/public/ros2ws/build/opencv2_nodes/build/lib/opencv2_nodes
[1.944s] copying opencv2_nodes/edge_recog.py -> /home/public/ros2ws/build/opencv2_nodes/build/lib/opencv2_nodes
[1.944s] copying opencv2_nodes/image_publisher.py -> /home/public/ros2ws/build/opencv2_nodes/build/lib/opencv2_nodes
[1.944s] copying opencv2_nodes/py.typed -> /home/public/ros2ws/build/opencv2_nodes/build/lib/opencv2_nodes
[1.945s] running install
[1.952s] running install_lib
[1.981s] copying /home/public/ros2ws/build/opencv2_nodes/build/lib/opencv2_nodes/line_recog.py -> /home/public/ros2ws/install/opencv2_nodes/lib/python3.14/site-packages/opencv2_nodes
[1.982s] byte-compiling /home/public/ros2ws/install/opencv2_nodes/lib/python3.14/site-packages/opencv2_nodes/line_recog.py to line_recog.cpython-314.pyc
[1.983s] running install_data
[1.984s] copying resource/opencv2_nodes -> /home/public/ros2ws/install/opencv2_nodes/share/ament_index/resource_index/packages
[1.984s] copying package.xml -> /home/public/ros2ws/install/opencv2_nodes/share/opencv2_nodes
[1.984s] running install_egg_info
[2.009s] removing '/home/public/ros2ws/install/opencv2_nodes/lib/python3.14/site-packages/opencv2_nodes-0.0.0-py3.14.egg-info' (and everything under it)
[2.013s] Copying ../../build/opencv2_nodes/opencv2_nodes.egg-info to /home/public/ros2ws/install/opencv2_nodes/lib/python3.14/site-packages/opencv2_nodes-0.0.0-py3.14.egg-info
[2.013s] running install_scripts
[2.183s] Installing bin_mask script to /home/public/ros2ws/install/opencv2_nodes/lib/opencv2_nodes
[2.184s] Installing edge_recog script to /home/public/ros2ws/install/opencv2_nodes/lib/opencv2_nodes
[2.185s] Installing image_publisher script to /home/public/ros2ws/install/opencv2_nodes/lib/opencv2_nodes
[2.186s] Installing line_recog script to /home/public/ros2ws/install/opencv2_nodes/lib/opencv2_nodes
[2.190s] writing list of installed files to '/home/public/ros2ws/build/opencv2_nodes/install.log'
[2.322s] Invoked command in '/home/public/ros2ws/src/opencv2_nodes' returned '0': DEBUGINFOD_URLS=https://debuginfod.ubuntu.com PYTHONPATH=/home/public/ros2ws/build/opencv2_nodes/prefix_override:/usr/lib/python3/dist-packages/colcon_core/task/python/colcon_distutils_commands:/home/public/ros2ws/install/opencv2_nodes/lib/python3.14/site-packages:${PYTHONPATH} /usr/bin/python3 -W ignore:setup.py install is deprecated -W ignore:easy_install command is deprecated setup.py egg_info --egg-base ../../build/opencv2_nodes build --build-base /home/public/ros2ws/build/opencv2_nodes/build install --record /home/public/ros2ws/build/opencv2_nodes/install.log --install-scripts $base/lib/opencv2_nodes --single-version-externally-managed install_data
