[-1785351486065760256.000s] DEBUG:colcon:Command line arguments: ['/usr/bin/colcon', 'build', '--symlink-install']
[-1785351486065760256.000s] DEBUG:colcon:Parsed command line arguments: Namespace(log_base=None, log_level=None, verb_name='build', build_base='build', install_base='install', merge_install=False, symlink_install=True, test_result_base=None, continue_on_error=False, executor='parallel', parallel_workers=4, event_handlers=None, ignore_user_meta=False, metas=['./colcon.meta'], base_paths=['.'], packages_ignore=None, packages_ignore_regex=None, paths=None, packages_up_to=None, packages_up_to_regex=None, packages_above=None, packages_above_and_dependencies=None, packages_above_depth=None, packages_select_by_dep=None, packages_skip_by_dep=None, packages_skip_up_to=None, packages_select_build_failed=False, packages_skip_build_finished=False, packages_select_test_failures=False, packages_skip_test_passed=False, packages_select=None, packages_skip=None, packages_select_regex=None, packages_skip_regex=None, packages_start=None, packages_end=None, allow_overriding=[], cmake_args=None, cmake_target=None, cmake_target_skip_unavailable=False, cmake_clean_cache=False, cmake_clean_first=False, cmake_force_configure=False, ament_cmake_args=None, catkin_cmake_args=None, catkin_skip_building_tests=False, mixin_files=None, mixin=None, verb_parser=<colcon_mixin.mixin.mixin_argument.MixinArgumentDecorator object at 0xffff8c5f4190>, verb_extension=<colcon_core.verb.build.BuildVerb object at 0xffff8c7ab8c0>, main=<bound method BuildVerb.main of <colcon_core.verb.build.BuildVerb object at 0xffff8c7ab8c0>>, mixin_verb=('build',))
[-1785351486065760256.000s] Level 1:colcon.colcon_core.package_discovery:discover_packages(colcon_meta) check parameters
[-1785351486065760256.000s] Level 1:colcon.colcon_core.package_discovery:discover_packages(recursive) check parameters
[-1785351486065760256.000s] Level 1:colcon.colcon_core.package_discovery:discover_packages(ignore) check parameters
[-1785351486065760256.000s] Level 1:colcon.colcon_core.package_discovery:discover_packages(path) check parameters
[-1785351486065760256.000s] Level 1:colcon.colcon_core.package_discovery:discover_packages(colcon_meta) discover
[-1785351486065760256.000s] Level 1:colcon.colcon_core.package_discovery:discover_packages(recursive) discover
[-1785351486065760256.000s] INFO:colcon.colcon_core.package_discovery:Crawling recursively for packages in '/home/public/MSE112_MPi5_Hiwonder_ROS2/ros2ws'
[-1785351486065760256.000s] Level 1:colcon.colcon_core.package_identification:_identify(.) by extensions ['ignore', 'ignore_ament_install']
[-1785351486065760256.000s] Level 1:colcon.colcon_core.package_identification:_identify(.) by extension 'ignore'
[-1785351486065760256.000s] Level 1:colcon.colcon_core.package_identification:_identify(.) by extension 'ignore_ament_install'
[-1785351486065760256.000s] Level 1:colcon.colcon_core.package_identification:_identify(.) by extensions ['colcon_pkg']
[-1785351486065760256.000s] Level 1:colcon.colcon_core.package_identification:_identify(.) by extension 'colcon_pkg'
[-1785351486065760256.000s] Level 1:colcon.colcon_core.package_identification:_identify(.) by extensions ['colcon_meta']
[-1785351486065760256.000s] Level 1:colcon.colcon_core.package_identification:_identify(.) by extension 'colcon_meta'
[-1785351486065760256.000s] Level 1:colcon.colcon_core.package_identification:_identify(.) by extensions ['ros']
[-1785351486065760256.000s] Level 1:colcon.colcon_core.package_identification:_identify(.) by extension 'ros'
[-1785351486065760256.000s] Level 1:colcon.colcon_core.package_identification:_identify(.) by extensions ['cmake', 'python']
[-1785351486065760256.000s] Level 1:colcon.colcon_core.package_identification:_identify(.) by extension 'cmake'
[-1785351486065760256.000s] Level 1:colcon.colcon_core.package_identification:_identify(.) by extension 'python'
[-1785351486065760256.000s] Level 1:colcon.colcon_core.package_identification:_identify(.) by extensions ['python_setup_py']
[-1785351486065760256.000s] Level 1:colcon.colcon_core.package_identification:_identify(.) by extension 'python_setup_py'
[-1785351486065760256.000s] Level 1:colcon.colcon_core.package_identification:_identify(build) by extensions ['ignore', 'ignore_ament_install']
[-1785351486065760256.000s] Level 1:colcon.colcon_core.package_identification:_identify(build) by extension 'ignore'
[-1785351486065760256.000s] Level 1:colcon.colcon_core.package_identification:_identify(build) ignored
[-1785351486065760256.000s] Level 1:colcon.colcon_core.package_identification:_identify(install) by extensions ['ignore', 'ignore_ament_install']
[-1785351486065760256.000s] Level 1:colcon.colcon_core.package_identification:_identify(install) by extension 'ignore'
[-1785351486065760256.000s] Level 1:colcon.colcon_core.package_identification:_identify(install) ignored
[-1785351486065760256.000s] Level 1:colcon.colcon_core.package_identification:_identify(log) by extensions ['ignore', 'ignore_ament_install']
[-1785351486065760256.000s] Level 1:colcon.colcon_core.package_identification:_identify(log) by extension 'ignore'
[-1785351486065760256.000s] Level 1:colcon.colcon_core.package_identification:_identify(log) ignored
[-1785351486065760256.000s] Level 1:colcon.colcon_core.package_identification:_identify(src) by extensions ['ignore', 'ignore_ament_install']
[-1785351486065760256.000s] Level 1:colcon.colcon_core.package_identification:_identify(src) by extension 'ignore'
[-1785351486065760256.000s] Level 1:colcon.colcon_core.package_identification:_identify(src) by extension 'ignore_ament_install'
[-1785351486065760256.000s] Level 1:colcon.colcon_core.package_identification:_identify(src) by extensions ['colcon_pkg']
[-1785351486065760256.000s] Level 1:colcon.colcon_core.package_identification:_identify(src) by extension 'colcon_pkg'
[-1785351486065760256.000s] Level 1:colcon.colcon_core.package_identification:_identify(src) by extensions ['colcon_meta']
[-1785351486065760256.000s] Level 1:colcon.colcon_core.package_identification:_identify(src) by extension 'colcon_meta'
[-1785351486065760256.000s] Level 1:colcon.colcon_core.package_identification:_identify(src) by extensions ['ros']
[-1785351486065760256.000s] Level 1:colcon.colcon_core.package_identification:_identify(src) by extension 'ros'
[-1785351486065760256.000s] Level 1:colcon.colcon_core.package_identification:_identify(src) by extensions ['cmake', 'python']
[-1785351486065760256.000s] Level 1:colcon.colcon_core.package_identification:_identify(src) by extension 'cmake'
[-1785351486065760256.000s] Level 1:colcon.colcon_core.package_identification:_identify(src) by extension 'python'
[-1785351486065760256.000s] Level 1:colcon.colcon_core.package_identification:_identify(src) by extensions ['python_setup_py']
[-1785351486065760256.000s] Level 1:colcon.colcon_core.package_identification:_identify(src) by extension 'python_setup_py'
[-1785351486065760256.000s] Level 1:colcon.colcon_core.package_identification:_identify(src/controls_core) by extensions ['ignore', 'ignore_ament_install']
[-1785351486065760256.000s] Level 1:colcon.colcon_core.package_identification:_identify(src/controls_core) by extension 'ignore'
[-1785351486065760256.000s] Level 1:colcon.colcon_core.package_identification:_identify(src/controls_core) by extension 'ignore_ament_install'
[-1785351486065760256.000s] Level 1:colcon.colcon_core.package_identification:_identify(src/controls_core) by extensions ['colcon_pkg']
[-1785351486065760256.000s] Level 1:colcon.colcon_core.package_identification:_identify(src/controls_core) by extension 'colcon_pkg'
[-1785351486065760256.000s] Level 1:colcon.colcon_core.package_identification:_identify(src/controls_core) by extensions ['colcon_meta']
[-1785351486065760256.000s] Level 1:colcon.colcon_core.package_identification:_identify(src/controls_core) by extension 'colcon_meta'
[-1785351486065760256.000s] Level 1:colcon.colcon_core.package_identification:_identify(src/controls_core) by extensions ['ros']
[-1785351486065760256.000s] Level 1:colcon.colcon_core.package_identification:_identify(src/controls_core) by extension 'ros'
[-1785351486065760256.000s] DEBUG:colcon.colcon_core.package_identification:Package 'src/controls_core' with type 'ros.ament_python' and name 'controls_core'
[-1785351486065760256.000s] Level 1:colcon.colcon_core.package_identification:_identify(src/hiwonder_board) by extensions ['ignore', 'ignore_ament_install']
[-1785351486065760256.000s] Level 1:colcon.colcon_core.package_identification:_identify(src/hiwonder_board) by extension 'ignore'
[-1785351486065760256.000s] Level 1:colcon.colcon_core.package_identification:_identify(src/hiwonder_board) by extension 'ignore_ament_install'
[-1785351486065760256.000s] Level 1:colcon.colcon_core.package_identification:_identify(src/hiwonder_board) by extensions ['colcon_pkg']
[-1785351486065760256.000s] Level 1:colcon.colcon_core.package_identification:_identify(src/hiwonder_board) by extension 'colcon_pkg'
[-1785351486065760256.000s] Level 1:colcon.colcon_core.package_identification:_identify(src/hiwonder_board) by extensions ['colcon_meta']
[-1785351486065760256.000s] Level 1:colcon.colcon_core.package_identification:_identify(src/hiwonder_board) by extension 'colcon_meta'
[-1785351486065760256.000s] Level 1:colcon.colcon_core.package_identification:_identify(src/hiwonder_board) by extensions ['ros']
[-1785351486065760256.000s] Level 1:colcon.colcon_core.package_identification:_identify(src/hiwonder_board) by extension 'ros'
[-1785351486065760256.000s] DEBUG:colcon.colcon_core.package_identification:Package 'src/hiwonder_board' with type 'ros.ament_python' and name 'hiwonder_board'
[-1785351486065760256.000s] Level 1:colcon.colcon_core.package_identification:_identify(src/opencv2_nodes) by extensions ['ignore', 'ignore_ament_install']
[-1785351486065760256.000s] Level 1:colcon.colcon_core.package_identification:_identify(src/opencv2_nodes) by extension 'ignore'
[-1785351486065760256.000s] Level 1:colcon.colcon_core.package_identification:_identify(src/opencv2_nodes) by extension 'ignore_ament_install'
[-1785351486065760256.000s] Level 1:colcon.colcon_core.package_identification:_identify(src/opencv2_nodes) by extensions ['colcon_pkg']
[-1785351486065760256.000s] Level 1:colcon.colcon_core.package_identification:_identify(src/opencv2_nodes) by extension 'colcon_pkg'
[-1785351486065760256.000s] Level 1:colcon.colcon_core.package_identification:_identify(src/opencv2_nodes) by extensions ['colcon_meta']
[-1785351486065760256.000s] Level 1:colcon.colcon_core.package_identification:_identify(src/opencv2_nodes) by extension 'colcon_meta'
[-1785351486065760256.000s] Level 1:colcon.colcon_core.package_identification:_identify(src/opencv2_nodes) by extensions ['ros']
[-1785351486065760256.000s] Level 1:colcon.colcon_core.package_identification:_identify(src/opencv2_nodes) by extension 'ros'
[-1785351486065760256.000s] DEBUG:colcon.colcon_core.package_identification:Package 'src/opencv2_nodes' with type 'ros.ament_python' and name 'opencv2_nodes'
[-1785351486065760256.000s] Level 1:colcon.colcon_core.package_discovery:discover_packages(recursive) using defaults
[-1785351486065760256.000s] Level 1:colcon.colcon_core.package_discovery:discover_packages(ignore) discover
[-1785351486065760256.000s] Level 1:colcon.colcon_core.package_discovery:discover_packages(ignore) using defaults
[-1785351486065760256.000s] Level 1:colcon.colcon_core.package_discovery:discover_packages(path) discover
[-1785351486065760256.000s] Level 1:colcon.colcon_core.package_discovery:discover_packages(path) using defaults
[-1785351486065760256.000s] Level 1:colcon.colcon_core.package_discovery:discover_packages(prefix_path) check parameters
[-1785351486065760256.000s] Level 1:colcon.colcon_core.package_discovery:discover_packages(prefix_path) discover
[-1785351486065760256.000s] DEBUG:colcon.colcon_installed_package_information.package_discovery:Found 290 installed packages in /opt/ros/lyrical
[-1785351486065760256.000s] Level 1:colcon.colcon_core.package_discovery:discover_packages(prefix_path) using defaults
[-1785351486065760256.000s] Level 5:colcon.colcon_core.verb:set package 'controls_core' build argument 'cmake_args' from command line to 'None'
[-1785351486065760256.000s] Level 5:colcon.colcon_core.verb:set package 'controls_core' build argument 'cmake_target' from command line to 'None'
[-1785351486065760256.000s] Level 5:colcon.colcon_core.verb:set package 'controls_core' build argument 'cmake_target_skip_unavailable' from command line to 'False'
[-1785351486065760256.000s] Level 5:colcon.colcon_core.verb:set package 'controls_core' build argument 'cmake_clean_cache' from command line to 'False'
[-1785351486065760256.000s] Level 5:colcon.colcon_core.verb:set package 'controls_core' build argument 'cmake_clean_first' from command line to 'False'
[-1785351486065760256.000s] Level 5:colcon.colcon_core.verb:set package 'controls_core' build argument 'cmake_force_configure' from command line to 'False'
[-1785351486065760256.000s] Level 5:colcon.colcon_core.verb:set package 'controls_core' build argument 'ament_cmake_args' from command line to 'None'
[-1785351486065760256.000s] Level 5:colcon.colcon_core.verb:set package 'controls_core' build argument 'catkin_cmake_args' from command line to 'None'
[-1785351486065760256.000s] Level 5:colcon.colcon_core.verb:set package 'controls_core' build argument 'catkin_skip_building_tests' from command line to 'False'
[-1785351486065760256.000s] DEBUG:colcon.colcon_core.verb:Building package 'controls_core' with the following arguments: {'ament_cmake_args': None, 'build_base': '/home/public/MSE112_MPi5_Hiwonder_ROS2/ros2ws/build/controls_core', 'catkin_cmake_args': None, 'catkin_skip_building_tests': False, 'cmake_args': None, 'cmake_clean_cache': False, 'cmake_clean_first': False, 'cmake_force_configure': False, 'cmake_target': None, 'cmake_target_skip_unavailable': False, 'install_base': '/home/public/MSE112_MPi5_Hiwonder_ROS2/ros2ws/install/controls_core', 'merge_install': False, 'path': '/home/public/MSE112_MPi5_Hiwonder_ROS2/ros2ws/src/controls_core', 'symlink_install': True, 'test_result_base': None}
[-1785351486065760256.000s] Level 5:colcon.colcon_core.verb:set package 'hiwonder_board' build argument 'cmake_args' from command line to 'None'
[-1785351486065760256.000s] Level 5:colcon.colcon_core.verb:set package 'hiwonder_board' build argument 'cmake_target' from command line to 'None'
[-1785351486065760256.000s] Level 5:colcon.colcon_core.verb:set package 'hiwonder_board' build argument 'cmake_target_skip_unavailable' from command line to 'False'
[-1785351486065760256.000s] Level 5:colcon.colcon_core.verb:set package 'hiwonder_board' build argument 'cmake_clean_cache' from command line to 'False'
[-1785351486065760256.000s] Level 5:colcon.colcon_core.verb:set package 'hiwonder_board' build argument 'cmake_clean_first' from command line to 'False'
[-1785351486065760256.000s] Level 5:colcon.colcon_core.verb:set package 'hiwonder_board' build argument 'cmake_force_configure' from command line to 'False'
[-1785351486065760256.000s] Level 5:colcon.colcon_core.verb:set package 'hiwonder_board' build argument 'ament_cmake_args' from command line to 'None'
[-1785351486065760256.000s] Level 5:colcon.colcon_core.verb:set package 'hiwonder_board' build argument 'catkin_cmake_args' from command line to 'None'
[-1785351486065760256.000s] Level 5:colcon.colcon_core.verb:set package 'hiwonder_board' build argument 'catkin_skip_building_tests' from command line to 'False'
[-1785351486065760256.000s] DEBUG:colcon.colcon_core.verb:Building package 'hiwonder_board' with the following arguments: {'ament_cmake_args': None, 'build_base': '/home/public/MSE112_MPi5_Hiwonder_ROS2/ros2ws/build/hiwonder_board', 'catkin_cmake_args': None, 'catkin_skip_building_tests': False, 'cmake_args': None, 'cmake_clean_cache': False, 'cmake_clean_first': False, 'cmake_force_configure': False, 'cmake_target': None, 'cmake_target_skip_unavailable': False, 'install_base': '/home/public/MSE112_MPi5_Hiwonder_ROS2/ros2ws/install/hiwonder_board', 'merge_install': False, 'path': '/home/public/MSE112_MPi5_Hiwonder_ROS2/ros2ws/src/hiwonder_board', 'symlink_install': True, 'test_result_base': None}
[-1785351486065760256.000s] Level 5:colcon.colcon_core.verb:set package 'opencv2_nodes' build argument 'cmake_args' from command line to 'None'
[-1785351486065760256.000s] Level 5:colcon.colcon_core.verb:set package 'opencv2_nodes' build argument 'cmake_target' from command line to 'None'
[-1785351486065760256.000s] Level 5:colcon.colcon_core.verb:set package 'opencv2_nodes' build argument 'cmake_target_skip_unavailable' from command line to 'False'
[-1785351486065760256.000s] Level 5:colcon.colcon_core.verb:set package 'opencv2_nodes' build argument 'cmake_clean_cache' from command line to 'False'
[-1785351486065760256.000s] Level 5:colcon.colcon_core.verb:set package 'opencv2_nodes' build argument 'cmake_clean_first' from command line to 'False'
[-1785351486065760256.000s] Level 5:colcon.colcon_core.verb:set package 'opencv2_nodes' build argument 'cmake_force_configure' from command line to 'False'
[-1785351486065760256.000s] Level 5:colcon.colcon_core.verb:set package 'opencv2_nodes' build argument 'ament_cmake_args' from command line to 'None'
[-1785351486065760256.000s] Level 5:colcon.colcon_core.verb:set package 'opencv2_nodes' build argument 'catkin_cmake_args' from command line to 'None'
[-1785351486065760256.000s] Level 5:colcon.colcon_core.verb:set package 'opencv2_nodes' build argument 'catkin_skip_building_tests' from command line to 'False'
[-1785351486065760256.000s] DEBUG:colcon.colcon_core.verb:Building package 'opencv2_nodes' with the following arguments: {'ament_cmake_args': None, 'build_base': '/home/public/MSE112_MPi5_Hiwonder_ROS2/ros2ws/build/opencv2_nodes', 'catkin_cmake_args': None, 'catkin_skip_building_tests': False, 'cmake_args': None, 'cmake_clean_cache': False, 'cmake_clean_first': False, 'cmake_force_configure': False, 'cmake_target': None, 'cmake_target_skip_unavailable': False, 'install_base': '/home/public/MSE112_MPi5_Hiwonder_ROS2/ros2ws/install/opencv2_nodes', 'merge_install': False, 'path': '/home/public/MSE112_MPi5_Hiwonder_ROS2/ros2ws/src/opencv2_nodes', 'symlink_install': True, 'test_result_base': None}
[-1785351486065760256.000s] INFO:colcon.colcon_core.executor:Executing jobs using 'parallel' executor
[-1785351486065760256.000s] DEBUG:colcon.colcon_parallel_executor.executor.parallel:run_until_complete
[-1785351486065760256.000s] INFO:colcon.colcon_ros.task.ament_python.build:Building ROS package in '/home/public/MSE112_MPi5_Hiwonder_ROS2/ros2ws/src/controls_core' with build type 'ament_python'
[-1785351486065760256.000s] Level 1:colcon.colcon_core.shell:create_environment_hook('controls_core', 'ament_prefix_path')
[-1785351486065760256.000s] INFO:colcon.colcon_core.plugin_system:Skipping extension 'colcon_core.shell.bat': Not used on non-Windows systems
[-1785351486065760256.000s] INFO:colcon.colcon_core.shell:Creating environment hook '/home/public/MSE112_MPi5_Hiwonder_ROS2/ros2ws/install/controls_core/share/controls_core/hook/ament_prefix_path.ps1'
[-1785351486065760256.000s] INFO:colcon.colcon_core.shell:Creating environment descriptor '/home/public/MSE112_MPi5_Hiwonder_ROS2/ros2ws/install/controls_core/share/controls_core/hook/ament_prefix_path.dsv'
[-1785351486065760256.000s] INFO:colcon.colcon_core.shell:Creating environment hook '/home/public/MSE112_MPi5_Hiwonder_ROS2/ros2ws/install/controls_core/share/controls_core/hook/ament_prefix_path.sh'
[-1785351486065760256.000s] INFO:colcon.colcon_core.shell:Skip shell extension 'powershell' for command environment: Not usable outside of PowerShell
[-1785351486065760256.000s] DEBUG:colcon.colcon_core.shell:Skip shell extension 'dsv' for command environment
[-1785351486065760256.000s] INFO:colcon.colcon_ros.task.ament_python.build:Building ROS package in '/home/public/MSE112_MPi5_Hiwonder_ROS2/ros2ws/src/hiwonder_board' with build type 'ament_python'
[-1785351486065760256.000s] Level 1:colcon.colcon_core.shell:create_environment_hook('hiwonder_board', 'ament_prefix_path')
[-1785351486065760256.000s] INFO:colcon.colcon_core.shell:Creating environment hook '/home/public/MSE112_MPi5_Hiwonder_ROS2/ros2ws/install/hiwonder_board/share/hiwonder_board/hook/ament_prefix_path.ps1'
[-1785351486065760256.000s] INFO:colcon.colcon_core.shell:Creating environment descriptor '/home/public/MSE112_MPi5_Hiwonder_ROS2/ros2ws/install/hiwonder_board/share/hiwonder_board/hook/ament_prefix_path.dsv'
[-1785351486065760256.000s] INFO:colcon.colcon_core.shell:Creating environment hook '/home/public/MSE112_MPi5_Hiwonder_ROS2/ros2ws/install/hiwonder_board/share/hiwonder_board/hook/ament_prefix_path.sh'
[-1785351486065760256.000s] INFO:colcon.colcon_core.shell:Skip shell extension 'powershell' for command environment: Not usable outside of PowerShell
[-1785351486065760256.000s] DEBUG:colcon.colcon_core.shell:Skip shell extension 'dsv' for command environment
[-1785351486065760256.000s] INFO:colcon.colcon_ros.task.ament_python.build:Building ROS package in '/home/public/MSE112_MPi5_Hiwonder_ROS2/ros2ws/src/opencv2_nodes' with build type 'ament_python'
[-1785351486065760256.000s] Level 1:colcon.colcon_core.shell:create_environment_hook('opencv2_nodes', 'ament_prefix_path')
[-1785351486065760256.000s] INFO:colcon.colcon_core.shell:Creating environment hook '/home/public/MSE112_MPi5_Hiwonder_ROS2/ros2ws/install/opencv2_nodes/share/opencv2_nodes/hook/ament_prefix_path.ps1'
[-1785351486065760256.000s] INFO:colcon.colcon_core.shell:Creating environment descriptor '/home/public/MSE112_MPi5_Hiwonder_ROS2/ros2ws/install/opencv2_nodes/share/opencv2_nodes/hook/ament_prefix_path.dsv'
[-1785351486065760256.000s] INFO:colcon.colcon_core.shell:Creating environment hook '/home/public/MSE112_MPi5_Hiwonder_ROS2/ros2ws/install/opencv2_nodes/share/opencv2_nodes/hook/ament_prefix_path.sh'
[-1785351486065760256.000s] INFO:colcon.colcon_core.shell:Skip shell extension 'powershell' for command environment: Not usable outside of PowerShell
[-1785351486065760256.000s] DEBUG:colcon.colcon_core.shell:Skip shell extension 'dsv' for command environment
[-1785351486065760256.000s] INFO:colcon.colcon_core.task.python.build:Building Python package in '/home/public/MSE112_MPi5_Hiwonder_ROS2/ros2ws/src/controls_core'
[-1785351486065760256.000s] INFO:colcon.colcon_core.shell:Skip shell extension 'powershell' for command environment: Not usable outside of PowerShell
[-1785351486065760256.000s] DEBUG:colcon.colcon_core.shell:Skip shell extension 'dsv' for command environment
[-1785351486065760256.000s] INFO:colcon.colcon_core.task.python.build:Building Python package in '/home/public/MSE112_MPi5_Hiwonder_ROS2/ros2ws/src/hiwonder_board'
[-1785351486065760256.000s] INFO:colcon.colcon_core.shell:Skip shell extension 'powershell' for command environment: Not usable outside of PowerShell
[-1785351486065760256.000s] DEBUG:colcon.colcon_core.shell:Skip shell extension 'dsv' for command environment
[-1785351486065760256.000s] INFO:colcon.colcon_core.task.python.build:Building Python package in '/home/public/MSE112_MPi5_Hiwonder_ROS2/ros2ws/src/opencv2_nodes'
[-1785351486065760256.000s] INFO:colcon.colcon_core.shell:Skip shell extension 'powershell' for command environment: Not usable outside of PowerShell
[-1785351486065760256.000s] DEBUG:colcon.colcon_core.shell:Skip shell extension 'dsv' for command environment
[-1785351486065760256.000s] DEBUG:colcon.colcon_core.task.python.build:Available setuptools commands: egg_info, bdist_wheel, develop, saveopts, symlink_data, bdist_egg, compile_catalog, setopt, bdist_dumb, build, check, install_headers, bdist, install, build_ext, sdist, extract_messages, init_catalog, alias, install_egg_info, build_clib, dist_info, build_scripts, build_py, easy_install, install_lib, rotate, editable_wheel, bdist_rpm, install_data, install_scripts, clean, update_catalog
[-1785351486065760256.000s] DEBUG:colcon.colcon_core.task.python.build:Available setuptools commands: egg_info, bdist_wheel, develop, saveopts, symlink_data, bdist_egg, compile_catalog, setopt, bdist_dumb, build, check, install_headers, bdist, install, build_ext, sdist, extract_messages, init_catalog, alias, install_egg_info, build_clib, dist_info, build_scripts, build_py, easy_install, install_lib, rotate, editable_wheel, bdist_rpm, install_data, install_scripts, clean, update_catalog
[-1785351486065760256.000s] DEBUG:colcon.colcon_core.task.python.build:Available setuptools commands: egg_info, bdist_wheel, develop, saveopts, symlink_data, bdist_egg, compile_catalog, setopt, bdist_dumb, build, check, install_headers, bdist, install, build_ext, sdist, extract_messages, init_catalog, alias, install_egg_info, build_clib, dist_info, build_scripts, build_py, easy_install, install_lib, rotate, editable_wheel, bdist_rpm, install_data, install_scripts, clean, update_catalog
[-1785351486065760256.000s] DEBUG:colcon.colcon_core.task.python.build:Available setuptools 'develop' options: --verbose, --help, --allow-hosts, --find-links, --install-layout, --user, --local-snapshots-ok, --no-user-cfg, --uninstall, --install-dir, --zip-ok, --quiet, --multi-version, --egg-path, --always-copy, --record, --site-dirs, --editable, --force-installation-into-system-dir, --version, --dry-run, --optimize, --always-unzip, --upgrade, --script-dir, --no-deps, --prefix, --build-directory, --exclude-scripts, --index-url, --no-find-links
[-1785351486065760256.000s] DEBUG:colcon.colcon_core.task.python.build:While undoing a previous installation files outside the Python library path are being ignored: /home/public/MSE112_MPi5_Hiwonder_ROS2/ros2ws/install/controls_core/share/ament_index/resource_index/packages/controls_core
[-1785351486065760256.000s] DEBUG:colcon.colcon_core.task.python.build:While undoing a previous installation files outside the Python library path are being ignored: /home/public/MSE112_MPi5_Hiwonder_ROS2/ros2ws/install/controls_core/share/controls_core/package.xml
[-1785351486065760256.000s] DEBUG:colcon.colcon_core.task.python.build:While undoing a previous installation files outside the Python library path are being ignored: /home/public/MSE112_MPi5_Hiwonder_ROS2/ros2ws/install/controls_core/lib/controls_core/main_control_node
[-1785351486065760256.000s] DEBUG:colcon.colcon_core.event_handler.log_command:Invoking command in '/home/public/MSE112_MPi5_Hiwonder_ROS2/ros2ws/build/controls_core': DEBUGINFOD_URLS=https://debuginfod.ubuntu.com PYTHONPATH=/home/public/MSE112_MPi5_Hiwonder_ROS2/ros2ws/build/controls_core/prefix_override:/usr/lib/python3/dist-packages/colcon_core/task/python/colcon_distutils_commands:/home/public/MSE112_MPi5_Hiwonder_ROS2/ros2ws/install/controls_core/lib/python3.14/site-packages:${PYTHONPATH} /usr/bin/python3 -W ignore:setup.py install is deprecated -W ignore:easy_install command is deprecated setup.py develop --editable --build-directory /home/public/MSE112_MPi5_Hiwonder_ROS2/ros2ws/build/controls_core/build --no-deps symlink_data --force
[-1785351486065760256.000s] DEBUG:colcon.colcon_core.task.python.build:Available setuptools 'develop' options: --verbose, --help, --allow-hosts, --find-links, --install-layout, --user, --local-snapshots-ok, --no-user-cfg, --uninstall, --install-dir, --zip-ok, --quiet, --multi-version, --egg-path, --always-copy, --record, --site-dirs, --editable, --force-installation-into-system-dir, --version, --dry-run, --optimize, --always-unzip, --upgrade, --script-dir, --no-deps, --prefix, --build-directory, --exclude-scripts, --index-url, --no-find-links
[-1785351486065760256.000s] DEBUG:colcon.colcon_core.task.python.build:While undoing a previous installation files outside the Python library path are being ignored: /home/public/MSE112_MPi5_Hiwonder_ROS2/ros2ws/install/hiwonder_board/share/ament_index/resource_index/packages/hiwonder_board
[-1785351486065760256.000s] DEBUG:colcon.colcon_core.task.python.build:While undoing a previous installation files outside the Python library path are being ignored: /home/public/MSE112_MPi5_Hiwonder_ROS2/ros2ws/install/hiwonder_board/share/hiwonder_board/package.xml
[-1785351486065760256.000s] DEBUG:colcon.colcon_core.task.python.build:While undoing a previous installation files outside the Python library path are being ignored: /home/public/MSE112_MPi5_Hiwonder_ROS2/ros2ws/install/hiwonder_board/lib/hiwonder_board/hiwonder_board_node
[-1785351486065760256.000s] DEBUG:colcon.colcon_core.task.python.build:While undoing a previous installation files outside the Python library path are being ignored: /home/public/MSE112_MPi5_Hiwonder_ROS2/ros2ws/install/hiwonder_board/lib/hiwonder_board/test_listener
[-1785351486065760256.000s] DEBUG:colcon.colcon_core.task.python.build:While undoing a previous installation files outside the Python library path are being ignored: /home/public/MSE112_MPi5_Hiwonder_ROS2/ros2ws/install/hiwonder_board/lib/hiwonder_board/test_talker
[-1785351486065760256.000s] DEBUG:colcon.colcon_core.event_handler.log_command:Invoking command in '/home/public/MSE112_MPi5_Hiwonder_ROS2/ros2ws/build/hiwonder_board': DEBUGINFOD_URLS=https://debuginfod.ubuntu.com PYTHONPATH=/home/public/MSE112_MPi5_Hiwonder_ROS2/ros2ws/build/hiwonder_board/prefix_override:/usr/lib/python3/dist-packages/colcon_core/task/python/colcon_distutils_commands:/home/public/MSE112_MPi5_Hiwonder_ROS2/ros2ws/install/hiwonder_board/lib/python3.14/site-packages:${PYTHONPATH} /usr/bin/python3 -W ignore:setup.py install is deprecated -W ignore:easy_install command is deprecated setup.py develop --editable --build-directory /home/public/MSE112_MPi5_Hiwonder_ROS2/ros2ws/build/hiwonder_board/build --no-deps symlink_data --force
[-1785351486065760256.000s] DEBUG:colcon.colcon_core.task.python.build:Available setuptools 'develop' options: --verbose, --help, --allow-hosts, --find-links, --install-layout, --user, --local-snapshots-ok, --no-user-cfg, --uninstall, --install-dir, --zip-ok, --quiet, --multi-version, --egg-path, --always-copy, --record, --site-dirs, --editable, --force-installation-into-system-dir, --version, --dry-run, --optimize, --always-unzip, --upgrade, --script-dir, --no-deps, --prefix, --build-directory, --exclude-scripts, --index-url, --no-find-links
[-1785351486065760256.000s] DEBUG:colcon.colcon_core.task.python.build:While undoing a previous installation files outside the Python library path are being ignored: /home/public/MSE112_MPi5_Hiwonder_ROS2/ros2ws/install/opencv2_nodes/share/ament_index/resource_index/packages/opencv2_nodes
[-1785351486065760256.000s] DEBUG:colcon.colcon_core.task.python.build:While undoing a previous installation files outside the Python library path are being ignored: /home/public/MSE112_MPi5_Hiwonder_ROS2/ros2ws/install/opencv2_nodes/share/opencv2_nodes/package.xml
[-1785351486065760256.000s] DEBUG:colcon.colcon_core.task.python.build:While undoing a previous installation files outside the Python library path are being ignored: /home/public/MSE112_MPi5_Hiwonder_ROS2/ros2ws/install/opencv2_nodes/lib/opencv2_nodes/bin_mask
[-1785351486065760256.000s] DEBUG:colcon.colcon_core.task.python.build:While undoing a previous installation files outside the Python library path are being ignored: /home/public/MSE112_MPi5_Hiwonder_ROS2/ros2ws/install/opencv2_nodes/lib/opencv2_nodes/edge_recog
[-1785351486065760256.000s] DEBUG:colcon.colcon_core.task.python.build:While undoing a previous installation files outside the Python library path are being ignored: /home/public/MSE112_MPi5_Hiwonder_ROS2/ros2ws/install/opencv2_nodes/lib/opencv2_nodes/image_publisher
[-1785351486065760256.000s] DEBUG:colcon.colcon_core.task.python.build:While undoing a previous installation files outside the Python library path are being ignored: /home/public/MSE112_MPi5_Hiwonder_ROS2/ros2ws/install/opencv2_nodes/lib/opencv2_nodes/line_recog
[-1785351486065760256.000s] DEBUG:colcon.colcon_core.event_handler.log_command:Invoking command in '/home/public/MSE112_MPi5_Hiwonder_ROS2/ros2ws/build/opencv2_nodes': DEBUGINFOD_URLS=https://debuginfod.ubuntu.com PYTHONPATH=/home/public/MSE112_MPi5_Hiwonder_ROS2/ros2ws/build/opencv2_nodes/prefix_override:/usr/lib/python3/dist-packages/colcon_core/task/python/colcon_distutils_commands:/home/public/MSE112_MPi5_Hiwonder_ROS2/ros2ws/install/opencv2_nodes/lib/python3.14/site-packages:${PYTHONPATH} /usr/bin/python3 -W ignore:setup.py install is deprecated -W ignore:easy_install command is deprecated setup.py develop --editable --build-directory /home/public/MSE112_MPi5_Hiwonder_ROS2/ros2ws/build/opencv2_nodes/build --no-deps symlink_data --force
[-1785351486065760256.000s] Level 1:colcon.colcon_core.shell:create_environment_hook('controls_core', 'pythonpath_develop')
[-1785351486065760256.000s] INFO:colcon.colcon_core.shell:Creating environment hook '/home/public/MSE112_MPi5_Hiwonder_ROS2/ros2ws/build/controls_core/share/controls_core/hook/pythonpath_develop.ps1'
[-1785351486065760256.000s] DEBUG:colcon.colcon_core.event_handler.log_command:Invoked command in '/home/public/MSE112_MPi5_Hiwonder_ROS2/ros2ws/build/controls_core' returned '0': DEBUGINFOD_URLS=https://debuginfod.ubuntu.com PYTHONPATH=/home/public/MSE112_MPi5_Hiwonder_ROS2/ros2ws/build/controls_core/prefix_override:/usr/lib/python3/dist-packages/colcon_core/task/python/colcon_distutils_commands:/home/public/MSE112_MPi5_Hiwonder_ROS2/ros2ws/install/controls_core/lib/python3.14/site-packages:${PYTHONPATH} /usr/bin/python3 -W ignore:setup.py install is deprecated -W ignore:easy_install command is deprecated setup.py develop --editable --build-directory /home/public/MSE112_MPi5_Hiwonder_ROS2/ros2ws/build/controls_core/build --no-deps symlink_data --force
[-1785351486065760256.000s] INFO:colcon.colcon_core.shell:Creating environment descriptor '/home/public/MSE112_MPi5_Hiwonder_ROS2/ros2ws/build/controls_core/share/controls_core/hook/pythonpath_develop.dsv'
[-1785351486065760256.000s] INFO:colcon.colcon_core.shell:Creating environment hook '/home/public/MSE112_MPi5_Hiwonder_ROS2/ros2ws/build/controls_core/share/controls_core/hook/pythonpath_develop.sh'
[-1785351486065760256.000s] Level 1:colcon.colcon_core.environment:checking '/home/public/MSE112_MPi5_Hiwonder_ROS2/ros2ws/install/controls_core' for CMake module files
[-1785351486065760256.000s] Level 1:colcon.colcon_core.environment:checking '/home/public/MSE112_MPi5_Hiwonder_ROS2/ros2ws/install/controls_core' for CMake config files
[-1785351486065760256.000s] Level 1:colcon.colcon_core.environment:checking '/home/public/MSE112_MPi5_Hiwonder_ROS2/ros2ws/install/controls_core/lib'
[-1785351486065760256.000s] Level 1:colcon.colcon_core.environment:checking '/home/public/MSE112_MPi5_Hiwonder_ROS2/ros2ws/install/controls_core/bin'
[-1785351486065760256.000s] Level 1:colcon.colcon_core.environment:checking '/home/public/MSE112_MPi5_Hiwonder_ROS2/ros2ws/install/controls_core/lib/pkgconfig/controls_core.pc'
[-1785351486065760256.000s] Level 1:colcon.colcon_core.environment:checking '/home/public/MSE112_MPi5_Hiwonder_ROS2/ros2ws/install/controls_core/lib/python3.14/site-packages'
[-1785351486065760256.000s] Level 1:colcon.colcon_core.shell:create_environment_hook('controls_core', 'pythonpath')
[-1785351486065760256.000s] INFO:colcon.colcon_core.shell:Creating environment hook '/home/public/MSE112_MPi5_Hiwonder_ROS2/ros2ws/install/controls_core/share/controls_core/hook/pythonpath.ps1'
[-1785351486065760256.000s] INFO:colcon.colcon_core.shell:Creating environment descriptor '/home/public/MSE112_MPi5_Hiwonder_ROS2/ros2ws/install/controls_core/share/controls_core/hook/pythonpath.dsv'
[-1785351486065760256.000s] INFO:colcon.colcon_core.shell:Creating environment hook '/home/public/MSE112_MPi5_Hiwonder_ROS2/ros2ws/install/controls_core/share/controls_core/hook/pythonpath.sh'
[-1785351486065760256.000s] Level 1:colcon.colcon_core.environment:checking '/home/public/MSE112_MPi5_Hiwonder_ROS2/ros2ws/install/controls_core/bin'
[-1785351486065760256.000s] Level 1:colcon.colcon_core.environment:create_environment_scripts_only(controls_core)
[-1785351486065760256.000s] INFO:colcon.colcon_core.shell:Creating package script '/home/public/MSE112_MPi5_Hiwonder_ROS2/ros2ws/install/controls_core/share/controls_core/package.ps1'
[-1785351486065760256.000s] INFO:colcon.colcon_core.shell:Creating package descriptor '/home/public/MSE112_MPi5_Hiwonder_ROS2/ros2ws/install/controls_core/share/controls_core/package.dsv'
[-1785351486065760256.000s] INFO:colcon.colcon_core.shell:Creating package script '/home/public/MSE112_MPi5_Hiwonder_ROS2/ros2ws/install/controls_core/share/controls_core/package.sh'
[-1785351486065760256.000s] INFO:colcon.colcon_core.shell:Creating package script '/home/public/MSE112_MPi5_Hiwonder_ROS2/ros2ws/install/controls_core/share/controls_core/package.bash'
[-1785351486065760256.000s] INFO:colcon.colcon_core.shell:Creating package script '/home/public/MSE112_MPi5_Hiwonder_ROS2/ros2ws/install/controls_core/share/controls_core/package.zsh'
[-1785351486065760256.000s] Level 1:colcon.colcon_core.environment:create_file_with_runtime_dependencies(/home/public/MSE112_MPi5_Hiwonder_ROS2/ros2ws/install/controls_core/share/colcon-core/packages/controls_core)
[-1785351486065760256.000s] Level 1:colcon.colcon_core.shell:create_environment_hook('hiwonder_board', 'pythonpath_develop')
[-1785351486065760256.000s] INFO:colcon.colcon_core.shell:Creating environment hook '/home/public/MSE112_MPi5_Hiwonder_ROS2/ros2ws/build/hiwonder_board/share/hiwonder_board/hook/pythonpath_develop.ps1'
[-1785351486065760256.000s] DEBUG:colcon.colcon_core.event_handler.log_command:Invoked command in '/home/public/MSE112_MPi5_Hiwonder_ROS2/ros2ws/build/hiwonder_board' returned '0': DEBUGINFOD_URLS=https://debuginfod.ubuntu.com PYTHONPATH=/home/public/MSE112_MPi5_Hiwonder_ROS2/ros2ws/build/hiwonder_board/prefix_override:/usr/lib/python3/dist-packages/colcon_core/task/python/colcon_distutils_commands:/home/public/MSE112_MPi5_Hiwonder_ROS2/ros2ws/install/hiwonder_board/lib/python3.14/site-packages:${PYTHONPATH} /usr/bin/python3 -W ignore:setup.py install is deprecated -W ignore:easy_install command is deprecated setup.py develop --editable --build-directory /home/public/MSE112_MPi5_Hiwonder_ROS2/ros2ws/build/hiwonder_board/build --no-deps symlink_data --force
[-1785351486065760256.000s] INFO:colcon.colcon_core.shell:Creating environment descriptor '/home/public/MSE112_MPi5_Hiwonder_ROS2/ros2ws/build/hiwonder_board/share/hiwonder_board/hook/pythonpath_develop.dsv'
[-1785351486065760256.000s] INFO:colcon.colcon_core.shell:Creating environment hook '/home/public/MSE112_MPi5_Hiwonder_ROS2/ros2ws/build/hiwonder_board/share/hiwonder_board/hook/pythonpath_develop.sh'
[-1785351486065760256.000s] Level 1:colcon.colcon_core.environment:checking '/home/public/MSE112_MPi5_Hiwonder_ROS2/ros2ws/install/hiwonder_board' for CMake module files
[-1785351486065760256.000s] Level 1:colcon.colcon_core.environment:checking '/home/public/MSE112_MPi5_Hiwonder_ROS2/ros2ws/install/hiwonder_board' for CMake config files
[-1785351486065760256.000s] Level 1:colcon.colcon_core.environment:checking '/home/public/MSE112_MPi5_Hiwonder_ROS2/ros2ws/install/hiwonder_board/lib'
[-1785351486065760256.000s] Level 1:colcon.colcon_core.environment:checking '/home/public/MSE112_MPi5_Hiwonder_ROS2/ros2ws/install/hiwonder_board/bin'
[-1785351486065760256.000s] Level 1:colcon.colcon_core.environment:checking '/home/public/MSE112_MPi5_Hiwonder_ROS2/ros2ws/install/hiwonder_board/lib/pkgconfig/hiwonder_board.pc'
[-1785351486065760256.000s] Level 1:colcon.colcon_core.environment:checking '/home/public/MSE112_MPi5_Hiwonder_ROS2/ros2ws/install/hiwonder_board/lib/python3.14/site-packages'
[-1785351486065760256.000s] Level 1:colcon.colcon_core.shell:create_environment_hook('hiwonder_board', 'pythonpath')
[-1785351486065760256.000s] INFO:colcon.colcon_core.shell:Creating environment hook '/home/public/MSE112_MPi5_Hiwonder_ROS2/ros2ws/install/hiwonder_board/share/hiwonder_board/hook/pythonpath.ps1'
[-1785351486065760256.000s] INFO:colcon.colcon_core.shell:Creating environment descriptor '/home/public/MSE112_MPi5_Hiwonder_ROS2/ros2ws/install/hiwonder_board/share/hiwonder_board/hook/pythonpath.dsv'
[-1785351486065760256.000s] INFO:colcon.colcon_core.shell:Creating environment hook '/home/public/MSE112_MPi5_Hiwonder_ROS2/ros2ws/install/hiwonder_board/share/hiwonder_board/hook/pythonpath.sh'
[-1785351486065760256.000s] Level 1:colcon.colcon_core.environment:checking '/home/public/MSE112_MPi5_Hiwonder_ROS2/ros2ws/install/hiwonder_board/bin'
[-1785351486065760256.000s] Level 1:colcon.colcon_core.environment:create_environment_scripts_only(hiwonder_board)
[-1785351486065760256.000s] INFO:colcon.colcon_core.shell:Creating package script '/home/public/MSE112_MPi5_Hiwonder_ROS2/ros2ws/install/hiwonder_board/share/hiwonder_board/package.ps1'
[-1785351486065760256.000s] INFO:colcon.colcon_core.shell:Creating package descriptor '/home/public/MSE112_MPi5_Hiwonder_ROS2/ros2ws/install/hiwonder_board/share/hiwonder_board/package.dsv'
[-1785351486065760256.000s] INFO:colcon.colcon_core.shell:Creating package script '/home/public/MSE112_MPi5_Hiwonder_ROS2/ros2ws/install/hiwonder_board/share/hiwonder_board/package.sh'
[-1785351486065760256.000s] INFO:colcon.colcon_core.shell:Creating package script '/home/public/MSE112_MPi5_Hiwonder_ROS2/ros2ws/install/hiwonder_board/share/hiwonder_board/package.bash'
[-1785351486065760256.000s] INFO:colcon.colcon_core.shell:Creating package script '/home/public/MSE112_MPi5_Hiwonder_ROS2/ros2ws/install/hiwonder_board/share/hiwonder_board/package.zsh'
[-1785351486065760256.000s] Level 1:colcon.colcon_core.environment:create_file_with_runtime_dependencies(/home/public/MSE112_MPi5_Hiwonder_ROS2/ros2ws/install/hiwonder_board/share/colcon-core/packages/hiwonder_board)
[-1785351486065760256.000s] Level 1:colcon.colcon_core.shell:create_environment_hook('opencv2_nodes', 'pythonpath_develop')
[-1785351486065760256.000s] INFO:colcon.colcon_core.shell:Creating environment hook '/home/public/MSE112_MPi5_Hiwonder_ROS2/ros2ws/build/opencv2_nodes/share/opencv2_nodes/hook/pythonpath_develop.ps1'
[-1785351486065760256.000s] DEBUG:colcon.colcon_core.event_handler.log_command:Invoked command in '/home/public/MSE112_MPi5_Hiwonder_ROS2/ros2ws/build/opencv2_nodes' returned '0': DEBUGINFOD_URLS=https://debuginfod.ubuntu.com PYTHONPATH=/home/public/MSE112_MPi5_Hiwonder_ROS2/ros2ws/build/opencv2_nodes/prefix_override:/usr/lib/python3/dist-packages/colcon_core/task/python/colcon_distutils_commands:/home/public/MSE112_MPi5_Hiwonder_ROS2/ros2ws/install/opencv2_nodes/lib/python3.14/site-packages:${PYTHONPATH} /usr/bin/python3 -W ignore:setup.py install is deprecated -W ignore:easy_install command is deprecated setup.py develop --editable --build-directory /home/public/MSE112_MPi5_Hiwonder_ROS2/ros2ws/build/opencv2_nodes/build --no-deps symlink_data --force
[-1785351486065760256.000s] INFO:colcon.colcon_core.shell:Creating environment descriptor '/home/public/MSE112_MPi5_Hiwonder_ROS2/ros2ws/build/opencv2_nodes/share/opencv2_nodes/hook/pythonpath_develop.dsv'
[-1785351486065760256.000s] INFO:colcon.colcon_core.shell:Creating environment hook '/home/public/MSE112_MPi5_Hiwonder_ROS2/ros2ws/build/opencv2_nodes/share/opencv2_nodes/hook/pythonpath_develop.sh'
[-1785351486065760256.000s] Level 1:colcon.colcon_core.environment:checking '/home/public/MSE112_MPi5_Hiwonder_ROS2/ros2ws/install/opencv2_nodes' for CMake module files
[-1785351486065760256.000s] Level 1:colcon.colcon_core.environment:checking '/home/public/MSE112_MPi5_Hiwonder_ROS2/ros2ws/install/opencv2_nodes' for CMake config files
[-1785351486065760256.000s] Level 1:colcon.colcon_core.environment:checking '/home/public/MSE112_MPi5_Hiwonder_ROS2/ros2ws/install/opencv2_nodes/lib'
[-1785351486065760256.000s] Level 1:colcon.colcon_core.environment:checking '/home/public/MSE112_MPi5_Hiwonder_ROS2/ros2ws/install/opencv2_nodes/bin'
[-1785351486065760256.000s] Level 1:colcon.colcon_core.environment:checking '/home/public/MSE112_MPi5_Hiwonder_ROS2/ros2ws/install/opencv2_nodes/lib/pkgconfig/opencv2_nodes.pc'
[-1785351486065760256.000s] Level 1:colcon.colcon_core.environment:checking '/home/public/MSE112_MPi5_Hiwonder_ROS2/ros2ws/install/opencv2_nodes/lib/python3.14/site-packages'
[-1785351486065760256.000s] Level 1:colcon.colcon_core.shell:create_environment_hook('opencv2_nodes', 'pythonpath')
[-1785351486065760256.000s] INFO:colcon.colcon_core.shell:Creating environment hook '/home/public/MSE112_MPi5_Hiwonder_ROS2/ros2ws/install/opencv2_nodes/share/opencv2_nodes/hook/pythonpath.ps1'
[-1785351486065760256.000s] INFO:colcon.colcon_core.shell:Creating environment descriptor '/home/public/MSE112_MPi5_Hiwonder_ROS2/ros2ws/install/opencv2_nodes/share/opencv2_nodes/hook/pythonpath.dsv'
[-1785351486065760256.000s] INFO:colcon.colcon_core.shell:Creating environment hook '/home/public/MSE112_MPi5_Hiwonder_ROS2/ros2ws/install/opencv2_nodes/share/opencv2_nodes/hook/pythonpath.sh'
[-1785351486065760256.000s] Level 1:colcon.colcon_core.environment:checking '/home/public/MSE112_MPi5_Hiwonder_ROS2/ros2ws/install/opencv2_nodes/bin'
[-1785351486065760256.000s] Level 1:colcon.colcon_core.environment:create_environment_scripts_only(opencv2_nodes)
[-1785351486065760256.000s] INFO:colcon.colcon_core.shell:Creating package script '/home/public/MSE112_MPi5_Hiwonder_ROS2/ros2ws/install/opencv2_nodes/share/opencv2_nodes/package.ps1'
[-1785351486065760256.000s] INFO:colcon.colcon_core.shell:Creating package descriptor '/home/public/MSE112_MPi5_Hiwonder_ROS2/ros2ws/install/opencv2_nodes/share/opencv2_nodes/package.dsv'
[-1785351486065760256.000s] INFO:colcon.colcon_core.shell:Creating package script '/home/public/MSE112_MPi5_Hiwonder_ROS2/ros2ws/install/opencv2_nodes/share/opencv2_nodes/package.sh'
[-1785351486065760256.000s] INFO:colcon.colcon_core.shell:Creating package script '/home/public/MSE112_MPi5_Hiwonder_ROS2/ros2ws/install/opencv2_nodes/share/opencv2_nodes/package.bash'
[-1785351486065760256.000s] INFO:colcon.colcon_core.shell:Creating package script '/home/public/MSE112_MPi5_Hiwonder_ROS2/ros2ws/install/opencv2_nodes/share/opencv2_nodes/package.zsh'
[-1785351486065760256.000s] Level 1:colcon.colcon_core.environment:create_file_with_runtime_dependencies(/home/public/MSE112_MPi5_Hiwonder_ROS2/ros2ws/install/opencv2_nodes/share/colcon-core/packages/opencv2_nodes)
[-1785351486065760256.000s] DEBUG:colcon.colcon_parallel_executor.executor.parallel:closing loop
[-1785351486065760256.000s] DEBUG:colcon.colcon_parallel_executor.executor.parallel:loop closed
[-1785351486065760256.000s] DEBUG:colcon.colcon_parallel_executor.executor.parallel:run_until_complete finished with '0'
[-1785351486065760256.000s] DEBUG:colcon.colcon_core.event_reactor:joining thread
[-1785351486065760256.000s] INFO:colcon.colcon_core.plugin_system:Skipping extension 'colcon_notification.desktop_notification.terminal_notifier': Not used on non-Darwin systems
[-1785351486065760256.000s] INFO:colcon.colcon_core.plugin_system:Skipping extension 'colcon_notification.desktop_notification.win32': Not used on non-Windows systems
[-1785351486065760256.000s] INFO:colcon.colcon_notification.desktop_notification:Sending desktop notification using 'notify2'
[-1785351486065760256.000s] DEBUG:colcon.colcon_core.event_reactor:joined thread
[-1785351486065760256.000s] INFO:colcon.colcon_core.shell:Creating prefix script '/home/public/MSE112_MPi5_Hiwonder_ROS2/ros2ws/install/local_setup.ps1'
[-1785351486065760256.000s] INFO:colcon.colcon_core.shell:Creating prefix util module '/home/public/MSE112_MPi5_Hiwonder_ROS2/ros2ws/install/_local_setup_util_ps1.py'
[-1785351486065760256.000s] INFO:colcon.colcon_core.shell:Creating prefix chain script '/home/public/MSE112_MPi5_Hiwonder_ROS2/ros2ws/install/setup.ps1'
[-1785351486065760256.000s] INFO:colcon.colcon_core.shell:Creating prefix script '/home/public/MSE112_MPi5_Hiwonder_ROS2/ros2ws/install/local_setup.sh'
[-1785351486065760256.000s] INFO:colcon.colcon_core.shell:Creating prefix util module '/home/public/MSE112_MPi5_Hiwonder_ROS2/ros2ws/install/_local_setup_util_sh.py'
[-1785351486065760256.000s] INFO:colcon.colcon_core.shell:Creating prefix chain script '/home/public/MSE112_MPi5_Hiwonder_ROS2/ros2ws/install/setup.sh'
[-1785351486065760256.000s] INFO:colcon.colcon_core.shell:Creating prefix script '/home/public/MSE112_MPi5_Hiwonder_ROS2/ros2ws/install/local_setup.bash'
[-1785351486065760256.000s] INFO:colcon.colcon_core.shell:Creating prefix chain script '/home/public/MSE112_MPi5_Hiwonder_ROS2/ros2ws/install/setup.bash'
[-1785351486065760256.000s] INFO:colcon.colcon_core.shell:Creating prefix script '/home/public/MSE112_MPi5_Hiwonder_ROS2/ros2ws/install/local_setup.zsh'
[-1785351486065760256.000s] INFO:colcon.colcon_core.shell:Creating prefix chain script '/home/public/MSE112_MPi5_Hiwonder_ROS2/ros2ws/install/setup.zsh'
