-- Found ament_cmake: 2.8.7 (/opt/ros/lyrical/share/ament_cmake/cmake)
-- Override CMake install command with custom implementation using symlinks instead of copying resources
-- Found ament_index_cpp: 1.13.3 (/opt/ros/lyrical/share/ament_index_cpp/cmake)
-- Found geometry_msgs: 5.9.2 (/opt/ros/lyrical/share/geometry_msgs/cmake)
-- Found rosidl_generator_c: 5.2.1 (/opt/ros/lyrical/share/rosidl_generator_c/cmake)
-- Found rosidl_generator_cpp: 5.2.1 (/opt/ros/lyrical/share/rosidl_generator_cpp/cmake)
-- Using all available rosidl_typesupport_c: rosidl_typesupport_fastrtps_c;rosidl_typesupport_introspection_c
-- Using all available rosidl_typesupport_cpp: rosidl_typesupport_fastrtps_cpp;rosidl_typesupport_introspection_cpp
-- Found rclcpp: 32.0.0 (/opt/ros/lyrical/share/rclcpp/cmake)
-- Found rmw_implementation_cmake: 7.10.1 (/opt/ros/lyrical/share/rmw_implementation_cmake/cmake)
-- Found rmw_fastrtps_cpp: 9.4.8 (/opt/ros/lyrical/share/rmw_fastrtps_cpp/cmake)
-- Using RMW implementation 'rmw_fastrtps_cpp' as default
-- Found rclcpp_action: 32.0.0 (/opt/ros/lyrical/share/rclcpp_action/cmake)
-- Found std_srvs: 5.9.2 (/opt/ros/lyrical/share/std_srvs/cmake)
-- Found turtlesim_msgs: 1.10.9 (/home/public/ros2ws/install/turtlesim_msgs/share/turtlesim_msgs/cmake)
-- Found ament_lint_auto: 0.20.6 (/opt/ros/lyrical/share/ament_lint_auto/cmake)
-- Added test 'copyright' to check source files copyright and LICENSE
-- Added test 'cppcheck' to perform static code analysis on C / C++ code
-- Configured cppcheck include dirs: $<BUILD_INTERFACE:/home/public/ros2ws/src/ros_tutorials/turtlesim/include>
-- Configured cppcheck exclude dirs and/or files: 
-- Added test 'cpplint' to check C / C++ code against the Google style
-- Configured cpplint exclude dirs and/or files: 
-- Added test 'flake8' to check Python code syntax and style conventions
-- Configured 'flake8' exclude dirs and/or files: 
-- Added test 'lint_cmake' to check CMake code style
-- Added test 'pep257' to check Python code against some of the docstring style conventions in PEP 257
-- Added test 'uncrustify' to check C / C++ code style
-- Configured uncrustify additional arguments: 
-- Added test 'xmllint' to check XML markup files
-- Configuring done (1.6s)
-- Generating done (0.2s)
-- Build files have been written to: /home/public/ros2ws/build/turtlesim
-- Found ament_cmake: 2.8.7 (/opt/ros/lyrical/share/ament_cmake/cmake)
-- Override CMake install command with custom implementation using symlinks instead of copying resources
-- Found ament_index_cpp: 1.13.3 (/opt/ros/lyrical/share/ament_index_cpp/cmake)
-- Found geometry_msgs: 5.9.2 (/opt/ros/lyrical/share/geometry_msgs/cmake)
-- Found rosidl_generator_c: 5.2.1 (/opt/ros/lyrical/share/rosidl_generator_c/cmake)
-- Found rosidl_generator_cpp: 5.2.1 (/opt/ros/lyrical/share/rosidl_generator_cpp/cmake)
-- Using all available rosidl_typesupport_c: rosidl_typesupport_fastrtps_c;rosidl_typesupport_introspection_c
-- Using all available rosidl_typesupport_cpp: rosidl_typesupport_fastrtps_cpp;rosidl_typesupport_introspection_cpp
-- Found rclcpp: 32.0.0 (/opt/ros/lyrical/share/rclcpp/cmake)
-- Found rmw_implementation_cmake: 7.10.1 (/opt/ros/lyrical/share/rmw_implementation_cmake/cmake)
-- Found rmw_fastrtps_cpp: 9.4.8 (/opt/ros/lyrical/share/rmw_fastrtps_cpp/cmake)
-- Using RMW implementation 'rmw_fastrtps_cpp' as default
-- Found rclcpp_action: 32.0.0 (/opt/ros/lyrical/share/rclcpp_action/cmake)
-- Found std_srvs: 5.9.2 (/opt/ros/lyrical/share/std_srvs/cmake)
-- Found turtlesim_msgs: 1.10.9 (/home/public/ros2ws/install/turtlesim_msgs/share/turtlesim_msgs/cmake)
-- Found ament_lint_auto: 0.20.6 (/opt/ros/lyrical/share/ament_lint_auto/cmake)
-- Added test 'copyright' to check source files copyright and LICENSE
-- Added test 'cppcheck' to perform static code analysis on C / C++ code
-- Configured cppcheck include dirs: $<BUILD_INTERFACE:/home/public/ros2ws/src/ros_tutorials/turtlesim/include>
-- Configured cppcheck exclude dirs and/or files: 
-- Added test 'cpplint' to check C / C++ code against the Google style
-- Configured cpplint exclude dirs and/or files: 
-- Added test 'flake8' to check Python code syntax and style conventions
-- Configured 'flake8' exclude dirs and/or files: 
-- Added test 'lint_cmake' to check CMake code style
-- Added test 'pep257' to check Python code against some of the docstring style conventions in PEP 257
-- Added test 'uncrustify' to check C / C++ code style
-- Configured uncrustify additional arguments: 
-- Added test 'xmllint' to check XML markup files
-- Configuring done (1.2s)
-- Generating done (0.1s)
-- Build files have been written to: /home/public/ros2ws/build/turtlesim
gmake[2]: Warning: File 'CMakeFiles/turtlesim_node_autogen_timestamp_deps.dir/build.make' has modification time 7874686 s in the future
gmake[2]: Warning: File 'CMakeFiles/turtle_teleop_key_autogen_timestamp_deps.dir/build.make' has modification time 7874686 s in the future
gmake[2]: Warning: File 'CMakeFiles/draw_square_autogen_timestamp_deps.dir/build.make' has modification time 7874686 s in the future
gmake[2]: Warning: File 'CMakeFiles/mimic_autogen_timestamp_deps.dir/build.make' has modification time 7874686 s in the future
gmake[2]: warning:  Clock skew detected.  Your build may be incomplete.
gmake[2]: Warning: File 'CMakeFiles/turtlesim_node_autogen_timestamp_deps.dir/build.make' has modification time 7874686 s in the future
gmake[2]: warning:  Clock skew detected.  Your build may be incomplete.
gmake[2]: warning:  Clock skew detected.  Your build may be incomplete.
gmake[2]: warning:  Clock skew detected.  Your build may be incomplete.
gmake[2]: Warning: File 'CMakeFiles/mimic_autogen_timestamp_deps.dir/build.make' has modification time 7874686 s in the future
gmake[2]: warning:  Clock skew detected.  Your build may be incomplete.
gmake[2]: Warning: File 'CMakeFiles/turtle_teleop_key_autogen_timestamp_deps.dir/build.make' has modification time 7874686 s in the future
gmake[2]: warning:  Clock skew detected.  Your build may be incomplete.
gmake[2]: warning:  Clock skew detected.  Your build may be incomplete.
gmake[2]: Warning: File 'CMakeFiles/draw_square_autogen_timestamp_deps.dir/build.make' has modification time 7874686 s in the future
gmake[2]: warning:  Clock skew detected.  Your build may be incomplete.
[  0%] Built target turtlesim_node_autogen_timestamp_deps
[  0%] Built target turtle_teleop_key_autogen_timestamp_deps
[  0%] Built target mimic_autogen_timestamp_deps
[  0%] Built target draw_square_autogen_timestamp_deps
gmake[2]: Warning: File 'CMakeFiles/turtlesim_node_autogen.dir/build.make' has modification time 7874686 s in the future
gmake[2]: Warning: File 'CMakeFiles/mimic_autogen.dir/build.make' has modification time 7874686 s in the future
gmake[2]: Warning: File 'CMakeFiles/turtle_teleop_key_autogen.dir/build.make' has modification time 7874686 s in the future
gmake[2]: Warning: File 'CMakeFiles/draw_square_autogen.dir/build.make' has modification time 7874686 s in the future
gmake[2]: warning:  Clock skew detected.  Your build may be incomplete.
gmake[2]: warning:  Clock skew detected.  Your build may be incomplete.
gmake[2]: warning:  Clock skew detected.  Your build may be incomplete.
gmake[2]: warning:  Clock skew detected.  Your build may be incomplete.
gmake[2]: Warning: File 'CMakeFiles/mimic_autogen.dir/build.make' has modification time 7874686 s in the future
gmake[2]: Warning: File 'CMakeFiles/turtlesim_node_autogen.dir/build.make' has modification time 7874686 s in the future
gmake[2]: warning:  Clock skew detected.  Your build may be incomplete.
gmake[2]: warning:  Clock skew detected.  Your build may be incomplete.
gmake[2]: Warning: File 'CMakeFiles/turtle_teleop_key_autogen.dir/build.make' has modification time 7874686 s in the future
gmake[2]: warning:  Clock skew detected.  Your build may be incomplete.
gmake[2]: Warning: File 'CMakeFiles/draw_square_autogen.dir/build.make' has modification time 7874686 s in the future
gmake[2]: warning:  Clock skew detected.  Your build may be incomplete.
[ 10%] Built target turtlesim_node_autogen
[ 10%] Built target mimic_autogen
gmake[2]: Warning: File 'CMakeFiles/turtlesim_node.dir/build.make' has modification time 7874686 s in the future
[ 15%] Built target turtle_teleop_key_autogen
gmake[2]: Warning: File 'CMakeFiles/mimic.dir/build.make' has modification time 7874686 s in the future
gmake[2]: Warning: File 'CMakeFiles/turtle_teleop_key.dir/build.make' has modification time 7874686 s in the future
[ 20%] Built target draw_square_autogen
gmake[2]: Warning: File 'CMakeFiles/draw_square.dir/build.make' has modification time 7874686 s in the future
gmake[2]: warning:  Clock skew detected.  Your build may be incomplete.
gmake[2]: warning:  Clock skew detected.  Your build may be incomplete.
gmake[2]: warning:  Clock skew detected.  Your build may be incomplete.
gmake[2]: Warning: File 'CMakeFiles/mimic.dir/build.make' has modification time 7874685 s in the future
gmake[2]: Warning: File 'CMakeFiles/draw_square.dir/build.make' has modification time 7874685 s in the future
gmake[2]: Warning: File 'CMakeFiles/turtle_teleop_key.dir/build.make' has modification time 7874685 s in the future
gmake[2]: warning:  Clock skew detected.  Your build may be incomplete.
gmake[2]: warning:  Clock skew detected.  Your build may be incomplete.
gmake[2]: warning:  Clock skew detected.  Your build may be incomplete.
[ 50%] Built target mimic
[ 50%] Built target turtle_teleop_key
gmake[2]: warning:  Clock skew detected.  Your build may be incomplete.
[ 65%] Built target draw_square
gmake[2]: Warning: File 'CMakeFiles/turtlesim_node.dir/build.make' has modification time 7874685 s in the future
gmake[2]: warning:  Clock skew detected.  Your build may be incomplete.
[100%] Built target turtlesim_node
-- Install configuration: ""
-- Execute custom install script
-- Symlinking: /home/public/ros2ws/install/turtlesim/lib/turtlesim/turtlesim_node
-- Symlinking: /home/public/ros2ws/install/turtlesim/lib/turtlesim/turtle_teleop_key
-- Symlinking: /home/public/ros2ws/install/turtlesim/lib/turtlesim/draw_square
-- Symlinking: /home/public/ros2ws/install/turtlesim/lib/turtlesim/mimic
-- Symlinking: /home/public/ros2ws/install/turtlesim/share/turtlesim/launch/multisim.launch.py
-- Symlinking: /home/public/ros2ws/install/turtlesim/share/ament_index/resource_index/package_run_dependencies/turtlesim
-- Symlinking: /home/public/ros2ws/install/turtlesim/share/ament_index/resource_index/parent_prefix_path/turtlesim
-- Symlinking: /home/public/ros2ws/install/turtlesim/share/turtlesim/environment/ament_prefix_path.sh
-- Symlinking: /home/public/ros2ws/install/turtlesim/share/turtlesim/environment/ament_prefix_path.dsv
-- Symlinking: /home/public/ros2ws/install/turtlesim/share/turtlesim/environment/path.sh
-- Symlinking: /home/public/ros2ws/install/turtlesim/share/turtlesim/environment/path.dsv
-- Symlinking: /home/public/ros2ws/install/turtlesim/share/turtlesim/local_setup.bash
-- Symlinking: /home/public/ros2ws/install/turtlesim/share/turtlesim/local_setup.fish
-- Symlinking: /home/public/ros2ws/install/turtlesim/share/turtlesim/local_setup.sh
-- Symlinking: /home/public/ros2ws/install/turtlesim/share/turtlesim/local_setup.zsh
-- Symlinking: /home/public/ros2ws/install/turtlesim/share/turtlesim/local_setup.dsv
-- Symlinking: /home/public/ros2ws/install/turtlesim/share/turtlesim/package.dsv
-- Symlinking: /home/public/ros2ws/install/turtlesim/share/ament_index/resource_index/packages/turtlesim
-- Symlinking: /home/public/ros2ws/install/turtlesim/share/turtlesim/cmake/turtlesimConfig.cmake
-- Symlinking: /home/public/ros2ws/install/turtlesim/share/turtlesim/cmake/turtlesimConfig-version.cmake
-- Symlinking: /home/public/ros2ws/install/turtlesim/share/turtlesim/package.xml
-- Up-to-date: /home/public/ros2ws/install/turtlesim/share/turtlesim/images
-- Up-to-date: /home/public/ros2ws/install/turtlesim/share/turtlesim/images/kilted.png
-- Up-to-date: /home/public/ros2ws/install/turtlesim/share/turtlesim/images/eloquent.png
-- Up-to-date: /home/public/ros2ws/install/turtlesim/share/turtlesim/images/jazzy.png
-- Up-to-date: /home/public/ros2ws/install/turtlesim/share/turtlesim/images/bouncy.png
-- Up-to-date: /home/public/ros2ws/install/turtlesim/share/turtlesim/images/galactic.png
-- Up-to-date: /home/public/ros2ws/install/turtlesim/share/turtlesim/images/foxy.png
-- Up-to-date: /home/public/ros2ws/install/turtlesim/share/turtlesim/images/humble.png
-- Up-to-date: /home/public/ros2ws/install/turtlesim/share/turtlesim/images/dashing.png
-- Up-to-date: /home/public/ros2ws/install/turtlesim/share/turtlesim/images/crystal.png
-- Up-to-date: /home/public/ros2ws/install/turtlesim/share/turtlesim/images/iron.png
-- Up-to-date: /home/public/ros2ws/install/turtlesim/share/turtlesim/images/lyrical.png
-- Up-to-date: /home/public/ros2ws/install/turtlesim/share/turtlesim/images/ardent.png
-- Up-to-date: /home/public/ros2ws/install/turtlesim/share/turtlesim/images/rolling.png
