[0.069s] Invoking command in '/home/public/ros2ws/build/turtlesim': CMAKE_PREFIX_PATH=/home/public/ros2ws/install/turtlesim_msgs:/home/public/ros2ws/install/turtlesim:/home/public/ros2ws/install/examples_rclcpp_wait_set:/home/public/ros2ws/install/examples_rclcpp_multithreaded_executor:/home/public/ros2ws/install/examples_rclcpp_minimal_timer:/home/public/ros2ws/install/examples_rclcpp_minimal_subscriber:/home/public/ros2ws/install/examples_rclcpp_minimal_service:/home/public/ros2ws/install/examples_rclcpp_minimal_publisher:/home/public/ros2ws/install/examples_rclcpp_minimal_composition:/home/public/ros2ws/install/examples_rclcpp_minimal_client:/home/public/ros2ws/install/examples_rclcpp_minimal_action_server:/home/public/ros2ws/install/examples_rclcpp_minimal_action_client:/home/public/ros2ws/install/examples_rclcpp_cbg_executor:/home/public/ros2ws/install/examples_rclcpp_async_client:/opt/ros/lyrical/opt/gz_math_vendor:/opt/ros/lyrical/opt/gz_utils_vendor:/opt/ros/lyrical/opt/gz_cmake_vendor:/home/public/ros2ws/install/opencv2_nodes:/home/public/ros2ws/install/launch_testing_examples:/home/public/ros2ws/install/hiwonder_board:/home/public/ros2ws/install/examples_rclpy_pointcloud_publisher:/home/public/ros2ws/install/examples_rclpy_minimal_subscriber:/home/public/ros2ws/install/examples_rclpy_minimal_service:/home/public/ros2ws/install/examples_rclpy_minimal_publisher:/home/public/ros2ws/install/examples_rclpy_minimal_client:/home/public/ros2ws/install/examples_rclpy_minimal_action_server:/home/public/ros2ws/install/examples_rclpy_minimal_action_client:/home/public/ros2ws/install/examples_rclpy_guard_conditions:/home/public/ros2ws/install/examples_rclpy_executors:/home/public/ros2ws/install/controls_core:/opt/ros/lyrical DEBUGINFOD_URLS=https://debuginfod.ubuntu.com /usr/bin/cmake /home/public/ros2ws/src/ros_tutorials/turtlesim -DAMENT_CMAKE_SYMLINK_INSTALL=1 -DCMAKE_INSTALL_PREFIX=/home/public/ros2ws/install/turtlesim
[0.133s] -- Found ament_cmake: 2.8.7 (/opt/ros/lyrical/share/ament_cmake/cmake)
[0.705s] -- Override CMake install command with custom implementation using symlinks instead of copying resources
[0.716s] -- Found ament_index_cpp: 1.13.3 (/opt/ros/lyrical/share/ament_index_cpp/cmake)
[0.721s] -- Found geometry_msgs: 5.9.2 (/opt/ros/lyrical/share/geometry_msgs/cmake)
[0.757s] -- Found rosidl_generator_c: 5.2.1 (/opt/ros/lyrical/share/rosidl_generator_c/cmake)
[0.765s] -- Found rosidl_generator_cpp: 5.2.1 (/opt/ros/lyrical/share/rosidl_generator_cpp/cmake)
[0.780s] -- Using all available rosidl_typesupport_c: rosidl_typesupport_fastrtps_c;rosidl_typesupport_introspection_c
[0.799s] -- Using all available rosidl_typesupport_cpp: rosidl_typesupport_fastrtps_cpp;rosidl_typesupport_introspection_cpp
[1.227s] -- Found rclcpp: 32.0.0 (/opt/ros/lyrical/share/rclcpp/cmake)
[1.289s] -- Found rmw_implementation_cmake: 7.10.1 (/opt/ros/lyrical/share/rmw_implementation_cmake/cmake)
[1.292s] -- Found rmw_fastrtps_cpp: 9.4.8 (/opt/ros/lyrical/share/rmw_fastrtps_cpp/cmake)
[1.324s] -- Using RMW implementation 'rmw_fastrtps_cpp' as default
[1.401s] -- Found rclcpp_action: 32.0.0 (/opt/ros/lyrical/share/rclcpp_action/cmake)
[1.449s] -- Found std_srvs: 5.9.2 (/opt/ros/lyrical/share/std_srvs/cmake)
[1.483s] -- Found turtlesim_msgs: 1.10.9 (/home/public/ros2ws/install/turtlesim_msgs/share/turtlesim_msgs/cmake)
[1.517s] -- Found ament_lint_auto: 0.20.6 (/opt/ros/lyrical/share/ament_lint_auto/cmake)
[1.715s] -- Added test 'copyright' to check source files copyright and LICENSE
[1.719s] -- Added test 'cppcheck' to perform static code analysis on C / C++ code
[1.719s] -- Configured cppcheck include dirs: $<BUILD_INTERFACE:/home/public/ros2ws/src/ros_tutorials/turtlesim/include>
[1.719s] -- Configured cppcheck exclude dirs and/or files: 
[1.722s] -- Added test 'cpplint' to check C / C++ code against the Google style
[1.722s] -- Configured cpplint exclude dirs and/or files: 
[1.722s] -- Added test 'flake8' to check Python code syntax and style conventions
[1.722s] -- Configured 'flake8' exclude dirs and/or files: 
[1.723s] -- Added test 'lint_cmake' to check CMake code style
[1.724s] -- Added test 'pep257' to check Python code against some of the docstring style conventions in PEP 257
[1.726s] -- Added test 'uncrustify' to check C / C++ code style
[1.726s] -- Configured uncrustify additional arguments: 
[1.727s] -- Added test 'xmllint' to check XML markup files
[1.730s] -- Configuring done (1.6s)
[1.985s] -- Generating done (0.2s)
[2.058s] -- Build files have been written to: /home/public/ros2ws/build/turtlesim
[2.082s] Invoked command in '/home/public/ros2ws/build/turtlesim' returned '0': CMAKE_PREFIX_PATH=/home/public/ros2ws/install/turtlesim_msgs:/home/public/ros2ws/install/turtlesim:/home/public/ros2ws/install/examples_rclcpp_wait_set:/home/public/ros2ws/install/examples_rclcpp_multithreaded_executor:/home/public/ros2ws/install/examples_rclcpp_minimal_timer:/home/public/ros2ws/install/examples_rclcpp_minimal_subscriber:/home/public/ros2ws/install/examples_rclcpp_minimal_service:/home/public/ros2ws/install/examples_rclcpp_minimal_publisher:/home/public/ros2ws/install/examples_rclcpp_minimal_composition:/home/public/ros2ws/install/examples_rclcpp_minimal_client:/home/public/ros2ws/install/examples_rclcpp_minimal_action_server:/home/public/ros2ws/install/examples_rclcpp_minimal_action_client:/home/public/ros2ws/install/examples_rclcpp_cbg_executor:/home/public/ros2ws/install/examples_rclcpp_async_client:/opt/ros/lyrical/opt/gz_math_vendor:/opt/ros/lyrical/opt/gz_utils_vendor:/opt/ros/lyrical/opt/gz_cmake_vendor:/home/public/ros2ws/install/opencv2_nodes:/home/public/ros2ws/install/launch_testing_examples:/home/public/ros2ws/install/hiwonder_board:/home/public/ros2ws/install/examples_rclpy_pointcloud_publisher:/home/public/ros2ws/install/examples_rclpy_minimal_subscriber:/home/public/ros2ws/install/examples_rclpy_minimal_service:/home/public/ros2ws/install/examples_rclpy_minimal_publisher:/home/public/ros2ws/install/examples_rclpy_minimal_client:/home/public/ros2ws/install/examples_rclpy_minimal_action_server:/home/public/ros2ws/install/examples_rclpy_minimal_action_client:/home/public/ros2ws/install/examples_rclpy_guard_conditions:/home/public/ros2ws/install/examples_rclpy_executors:/home/public/ros2ws/install/controls_core:/opt/ros/lyrical DEBUGINFOD_URLS=https://debuginfod.ubuntu.com /usr/bin/cmake /home/public/ros2ws/src/ros_tutorials/turtlesim -DAMENT_CMAKE_SYMLINK_INSTALL=1 -DCMAKE_INSTALL_PREFIX=/home/public/ros2ws/install/turtlesim
[2.084s] Invoking command in '/home/public/ros2ws/build/turtlesim': CMAKE_PREFIX_PATH=/home/public/ros2ws/install/turtlesim_msgs:/home/public/ros2ws/install/turtlesim:/home/public/ros2ws/install/examples_rclcpp_wait_set:/home/public/ros2ws/install/examples_rclcpp_multithreaded_executor:/home/public/ros2ws/install/examples_rclcpp_minimal_timer:/home/public/ros2ws/install/examples_rclcpp_minimal_subscriber:/home/public/ros2ws/install/examples_rclcpp_minimal_service:/home/public/ros2ws/install/examples_rclcpp_minimal_publisher:/home/public/ros2ws/install/examples_rclcpp_minimal_composition:/home/public/ros2ws/install/examples_rclcpp_minimal_client:/home/public/ros2ws/install/examples_rclcpp_minimal_action_server:/home/public/ros2ws/install/examples_rclcpp_minimal_action_client:/home/public/ros2ws/install/examples_rclcpp_cbg_executor:/home/public/ros2ws/install/examples_rclcpp_async_client:/opt/ros/lyrical/opt/gz_math_vendor:/opt/ros/lyrical/opt/gz_utils_vendor:/opt/ros/lyrical/opt/gz_cmake_vendor:/home/public/ros2ws/install/opencv2_nodes:/home/public/ros2ws/install/launch_testing_examples:/home/public/ros2ws/install/hiwonder_board:/home/public/ros2ws/install/examples_rclpy_pointcloud_publisher:/home/public/ros2ws/install/examples_rclpy_minimal_subscriber:/home/public/ros2ws/install/examples_rclpy_minimal_service:/home/public/ros2ws/install/examples_rclpy_minimal_publisher:/home/public/ros2ws/install/examples_rclpy_minimal_client:/home/public/ros2ws/install/examples_rclpy_minimal_action_server:/home/public/ros2ws/install/examples_rclpy_minimal_action_client:/home/public/ros2ws/install/examples_rclpy_guard_conditions:/home/public/ros2ws/install/examples_rclpy_executors:/home/public/ros2ws/install/controls_core:/opt/ros/lyrical DEBUGINFOD_URLS=https://debuginfod.ubuntu.com /usr/bin/cmake --build /home/public/ros2ws/build/turtlesim -- -j4 -l4
[2.127s] -- Found ament_cmake: 2.8.7 (/opt/ros/lyrical/share/ament_cmake/cmake)
[2.519s] -- Override CMake install command with custom implementation using symlinks instead of copying resources
[2.527s] -- Found ament_index_cpp: 1.13.3 (/opt/ros/lyrical/share/ament_index_cpp/cmake)
[2.528s] -- Found geometry_msgs: 5.9.2 (/opt/ros/lyrical/share/geometry_msgs/cmake)
[2.553s] -- Found rosidl_generator_c: 5.2.1 (/opt/ros/lyrical/share/rosidl_generator_c/cmake)
[2.559s] -- Found rosidl_generator_cpp: 5.2.1 (/opt/ros/lyrical/share/rosidl_generator_cpp/cmake)
[2.572s] -- Using all available rosidl_typesupport_c: rosidl_typesupport_fastrtps_c;rosidl_typesupport_introspection_c
[2.587s] -- Using all available rosidl_typesupport_cpp: rosidl_typesupport_fastrtps_cpp;rosidl_typesupport_introspection_cpp
[2.815s] -- Found rclcpp: 32.0.0 (/opt/ros/lyrical/share/rclcpp/cmake)
[2.878s] -- Found rmw_implementation_cmake: 7.10.1 (/opt/ros/lyrical/share/rmw_implementation_cmake/cmake)
[2.880s] -- Found rmw_fastrtps_cpp: 9.4.8 (/opt/ros/lyrical/share/rmw_fastrtps_cpp/cmake)
[2.914s] -- Using RMW implementation 'rmw_fastrtps_cpp' as default
[2.992s] -- Found rclcpp_action: 32.0.0 (/opt/ros/lyrical/share/rclcpp_action/cmake)
[3.037s] -- Found std_srvs: 5.9.2 (/opt/ros/lyrical/share/std_srvs/cmake)
[3.057s] -- Found turtlesim_msgs: 1.10.9 (/home/public/ros2ws/install/turtlesim_msgs/share/turtlesim_msgs/cmake)
[3.087s] -- Found ament_lint_auto: 0.20.6 (/opt/ros/lyrical/share/ament_lint_auto/cmake)
[3.279s] -- Added test 'copyright' to check source files copyright and LICENSE
[3.282s] -- Added test 'cppcheck' to perform static code analysis on C / C++ code
[3.282s] -- Configured cppcheck include dirs: $<BUILD_INTERFACE:/home/public/ros2ws/src/ros_tutorials/turtlesim/include>
[3.282s] -- Configured cppcheck exclude dirs and/or files: 
[3.285s] -- Added test 'cpplint' to check C / C++ code against the Google style
[3.285s] -- Configured cpplint exclude dirs and/or files: 
[3.286s] -- Added test 'flake8' to check Python code syntax and style conventions
[3.286s] -- Configured 'flake8' exclude dirs and/or files: 
[3.286s] -- Added test 'lint_cmake' to check CMake code style
[3.287s] -- Added test 'pep257' to check Python code against some of the docstring style conventions in PEP 257
[3.290s] -- Added test 'uncrustify' to check C / C++ code style
[3.290s] -- Configured uncrustify additional arguments: 
[3.290s] -- Added test 'xmllint' to check XML markup files
[3.292s] -- Configuring done (1.2s)
[3.418s] -- Generating done (0.1s)
[3.494s] -- Build files have been written to: /home/public/ros2ws/build/turtlesim
[3.529s] gmake[2]: Warning: File 'CMakeFiles/turtlesim_node_autogen_timestamp_deps.dir/build.make' has modification time 7874686 s in the future
[3.530s] gmake[2]: Warning: File 'CMakeFiles/turtle_teleop_key_autogen_timestamp_deps.dir/build.make' has modification time 7874686 s in the future
[3.530s] gmake[2]: Warning: File 'CMakeFiles/draw_square_autogen_timestamp_deps.dir/build.make' has modification time 7874686 s in the future
[3.530s] gmake[2]: Warning: File 'CMakeFiles/mimic_autogen_timestamp_deps.dir/build.make' has modification time 7874686 s in the future
[3.549s] gmake[2]: warning:  Clock skew detected.  Your build may be incomplete.
[3.550s] gmake[2]: Warning: File 'CMakeFiles/turtlesim_node_autogen_timestamp_deps.dir/build.make' has modification time 7874686 s in the future
[3.551s] gmake[2]: warning:  Clock skew detected.  Your build may be incomplete.
[3.553s] gmake[2]: warning:  Clock skew detected.  Your build may be incomplete.
[3.553s] gmake[2]: warning:  Clock skew detected.  Your build may be incomplete.
[3.555s] gmake[2]: Warning: File 'CMakeFiles/mimic_autogen_timestamp_deps.dir/build.make' has modification time 7874686 s in the future
[3.555s] gmake[2]: warning:  Clock skew detected.  Your build may be incomplete.
[3.556s] gmake[2]: Warning: File 'CMakeFiles/turtle_teleop_key_autogen_timestamp_deps.dir/build.make' has modification time 7874686 s in the future
[3.556s] gmake[2]: warning:  Clock skew detected.  Your build may be incomplete.
[3.558s] gmake[2]: warning:  Clock skew detected.  Your build may be incomplete.
[3.565s] gmake[2]: Warning: File 'CMakeFiles/draw_square_autogen_timestamp_deps.dir/build.make' has modification time 7874686 s in the future
[3.566s] gmake[2]: warning:  Clock skew detected.  Your build may be incomplete.
[3.573s] [  0%] Built target turtlesim_node_autogen_timestamp_deps
[3.574s] [  0%] Built target turtle_teleop_key_autogen_timestamp_deps
[3.574s] [  0%] Built target mimic_autogen_timestamp_deps
[3.582s] [  0%] Built target draw_square_autogen_timestamp_deps
[3.589s] gmake[2]: Warning: File 'CMakeFiles/turtlesim_node_autogen.dir/build.make' has modification time 7874686 s in the future
[3.590s] gmake[2]: Warning: File 'CMakeFiles/mimic_autogen.dir/build.make' has modification time 7874686 s in the future
[3.594s] gmake[2]: Warning: File 'CMakeFiles/turtle_teleop_key_autogen.dir/build.make' has modification time 7874686 s in the future
[3.596s] gmake[2]: Warning: File 'CMakeFiles/draw_square_autogen.dir/build.make' has modification time 7874686 s in the future
[3.611s] gmake[2]: warning:  Clock skew detected.  Your build may be incomplete.
[3.612s] gmake[2]: warning:  Clock skew detected.  Your build may be incomplete.
[3.614s] gmake[2]: warning:  Clock skew detected.  Your build may be incomplete.
[3.620s] gmake[2]: warning:  Clock skew detected.  Your build may be incomplete.
[3.620s] gmake[2]: Warning: File 'CMakeFiles/mimic_autogen.dir/build.make' has modification time 7874686 s in the future
[3.621s] gmake[2]: Warning: File 'CMakeFiles/turtlesim_node_autogen.dir/build.make' has modification time 7874686 s in the future
[3.626s] gmake[2]: warning:  Clock skew detected.  Your build may be incomplete.
[3.626s] gmake[2]: warning:  Clock skew detected.  Your build may be incomplete.
[3.626s] gmake[2]: Warning: File 'CMakeFiles/turtle_teleop_key_autogen.dir/build.make' has modification time 7874686 s in the future
[3.628s] gmake[2]: warning:  Clock skew detected.  Your build may be incomplete.
[3.629s] gmake[2]: Warning: File 'CMakeFiles/draw_square_autogen.dir/build.make' has modification time 7874686 s in the future
[3.634s] gmake[2]: warning:  Clock skew detected.  Your build may be incomplete.
[3.641s] [ 10%] Built target turtlesim_node_autogen
[3.641s] [ 10%] Built target mimic_autogen
[3.644s] gmake[2]: Warning: File 'CMakeFiles/turtlesim_node.dir/build.make' has modification time 7874686 s in the future
[3.645s] [ 15%] Built target turtle_teleop_key_autogen
[3.650s] gmake[2]: Warning: File 'CMakeFiles/mimic.dir/build.make' has modification time 7874686 s in the future
[3.650s] gmake[2]: Warning: File 'CMakeFiles/turtle_teleop_key.dir/build.make' has modification time 7874686 s in the future
[3.652s] [ 20%] Built target draw_square_autogen
[3.660s] gmake[2]: Warning: File 'CMakeFiles/draw_square.dir/build.make' has modification time 7874686 s in the future
[3.999s] gmake[2]: warning:  Clock skew detected.  Your build may be incomplete.
[3.999s] gmake[2]: warning:  Clock skew detected.  Your build may be incomplete.
[3.999s] gmake[2]: warning:  Clock skew detected.  Your build may be incomplete.
[4.004s] gmake[2]: Warning: File 'CMakeFiles/mimic.dir/build.make' has modification time 7874685 s in the future
[4.004s] gmake[2]: Warning: File 'CMakeFiles/draw_square.dir/build.make' has modification time 7874685 s in the future
[4.005s] gmake[2]: Warning: File 'CMakeFiles/turtle_teleop_key.dir/build.make' has modification time 7874685 s in the future
[4.027s] gmake[2]: warning:  Clock skew detected.  Your build may be incomplete.
[4.027s] gmake[2]: warning:  Clock skew detected.  Your build may be incomplete.
[4.034s] gmake[2]: warning:  Clock skew detected.  Your build may be incomplete.
[4.042s] [ 50%] Built target mimic
[4.042s] [ 50%] Built target turtle_teleop_key
[4.045s] gmake[2]: warning:  Clock skew detected.  Your build may be incomplete.
[4.048s] [ 65%] Built target draw_square
[4.055s] gmake[2]: Warning: File 'CMakeFiles/turtlesim_node.dir/build.make' has modification time 7874685 s in the future
[4.070s] gmake[2]: warning:  Clock skew detected.  Your build may be incomplete.
[4.082s] [100%] Built target turtlesim_node
[4.097s] Invoked command in '/home/public/ros2ws/build/turtlesim' returned '0': CMAKE_PREFIX_PATH=/home/public/ros2ws/install/turtlesim_msgs:/home/public/ros2ws/install/turtlesim:/home/public/ros2ws/install/examples_rclcpp_wait_set:/home/public/ros2ws/install/examples_rclcpp_multithreaded_executor:/home/public/ros2ws/install/examples_rclcpp_minimal_timer:/home/public/ros2ws/install/examples_rclcpp_minimal_subscriber:/home/public/ros2ws/install/examples_rclcpp_minimal_service:/home/public/ros2ws/install/examples_rclcpp_minimal_publisher:/home/public/ros2ws/install/examples_rclcpp_minimal_composition:/home/public/ros2ws/install/examples_rclcpp_minimal_client:/home/public/ros2ws/install/examples_rclcpp_minimal_action_server:/home/public/ros2ws/install/examples_rclcpp_minimal_action_client:/home/public/ros2ws/install/examples_rclcpp_cbg_executor:/home/public/ros2ws/install/examples_rclcpp_async_client:/opt/ros/lyrical/opt/gz_math_vendor:/opt/ros/lyrical/opt/gz_utils_vendor:/opt/ros/lyrical/opt/gz_cmake_vendor:/home/public/ros2ws/install/opencv2_nodes:/home/public/ros2ws/install/launch_testing_examples:/home/public/ros2ws/install/hiwonder_board:/home/public/ros2ws/install/examples_rclpy_pointcloud_publisher:/home/public/ros2ws/install/examples_rclpy_minimal_subscriber:/home/public/ros2ws/install/examples_rclpy_minimal_service:/home/public/ros2ws/install/examples_rclpy_minimal_publisher:/home/public/ros2ws/install/examples_rclpy_minimal_client:/home/public/ros2ws/install/examples_rclpy_minimal_action_server:/home/public/ros2ws/install/examples_rclpy_minimal_action_client:/home/public/ros2ws/install/examples_rclpy_guard_conditions:/home/public/ros2ws/install/examples_rclpy_executors:/home/public/ros2ws/install/controls_core:/opt/ros/lyrical DEBUGINFOD_URLS=https://debuginfod.ubuntu.com /usr/bin/cmake --build /home/public/ros2ws/build/turtlesim -- -j4 -l4
[4.100s] Invoking command in '/home/public/ros2ws/build/turtlesim': CMAKE_PREFIX_PATH=/home/public/ros2ws/install/turtlesim_msgs:/home/public/ros2ws/install/turtlesim:/home/public/ros2ws/install/examples_rclcpp_wait_set:/home/public/ros2ws/install/examples_rclcpp_multithreaded_executor:/home/public/ros2ws/install/examples_rclcpp_minimal_timer:/home/public/ros2ws/install/examples_rclcpp_minimal_subscriber:/home/public/ros2ws/install/examples_rclcpp_minimal_service:/home/public/ros2ws/install/examples_rclcpp_minimal_publisher:/home/public/ros2ws/install/examples_rclcpp_minimal_composition:/home/public/ros2ws/install/examples_rclcpp_minimal_client:/home/public/ros2ws/install/examples_rclcpp_minimal_action_server:/home/public/ros2ws/install/examples_rclcpp_minimal_action_client:/home/public/ros2ws/install/examples_rclcpp_cbg_executor:/home/public/ros2ws/install/examples_rclcpp_async_client:/opt/ros/lyrical/opt/gz_math_vendor:/opt/ros/lyrical/opt/gz_utils_vendor:/opt/ros/lyrical/opt/gz_cmake_vendor:/home/public/ros2ws/install/opencv2_nodes:/home/public/ros2ws/install/launch_testing_examples:/home/public/ros2ws/install/hiwonder_board:/home/public/ros2ws/install/examples_rclpy_pointcloud_publisher:/home/public/ros2ws/install/examples_rclpy_minimal_subscriber:/home/public/ros2ws/install/examples_rclpy_minimal_service:/home/public/ros2ws/install/examples_rclpy_minimal_publisher:/home/public/ros2ws/install/examples_rclpy_minimal_client:/home/public/ros2ws/install/examples_rclpy_minimal_action_server:/home/public/ros2ws/install/examples_rclpy_minimal_action_client:/home/public/ros2ws/install/examples_rclpy_guard_conditions:/home/public/ros2ws/install/examples_rclpy_executors:/home/public/ros2ws/install/controls_core:/opt/ros/lyrical DEBUGINFOD_URLS=https://debuginfod.ubuntu.com /usr/bin/cmake --install /home/public/ros2ws/build/turtlesim
[4.110s] -- Install configuration: ""
[4.111s] -- Execute custom install script
[4.111s] -- Symlinking: /home/public/ros2ws/install/turtlesim/lib/turtlesim/turtlesim_node
[4.124s] -- Symlinking: /home/public/ros2ws/install/turtlesim/lib/turtlesim/turtle_teleop_key
[4.136s] -- Symlinking: /home/public/ros2ws/install/turtlesim/lib/turtlesim/draw_square
[4.151s] -- Symlinking: /home/public/ros2ws/install/turtlesim/lib/turtlesim/mimic
[4.166s] -- Symlinking: /home/public/ros2ws/install/turtlesim/share/turtlesim/launch/multisim.launch.py
[4.179s] -- Symlinking: /home/public/ros2ws/install/turtlesim/share/ament_index/resource_index/package_run_dependencies/turtlesim
[4.192s] -- Symlinking: /home/public/ros2ws/install/turtlesim/share/ament_index/resource_index/parent_prefix_path/turtlesim
[4.204s] -- Symlinking: /home/public/ros2ws/install/turtlesim/share/turtlesim/environment/ament_prefix_path.sh
[4.217s] -- Symlinking: /home/public/ros2ws/install/turtlesim/share/turtlesim/environment/ament_prefix_path.dsv
[4.229s] -- Symlinking: /home/public/ros2ws/install/turtlesim/share/turtlesim/environment/path.sh
[4.242s] -- Symlinking: /home/public/ros2ws/install/turtlesim/share/turtlesim/environment/path.dsv
[4.255s] -- Symlinking: /home/public/ros2ws/install/turtlesim/share/turtlesim/local_setup.bash
[4.270s] -- Symlinking: /home/public/ros2ws/install/turtlesim/share/turtlesim/local_setup.fish
[4.283s] -- Symlinking: /home/public/ros2ws/install/turtlesim/share/turtlesim/local_setup.sh
[4.295s] -- Symlinking: /home/public/ros2ws/install/turtlesim/share/turtlesim/local_setup.zsh
[4.308s] -- Symlinking: /home/public/ros2ws/install/turtlesim/share/turtlesim/local_setup.dsv
[4.321s] -- Symlinking: /home/public/ros2ws/install/turtlesim/share/turtlesim/package.dsv
[4.334s] -- Symlinking: /home/public/ros2ws/install/turtlesim/share/ament_index/resource_index/packages/turtlesim
[4.347s] -- Symlinking: /home/public/ros2ws/install/turtlesim/share/turtlesim/cmake/turtlesimConfig.cmake
[4.362s] -- Symlinking: /home/public/ros2ws/install/turtlesim/share/turtlesim/cmake/turtlesimConfig-version.cmake
[4.375s] -- Symlinking: /home/public/ros2ws/install/turtlesim/share/turtlesim/package.xml
[4.388s] -- Up-to-date: /home/public/ros2ws/install/turtlesim/share/turtlesim/images
[4.388s] -- Up-to-date: /home/public/ros2ws/install/turtlesim/share/turtlesim/images/kilted.png
[4.388s] -- Up-to-date: /home/public/ros2ws/install/turtlesim/share/turtlesim/images/eloquent.png
[4.388s] -- Up-to-date: /home/public/ros2ws/install/turtlesim/share/turtlesim/images/jazzy.png
[4.388s] -- Up-to-date: /home/public/ros2ws/install/turtlesim/share/turtlesim/images/bouncy.png
[4.388s] -- Up-to-date: /home/public/ros2ws/install/turtlesim/share/turtlesim/images/galactic.png
[4.388s] -- Up-to-date: /home/public/ros2ws/install/turtlesim/share/turtlesim/images/foxy.png
[4.388s] -- Up-to-date: /home/public/ros2ws/install/turtlesim/share/turtlesim/images/humble.png
[4.388s] -- Up-to-date: /home/public/ros2ws/install/turtlesim/share/turtlesim/images/dashing.png
[4.388s] -- Up-to-date: /home/public/ros2ws/install/turtlesim/share/turtlesim/images/crystal.png
[4.388s] -- Up-to-date: /home/public/ros2ws/install/turtlesim/share/turtlesim/images/iron.png
[4.389s] -- Up-to-date: /home/public/ros2ws/install/turtlesim/share/turtlesim/images/lyrical.png
[4.389s] -- Up-to-date: /home/public/ros2ws/install/turtlesim/share/turtlesim/images/ardent.png
[4.389s] -- Up-to-date: /home/public/ros2ws/install/turtlesim/share/turtlesim/images/rolling.png
[4.391s] Invoked command in '/home/public/ros2ws/build/turtlesim' returned '0': CMAKE_PREFIX_PATH=/home/public/ros2ws/install/turtlesim_msgs:/home/public/ros2ws/install/turtlesim:/home/public/ros2ws/install/examples_rclcpp_wait_set:/home/public/ros2ws/install/examples_rclcpp_multithreaded_executor:/home/public/ros2ws/install/examples_rclcpp_minimal_timer:/home/public/ros2ws/install/examples_rclcpp_minimal_subscriber:/home/public/ros2ws/install/examples_rclcpp_minimal_service:/home/public/ros2ws/install/examples_rclcpp_minimal_publisher:/home/public/ros2ws/install/examples_rclcpp_minimal_composition:/home/public/ros2ws/install/examples_rclcpp_minimal_client:/home/public/ros2ws/install/examples_rclcpp_minimal_action_server:/home/public/ros2ws/install/examples_rclcpp_minimal_action_client:/home/public/ros2ws/install/examples_rclcpp_cbg_executor:/home/public/ros2ws/install/examples_rclcpp_async_client:/opt/ros/lyrical/opt/gz_math_vendor:/opt/ros/lyrical/opt/gz_utils_vendor:/opt/ros/lyrical/opt/gz_cmake_vendor:/home/public/ros2ws/install/opencv2_nodes:/home/public/ros2ws/install/launch_testing_examples:/home/public/ros2ws/install/hiwonder_board:/home/public/ros2ws/install/examples_rclpy_pointcloud_publisher:/home/public/ros2ws/install/examples_rclpy_minimal_subscriber:/home/public/ros2ws/install/examples_rclpy_minimal_service:/home/public/ros2ws/install/examples_rclpy_minimal_publisher:/home/public/ros2ws/install/examples_rclpy_minimal_client:/home/public/ros2ws/install/examples_rclpy_minimal_action_server:/home/public/ros2ws/install/examples_rclpy_minimal_action_client:/home/public/ros2ws/install/examples_rclpy_guard_conditions:/home/public/ros2ws/install/examples_rclpy_executors:/home/public/ros2ws/install/controls_core:/opt/ros/lyrical DEBUGINFOD_URLS=https://debuginfod.ubuntu.com /usr/bin/cmake --install /home/public/ros2ws/build/turtlesim
