[4.696s] Invoking command in '/home/public/MSE112_MPi5_Hiwonder_ROS2/ros2ws/build/vision_stack': DEBUGINFOD_URLS=https://debuginfod.ubuntu.com PYTHONPATH=/home/public/MSE112_MPi5_Hiwonder_ROS2/ros2ws/build/vision_stack/prefix_override:/usr/lib/python3/dist-packages/colcon_core/task/python/colcon_distutils_commands:/home/public/MSE112_MPi5_Hiwonder_ROS2/ros2ws/install/vision_stack/lib/python3.14/site-packages:${PYTHONPATH} /usr/bin/python3 -W ignore:setup.py install is deprecated -W ignore:easy_install command is deprecated setup.py develop --editable --build-directory /home/public/MSE112_MPi5_Hiwonder_ROS2/ros2ws/build/vision_stack/build --no-deps symlink_data
[5.652s] running develop
[5.990s] running egg_info
[6.029s] writing vision_stack.egg-info/PKG-INFO
[6.030s] writing dependency_links to vision_stack.egg-info/dependency_links.txt
[6.033s] writing entry points to vision_stack.egg-info/entry_points.txt
[6.033s] writing requirements to vision_stack.egg-info/requires.txt
[6.033s] writing top-level names to vision_stack.egg-info/top_level.txt
[6.104s] reading manifest file 'vision_stack.egg-info/SOURCES.txt'
[6.111s] writing manifest file 'vision_stack.egg-info/SOURCES.txt'
[6.165s] running build_ext
[6.165s] Creating /home/public/MSE112_MPi5_Hiwonder_ROS2/ros2ws/install/vision_stack/lib/python3.14/site-packages/vision-stack.egg-link (link to .)
[6.168s] Installing bin_mask script to /home/public/MSE112_MPi5_Hiwonder_ROS2/ros2ws/install/vision_stack/lib/vision_stack
[6.169s] Installing edge_recog script to /home/public/MSE112_MPi5_Hiwonder_ROS2/ros2ws/install/vision_stack/lib/vision_stack
[6.169s] Installing image_publisher script to /home/public/MSE112_MPi5_Hiwonder_ROS2/ros2ws/install/vision_stack/lib/vision_stack
[6.174s] Installing line_recog script to /home/public/MSE112_MPi5_Hiwonder_ROS2/ros2ws/install/vision_stack/lib/vision_stack
[6.174s] Installing line_tracking script to /home/public/MSE112_MPi5_Hiwonder_ROS2/ros2ws/install/vision_stack/lib/vision_stack
[6.176s] 
[6.176s] Installed /home/public/MSE112_MPi5_Hiwonder_ROS2/ros2ws/build/vision_stack
[6.177s] running symlink_data
[6.410s] Invoked command in '/home/public/MSE112_MPi5_Hiwonder_ROS2/ros2ws/build/vision_stack' returned '0': DEBUGINFOD_URLS=https://debuginfod.ubuntu.com PYTHONPATH=/home/public/MSE112_MPi5_Hiwonder_ROS2/ros2ws/build/vision_stack/prefix_override:/usr/lib/python3/dist-packages/colcon_core/task/python/colcon_distutils_commands:/home/public/MSE112_MPi5_Hiwonder_ROS2/ros2ws/install/vision_stack/lib/python3.14/site-packages:${PYTHONPATH} /usr/bin/python3 -W ignore:setup.py install is deprecated -W ignore:easy_install command is deprecated setup.py develop --editable --build-directory /home/public/MSE112_MPi5_Hiwonder_ROS2/ros2ws/build/vision_stack/build --no-deps symlink_data
