[4.795s] Invoking command in '/home/public/MSE112_MPi5_Hiwonder_ROS2/ros2ws/build/vision_stack': DEBUGINFOD_URLS=https://debuginfod.ubuntu.com PYTHONPATH=/home/public/MSE112_MPi5_Hiwonder_ROS2/ros2ws/build/vision_stack/prefix_override:/usr/lib/python3/dist-packages/colcon_core/task/python/colcon_distutils_commands:/home/public/MSE112_MPi5_Hiwonder_ROS2/ros2ws/install/vision_stack/lib/python3.14/site-packages:${PYTHONPATH} /usr/bin/python3 -W ignore:setup.py install is deprecated -W ignore:easy_install command is deprecated setup.py develop --editable --build-directory /home/public/MSE112_MPi5_Hiwonder_ROS2/ros2ws/build/vision_stack/build --no-deps symlink_data
[5.720s] running develop
[6.076s] running egg_info
[6.114s] creating vision_stack.egg-info
[6.114s] writing vision_stack.egg-info/PKG-INFO
[6.115s] writing dependency_links to vision_stack.egg-info/dependency_links.txt
[6.115s] writing entry points to vision_stack.egg-info/entry_points.txt
[6.116s] writing requirements to vision_stack.egg-info/requires.txt
[6.116s] writing top-level names to vision_stack.egg-info/top_level.txt
[6.116s] writing manifest file 'vision_stack.egg-info/SOURCES.txt'
[6.194s] reading manifest file 'vision_stack.egg-info/SOURCES.txt'
[6.195s] writing manifest file 'vision_stack.egg-info/SOURCES.txt'
[6.237s] running build_ext
[6.237s] Creating /home/public/MSE112_MPi5_Hiwonder_ROS2/ros2ws/install/vision_stack/lib/python3.14/site-packages/vision-stack.egg-link (link to .)
[6.238s] Installing bin_mask script to /home/public/MSE112_MPi5_Hiwonder_ROS2/ros2ws/install/vision_stack/lib/vision_stack
[6.238s] Installing edge_recog script to /home/public/MSE112_MPi5_Hiwonder_ROS2/ros2ws/install/vision_stack/lib/vision_stack
[6.239s] Installing image_publisher script to /home/public/MSE112_MPi5_Hiwonder_ROS2/ros2ws/install/vision_stack/lib/vision_stack
[6.239s] Installing line_recog script to /home/public/MSE112_MPi5_Hiwonder_ROS2/ros2ws/install/vision_stack/lib/vision_stack
[6.239s] Installing line_tracking script to /home/public/MSE112_MPi5_Hiwonder_ROS2/ros2ws/install/vision_stack/lib/vision_stack
[6.239s] 
[6.239s] Installed /home/public/MSE112_MPi5_Hiwonder_ROS2/ros2ws/build/vision_stack
[6.239s] running symlink_data
[6.240s] creating /home/public/MSE112_MPi5_Hiwonder_ROS2/ros2ws/install/vision_stack/share/ament_index/resource_index/packages
[6.240s] symbolically linking /home/public/MSE112_MPi5_Hiwonder_ROS2/ros2ws/build/vision_stack/resource/vision_stack -> /home/public/MSE112_MPi5_Hiwonder_ROS2/ros2ws/install/vision_stack/share/ament_index/resource_index/packages
[6.240s] symbolically linking /home/public/MSE112_MPi5_Hiwonder_ROS2/ros2ws/build/vision_stack/package.xml -> /home/public/MSE112_MPi5_Hiwonder_ROS2/ros2ws/install/vision_stack/share/vision_stack
[6.454s] Invoked command in '/home/public/MSE112_MPi5_Hiwonder_ROS2/ros2ws/build/vision_stack' returned '0': DEBUGINFOD_URLS=https://debuginfod.ubuntu.com PYTHONPATH=/home/public/MSE112_MPi5_Hiwonder_ROS2/ros2ws/build/vision_stack/prefix_override:/usr/lib/python3/dist-packages/colcon_core/task/python/colcon_distutils_commands:/home/public/MSE112_MPi5_Hiwonder_ROS2/ros2ws/install/vision_stack/lib/python3.14/site-packages:${PYTHONPATH} /usr/bin/python3 -W ignore:setup.py install is deprecated -W ignore:easy_install command is deprecated setup.py develop --editable --build-directory /home/public/MSE112_MPi5_Hiwonder_ROS2/ros2ws/build/vision_stack/build --no-deps symlink_data
