[3.767s] Invoking command in '/home/public/MSE112_MPi5_Hiwonder_ROS2/ros2ws/build/controls_core': DEBUGINFOD_URLS=https://debuginfod.ubuntu.com PYTHONPATH=/home/public/MSE112_MPi5_Hiwonder_ROS2/ros2ws/build/controls_core/prefix_override:/usr/lib/python3/dist-packages/colcon_core/task/python/colcon_distutils_commands:/home/public/MSE112_MPi5_Hiwonder_ROS2/ros2ws/install/controls_core/lib/python3.14/site-packages:${PYTHONPATH} /usr/bin/python3 -W ignore:setup.py install is deprecated -W ignore:easy_install command is deprecated setup.py develop --uninstall --editable --build-directory /home/public/MSE112_MPi5_Hiwonder_ROS2/ros2ws/build/controls_core/build
[4.796s] running develop
[5.738s] Removing /home/public/MSE112_MPi5_Hiwonder_ROS2/ros2ws/install/controls_core/lib/python3.14/site-packages/controls-core.egg-link (link to .)
[6.208s] Invoked command in '/home/public/MSE112_MPi5_Hiwonder_ROS2/ros2ws/build/controls_core' returned '0': DEBUGINFOD_URLS=https://debuginfod.ubuntu.com PYTHONPATH=/home/public/MSE112_MPi5_Hiwonder_ROS2/ros2ws/build/controls_core/prefix_override:/usr/lib/python3/dist-packages/colcon_core/task/python/colcon_distutils_commands:/home/public/MSE112_MPi5_Hiwonder_ROS2/ros2ws/install/controls_core/lib/python3.14/site-packages:${PYTHONPATH} /usr/bin/python3 -W ignore:setup.py install is deprecated -W ignore:easy_install command is deprecated setup.py develop --uninstall --editable --build-directory /home/public/MSE112_MPi5_Hiwonder_ROS2/ros2ws/build/controls_core/build
[6.213s] Invoking command in '/home/public/MSE112_MPi5_Hiwonder_ROS2/ros2ws/src/controls_core': DEBUGINFOD_URLS=https://debuginfod.ubuntu.com PYTHONPATH=/home/public/MSE112_MPi5_Hiwonder_ROS2/ros2ws/build/controls_core/prefix_override:/usr/lib/python3/dist-packages/colcon_core/task/python/colcon_distutils_commands:/home/public/MSE112_MPi5_Hiwonder_ROS2/ros2ws/install/controls_core/lib/python3.14/site-packages:${PYTHONPATH} /usr/bin/python3 -W ignore:setup.py install is deprecated -W ignore:easy_install command is deprecated setup.py egg_info --egg-base ../../build/controls_core build --build-base /home/public/MSE112_MPi5_Hiwonder_ROS2/ros2ws/build/controls_core/build install --record /home/public/MSE112_MPi5_Hiwonder_ROS2/ros2ws/build/controls_core/install.log --install-scripts $base/lib/controls_core --single-version-externally-managed install_data --force
[7.264s] running egg_info
[7.394s] writing ../../build/controls_core/controls_core.egg-info/PKG-INFO
[7.398s] writing dependency_links to ../../build/controls_core/controls_core.egg-info/dependency_links.txt
[7.401s] writing entry points to ../../build/controls_core/controls_core.egg-info/entry_points.txt
[7.408s] writing requirements to ../../build/controls_core/controls_core.egg-info/requires.txt
[7.408s] writing top-level names to ../../build/controls_core/controls_core.egg-info/top_level.txt
[7.729s] reading manifest file '../../build/controls_core/controls_core.egg-info/SOURCES.txt'
[7.733s] adding license file 'LICENSE'
[7.734s] writing manifest file '../../build/controls_core/controls_core.egg-info/SOURCES.txt'
[7.735s] running build
[7.736s] running build_py
[7.738s] copying controls_core/ui_testing.py -> /home/public/MSE112_MPi5_Hiwonder_ROS2/ros2ws/build/controls_core/build/lib/controls_core
[7.739s] copying controls_core/__init__.py -> /home/public/MSE112_MPi5_Hiwonder_ROS2/ros2ws/build/controls_core/build/lib/controls_core
[7.740s] copying controls_core/cv_interface.py -> /home/public/MSE112_MPi5_Hiwonder_ROS2/ros2ws/build/controls_core/build/lib/controls_core
[7.745s] copying controls_core/py.typed -> /home/public/MSE112_MPi5_Hiwonder_ROS2/ros2ws/build/controls_core/build/lib/controls_core
[7.747s] running install
[7.764s] running install_lib
[7.853s] byte-compiling /home/public/MSE112_MPi5_Hiwonder_ROS2/ros2ws/install/controls_core/lib/python3.14/site-packages/controls_core/ui_testing.py to ui_testing.cpython-314.pyc
[7.865s] byte-compiling /home/public/MSE112_MPi5_Hiwonder_ROS2/ros2ws/install/controls_core/lib/python3.14/site-packages/controls_core/main_control_node.py to main_control_node.cpython-314.pyc
[7.868s] byte-compiling /home/public/MSE112_MPi5_Hiwonder_ROS2/ros2ws/install/controls_core/lib/python3.14/site-packages/controls_core/__init__.py to __init__.cpython-314.pyc
[7.871s] byte-compiling /home/public/MSE112_MPi5_Hiwonder_ROS2/ros2ws/install/controls_core/lib/python3.14/site-packages/controls_core/cv_interface.py to cv_interface.cpython-314.pyc
[7.877s] byte-compiling /home/public/MSE112_MPi5_Hiwonder_ROS2/ros2ws/install/controls_core/lib/python3.14/site-packages/controls_core/board_interface.py to board_interface.cpython-314.pyc
[7.889s] running install_data
[7.890s] copying resource/controls_core -> /home/public/MSE112_MPi5_Hiwonder_ROS2/ros2ws/install/controls_core/share/ament_index/resource_index/packages
[7.891s] copying package.xml -> /home/public/MSE112_MPi5_Hiwonder_ROS2/ros2ws/install/controls_core/share/controls_core
[7.892s] running install_egg_info
[7.978s] removing '/home/public/MSE112_MPi5_Hiwonder_ROS2/ros2ws/install/controls_core/lib/python3.14/site-packages/controls_core-0.0.0-py3.14.egg-info' (and everything under it)
[7.979s] Copying ../../build/controls_core/controls_core.egg-info to /home/public/MSE112_MPi5_Hiwonder_ROS2/ros2ws/install/controls_core/lib/python3.14/site-packages/controls_core-0.0.0-py3.14.egg-info
[7.982s] running install_scripts
[8.287s] Installing main_control_node script to /home/public/MSE112_MPi5_Hiwonder_ROS2/ros2ws/install/controls_core/lib/controls_core
[8.288s] writing list of installed files to '/home/public/MSE112_MPi5_Hiwonder_ROS2/ros2ws/build/controls_core/install.log'
[8.609s] Invoked command in '/home/public/MSE112_MPi5_Hiwonder_ROS2/ros2ws/src/controls_core' returned '0': DEBUGINFOD_URLS=https://debuginfod.ubuntu.com PYTHONPATH=/home/public/MSE112_MPi5_Hiwonder_ROS2/ros2ws/build/controls_core/prefix_override:/usr/lib/python3/dist-packages/colcon_core/task/python/colcon_distutils_commands:/home/public/MSE112_MPi5_Hiwonder_ROS2/ros2ws/install/controls_core/lib/python3.14/site-packages:${PYTHONPATH} /usr/bin/python3 -W ignore:setup.py install is deprecated -W ignore:easy_install command is deprecated setup.py egg_info --egg-base ../../build/controls_core build --build-base /home/public/MSE112_MPi5_Hiwonder_ROS2/ros2ws/build/controls_core/build install --record /home/public/MSE112_MPi5_Hiwonder_ROS2/ros2ws/build/controls_core/install.log --install-scripts $base/lib/controls_core --single-version-externally-managed install_data --force
