[0.032s] Invoking command in '/home/public/ros2ws/build/turtlesim': AMENT_PREFIX_PATH=/home/public/ros2ws/install/turtlesim_msgs:${AMENT_PREFIX_PATH} CMAKE_PREFIX_PATH=/home/public/ros2ws/install/turtlesim_msgs:/opt/ros/lyrical/opt/gz_math_vendor:/opt/ros/lyrical/opt/gz_utils_vendor:/opt/ros/lyrical/opt/gz_cmake_vendor:/opt/ros/lyrical DEBUGINFOD_URLS=https://debuginfod.ubuntu.com LD_LIBRARY_PATH=/home/public/ros2ws/install/turtlesim_msgs/lib:${LD_LIBRARY_PATH} PYTHONPATH=/home/public/ros2ws/install/turtlesim_msgs/lib/python3.14/site-packages:${PYTHONPATH} /usr/bin/cmake --build /home/public/ros2ws/build/turtlesim -- -j4 -l4
[0.053s] gmake: Warning: File 'Makefile' has modification time 8915528 s in the future
[0.172s] gmake[1]: Warning: File 'CMakeFiles/Makefile2' has modification time 8915528 s in the future
[0.174s] gmake[2]: Warning: File 'CMakeFiles/turtlesim_node_autogen_timestamp_deps.dir/build.make' has modification time 7876071 s in the future
[0.194s] gmake[2]: warning:  Clock skew detected.  Your build may be incomplete.
[0.196s] gmake[2]: Warning: File 'CMakeFiles/turtlesim_node_autogen_timestamp_deps.dir/build.make' has modification time 7876071 s in the future
[0.196s] gmake[2]: warning:  Clock skew detected.  Your build may be incomplete.
[0.212s] [  0%] Built target turtlesim_node_autogen_timestamp_deps
[0.215s] gmake[2]: Warning: File 'CMakeFiles/mimic_autogen_timestamp_deps.dir/build.make' has modification time 7876071 s in the future
[0.229s] gmake[2]: warning:  Clock skew detected.  Your build may be incomplete.
[0.231s] gmake[2]: Warning: File 'CMakeFiles/mimic_autogen_timestamp_deps.dir/build.make' has modification time 7876071 s in the future
[0.231s] gmake[2]: warning:  Clock skew detected.  Your build may be incomplete.
[0.247s] [  0%] Built target mimic_autogen_timestamp_deps
[0.259s] gmake[2]: Warning: File 'CMakeFiles/turtlesim_node_autogen.dir/build.make' has modification time 7876071 s in the future
[0.303s] gmake[2]: warning:  Clock skew detected.  Your build may be incomplete.
[0.303s] gmake[2]: Warning: File 'CMakeFiles/turtlesim_node_autogen.dir/build.make' has modification time 7876071 s in the future
[0.316s] gmake[2]: warning:  Clock skew detected.  Your build may be incomplete.
[0.329s] [  5%] Built target turtlesim_node_autogen
[0.340s] gmake[2]: Warning: File 'CMakeFiles/mimic_autogen.dir/build.make' has modification time 7876071 s in the future
[0.375s] gmake[2]: warning:  Clock skew detected.  Your build may be incomplete.
[0.381s] gmake[2]: Warning: File 'CMakeFiles/mimic_autogen.dir/build.make' has modification time 7876071 s in the future
[0.384s] gmake[2]: warning:  Clock skew detected.  Your build may be incomplete.
[0.397s] [ 10%] Built target mimic_autogen
[0.415s] gmake[2]: Warning: File 'CMakeFiles/turtlesim_node.dir/build.make' has modification time 7876071 s in the future
[0.440s] gmake[2]: warning:  Clock skew detected.  Your build may be incomplete.
[0.454s] gmake[2]: Warning: File 'CMakeFiles/turtlesim_node.dir/build.make' has modification time 7876071 s in the future
[0.589s] gmake[2]: warning:  Clock skew detected.  Your build may be incomplete.
[0.634s] [ 45%] Built target turtlesim_node
[0.674s] gmake[2]: Warning: File 'CMakeFiles/mimic.dir/build.make' has modification time 7876071 s in the future
[0.786s] gmake[2]: warning:  Clock skew detected.  Your build may be incomplete.
[0.800s] gmake[2]: Warning: File 'CMakeFiles/mimic.dir/build.make' has modification time 7876071 s in the future
[0.804s] gmake[2]: warning:  Clock skew detected.  Your build may be incomplete.
[0.837s] [ 60%] Built target mimic
[0.845s] gmake[2]: Warning: File 'CMakeFiles/draw_square_autogen_timestamp_deps.dir/build.make' has modification time 7876070 s in the future
[0.885s] gmake[2]: warning:  Clock skew detected.  Your build may be incomplete.
[0.890s] gmake[2]: Warning: File 'CMakeFiles/draw_square_autogen_timestamp_deps.dir/build.make' has modification time 7876070 s in the future
[0.893s] gmake[2]: warning:  Clock skew detected.  Your build may be incomplete.
[0.930s] [ 60%] Built target draw_square_autogen_timestamp_deps
[0.936s] gmake[2]: Warning: File 'CMakeFiles/turtle_teleop_key_autogen_timestamp_deps.dir/build.make' has modification time 7876070 s in the future
[0.965s] gmake[2]: warning:  Clock skew detected.  Your build may be incomplete.
[0.967s] gmake[2]: Warning: File 'CMakeFiles/turtle_teleop_key_autogen_timestamp_deps.dir/build.make' has modification time 7876070 s in the future
[0.967s] gmake[2]: warning:  Clock skew detected.  Your build may be incomplete.
[0.988s] [ 60%] Built target turtle_teleop_key_autogen_timestamp_deps
[1.001s] gmake[2]: Warning: File 'CMakeFiles/draw_square_autogen.dir/build.make' has modification time 7876070 s in the future
[1.042s] gmake[2]: warning:  Clock skew detected.  Your build may be incomplete.
[1.049s] gmake[2]: Warning: File 'CMakeFiles/draw_square_autogen.dir/build.make' has modification time 7876070 s in the future
[1.065s] gmake[2]: warning:  Clock skew detected.  Your build may be incomplete.
[1.089s] [ 65%] Built target draw_square_autogen
[1.104s] gmake[2]: Warning: File 'CMakeFiles/turtle_teleop_key_autogen.dir/build.make' has modification time 7876070 s in the future
[1.146s] gmake[2]: warning:  Clock skew detected.  Your build may be incomplete.
[1.155s] gmake[2]: Warning: File 'CMakeFiles/turtle_teleop_key_autogen.dir/build.make' has modification time 7876070 s in the future
[1.168s] gmake[2]: warning:  Clock skew detected.  Your build may be incomplete.
[1.191s] [ 70%] Built target turtle_teleop_key_autogen
[1.207s] gmake[2]: Warning: File 'CMakeFiles/draw_square.dir/build.make' has modification time 7876070 s in the future
[1.231s] gmake[2]: warning:  Clock skew detected.  Your build may be incomplete.
[1.240s] gmake[2]: Warning: File 'CMakeFiles/draw_square.dir/build.make' has modification time 7876070 s in the future
[1.243s] gmake[2]: warning:  Clock skew detected.  Your build may be incomplete.
[1.269s] [ 85%] Built target draw_square
[1.293s] gmake[2]: Warning: File 'CMakeFiles/turtle_teleop_key.dir/build.make' has modification time 7876070 s in the future
[1.318s] gmake[2]: warning:  Clock skew detected.  Your build may be incomplete.
[1.325s] gmake[2]: Warning: File 'CMakeFiles/turtle_teleop_key.dir/build.make' has modification time 7876070 s in the future
[1.328s] gmake[2]: warning:  Clock skew detected.  Your build may be incomplete.
[1.340s] [100%] Built target turtle_teleop_key
[1.342s] gmake[1]: warning:  Clock skew detected.  Your build may be incomplete.
[1.357s] gmake: warning:  Clock skew detected.  Your build may be incomplete.
[1.363s] Invoked command in '/home/public/ros2ws/build/turtlesim' returned '0': AMENT_PREFIX_PATH=/home/public/ros2ws/install/turtlesim_msgs:${AMENT_PREFIX_PATH} CMAKE_PREFIX_PATH=/home/public/ros2ws/install/turtlesim_msgs:/opt/ros/lyrical/opt/gz_math_vendor:/opt/ros/lyrical/opt/gz_utils_vendor:/opt/ros/lyrical/opt/gz_cmake_vendor:/opt/ros/lyrical DEBUGINFOD_URLS=https://debuginfod.ubuntu.com LD_LIBRARY_PATH=/home/public/ros2ws/install/turtlesim_msgs/lib:${LD_LIBRARY_PATH} PYTHONPATH=/home/public/ros2ws/install/turtlesim_msgs/lib/python3.14/site-packages:${PYTHONPATH} /usr/bin/cmake --build /home/public/ros2ws/build/turtlesim -- -j4 -l4
[1.370s] Invoking command in '/home/public/ros2ws/build/turtlesim': AMENT_PREFIX_PATH=/home/public/ros2ws/install/turtlesim_msgs:${AMENT_PREFIX_PATH} CMAKE_PREFIX_PATH=/home/public/ros2ws/install/turtlesim_msgs:/opt/ros/lyrical/opt/gz_math_vendor:/opt/ros/lyrical/opt/gz_utils_vendor:/opt/ros/lyrical/opt/gz_cmake_vendor:/opt/ros/lyrical DEBUGINFOD_URLS=https://debuginfod.ubuntu.com LD_LIBRARY_PATH=/home/public/ros2ws/install/turtlesim_msgs/lib:${LD_LIBRARY_PATH} PYTHONPATH=/home/public/ros2ws/install/turtlesim_msgs/lib/python3.14/site-packages:${PYTHONPATH} /usr/bin/cmake --install /home/public/ros2ws/build/turtlesim
[1.384s] -- Install configuration: ""
[1.386s] -- Execute custom install script
[1.388s] -- Up-to-date symlink: /home/public/ros2ws/install/turtlesim/lib/turtlesim/turtlesim_node
[1.388s] -- Up-to-date symlink: /home/public/ros2ws/install/turtlesim/lib/turtlesim/turtle_teleop_key
[1.389s] -- Up-to-date symlink: /home/public/ros2ws/install/turtlesim/lib/turtlesim/draw_square
[1.389s] -- Up-to-date symlink: /home/public/ros2ws/install/turtlesim/lib/turtlesim/mimic
[1.392s] -- Up-to-date symlink: /home/public/ros2ws/install/turtlesim/share/turtlesim/launch/multisim.launch.py
[1.394s] -- Up-to-date symlink: /home/public/ros2ws/install/turtlesim/share/ament_index/resource_index/package_run_dependencies/turtlesim
[1.396s] -- Up-to-date symlink: /home/public/ros2ws/install/turtlesim/share/ament_index/resource_index/parent_prefix_path/turtlesim
[1.397s] -- Up-to-date symlink: /home/public/ros2ws/install/turtlesim/share/turtlesim/environment/ament_prefix_path.sh
[1.398s] -- Up-to-date symlink: /home/public/ros2ws/install/turtlesim/share/turtlesim/environment/ament_prefix_path.dsv
[1.399s] -- Up-to-date symlink: /home/public/ros2ws/install/turtlesim/share/turtlesim/environment/path.sh
[1.400s] -- Up-to-date symlink: /home/public/ros2ws/install/turtlesim/share/turtlesim/environment/path.dsv
[1.401s] -- Up-to-date symlink: /home/public/ros2ws/install/turtlesim/share/turtlesim/local_setup.bash
[1.402s] -- Up-to-date symlink: /home/public/ros2ws/install/turtlesim/share/turtlesim/local_setup.fish
[1.403s] -- Up-to-date symlink: /home/public/ros2ws/install/turtlesim/share/turtlesim/local_setup.sh
[1.404s] -- Up-to-date symlink: /home/public/ros2ws/install/turtlesim/share/turtlesim/local_setup.zsh
[1.405s] -- Up-to-date symlink: /home/public/ros2ws/install/turtlesim/share/turtlesim/local_setup.dsv
[1.408s] -- Symlinking: /home/public/ros2ws/install/turtlesim/share/turtlesim/package.dsv
[1.422s] -- Up-to-date symlink: /home/public/ros2ws/install/turtlesim/share/ament_index/resource_index/packages/turtlesim
[1.424s] -- Up-to-date symlink: /home/public/ros2ws/install/turtlesim/share/turtlesim/cmake/turtlesimConfig.cmake
[1.424s] -- Up-to-date symlink: /home/public/ros2ws/install/turtlesim/share/turtlesim/cmake/turtlesimConfig-version.cmake
[1.425s] -- Up-to-date symlink: /home/public/ros2ws/install/turtlesim/share/turtlesim/package.xml
[1.426s] -- Up-to-date: /home/public/ros2ws/install/turtlesim/share/turtlesim/images
[1.427s] -- Up-to-date: /home/public/ros2ws/install/turtlesim/share/turtlesim/images/kilted.png
[1.427s] -- Up-to-date: /home/public/ros2ws/install/turtlesim/share/turtlesim/images/eloquent.png
[1.427s] -- Up-to-date: /home/public/ros2ws/install/turtlesim/share/turtlesim/images/jazzy.png
[1.427s] -- Up-to-date: /home/public/ros2ws/install/turtlesim/share/turtlesim/images/bouncy.png
[1.427s] -- Up-to-date: /home/public/ros2ws/install/turtlesim/share/turtlesim/images/galactic.png
[1.428s] -- Up-to-date: /home/public/ros2ws/install/turtlesim/share/turtlesim/images/foxy.png
[1.428s] -- Up-to-date: /home/public/ros2ws/install/turtlesim/share/turtlesim/images/humble.png
[1.428s] -- Up-to-date: /home/public/ros2ws/install/turtlesim/share/turtlesim/images/dashing.png
[1.428s] -- Up-to-date: /home/public/ros2ws/install/turtlesim/share/turtlesim/images/crystal.png
[1.428s] -- Up-to-date: /home/public/ros2ws/install/turtlesim/share/turtlesim/images/iron.png
[1.429s] -- Up-to-date: /home/public/ros2ws/install/turtlesim/share/turtlesim/images/lyrical.png
[1.429s] -- Up-to-date: /home/public/ros2ws/install/turtlesim/share/turtlesim/images/ardent.png
[1.429s] -- Up-to-date: /home/public/ros2ws/install/turtlesim/share/turtlesim/images/rolling.png
[1.433s] Invoked command in '/home/public/ros2ws/build/turtlesim' returned '0': AMENT_PREFIX_PATH=/home/public/ros2ws/install/turtlesim_msgs:${AMENT_PREFIX_PATH} CMAKE_PREFIX_PATH=/home/public/ros2ws/install/turtlesim_msgs:/opt/ros/lyrical/opt/gz_math_vendor:/opt/ros/lyrical/opt/gz_utils_vendor:/opt/ros/lyrical/opt/gz_cmake_vendor:/opt/ros/lyrical DEBUGINFOD_URLS=https://debuginfod.ubuntu.com LD_LIBRARY_PATH=/home/public/ros2ws/install/turtlesim_msgs/lib:${LD_LIBRARY_PATH} PYTHONPATH=/home/public/ros2ws/install/turtlesim_msgs/lib/python3.14/site-packages:${PYTHONPATH} /usr/bin/cmake --install /home/public/ros2ws/build/turtlesim
