[2.158s] Invoking command in '/home/public/ros2ws/src/opencv2_nodes': DEBUGINFOD_URLS=https://debuginfod.ubuntu.com PYTHONPATH=/home/public/ros2ws/src/opencv2_nodes/build/opencv2_nodes/prefix_override:/usr/lib/python3/dist-packages/colcon_core/task/python/colcon_distutils_commands:/home/public/ros2ws/src/opencv2_nodes/install/opencv2_nodes/lib/python3.14/site-packages:${PYTHONPATH} /usr/bin/python3 -W ignore:setup.py install is deprecated -W ignore:easy_install command is deprecated setup.py egg_info --egg-base build/opencv2_nodes build --build-base /home/public/ros2ws/src/opencv2_nodes/build/opencv2_nodes/build install --record /home/public/ros2ws/src/opencv2_nodes/build/opencv2_nodes/install.log --install-scripts $base/lib/opencv2_nodes --single-version-externally-managed install_data
[2.898s] running egg_info
[2.940s] creating build/opencv2_nodes/opencv2_nodes.egg-info
[2.944s] writing build/opencv2_nodes/opencv2_nodes.egg-info/PKG-INFO
[2.946s] writing dependency_links to build/opencv2_nodes/opencv2_nodes.egg-info/dependency_links.txt
[2.946s] writing entry points to build/opencv2_nodes/opencv2_nodes.egg-info/entry_points.txt
[2.947s] writing requirements to build/opencv2_nodes/opencv2_nodes.egg-info/requires.txt
[2.948s] writing top-level names to build/opencv2_nodes/opencv2_nodes.egg-info/top_level.txt
[2.948s] writing manifest file 'build/opencv2_nodes/opencv2_nodes.egg-info/SOURCES.txt'
[3.039s] reading manifest file 'build/opencv2_nodes/opencv2_nodes.egg-info/SOURCES.txt'
[3.040s] writing manifest file 'build/opencv2_nodes/opencv2_nodes.egg-info/SOURCES.txt'
[3.040s] running build
[3.041s] running build_py
[3.041s] creating /home/public/ros2ws/src/opencv2_nodes/build/opencv2_nodes/build/lib/opencv2_nodes
[3.041s] copying opencv2_nodes/color_recog.py -> /home/public/ros2ws/src/opencv2_nodes/build/opencv2_nodes/build/lib/opencv2_nodes
[3.042s] copying opencv2_nodes/line_recog.py -> /home/public/ros2ws/src/opencv2_nodes/build/opencv2_nodes/build/lib/opencv2_nodes
[3.042s] copying opencv2_nodes/__init__.py -> /home/public/ros2ws/src/opencv2_nodes/build/opencv2_nodes/build/lib/opencv2_nodes
[3.043s] copying opencv2_nodes/edge_recog.py -> /home/public/ros2ws/src/opencv2_nodes/build/opencv2_nodes/build/lib/opencv2_nodes
[3.044s] copying opencv2_nodes/image_publisher.py -> /home/public/ros2ws/src/opencv2_nodes/build/opencv2_nodes/build/lib/opencv2_nodes
[3.044s] copying opencv2_nodes/py.typed -> /home/public/ros2ws/src/opencv2_nodes/build/opencv2_nodes/build/lib/opencv2_nodes
[3.044s] running install
[3.056s] running install_lib
[3.096s] creating /home/public/ros2ws/src/opencv2_nodes/install/opencv2_nodes/lib/python3.14/site-packages/opencv2_nodes
[3.098s] copying /home/public/ros2ws/src/opencv2_nodes/build/opencv2_nodes/build/lib/opencv2_nodes/color_recog.py -> /home/public/ros2ws/src/opencv2_nodes/install/opencv2_nodes/lib/python3.14/site-packages/opencv2_nodes
[3.098s] copying /home/public/ros2ws/src/opencv2_nodes/build/opencv2_nodes/build/lib/opencv2_nodes/line_recog.py -> /home/public/ros2ws/src/opencv2_nodes/install/opencv2_nodes/lib/python3.14/site-packages/opencv2_nodes
[3.098s] copying /home/public/ros2ws/src/opencv2_nodes/build/opencv2_nodes/build/lib/opencv2_nodes/__init__.py -> /home/public/ros2ws/src/opencv2_nodes/install/opencv2_nodes/lib/python3.14/site-packages/opencv2_nodes
[3.098s] copying /home/public/ros2ws/src/opencv2_nodes/build/opencv2_nodes/build/lib/opencv2_nodes/py.typed -> /home/public/ros2ws/src/opencv2_nodes/install/opencv2_nodes/lib/python3.14/site-packages/opencv2_nodes
[3.099s] copying /home/public/ros2ws/src/opencv2_nodes/build/opencv2_nodes/build/lib/opencv2_nodes/edge_recog.py -> /home/public/ros2ws/src/opencv2_nodes/install/opencv2_nodes/lib/python3.14/site-packages/opencv2_nodes
[3.099s] copying /home/public/ros2ws/src/opencv2_nodes/build/opencv2_nodes/build/lib/opencv2_nodes/image_publisher.py -> /home/public/ros2ws/src/opencv2_nodes/install/opencv2_nodes/lib/python3.14/site-packages/opencv2_nodes
[3.102s] byte-compiling /home/public/ros2ws/src/opencv2_nodes/install/opencv2_nodes/lib/python3.14/site-packages/opencv2_nodes/color_recog.py to color_recog.cpython-314.pyc
[3.102s] byte-compiling /home/public/ros2ws/src/opencv2_nodes/install/opencv2_nodes/lib/python3.14/site-packages/opencv2_nodes/line_recog.py to line_recog.cpython-314.pyc
[3.102s] byte-compiling /home/public/ros2ws/src/opencv2_nodes/install/opencv2_nodes/lib/python3.14/site-packages/opencv2_nodes/__init__.py to __init__.cpython-314.pyc
[3.105s] byte-compiling /home/public/ros2ws/src/opencv2_nodes/install/opencv2_nodes/lib/python3.14/site-packages/opencv2_nodes/edge_recog.py to edge_recog.cpython-314.pyc
[3.106s]   File "/home/public/ros2ws/src/opencv2_nodes/install/opencv2_nodes/lib/python3.14/site-packages/opencv2_nodes/edge_recog.py", line 55
[3.106s]     break 
[3.106s]     ^^^^^
[3.106s] SyntaxError: 'break' outside loop
[3.106s] 
[3.106s] byte-compiling /home/public/ros2ws/src/opencv2_nodes/install/opencv2_nodes/lib/python3.14/site-packages/opencv2_nodes/image_publisher.py to image_publisher.cpython-314.pyc
[3.107s] running install_data
[3.107s] creating /home/public/ros2ws/src/opencv2_nodes/install/opencv2_nodes/share/ament_index/resource_index/packages
[3.107s] copying resource/opencv2_nodes -> /home/public/ros2ws/src/opencv2_nodes/install/opencv2_nodes/share/ament_index/resource_index/packages
[3.107s] copying package.xml -> /home/public/ros2ws/src/opencv2_nodes/install/opencv2_nodes/share/opencv2_nodes
[3.107s] running install_egg_info
[3.152s] Copying build/opencv2_nodes/opencv2_nodes.egg-info to /home/public/ros2ws/src/opencv2_nodes/install/opencv2_nodes/lib/python3.14/site-packages/opencv2_nodes-0.0.0-py3.14.egg-info
[3.154s] running install_scripts
[3.373s] Installing image_publisher script to /home/public/ros2ws/src/opencv2_nodes/install/opencv2_nodes/lib/opencv2_nodes
[3.375s] writing list of installed files to '/home/public/ros2ws/src/opencv2_nodes/build/opencv2_nodes/install.log'
[3.571s] Invoked command in '/home/public/ros2ws/src/opencv2_nodes' returned '0': DEBUGINFOD_URLS=https://debuginfod.ubuntu.com PYTHONPATH=/home/public/ros2ws/src/opencv2_nodes/build/opencv2_nodes/prefix_override:/usr/lib/python3/dist-packages/colcon_core/task/python/colcon_distutils_commands:/home/public/ros2ws/src/opencv2_nodes/install/opencv2_nodes/lib/python3.14/site-packages:${PYTHONPATH} /usr/bin/python3 -W ignore:setup.py install is deprecated -W ignore:easy_install command is deprecated setup.py egg_info --egg-base build/opencv2_nodes build --build-base /home/public/ros2ws/src/opencv2_nodes/build/opencv2_nodes/build install --record /home/public/ros2ws/src/opencv2_nodes/build/opencv2_nodes/install.log --install-scripts $base/lib/opencv2_nodes --single-version-externally-managed install_data
