[0.000000] (-) TimerEvent: {}
[0.000505] (-) JobUnselected: {'identifier': 'examples_rclcpp_async_client'}
[0.000591] (-) JobUnselected: {'identifier': 'examples_rclcpp_cbg_executor'}
[0.000630] (-) JobUnselected: {'identifier': 'examples_rclcpp_minimal_action_client'}
[0.000662] (-) JobUnselected: {'identifier': 'examples_rclcpp_minimal_action_server'}
[0.000683] (-) JobUnselected: {'identifier': 'examples_rclcpp_minimal_client'}
[0.000702] (-) JobUnselected: {'identifier': 'examples_rclcpp_minimal_composition'}
[0.000720] (-) JobUnselected: {'identifier': 'examples_rclcpp_minimal_publisher'}
[0.000744] (-) JobUnselected: {'identifier': 'examples_rclcpp_minimal_service'}
[0.000762] (-) JobUnselected: {'identifier': 'examples_rclcpp_minimal_subscriber'}
[0.000782] (-) JobUnselected: {'identifier': 'examples_rclcpp_minimal_timer'}
[0.000823] (-) JobUnselected: {'identifier': 'examples_rclcpp_multithreaded_executor'}
[0.000844] (-) JobUnselected: {'identifier': 'examples_rclcpp_wait_set'}
[0.000859] (-) JobUnselected: {'identifier': 'examples_rclpy_executors'}
[0.000880] (-) JobUnselected: {'identifier': 'examples_rclpy_guard_conditions'}
[0.000897] (-) JobUnselected: {'identifier': 'examples_rclpy_minimal_action_client'}
[0.000915] (-) JobUnselected: {'identifier': 'examples_rclpy_minimal_action_server'}
[0.000932] (-) JobUnselected: {'identifier': 'examples_rclpy_minimal_client'}
[0.000950] (-) JobUnselected: {'identifier': 'examples_rclpy_minimal_publisher'}
[0.000969] (-) JobUnselected: {'identifier': 'examples_rclpy_minimal_service'}
[0.000986] (-) JobUnselected: {'identifier': 'examples_rclpy_minimal_subscriber'}
[0.001003] (-) JobUnselected: {'identifier': 'examples_rclpy_pointcloud_publisher'}
[0.001018] (-) JobUnselected: {'identifier': 'hiwonder_board'}
[0.001032] (-) JobUnselected: {'identifier': 'launch_testing_examples'}
[0.001046] (-) JobUnselected: {'identifier': 'turtlesim'}
[0.001061] (-) JobUnselected: {'identifier': 'turtlesim_msgs'}
[0.001082] (controls_core) JobQueued: {'identifier': 'controls_core', 'dependencies': OrderedDict()}
[0.002534] (controls_core) JobStarted: {'identifier': 'controls_core'}
[0.099514] (-) TimerEvent: {}
[0.199988] (-) TimerEvent: {}
[0.300577] (-) TimerEvent: {}
[0.401088] (-) TimerEvent: {}
[0.502246] (-) TimerEvent: {}
[0.567401] (controls_core) StderrLine: {'line': b'Traceback (most recent call last):\n  File "/usr/lib/python3/dist-packages/colcon_core/executor/__init__.py", line 91, in __call__\n    rc = await self.task(*args, **kwargs)\n         ^^^^^^^^^^^^^^^^^^^^^^^^^^^^^^^^\n  File "/usr/lib/python3/dist-packages/colcon_core/task/__init__.py", line 120, in __call__\n    return await task_method(*args, **kwargs)\n           ^^^^^^^^^^^^^^^^^^^^^^^^^^^^^^^^^^\n  File "/usr/lib/python3/dist-packages/colcon_ros/task/ament_python/build.py", line 51, in build\n    setup_py_data = get_setup_data(self.context.pkg, env)\n  File "/usr/lib/python3/dist-packages/colcon_core/task/python/__init__.py", line 20, in get_setup_data\n    return dict(pkg.metadata[key](env))\n                ~~~~~~~~~~~~~~~~~^^^^^\n  File "/usr/lib/python3/dist-packages/colcon_ros/package_augmentation/ros_ament_python.py", line 57, in getter\n    return get_setup_information(\n        desc.path / \'setup.py\', env=env)\n  File "/usr/lib/python3/dist-packages/colcon_python_setup_py/package_identification/python_setup_py.py", line 249, in get_setup_information\n    _setup_information_cache[hashable_env] = _get_setup_information(\n                                             ~~~~~~~~~~~~~~~~~~~~~~^\n        setup_py, env=env)\n        ^^^^^^^^^^^^^^^^^^\n  File "/usr/lib/python3/dist-packages/colcon_python_setup_py/package_identification/python_setup_py.py", line 296, in _get_setup_information\n    result = subprocess.run(\n        cmd, stdout=subprocess.PIPE,\n        cwd=os.path.abspath(str(setup_py.parent)), check=True, env=env)\n  File "/usr/lib/python3.14/subprocess.py", line 578, in run\n    raise CalledProcessError(retcode, process.args,\n                             output=stdout, stderr=stderr)\nsubprocess.CalledProcessError: Command \'[\'/usr/bin/python3\', \'-c\', \'import sys;from contextlib import suppress;exec("with suppress(ImportError):    from setuptools.extern.packaging.specifiers    import SpecifierSet");exec("with suppress(ImportError):    from packaging.specifiers import SpecifierSet");from distutils.core import run_setup;dist = run_setup(    \\\'setup.py\\\', script_args=(\\\'--dry-run\\\',), stop_after=\\\'config\\\');skip_keys = (\\\'cmdclass\\\', \\\'distclass\\\', \\\'ext_modules\\\', \\\'metadata\\\');data = {    key: value for key, value in dist.__dict__.items()     if (        not key.startswith(\\\'_\\\') and         not callable(value) and         key not in skip_keys and         key not in dist.display_option_names    )};data[\\\'metadata\\\'] = {    k: v for k, v in dist.metadata.__dict__.items()     if k not in (\\\'license_files\\\', \\\'provides_extras\\\')};sys.stdout.buffer.write(repr(data).encode(\\\'utf-8\\\'))\']\' returned non-zero exit status 1.\n'}
[0.568238] (controls_core) JobEnded: {'identifier': 'controls_core', 'rc': 1}
[0.578172] (-) EventReactorShutdown: {}
