[3.979s] Invoking command in '/home/public/ros2ws/build/opencv2_nodes': DEBUGINFOD_URLS=https://debuginfod.ubuntu.com PYTHONPATH=/home/public/ros2ws/build/opencv2_nodes/prefix_override:/usr/lib/python3/dist-packages/colcon_core/task/python/colcon_distutils_commands:/home/public/ros2ws/install/opencv2_nodes/lib/python3.14/site-packages:${PYTHONPATH} /usr/bin/python3 -W ignore:setup.py install is deprecated -W ignore:easy_install command is deprecated setup.py develop --editable --build-directory /home/public/ros2ws/build/opencv2_nodes/build --no-deps symlink_data
[4.500s] running develop
[4.758s] running egg_info
[4.788s] writing opencv2_nodes.egg-info/PKG-INFO
[4.789s] writing dependency_links to opencv2_nodes.egg-info/dependency_links.txt
[4.789s] writing entry points to opencv2_nodes.egg-info/entry_points.txt
[4.790s] writing requirements to opencv2_nodes.egg-info/requires.txt
[4.790s] writing top-level names to opencv2_nodes.egg-info/top_level.txt
[4.843s] reading manifest file 'opencv2_nodes.egg-info/SOURCES.txt'
[4.858s] writing manifest file 'opencv2_nodes.egg-info/SOURCES.txt'
[4.892s] running build_ext
[4.893s] Creating /home/public/ros2ws/install/opencv2_nodes/lib/python3.14/site-packages/opencv2-nodes.egg-link (link to .)
[4.894s] Installing bin_mask script to /home/public/ros2ws/install/opencv2_nodes/lib/opencv2_nodes
[4.894s] Installing edge_recog script to /home/public/ros2ws/install/opencv2_nodes/lib/opencv2_nodes
[4.894s] Installing image_publisher script to /home/public/ros2ws/install/opencv2_nodes/lib/opencv2_nodes
[4.894s] Installing line_recog script to /home/public/ros2ws/install/opencv2_nodes/lib/opencv2_nodes
[4.894s] 
[4.895s] Installed /home/public/ros2ws/build/opencv2_nodes
[4.895s] running symlink_data
[5.189s] Invoked command in '/home/public/ros2ws/build/opencv2_nodes' returned '0': DEBUGINFOD_URLS=https://debuginfod.ubuntu.com PYTHONPATH=/home/public/ros2ws/build/opencv2_nodes/prefix_override:/usr/lib/python3/dist-packages/colcon_core/task/python/colcon_distutils_commands:/home/public/ros2ws/install/opencv2_nodes/lib/python3.14/site-packages:${PYTHONPATH} /usr/bin/python3 -W ignore:setup.py install is deprecated -W ignore:easy_install command is deprecated setup.py develop --editable --build-directory /home/public/ros2ws/build/opencv2_nodes/build --no-deps symlink_data
