[2.379s] Invoking command in '/home/public/ros2ws/src/examples/rclpy/topics/minimal_subscriber': DEBUGINFOD_URLS=https://debuginfod.ubuntu.com PYTHONPATH=/home/public/ros2ws/build/examples_rclpy_minimal_subscriber/prefix_override:/usr/lib/python3/dist-packages/colcon_core/task/python/colcon_distutils_commands:/home/public/ros2ws/install/examples_rclpy_minimal_subscriber/lib/python3.14/site-packages:${PYTHONPATH} /usr/bin/python3 -W ignore:setup.py install is deprecated -W ignore:easy_install command is deprecated setup.py egg_info --egg-base ../../../../../build/examples_rclpy_minimal_subscriber build --build-base /home/public/ros2ws/build/examples_rclpy_minimal_subscriber/build install --record /home/public/ros2ws/build/examples_rclpy_minimal_subscriber/install.log --install-scripts $base/lib/examples_rclpy_minimal_subscriber --single-version-externally-managed install_data
[2.976s] running egg_info
[3.012s] writing ../../../../../build/examples_rclpy_minimal_subscriber/examples_rclpy_minimal_subscriber.egg-info/PKG-INFO
[3.017s] writing dependency_links to ../../../../../build/examples_rclpy_minimal_subscriber/examples_rclpy_minimal_subscriber.egg-info/dependency_links.txt
[3.018s] writing entry points to ../../../../../build/examples_rclpy_minimal_subscriber/examples_rclpy_minimal_subscriber.egg-info/entry_points.txt
[3.018s] writing requirements to ../../../../../build/examples_rclpy_minimal_subscriber/examples_rclpy_minimal_subscriber.egg-info/requires.txt
[3.018s] writing top-level names to ../../../../../build/examples_rclpy_minimal_subscriber/examples_rclpy_minimal_subscriber.egg-info/top_level.txt
[3.101s] reading manifest file '../../../../../build/examples_rclpy_minimal_subscriber/examples_rclpy_minimal_subscriber.egg-info/SOURCES.txt'
[3.104s] writing manifest file '../../../../../build/examples_rclpy_minimal_subscriber/examples_rclpy_minimal_subscriber.egg-info/SOURCES.txt'
[3.104s] running build
[3.104s] running build_py
[3.108s] copying examples_rclpy_minimal_subscriber/subscriber_old_school.py -> /home/public/ros2ws/build/examples_rclpy_minimal_subscriber/build/lib/examples_rclpy_minimal_subscriber
[3.108s] copying examples_rclpy_minimal_subscriber/__init__.py -> /home/public/ros2ws/build/examples_rclpy_minimal_subscriber/build/lib/examples_rclpy_minimal_subscriber
[3.109s] copying examples_rclpy_minimal_subscriber/subscriber_member_function.py -> /home/public/ros2ws/build/examples_rclpy_minimal_subscriber/build/lib/examples_rclpy_minimal_subscriber
[3.109s] copying examples_rclpy_minimal_subscriber/subscriber_lambda.py -> /home/public/ros2ws/build/examples_rclpy_minimal_subscriber/build/lib/examples_rclpy_minimal_subscriber
[3.109s] running install
[3.117s] running install_lib
[3.155s] running install_data
[3.156s] copying resource/examples_rclpy_minimal_subscriber -> /home/public/ros2ws/install/examples_rclpy_minimal_subscriber/share/ament_index/resource_index/packages
[3.158s] copying package.xml -> /home/public/ros2ws/install/examples_rclpy_minimal_subscriber/share/examples_rclpy_minimal_subscriber
[3.159s] running install_egg_info
[3.198s] removing '/home/public/ros2ws/install/examples_rclpy_minimal_subscriber/lib/python3.14/site-packages/examples_rclpy_minimal_subscriber-0.21.5-py3.14.egg-info' (and everything under it)
[3.198s] Copying ../../../../../build/examples_rclpy_minimal_subscriber/examples_rclpy_minimal_subscriber.egg-info to /home/public/ros2ws/install/examples_rclpy_minimal_subscriber/lib/python3.14/site-packages/examples_rclpy_minimal_subscriber-0.21.5-py3.14.egg-info
[3.202s] running install_scripts
[3.479s] Installing subscriber_lambda script to /home/public/ros2ws/install/examples_rclpy_minimal_subscriber/lib/examples_rclpy_minimal_subscriber
[3.480s] Installing subscriber_member_function script to /home/public/ros2ws/install/examples_rclpy_minimal_subscriber/lib/examples_rclpy_minimal_subscriber
[3.486s] Installing subscriber_old_school script to /home/public/ros2ws/install/examples_rclpy_minimal_subscriber/lib/examples_rclpy_minimal_subscriber
[3.489s] writing list of installed files to '/home/public/ros2ws/build/examples_rclpy_minimal_subscriber/install.log'
[3.759s] Invoked command in '/home/public/ros2ws/src/examples/rclpy/topics/minimal_subscriber' returned '0': DEBUGINFOD_URLS=https://debuginfod.ubuntu.com PYTHONPATH=/home/public/ros2ws/build/examples_rclpy_minimal_subscriber/prefix_override:/usr/lib/python3/dist-packages/colcon_core/task/python/colcon_distutils_commands:/home/public/ros2ws/install/examples_rclpy_minimal_subscriber/lib/python3.14/site-packages:${PYTHONPATH} /usr/bin/python3 -W ignore:setup.py install is deprecated -W ignore:easy_install command is deprecated setup.py egg_info --egg-base ../../../../../build/examples_rclpy_minimal_subscriber build --build-base /home/public/ros2ws/build/examples_rclpy_minimal_subscriber/build install --record /home/public/ros2ws/build/examples_rclpy_minimal_subscriber/install.log --install-scripts $base/lib/examples_rclpy_minimal_subscriber --single-version-externally-managed install_data
