[2.010s] Invoking command in '/home/public/ros2ws/src/controls_core': DEBUGINFOD_URLS=https://debuginfod.ubuntu.com PYTHONPATH=/home/public/ros2ws/build/controls_core/prefix_override:/usr/lib/python3/dist-packages/colcon_core/task/python/colcon_distutils_commands:/home/public/ros2ws/install/controls_core/lib/python3.14/site-packages:${PYTHONPATH} /usr/bin/python3 -W ignore:setup.py install is deprecated -W ignore:easy_install command is deprecated setup.py egg_info --egg-base ../../build/controls_core build --build-base /home/public/ros2ws/build/controls_core/build install --record /home/public/ros2ws/build/controls_core/install.log --install-scripts $base/lib/controls_core --single-version-externally-managed install_data
[2.740s] running egg_info
[2.796s] writing ../../build/controls_core/controls_core.egg-info/PKG-INFO
[2.814s] writing dependency_links to ../../build/controls_core/controls_core.egg-info/dependency_links.txt
[2.814s] writing entry points to ../../build/controls_core/controls_core.egg-info/entry_points.txt
[2.814s] writing requirements to ../../build/controls_core/controls_core.egg-info/requires.txt
[2.818s] writing top-level names to ../../build/controls_core/controls_core.egg-info/top_level.txt
[2.938s] reading manifest file '../../build/controls_core/controls_core.egg-info/SOURCES.txt'
[2.941s] adding license file 'LICENSE'
[2.942s] writing manifest file '../../build/controls_core/controls_core.egg-info/SOURCES.txt'
[2.942s] running build
[2.944s] running build_py
[2.946s] copying controls_core/ui_testing.py -> /home/public/ros2ws/build/controls_core/build/lib/controls_core
[2.946s] copying controls_core/main_control_node.py -> /home/public/ros2ws/build/controls_core/build/lib/controls_core
[2.947s] copying controls_core/__init__.py -> /home/public/ros2ws/build/controls_core/build/lib/controls_core
[2.948s] copying controls_core/board_interface.py -> /home/public/ros2ws/build/controls_core/build/lib/controls_core
[2.948s] copying controls_core/py.typed -> /home/public/ros2ws/build/controls_core/build/lib/controls_core
[2.948s] running install
[2.961s] running install_lib
[3.013s] copying /home/public/ros2ws/build/controls_core/build/lib/controls_core/main_control_node.py -> /home/public/ros2ws/install/controls_core/lib/python3.14/site-packages/controls_core
[3.015s] byte-compiling /home/public/ros2ws/install/controls_core/lib/python3.14/site-packages/controls_core/main_control_node.py to main_control_node.cpython-314.pyc
[3.020s] running install_data
[3.021s] copying resource/controls_core -> /home/public/ros2ws/install/controls_core/share/ament_index/resource_index/packages
[3.024s] copying package.xml -> /home/public/ros2ws/install/controls_core/share/controls_core
[3.032s] running install_egg_info
[3.086s] removing '/home/public/ros2ws/install/controls_core/lib/python3.14/site-packages/controls_core-0.0.0-py3.14.egg-info' (and everything under it)
[3.090s] Copying ../../build/controls_core/controls_core.egg-info to /home/public/ros2ws/install/controls_core/lib/python3.14/site-packages/controls_core-0.0.0-py3.14.egg-info
[3.090s] running install_scripts
[3.346s] Installing main_control_node script to /home/public/ros2ws/install/controls_core/lib/controls_core
[3.347s] writing list of installed files to '/home/public/ros2ws/build/controls_core/install.log'
[3.573s] Invoked command in '/home/public/ros2ws/src/controls_core' returned '0': DEBUGINFOD_URLS=https://debuginfod.ubuntu.com PYTHONPATH=/home/public/ros2ws/build/controls_core/prefix_override:/usr/lib/python3/dist-packages/colcon_core/task/python/colcon_distutils_commands:/home/public/ros2ws/install/controls_core/lib/python3.14/site-packages:${PYTHONPATH} /usr/bin/python3 -W ignore:setup.py install is deprecated -W ignore:easy_install command is deprecated setup.py egg_info --egg-base ../../build/controls_core build --build-base /home/public/ros2ws/build/controls_core/build install --record /home/public/ros2ws/build/controls_core/install.log --install-scripts $base/lib/controls_core --single-version-externally-managed install_data
