[0.032s] Invoking command in '/home/public/ros2ws/build/turtlesim': AMENT_PREFIX_PATH=/home/public/ros2ws/install/turtlesim_msgs:${AMENT_PREFIX_PATH} CMAKE_PREFIX_PATH=/home/public/ros2ws/install/turtlesim_msgs:/opt/ros/lyrical/opt/gz_math_vendor:/opt/ros/lyrical/opt/gz_utils_vendor:/opt/ros/lyrical/opt/gz_cmake_vendor:/opt/ros/lyrical DEBUGINFOD_URLS=https://debuginfod.ubuntu.com LD_LIBRARY_PATH=/home/public/ros2ws/install/turtlesim_msgs/lib:${LD_LIBRARY_PATH} PYTHONPATH=/home/public/ros2ws/install/turtlesim_msgs/lib/python3.14/site-packages:${PYTHONPATH} /usr/bin/cmake --build /home/public/ros2ws/build/turtlesim -- -j4 -l4
[0.054s] gmake: Warning: File 'Makefile' has modification time 8915392 s in the future
[0.211s] gmake[1]: Warning: File 'CMakeFiles/Makefile2' has modification time 8915392 s in the future
[0.217s] gmake[2]: Warning: File 'CMakeFiles/turtlesim_node_autogen_timestamp_deps.dir/build.make' has modification time 7875935 s in the future
[0.222s] gmake[2]: Warning: File 'CMakeFiles/turtle_teleop_key_autogen_timestamp_deps.dir/build.make' has modification time 7875935 s in the future
[0.223s] gmake[2]: Warning: File 'CMakeFiles/draw_square_autogen_timestamp_deps.dir/build.make' has modification time 7875935 s in the future
[0.224s] gmake[2]: Warning: File 'CMakeFiles/mimic_autogen_timestamp_deps.dir/build.make' has modification time 7875935 s in the future
[0.245s] gmake[2]: warning:  Clock skew detected.  Your build may be incomplete.
[0.247s] gmake[2]: Warning: File 'CMakeFiles/mimic_autogen_timestamp_deps.dir/build.make' has modification time 7875935 s in the future
[0.248s] gmake[2]: warning:  Clock skew detected.  Your build may be incomplete.
[0.250s] gmake[2]: warning:  Clock skew detected.  Your build may be incomplete.
[0.254s] gmake[2]: warning:  Clock skew detected.  Your build may be incomplete.
[0.254s] gmake[2]: warning:  Clock skew detected.  Your build may be incomplete.
[0.254s] gmake[2]: Warning: File 'CMakeFiles/draw_square_autogen_timestamp_deps.dir/build.make' has modification time 7875935 s in the future
[0.254s] gmake[2]: warning:  Clock skew detected.  Your build may be incomplete.
[0.257s] gmake[2]: Warning: File 'CMakeFiles/turtlesim_node_autogen_timestamp_deps.dir/build.make' has modification time 7875935 s in the future
[0.258s] gmake[2]: warning:  Clock skew detected.  Your build may be incomplete.
[0.258s] gmake[2]: Warning: File 'CMakeFiles/turtle_teleop_key_autogen_timestamp_deps.dir/build.make' has modification time 7875935 s in the future
[0.258s] gmake[2]: warning:  Clock skew detected.  Your build may be incomplete.
[0.269s] [  0%] Built target mimic_autogen_timestamp_deps
[0.273s] [  0%] Built target turtle_teleop_key_autogen_timestamp_deps
[0.277s] [  0%] Built target draw_square_autogen_timestamp_deps
[0.282s] [  0%] Built target turtlesim_node_autogen_timestamp_deps
[0.292s] gmake[2]: Warning: File 'CMakeFiles/mimic_autogen.dir/build.make' has modification time 7875935 s in the future
[0.306s] gmake[2]: Warning: File 'CMakeFiles/draw_square_autogen.dir/build.make' has modification time 7875935 s in the future
[0.307s] gmake[2]: Warning: File 'CMakeFiles/turtlesim_node_autogen.dir/build.make' has modification time 7875935 s in the future
[0.308s] gmake[2]: Warning: File 'CMakeFiles/turtle_teleop_key_autogen.dir/build.make' has modification time 7875935 s in the future
[0.333s] gmake[2]: warning:  Clock skew detected.  Your build may be incomplete.
[0.338s] gmake[2]: Warning: File 'CMakeFiles/mimic_autogen.dir/build.make' has modification time 7875935 s in the future
[0.358s] gmake[2]: warning:  Clock skew detected.  Your build may be incomplete.
[0.366s] gmake[2]: Warning: File 'CMakeFiles/turtle_teleop_key_autogen.dir/build.make' has modification time 7875935 s in the future
[0.370s] gmake[2]: warning:  Clock skew detected.  Your build may be incomplete.
[0.371s] gmake[2]: warning:  Clock skew detected.  Your build may be incomplete.
[0.376s] gmake[2]: Warning: File 'CMakeFiles/draw_square_autogen.dir/build.make' has modification time 7875935 s in the future
[0.377s] gmake[2]: Warning: File 'CMakeFiles/turtlesim_node_autogen.dir/build.make' has modification time 7875935 s in the future
[0.381s] gmake[2]: warning:  Clock skew detected.  Your build may be incomplete.
[0.381s] gmake[2]: warning:  Clock skew detected.  Your build may be incomplete.
[0.381s] gmake[2]: warning:  Clock skew detected.  Your build may be incomplete.
[0.381s] gmake[2]: warning:  Clock skew detected.  Your build may be incomplete.
[0.398s] [ 15%] Built target draw_square_autogen
[0.398s] [ 15%] Built target turtlesim_node_autogen
[0.398s] [ 20%] Built target turtle_teleop_key_autogen
[0.398s] [ 20%] Built target mimic_autogen
[0.423s] gmake[2]: Warning: File 'CMakeFiles/draw_square.dir/build.make' has modification time 7875935 s in the future
[0.427s] gmake[2]: Warning: File 'CMakeFiles/turtle_teleop_key.dir/build.make' has modification time 7875935 s in the future
[0.433s] gmake[2]: Warning: File 'CMakeFiles/turtlesim_node.dir/build.make' has modification time 7875935 s in the future
[0.452s] gmake[2]: warning:  Clock skew detected.  Your build may be incomplete.
[0.455s] gmake[2]: warning:  Clock skew detected.  Your build may be incomplete.
[0.459s] gmake[2]: Warning: File 'CMakeFiles/turtle_teleop_key.dir/build.make' has modification time 7875935 s in the future
[0.460s] gmake[2]: Warning: File 'CMakeFiles/draw_square.dir/build.make' has modification time 7875935 s in the future
[0.469s] gmake[2]: warning:  Clock skew detected.  Your build may be incomplete.
[0.480s] gmake[2]: Warning: File 'CMakeFiles/turtlesim_node.dir/build.make' has modification time 7875935 s in the future
[0.555s] gmake[2]: warning:  Clock skew detected.  Your build may be incomplete.
[0.555s] gmake[2]: warning:  Clock skew detected.  Your build may be incomplete.
[0.569s] [ 35%] Built target draw_square
[0.570s] [ 50%] Built target turtle_teleop_key
[0.582s] gmake[2]: warning:  Clock skew detected.  Your build may be incomplete.
[0.587s] gmake[2]: Warning: File 'CMakeFiles/mimic.dir/build.make' has modification time 7875935 s in the future
[0.596s] [ 85%] Built target turtlesim_node
[0.610s] gmake[2]: warning:  Clock skew detected.  Your build may be incomplete.
[0.614s] gmake[2]: Warning: File 'CMakeFiles/mimic.dir/build.make' has modification time 7875934 s in the future
[0.616s] gmake[2]: warning:  Clock skew detected.  Your build may be incomplete.
[0.642s] [100%] Built target mimic
[0.645s] gmake[1]: warning:  Clock skew detected.  Your build may be incomplete.
[0.663s] gmake: warning:  Clock skew detected.  Your build may be incomplete.
[0.666s] Invoked command in '/home/public/ros2ws/build/turtlesim' returned '0': AMENT_PREFIX_PATH=/home/public/ros2ws/install/turtlesim_msgs:${AMENT_PREFIX_PATH} CMAKE_PREFIX_PATH=/home/public/ros2ws/install/turtlesim_msgs:/opt/ros/lyrical/opt/gz_math_vendor:/opt/ros/lyrical/opt/gz_utils_vendor:/opt/ros/lyrical/opt/gz_cmake_vendor:/opt/ros/lyrical DEBUGINFOD_URLS=https://debuginfod.ubuntu.com LD_LIBRARY_PATH=/home/public/ros2ws/install/turtlesim_msgs/lib:${LD_LIBRARY_PATH} PYTHONPATH=/home/public/ros2ws/install/turtlesim_msgs/lib/python3.14/site-packages:${PYTHONPATH} /usr/bin/cmake --build /home/public/ros2ws/build/turtlesim -- -j4 -l4
[0.675s] Invoking command in '/home/public/ros2ws/build/turtlesim': AMENT_PREFIX_PATH=/home/public/ros2ws/install/turtlesim_msgs:${AMENT_PREFIX_PATH} CMAKE_PREFIX_PATH=/home/public/ros2ws/install/turtlesim_msgs:/opt/ros/lyrical/opt/gz_math_vendor:/opt/ros/lyrical/opt/gz_utils_vendor:/opt/ros/lyrical/opt/gz_cmake_vendor:/opt/ros/lyrical DEBUGINFOD_URLS=https://debuginfod.ubuntu.com LD_LIBRARY_PATH=/home/public/ros2ws/install/turtlesim_msgs/lib:${LD_LIBRARY_PATH} PYTHONPATH=/home/public/ros2ws/install/turtlesim_msgs/lib/python3.14/site-packages:${PYTHONPATH} /usr/bin/cmake --install /home/public/ros2ws/build/turtlesim
[0.688s] -- Install configuration: ""
[0.691s] -- Execute custom install script
[0.693s] -- Up-to-date symlink: /home/public/ros2ws/install/turtlesim/lib/turtlesim/turtlesim_node
[0.693s] -- Up-to-date symlink: /home/public/ros2ws/install/turtlesim/lib/turtlesim/turtle_teleop_key
[0.694s] -- Up-to-date symlink: /home/public/ros2ws/install/turtlesim/lib/turtlesim/draw_square
[0.694s] -- Up-to-date symlink: /home/public/ros2ws/install/turtlesim/lib/turtlesim/mimic
[0.697s] -- Up-to-date symlink: /home/public/ros2ws/install/turtlesim/share/turtlesim/launch/multisim.launch.py
[0.699s] -- Up-to-date symlink: /home/public/ros2ws/install/turtlesim/share/ament_index/resource_index/package_run_dependencies/turtlesim
[0.701s] -- Up-to-date symlink: /home/public/ros2ws/install/turtlesim/share/ament_index/resource_index/parent_prefix_path/turtlesim
[0.702s] -- Up-to-date symlink: /home/public/ros2ws/install/turtlesim/share/turtlesim/environment/ament_prefix_path.sh
[0.703s] -- Up-to-date symlink: /home/public/ros2ws/install/turtlesim/share/turtlesim/environment/ament_prefix_path.dsv
[0.704s] -- Up-to-date symlink: /home/public/ros2ws/install/turtlesim/share/turtlesim/environment/path.sh
[0.705s] -- Up-to-date symlink: /home/public/ros2ws/install/turtlesim/share/turtlesim/environment/path.dsv
[0.706s] -- Up-to-date symlink: /home/public/ros2ws/install/turtlesim/share/turtlesim/local_setup.bash
[0.707s] -- Up-to-date symlink: /home/public/ros2ws/install/turtlesim/share/turtlesim/local_setup.fish
[0.708s] -- Up-to-date symlink: /home/public/ros2ws/install/turtlesim/share/turtlesim/local_setup.sh
[0.709s] -- Up-to-date symlink: /home/public/ros2ws/install/turtlesim/share/turtlesim/local_setup.zsh
[0.710s] -- Up-to-date symlink: /home/public/ros2ws/install/turtlesim/share/turtlesim/local_setup.dsv
[0.712s] -- Symlinking: /home/public/ros2ws/install/turtlesim/share/turtlesim/package.dsv
[0.732s] -- Up-to-date symlink: /home/public/ros2ws/install/turtlesim/share/ament_index/resource_index/packages/turtlesim
[0.734s] -- Up-to-date symlink: /home/public/ros2ws/install/turtlesim/share/turtlesim/cmake/turtlesimConfig.cmake
[0.735s] -- Up-to-date symlink: /home/public/ros2ws/install/turtlesim/share/turtlesim/cmake/turtlesimConfig-version.cmake
[0.736s] -- Up-to-date symlink: /home/public/ros2ws/install/turtlesim/share/turtlesim/package.xml
[0.736s] -- Up-to-date: /home/public/ros2ws/install/turtlesim/share/turtlesim/images
[0.737s] -- Up-to-date: /home/public/ros2ws/install/turtlesim/share/turtlesim/images/kilted.png
[0.738s] -- Up-to-date: /home/public/ros2ws/install/turtlesim/share/turtlesim/images/eloquent.png
[0.738s] -- Up-to-date: /home/public/ros2ws/install/turtlesim/share/turtlesim/images/jazzy.png
[0.738s] -- Up-to-date: /home/public/ros2ws/install/turtlesim/share/turtlesim/images/bouncy.png
[0.738s] -- Up-to-date: /home/public/ros2ws/install/turtlesim/share/turtlesim/images/galactic.png
[0.738s] -- Up-to-date: /home/public/ros2ws/install/turtlesim/share/turtlesim/images/foxy.png
[0.739s] -- Up-to-date: /home/public/ros2ws/install/turtlesim/share/turtlesim/images/humble.png
[0.739s] -- Up-to-date: /home/public/ros2ws/install/turtlesim/share/turtlesim/images/dashing.png
[0.739s] -- Up-to-date: /home/public/ros2ws/install/turtlesim/share/turtlesim/images/crystal.png
[0.739s] -- Up-to-date: /home/public/ros2ws/install/turtlesim/share/turtlesim/images/iron.png
[0.739s] -- Up-to-date: /home/public/ros2ws/install/turtlesim/share/turtlesim/images/lyrical.png
[0.739s] -- Up-to-date: /home/public/ros2ws/install/turtlesim/share/turtlesim/images/ardent.png
[0.739s] -- Up-to-date: /home/public/ros2ws/install/turtlesim/share/turtlesim/images/rolling.png
[0.744s] Invoked command in '/home/public/ros2ws/build/turtlesim' returned '0': AMENT_PREFIX_PATH=/home/public/ros2ws/install/turtlesim_msgs:${AMENT_PREFIX_PATH} CMAKE_PREFIX_PATH=/home/public/ros2ws/install/turtlesim_msgs:/opt/ros/lyrical/opt/gz_math_vendor:/opt/ros/lyrical/opt/gz_utils_vendor:/opt/ros/lyrical/opt/gz_cmake_vendor:/opt/ros/lyrical DEBUGINFOD_URLS=https://debuginfod.ubuntu.com LD_LIBRARY_PATH=/home/public/ros2ws/install/turtlesim_msgs/lib:${LD_LIBRARY_PATH} PYTHONPATH=/home/public/ros2ws/install/turtlesim_msgs/lib/python3.14/site-packages:${PYTHONPATH} /usr/bin/cmake --install /home/public/ros2ws/build/turtlesim
