[1.291s] Invoking command in '/home/public/ros2ws/src/controls_core': DEBUGINFOD_URLS=https://debuginfod.ubuntu.com PYTHONPATH=/home/public/ros2ws/build/controls_core/prefix_override:/usr/lib/python3/dist-packages/colcon_core/task/python/colcon_distutils_commands:/home/public/ros2ws/install/controls_core/lib/python3.14/site-packages:${PYTHONPATH} /usr/bin/python3 -W ignore:setup.py install is deprecated -W ignore:easy_install command is deprecated setup.py egg_info --egg-base ../../build/controls_core build --build-base /home/public/ros2ws/build/controls_core/build install --record /home/public/ros2ws/build/controls_core/install.log --install-scripts $base/lib/controls_core --single-version-externally-managed install_data
[1.712s] running egg_info
[1.738s] writing ../../build/controls_core/controls_core.egg-info/PKG-INFO
[1.739s] writing dependency_links to ../../build/controls_core/controls_core.egg-info/dependency_links.txt
[1.741s] writing entry points to ../../build/controls_core/controls_core.egg-info/entry_points.txt
[1.743s] writing requirements to ../../build/controls_core/controls_core.egg-info/requires.txt
[1.743s] writing top-level names to ../../build/controls_core/controls_core.egg-info/top_level.txt
[1.797s] reading manifest file '../../build/controls_core/controls_core.egg-info/SOURCES.txt'
[1.798s] adding license file 'LICENSE'
[1.798s] writing manifest file '../../build/controls_core/controls_core.egg-info/SOURCES.txt'
[1.799s] running build
[1.799s] running build_py
[1.799s] copying controls_core/ui_testing.py -> /home/public/ros2ws/build/controls_core/build/lib/controls_core
[1.799s] copying controls_core/main_control_node.py -> /home/public/ros2ws/build/controls_core/build/lib/controls_core
[1.800s] copying controls_core/__init__.py -> /home/public/ros2ws/build/controls_core/build/lib/controls_core
[1.800s] copying controls_core/board_interface.py -> /home/public/ros2ws/build/controls_core/build/lib/controls_core
[1.800s] copying controls_core/py.typed -> /home/public/ros2ws/build/controls_core/build/lib/controls_core
[1.800s] running install
[1.807s] running install_lib
[1.834s] copying /home/public/ros2ws/build/controls_core/build/lib/controls_core/main_control_node.py -> /home/public/ros2ws/install/controls_core/lib/python3.14/site-packages/controls_core
[1.835s] byte-compiling /home/public/ros2ws/install/controls_core/lib/python3.14/site-packages/controls_core/main_control_node.py to main_control_node.cpython-314.pyc
[1.836s] running install_data
[1.836s] copying resource/controls_core -> /home/public/ros2ws/install/controls_core/share/ament_index/resource_index/packages
[1.836s] copying package.xml -> /home/public/ros2ws/install/controls_core/share/controls_core
[1.836s] running install_egg_info
[1.862s] removing '/home/public/ros2ws/install/controls_core/lib/python3.14/site-packages/controls_core-0.0.0-py3.14.egg-info' (and everything under it)
[1.862s] Copying ../../build/controls_core/controls_core.egg-info to /home/public/ros2ws/install/controls_core/lib/python3.14/site-packages/controls_core-0.0.0-py3.14.egg-info
[1.863s] running install_scripts
[1.998s] Installing main_control_node script to /home/public/ros2ws/install/controls_core/lib/controls_core
[1.999s] writing list of installed files to '/home/public/ros2ws/build/controls_core/install.log'
[2.101s] Invoked command in '/home/public/ros2ws/src/controls_core' returned '0': DEBUGINFOD_URLS=https://debuginfod.ubuntu.com PYTHONPATH=/home/public/ros2ws/build/controls_core/prefix_override:/usr/lib/python3/dist-packages/colcon_core/task/python/colcon_distutils_commands:/home/public/ros2ws/install/controls_core/lib/python3.14/site-packages:${PYTHONPATH} /usr/bin/python3 -W ignore:setup.py install is deprecated -W ignore:easy_install command is deprecated setup.py egg_info --egg-base ../../build/controls_core build --build-base /home/public/ros2ws/build/controls_core/build install --record /home/public/ros2ws/build/controls_core/install.log --install-scripts $base/lib/controls_core --single-version-externally-managed install_data
