[5.679s] Invoking command in '/home/public/ros2ws/src/hiwonder_board': DEBUGINFOD_URLS=https://debuginfod.ubuntu.com PYTHONPATH=/home/public/ros2ws/build/hiwonder_board/prefix_override:/usr/lib/python3/dist-packages/colcon_core/task/python/colcon_distutils_commands:/home/public/ros2ws/install/hiwonder_board/lib/python3.14/site-packages:${PYTHONPATH} /usr/bin/python3 -W ignore:setup.py install is deprecated -W ignore:easy_install command is deprecated setup.py egg_info --egg-base ../../build/hiwonder_board build --build-base /home/public/ros2ws/build/hiwonder_board/build install --record /home/public/ros2ws/build/hiwonder_board/install.log --install-scripts $base/lib/hiwonder_board --single-version-externally-managed install_data
[6.695s] running egg_info
[6.764s] writing ../../build/hiwonder_board/hiwonder_board.egg-info/PKG-INFO
[6.766s] writing dependency_links to ../../build/hiwonder_board/hiwonder_board.egg-info/dependency_links.txt
[6.768s] writing entry points to ../../build/hiwonder_board/hiwonder_board.egg-info/entry_points.txt
[6.770s] writing requirements to ../../build/hiwonder_board/hiwonder_board.egg-info/requires.txt
[6.770s] writing top-level names to ../../build/hiwonder_board/hiwonder_board.egg-info/top_level.txt
[6.921s] reading manifest file '../../build/hiwonder_board/hiwonder_board.egg-info/SOURCES.txt'
[6.923s] adding license file 'LICENSE'
[6.928s] writing manifest file '../../build/hiwonder_board/hiwonder_board.egg-info/SOURCES.txt'
[6.930s] running build
[6.930s] running build_py
[6.930s] copying hiwonder_board/__init__.py -> /home/public/ros2ws/build/hiwonder_board/build/lib/hiwonder_board
[6.930s] copying hiwonder_board/hiwonder_board_node.py -> /home/public/ros2ws/build/hiwonder_board/build/lib/hiwonder_board
[6.933s] copying hiwonder_board/subscriber_member_function.py -> /home/public/ros2ws/build/hiwonder_board/build/lib/hiwonder_board
[6.933s] copying hiwonder_board/publisher_member_function.py -> /home/public/ros2ws/build/hiwonder_board/build/lib/hiwonder_board
[6.937s] copying hiwonder_board/py.typed -> /home/public/ros2ws/build/hiwonder_board/build/lib/hiwonder_board
[6.937s] running install
[6.947s] running install_lib
[7.018s] copying /home/public/ros2ws/build/hiwonder_board/build/lib/hiwonder_board/hiwonder_board_node.py -> /home/public/ros2ws/install/hiwonder_board/lib/python3.14/site-packages/hiwonder_board
[7.020s] byte-compiling /home/public/ros2ws/install/hiwonder_board/lib/python3.14/site-packages/hiwonder_board/hiwonder_board_node.py to hiwonder_board_node.cpython-314.pyc
[7.039s] running install_data
[7.043s] copying resource/hiwonder_board -> /home/public/ros2ws/install/hiwonder_board/share/ament_index/resource_index/packages
[7.043s] copying package.xml -> /home/public/ros2ws/install/hiwonder_board/share/hiwonder_board
[7.047s] running install_egg_info
[7.106s] removing '/home/public/ros2ws/install/hiwonder_board/lib/python3.14/site-packages/hiwonder_board-0.0.0-py3.14.egg-info' (and everything under it)
[7.110s] Copying ../../build/hiwonder_board/hiwonder_board.egg-info to /home/public/ros2ws/install/hiwonder_board/lib/python3.14/site-packages/hiwonder_board-0.0.0-py3.14.egg-info
[7.110s] running install_scripts
[7.477s] Installing hiwonder_board_node script to /home/public/ros2ws/install/hiwonder_board/lib/hiwonder_board
[7.477s] Installing test_listener script to /home/public/ros2ws/install/hiwonder_board/lib/hiwonder_board
[7.479s] Installing test_talker script to /home/public/ros2ws/install/hiwonder_board/lib/hiwonder_board
[7.482s] writing list of installed files to '/home/public/ros2ws/build/hiwonder_board/install.log'
[7.746s] Invoked command in '/home/public/ros2ws/src/hiwonder_board' returned '0': DEBUGINFOD_URLS=https://debuginfod.ubuntu.com PYTHONPATH=/home/public/ros2ws/build/hiwonder_board/prefix_override:/usr/lib/python3/dist-packages/colcon_core/task/python/colcon_distutils_commands:/home/public/ros2ws/install/hiwonder_board/lib/python3.14/site-packages:${PYTHONPATH} /usr/bin/python3 -W ignore:setup.py install is deprecated -W ignore:easy_install command is deprecated setup.py egg_info --egg-base ../../build/hiwonder_board build --build-base /home/public/ros2ws/build/hiwonder_board/build install --record /home/public/ros2ws/build/hiwonder_board/install.log --install-scripts $base/lib/hiwonder_board --single-version-externally-managed install_data
