[9.946s] Invoking command in '/home/public/ros2ws/src/controls_core': DEBUGINFOD_URLS=https://debuginfod.ubuntu.com PYTHONPATH=/home/public/ros2ws/build/controls_core/prefix_override:/usr/lib/python3/dist-packages/colcon_core/task/python/colcon_distutils_commands:/home/public/ros2ws/install/controls_core/lib/python3.14/site-packages:${PYTHONPATH} /usr/bin/python3 -W ignore:setup.py install is deprecated -W ignore:easy_install command is deprecated setup.py egg_info --egg-base ../../build/controls_core build --build-base /home/public/ros2ws/build/controls_core/build install --record /home/public/ros2ws/build/controls_core/install.log --install-scripts $base/lib/controls_core --single-version-externally-managed install_data
[11.999s] running egg_info
[12.127s] writing ../../build/controls_core/controls_core.egg-info/PKG-INFO
[12.127s] writing dependency_links to ../../build/controls_core/controls_core.egg-info/dependency_links.txt
[12.156s] writing entry points to ../../build/controls_core/controls_core.egg-info/entry_points.txt
[12.157s] writing requirements to ../../build/controls_core/controls_core.egg-info/requires.txt
[12.161s] writing top-level names to ../../build/controls_core/controls_core.egg-info/top_level.txt
[12.666s] reading manifest file '../../build/controls_core/controls_core.egg-info/SOURCES.txt'
[12.666s] adding license file 'LICENSE'
[12.671s] writing manifest file '../../build/controls_core/controls_core.egg-info/SOURCES.txt'
[12.675s] running build
[12.677s] running build_py
[12.677s] copying controls_core/ui_testing.py -> /home/public/ros2ws/build/controls_core/build/lib/controls_core
[12.677s] copying controls_core/main_control_node.py -> /home/public/ros2ws/build/controls_core/build/lib/controls_core
[12.682s] copying controls_core/__init__.py -> /home/public/ros2ws/build/controls_core/build/lib/controls_core
[12.684s] copying controls_core/cv_interface.py -> /home/public/ros2ws/build/controls_core/build/lib/controls_core
[12.684s] copying controls_core/board_interface.py -> /home/public/ros2ws/build/controls_core/build/lib/controls_core
[12.684s] copying controls_core/py.typed -> /home/public/ros2ws/build/controls_core/build/lib/controls_core
[12.684s] running install
[12.702s] running install_lib
[13.042s] copying /home/public/ros2ws/build/controls_core/build/lib/controls_core/main_control_node.py -> /home/public/ros2ws/install/controls_core/lib/python3.14/site-packages/controls_core
[13.042s] copying /home/public/ros2ws/build/controls_core/build/lib/controls_core/cv_interface.py -> /home/public/ros2ws/install/controls_core/lib/python3.14/site-packages/controls_core
[13.042s] copying /home/public/ros2ws/build/controls_core/build/lib/controls_core/board_interface.py -> /home/public/ros2ws/install/controls_core/lib/python3.14/site-packages/controls_core
[13.065s] byte-compiling /home/public/ros2ws/install/controls_core/lib/python3.14/site-packages/controls_core/main_control_node.py to main_control_node.cpython-314.pyc
[13.075s] byte-compiling /home/public/ros2ws/install/controls_core/lib/python3.14/site-packages/controls_core/cv_interface.py to cv_interface.cpython-314.pyc
[13.080s] byte-compiling /home/public/ros2ws/install/controls_core/lib/python3.14/site-packages/controls_core/board_interface.py to board_interface.cpython-314.pyc
[13.088s] running install_data
[13.090s] copying resource/controls_core -> /home/public/ros2ws/install/controls_core/share/ament_index/resource_index/packages
[13.090s] copying package.xml -> /home/public/ros2ws/install/controls_core/share/controls_core
[13.090s] running install_egg_info
[13.277s] removing '/home/public/ros2ws/install/controls_core/lib/python3.14/site-packages/controls_core-0.0.0-py3.14.egg-info' (and everything under it)
[13.278s] Copying ../../build/controls_core/controls_core.egg-info to /home/public/ros2ws/install/controls_core/lib/python3.14/site-packages/controls_core-0.0.0-py3.14.egg-info
[13.285s] running install_scripts
[14.661s] Installing main_control_node script to /home/public/ros2ws/install/controls_core/lib/controls_core
[14.661s] writing list of installed files to '/home/public/ros2ws/build/controls_core/install.log'
[15.278s] Invoked command in '/home/public/ros2ws/src/controls_core' returned '0': DEBUGINFOD_URLS=https://debuginfod.ubuntu.com PYTHONPATH=/home/public/ros2ws/build/controls_core/prefix_override:/usr/lib/python3/dist-packages/colcon_core/task/python/colcon_distutils_commands:/home/public/ros2ws/install/controls_core/lib/python3.14/site-packages:${PYTHONPATH} /usr/bin/python3 -W ignore:setup.py install is deprecated -W ignore:easy_install command is deprecated setup.py egg_info --egg-base ../../build/controls_core build --build-base /home/public/ros2ws/build/controls_core/build install --record /home/public/ros2ws/build/controls_core/install.log --install-scripts $base/lib/controls_core --single-version-externally-managed install_data
