[4.398s] Invoking command in '/home/public/MSE112_MPi5_Hiwonder_ROS2/ros2ws/src/controls_core': DEBUGINFOD_URLS=https://debuginfod.ubuntu.com PYTHONPATH=/home/public/MSE112_MPi5_Hiwonder_ROS2/ros2ws/build/controls_core/prefix_override:/usr/lib/python3/dist-packages/colcon_core/task/python/colcon_distutils_commands:/home/public/MSE112_MPi5_Hiwonder_ROS2/ros2ws/install/controls_core/lib/python3.14/site-packages:${PYTHONPATH} /usr/bin/python3 -W ignore:setup.py install is deprecated -W ignore:easy_install command is deprecated setup.py egg_info --egg-base ../../build/controls_core build --build-base /home/public/MSE112_MPi5_Hiwonder_ROS2/ros2ws/build/controls_core/build install --record /home/public/MSE112_MPi5_Hiwonder_ROS2/ros2ws/build/controls_core/install.log --install-scripts $base/lib/controls_core --single-version-externally-managed install_data
[5.658s] running egg_info
[5.719s] creating ../../build/controls_core/controls_core.egg-info
[5.719s] writing ../../build/controls_core/controls_core.egg-info/PKG-INFO
[5.720s] writing dependency_links to ../../build/controls_core/controls_core.egg-info/dependency_links.txt
[5.720s] writing entry points to ../../build/controls_core/controls_core.egg-info/entry_points.txt
[5.721s] writing requirements to ../../build/controls_core/controls_core.egg-info/requires.txt
[5.721s] writing top-level names to ../../build/controls_core/controls_core.egg-info/top_level.txt
[5.722s] writing manifest file '../../build/controls_core/controls_core.egg-info/SOURCES.txt'
[5.841s] reading manifest file '../../build/controls_core/controls_core.egg-info/SOURCES.txt'
[5.842s] adding license file 'LICENSE'
[5.843s] writing manifest file '../../build/controls_core/controls_core.egg-info/SOURCES.txt'
[5.843s] running build
[5.843s] running build_py
[5.845s] creating /home/public/MSE112_MPi5_Hiwonder_ROS2/ros2ws/build/controls_core/build/lib/controls_core
[5.845s] copying controls_core/ui_testing.py -> /home/public/MSE112_MPi5_Hiwonder_ROS2/ros2ws/build/controls_core/build/lib/controls_core
[5.849s] copying controls_core/main_control_node.py -> /home/public/MSE112_MPi5_Hiwonder_ROS2/ros2ws/build/controls_core/build/lib/controls_core
[5.851s] copying controls_core/__init__.py -> /home/public/MSE112_MPi5_Hiwonder_ROS2/ros2ws/build/controls_core/build/lib/controls_core
[5.851s] copying controls_core/cv_interface.py -> /home/public/MSE112_MPi5_Hiwonder_ROS2/ros2ws/build/controls_core/build/lib/controls_core
[5.853s] copying controls_core/board_interface.py -> /home/public/MSE112_MPi5_Hiwonder_ROS2/ros2ws/build/controls_core/build/lib/controls_core
[5.855s] copying controls_core/py.typed -> /home/public/MSE112_MPi5_Hiwonder_ROS2/ros2ws/build/controls_core/build/lib/controls_core
[5.855s] running install
[5.877s] running install_lib
[5.945s] creating /home/public/MSE112_MPi5_Hiwonder_ROS2/ros2ws/install/controls_core/lib/python3.14/site-packages/controls_core
[5.945s] copying /home/public/MSE112_MPi5_Hiwonder_ROS2/ros2ws/build/controls_core/build/lib/controls_core/ui_testing.py -> /home/public/MSE112_MPi5_Hiwonder_ROS2/ros2ws/install/controls_core/lib/python3.14/site-packages/controls_core
[5.945s] copying /home/public/MSE112_MPi5_Hiwonder_ROS2/ros2ws/build/controls_core/build/lib/controls_core/main_control_node.py -> /home/public/MSE112_MPi5_Hiwonder_ROS2/ros2ws/install/controls_core/lib/python3.14/site-packages/controls_core
[5.945s] copying /home/public/MSE112_MPi5_Hiwonder_ROS2/ros2ws/build/controls_core/build/lib/controls_core/__init__.py -> /home/public/MSE112_MPi5_Hiwonder_ROS2/ros2ws/install/controls_core/lib/python3.14/site-packages/controls_core
[5.946s] copying /home/public/MSE112_MPi5_Hiwonder_ROS2/ros2ws/build/controls_core/build/lib/controls_core/cv_interface.py -> /home/public/MSE112_MPi5_Hiwonder_ROS2/ros2ws/install/controls_core/lib/python3.14/site-packages/controls_core
[5.947s] copying /home/public/MSE112_MPi5_Hiwonder_ROS2/ros2ws/build/controls_core/build/lib/controls_core/board_interface.py -> /home/public/MSE112_MPi5_Hiwonder_ROS2/ros2ws/install/controls_core/lib/python3.14/site-packages/controls_core
[5.948s] copying /home/public/MSE112_MPi5_Hiwonder_ROS2/ros2ws/build/controls_core/build/lib/controls_core/py.typed -> /home/public/MSE112_MPi5_Hiwonder_ROS2/ros2ws/install/controls_core/lib/python3.14/site-packages/controls_core
[5.948s] byte-compiling /home/public/MSE112_MPi5_Hiwonder_ROS2/ros2ws/install/controls_core/lib/python3.14/site-packages/controls_core/ui_testing.py to ui_testing.cpython-314.pyc
[5.951s] byte-compiling /home/public/MSE112_MPi5_Hiwonder_ROS2/ros2ws/install/controls_core/lib/python3.14/site-packages/controls_core/main_control_node.py to main_control_node.cpython-314.pyc
[5.957s] byte-compiling /home/public/MSE112_MPi5_Hiwonder_ROS2/ros2ws/install/controls_core/lib/python3.14/site-packages/controls_core/__init__.py to __init__.cpython-314.pyc
[5.957s] byte-compiling /home/public/MSE112_MPi5_Hiwonder_ROS2/ros2ws/install/controls_core/lib/python3.14/site-packages/controls_core/cv_interface.py to cv_interface.cpython-314.pyc
[5.965s] byte-compiling /home/public/MSE112_MPi5_Hiwonder_ROS2/ros2ws/install/controls_core/lib/python3.14/site-packages/controls_core/board_interface.py to board_interface.cpython-314.pyc
[5.966s] running install_data
[5.966s] creating /home/public/MSE112_MPi5_Hiwonder_ROS2/ros2ws/install/controls_core/share/ament_index/resource_index/packages
[5.968s] copying resource/controls_core -> /home/public/MSE112_MPi5_Hiwonder_ROS2/ros2ws/install/controls_core/share/ament_index/resource_index/packages
[5.968s] copying package.xml -> /home/public/MSE112_MPi5_Hiwonder_ROS2/ros2ws/install/controls_core/share/controls_core
[5.968s] running install_egg_info
[6.026s] Copying ../../build/controls_core/controls_core.egg-info to /home/public/MSE112_MPi5_Hiwonder_ROS2/ros2ws/install/controls_core/lib/python3.14/site-packages/controls_core-0.0.0-py3.14.egg-info
[6.027s] running install_scripts
[6.296s] Installing main_control_node script to /home/public/MSE112_MPi5_Hiwonder_ROS2/ros2ws/install/controls_core/lib/controls_core
[6.297s] writing list of installed files to '/home/public/MSE112_MPi5_Hiwonder_ROS2/ros2ws/build/controls_core/install.log'
[6.557s] Invoked command in '/home/public/MSE112_MPi5_Hiwonder_ROS2/ros2ws/src/controls_core' returned '0': DEBUGINFOD_URLS=https://debuginfod.ubuntu.com PYTHONPATH=/home/public/MSE112_MPi5_Hiwonder_ROS2/ros2ws/build/controls_core/prefix_override:/usr/lib/python3/dist-packages/colcon_core/task/python/colcon_distutils_commands:/home/public/MSE112_MPi5_Hiwonder_ROS2/ros2ws/install/controls_core/lib/python3.14/site-packages:${PYTHONPATH} /usr/bin/python3 -W ignore:setup.py install is deprecated -W ignore:easy_install command is deprecated setup.py egg_info --egg-base ../../build/controls_core build --build-base /home/public/MSE112_MPi5_Hiwonder_ROS2/ros2ws/build/controls_core/build install --record /home/public/MSE112_MPi5_Hiwonder_ROS2/ros2ws/build/controls_core/install.log --install-scripts $base/lib/controls_core --single-version-externally-managed install_data
