[5.721s] Invoking command in '/home/public/ros2ws/src/controls_core': DEBUGINFOD_URLS=https://debuginfod.ubuntu.com PYTHONPATH=/home/public/ros2ws/build/controls_core/prefix_override:/usr/lib/python3/dist-packages/colcon_core/task/python/colcon_distutils_commands:/home/public/ros2ws/install/controls_core/lib/python3.14/site-packages:${PYTHONPATH} /usr/bin/python3 -W ignore:setup.py install is deprecated -W ignore:easy_install command is deprecated setup.py egg_info --egg-base ../../build/controls_core build --build-base /home/public/ros2ws/build/controls_core/build install --record /home/public/ros2ws/build/controls_core/install.log --install-scripts $base/lib/controls_core --single-version-externally-managed install_data
[7.527s] running egg_info
[7.633s] writing ../../build/controls_core/controls_core.egg-info/PKG-INFO
[7.638s] writing dependency_links to ../../build/controls_core/controls_core.egg-info/dependency_links.txt
[7.639s] writing entry points to ../../build/controls_core/controls_core.egg-info/entry_points.txt
[7.643s] writing requirements to ../../build/controls_core/controls_core.egg-info/requires.txt
[7.644s] writing top-level names to ../../build/controls_core/controls_core.egg-info/top_level.txt
[7.885s] reading manifest file '../../build/controls_core/controls_core.egg-info/SOURCES.txt'
[7.886s] adding license file 'LICENSE'
[7.888s] writing manifest file '../../build/controls_core/controls_core.egg-info/SOURCES.txt'
[7.890s] running build
[7.892s] running build_py
[7.896s] copying controls_core/ui_testing.py -> /home/public/ros2ws/build/controls_core/build/lib/controls_core
[7.898s] copying controls_core/main_control_node.py -> /home/public/ros2ws/build/controls_core/build/lib/controls_core
[7.901s] copying controls_core/__init__.py -> /home/public/ros2ws/build/controls_core/build/lib/controls_core
[7.902s] copying controls_core/board_interface.py -> /home/public/ros2ws/build/controls_core/build/lib/controls_core
[7.906s] copying controls_core/py.typed -> /home/public/ros2ws/build/controls_core/build/lib/controls_core
[7.913s] running install
[7.941s] running install_lib
[8.040s] copying /home/public/ros2ws/build/controls_core/build/lib/controls_core/main_control_node.py -> /home/public/ros2ws/install/controls_core/lib/python3.14/site-packages/controls_core
[8.041s] byte-compiling /home/public/ros2ws/install/controls_core/lib/python3.14/site-packages/controls_core/main_control_node.py to main_control_node.cpython-314.pyc
[8.043s] running install_data
[8.044s] copying resource/controls_core -> /home/public/ros2ws/install/controls_core/share/ament_index/resource_index/packages
[8.044s] copying package.xml -> /home/public/ros2ws/install/controls_core/share/controls_core
[8.045s] running install_egg_info
[8.159s] removing '/home/public/ros2ws/install/controls_core/lib/python3.14/site-packages/controls_core-0.0.0-py3.14.egg-info' (and everything under it)
[8.160s] Copying ../../build/controls_core/controls_core.egg-info to /home/public/ros2ws/install/controls_core/lib/python3.14/site-packages/controls_core-0.0.0-py3.14.egg-info
[8.163s] running install_scripts
[8.677s] Installing main_control_node script to /home/public/ros2ws/install/controls_core/lib/controls_core
[8.677s] writing list of installed files to '/home/public/ros2ws/build/controls_core/install.log'
[9.022s] Invoked command in '/home/public/ros2ws/src/controls_core' returned '0': DEBUGINFOD_URLS=https://debuginfod.ubuntu.com PYTHONPATH=/home/public/ros2ws/build/controls_core/prefix_override:/usr/lib/python3/dist-packages/colcon_core/task/python/colcon_distutils_commands:/home/public/ros2ws/install/controls_core/lib/python3.14/site-packages:${PYTHONPATH} /usr/bin/python3 -W ignore:setup.py install is deprecated -W ignore:easy_install command is deprecated setup.py egg_info --egg-base ../../build/controls_core build --build-base /home/public/ros2ws/build/controls_core/build install --record /home/public/ros2ws/build/controls_core/install.log --install-scripts $base/lib/controls_core --single-version-externally-managed install_data
