[2.025s] Invoking command in '/home/public/MSE112_MPi5_Hiwonder_ROS2/ros2ws/build/core': DEBUGINFOD_URLS=https://debuginfod.ubuntu.com PYTHONPATH=/home/public/MSE112_MPi5_Hiwonder_ROS2/ros2ws/build/core/prefix_override:/usr/lib/python3/dist-packages/colcon_core/task/python/colcon_distutils_commands:/home/public/MSE112_MPi5_Hiwonder_ROS2/ros2ws/install/core/lib/python3.14/site-packages:${PYTHONPATH} /usr/bin/python3 -W ignore:setup.py install is deprecated -W ignore:easy_install command is deprecated setup.py develop --uninstall --editable --build-directory /home/public/MSE112_MPi5_Hiwonder_ROS2/ros2ws/build/core/build
[2.471s] running develop
[2.714s] Removing /home/public/MSE112_MPi5_Hiwonder_ROS2/ros2ws/install/core/lib/python3.14/site-packages/core.egg-link (link to .)
[2.859s] Invoked command in '/home/public/MSE112_MPi5_Hiwonder_ROS2/ros2ws/build/core' returned '0': DEBUGINFOD_URLS=https://debuginfod.ubuntu.com PYTHONPATH=/home/public/MSE112_MPi5_Hiwonder_ROS2/ros2ws/build/core/prefix_override:/usr/lib/python3/dist-packages/colcon_core/task/python/colcon_distutils_commands:/home/public/MSE112_MPi5_Hiwonder_ROS2/ros2ws/install/core/lib/python3.14/site-packages:${PYTHONPATH} /usr/bin/python3 -W ignore:setup.py install is deprecated -W ignore:easy_install command is deprecated setup.py develop --uninstall --editable --build-directory /home/public/MSE112_MPi5_Hiwonder_ROS2/ros2ws/build/core/build
[2.861s] Invoking command in '/home/public/MSE112_MPi5_Hiwonder_ROS2/ros2ws/src/core': DEBUGINFOD_URLS=https://debuginfod.ubuntu.com PYTHONPATH=/home/public/MSE112_MPi5_Hiwonder_ROS2/ros2ws/build/core/prefix_override:/usr/lib/python3/dist-packages/colcon_core/task/python/colcon_distutils_commands:/home/public/MSE112_MPi5_Hiwonder_ROS2/ros2ws/install/core/lib/python3.14/site-packages:${PYTHONPATH} /usr/bin/python3 -W ignore:setup.py install is deprecated -W ignore:easy_install command is deprecated setup.py egg_info --egg-base ../../build/core build --build-base /home/public/MSE112_MPi5_Hiwonder_ROS2/ros2ws/build/core/build install --record /home/public/MSE112_MPi5_Hiwonder_ROS2/ros2ws/build/core/install.log --install-scripts $base/lib/core --single-version-externally-managed install_data --force
[3.299s] running egg_info
[3.326s] writing ../../build/core/core.egg-info/PKG-INFO
[3.326s] writing dependency_links to ../../build/core/core.egg-info/dependency_links.txt
[3.329s] writing entry points to ../../build/core/core.egg-info/entry_points.txt
[3.331s] writing requirements to ../../build/core/core.egg-info/requires.txt
[3.332s] writing top-level names to ../../build/core/core.egg-info/top_level.txt
[3.393s] reading manifest file '../../build/core/core.egg-info/SOURCES.txt'
[3.394s] adding license file 'LICENSE'
[3.395s] writing manifest file '../../build/core/core.egg-info/SOURCES.txt'
[3.395s] running build
[3.395s] running build_py
[3.395s] creating /home/public/MSE112_MPi5_Hiwonder_ROS2/ros2ws/build/core/build/lib/core
[3.396s] copying core/ui_testing.py -> /home/public/MSE112_MPi5_Hiwonder_ROS2/ros2ws/build/core/build/lib/core
[3.397s] copying core/main.py -> /home/public/MSE112_MPi5_Hiwonder_ROS2/ros2ws/build/core/build/lib/core
[3.401s] copying core/__init__.py -> /home/public/MSE112_MPi5_Hiwonder_ROS2/ros2ws/build/core/build/lib/core
[3.401s] copying core/cv_interface.py -> /home/public/MSE112_MPi5_Hiwonder_ROS2/ros2ws/build/core/build/lib/core
[3.402s] copying core/board_interface.py -> /home/public/MSE112_MPi5_Hiwonder_ROS2/ros2ws/build/core/build/lib/core
[3.402s] copying core/py.typed -> /home/public/MSE112_MPi5_Hiwonder_ROS2/ros2ws/build/core/build/lib/core
[3.405s] running install
[3.415s] running install_lib
[3.444s] creating /home/public/MSE112_MPi5_Hiwonder_ROS2/ros2ws/install/core/lib/python3.14/site-packages/core
[3.445s] copying /home/public/MSE112_MPi5_Hiwonder_ROS2/ros2ws/build/core/build/lib/core/ui_testing.py -> /home/public/MSE112_MPi5_Hiwonder_ROS2/ros2ws/install/core/lib/python3.14/site-packages/core
[3.445s] copying /home/public/MSE112_MPi5_Hiwonder_ROS2/ros2ws/build/core/build/lib/core/main.py -> /home/public/MSE112_MPi5_Hiwonder_ROS2/ros2ws/install/core/lib/python3.14/site-packages/core
[3.445s] copying /home/public/MSE112_MPi5_Hiwonder_ROS2/ros2ws/build/core/build/lib/core/__init__.py -> /home/public/MSE112_MPi5_Hiwonder_ROS2/ros2ws/install/core/lib/python3.14/site-packages/core
[3.447s] copying /home/public/MSE112_MPi5_Hiwonder_ROS2/ros2ws/build/core/build/lib/core/cv_interface.py -> /home/public/MSE112_MPi5_Hiwonder_ROS2/ros2ws/install/core/lib/python3.14/site-packages/core
[3.449s] copying /home/public/MSE112_MPi5_Hiwonder_ROS2/ros2ws/build/core/build/lib/core/board_interface.py -> /home/public/MSE112_MPi5_Hiwonder_ROS2/ros2ws/install/core/lib/python3.14/site-packages/core
[3.451s] copying /home/public/MSE112_MPi5_Hiwonder_ROS2/ros2ws/build/core/build/lib/core/py.typed -> /home/public/MSE112_MPi5_Hiwonder_ROS2/ros2ws/install/core/lib/python3.14/site-packages/core
[3.452s] byte-compiling /home/public/MSE112_MPi5_Hiwonder_ROS2/ros2ws/install/core/lib/python3.14/site-packages/core/ui_testing.py to ui_testing.cpython-314.pyc
[3.455s] byte-compiling /home/public/MSE112_MPi5_Hiwonder_ROS2/ros2ws/install/core/lib/python3.14/site-packages/core/main.py to main.cpython-314.pyc
[3.457s] byte-compiling /home/public/MSE112_MPi5_Hiwonder_ROS2/ros2ws/install/core/lib/python3.14/site-packages/core/__init__.py to __init__.cpython-314.pyc
[3.457s] byte-compiling /home/public/MSE112_MPi5_Hiwonder_ROS2/ros2ws/install/core/lib/python3.14/site-packages/core/cv_interface.py to cv_interface.cpython-314.pyc
[3.458s] byte-compiling /home/public/MSE112_MPi5_Hiwonder_ROS2/ros2ws/install/core/lib/python3.14/site-packages/core/board_interface.py to board_interface.cpython-314.pyc
[3.461s] running install_data
[3.463s] copying resource/core -> /home/public/MSE112_MPi5_Hiwonder_ROS2/ros2ws/install/core/share/ament_index/resource_index/packages
[3.463s] copying package.xml -> /home/public/MSE112_MPi5_Hiwonder_ROS2/ros2ws/install/core/share/core
[3.464s] running install_egg_info
[3.491s] Copying ../../build/core/core.egg-info to /home/public/MSE112_MPi5_Hiwonder_ROS2/ros2ws/install/core/lib/python3.14/site-packages/core-0.0.0-py3.14.egg-info
[3.492s] running install_scripts
[3.633s] Installing main script to /home/public/MSE112_MPi5_Hiwonder_ROS2/ros2ws/install/core/lib/core
[3.634s] writing list of installed files to '/home/public/MSE112_MPi5_Hiwonder_ROS2/ros2ws/build/core/install.log'
[3.769s] Invoked command in '/home/public/MSE112_MPi5_Hiwonder_ROS2/ros2ws/src/core' returned '0': DEBUGINFOD_URLS=https://debuginfod.ubuntu.com PYTHONPATH=/home/public/MSE112_MPi5_Hiwonder_ROS2/ros2ws/build/core/prefix_override:/usr/lib/python3/dist-packages/colcon_core/task/python/colcon_distutils_commands:/home/public/MSE112_MPi5_Hiwonder_ROS2/ros2ws/install/core/lib/python3.14/site-packages:${PYTHONPATH} /usr/bin/python3 -W ignore:setup.py install is deprecated -W ignore:easy_install command is deprecated setup.py egg_info --egg-base ../../build/core build --build-base /home/public/MSE112_MPi5_Hiwonder_ROS2/ros2ws/build/core/build install --record /home/public/MSE112_MPi5_Hiwonder_ROS2/ros2ws/build/core/install.log --install-scripts $base/lib/core --single-version-externally-managed install_data --force
