[0.039s] Invoking command in '/home/public/ros2ws/build/examples_rclcpp_async_client': CMAKE_PREFIX_PATH=${CMAKE_PREFIX_PATH}:/home/public/ros2ws/install/launch_testing_examples:/home/public/ros2ws/install/hiwonder_board:/home/public/ros2ws/install/examples_rclpy_pointcloud_publisher:/home/public/ros2ws/install/examples_rclpy_minimal_subscriber:/home/public/ros2ws/install/examples_rclpy_minimal_service:/home/public/ros2ws/install/examples_rclpy_minimal_publisher:/home/public/ros2ws/install/examples_rclpy_minimal_client:/home/public/ros2ws/install/examples_rclpy_minimal_action_server:/home/public/ros2ws/install/examples_rclpy_minimal_action_client:/home/public/ros2ws/install/examples_rclpy_guard_conditions:/home/public/ros2ws/install/examples_rclpy_executors:/opt/ros/lyrical DEBUGINFOD_URLS=https://debuginfod.ubuntu.com /usr/bin/cmake /home/public/ros2ws/src/examples/rclcpp/services/async_client -DCMAKE_INSTALL_PREFIX=/home/public/ros2ws/install/examples_rclcpp_async_client
[0.713s] -- The C compiler identification is GNU 15.2.0
[1.326s] -- The CXX compiler identification is GNU 15.2.0
[1.354s] -- Detecting C compiler ABI info
[1.738s] -- Detecting C compiler ABI info - done
[1.774s] -- Check for working C compiler: /usr/bin/cc - skipped
[1.776s] -- Detecting C compile features
[1.779s] -- Detecting C compile features - done
[1.826s] -- Detecting CXX compiler ABI info
[2.217s] -- Detecting CXX compiler ABI info - done
[2.252s] -- Check for working CXX compiler: /usr/bin/c++ - skipped
[2.252s] -- Detecting CXX compile features
[2.253s] -- Detecting CXX compile features - done
[2.269s] -- Found ament_cmake: 2.8.7 (/opt/ros/lyrical/share/ament_cmake/cmake)
[3.758s] -- Found example_interfaces: 0.14.1 (/opt/ros/lyrical/share/example_interfaces/cmake)
[3.880s] -- Found rosidl_generator_c: 5.2.1 (/opt/ros/lyrical/share/rosidl_generator_c/cmake)
[3.905s] -- Found rosidl_generator_cpp: 5.2.1 (/opt/ros/lyrical/share/rosidl_generator_cpp/cmake)
[3.971s] -- Using all available rosidl_typesupport_c: rosidl_typesupport_fastrtps_c;rosidl_typesupport_introspection_c
[4.047s] -- Using all available rosidl_typesupport_cpp: rosidl_typesupport_fastrtps_cpp;rosidl_typesupport_introspection_cpp
[4.319s] -- Found rclcpp: 32.0.0 (/opt/ros/lyrical/share/rclcpp/cmake)
[4.388s] -- Found rmw_implementation_cmake: 7.10.1 (/opt/ros/lyrical/share/rmw_implementation_cmake/cmake)
[4.393s] -- Found rmw_fastrtps_cpp: 9.4.8 (/opt/ros/lyrical/share/rmw_fastrtps_cpp/cmake)
[4.449s] -- Using RMW implementation 'rmw_fastrtps_cpp' as default
[4.889s] -- Found ament_lint_auto: 0.20.6 (/opt/ros/lyrical/share/ament_lint_auto/cmake)
[5.462s] -- Added test 'copyright' to check source files copyright and LICENSE
[5.468s] -- Added test 'cppcheck' to perform static code analysis on C / C++ code
[5.468s] -- Configured cppcheck include dirs: 
[5.468s] -- Configured cppcheck exclude dirs and/or files: 
[5.475s] -- Added test 'cpplint' to check C / C++ code against the Google style
[5.484s] -- Configured cpplint exclude dirs and/or files: 
[5.487s] -- Added test 'lint_cmake' to check CMake code style
[5.499s] -- Added test 'uncrustify' to check C / C++ code style
[5.499s] -- Configured uncrustify additional arguments: 
[5.505s] -- Added test 'xmllint' to check XML markup files
[5.520s] -- Configuring done (5.3s)
[5.576s] -- Generating done (0.1s)
[5.723s] -- Build files have been written to: /home/public/ros2ws/build/examples_rclcpp_async_client
[5.778s] Invoked command in '/home/public/ros2ws/build/examples_rclcpp_async_client' returned '0': CMAKE_PREFIX_PATH=${CMAKE_PREFIX_PATH}:/home/public/ros2ws/install/launch_testing_examples:/home/public/ros2ws/install/hiwonder_board:/home/public/ros2ws/install/examples_rclpy_pointcloud_publisher:/home/public/ros2ws/install/examples_rclpy_minimal_subscriber:/home/public/ros2ws/install/examples_rclpy_minimal_service:/home/public/ros2ws/install/examples_rclpy_minimal_publisher:/home/public/ros2ws/install/examples_rclpy_minimal_client:/home/public/ros2ws/install/examples_rclpy_minimal_action_server:/home/public/ros2ws/install/examples_rclpy_minimal_action_client:/home/public/ros2ws/install/examples_rclpy_guard_conditions:/home/public/ros2ws/install/examples_rclpy_executors:/opt/ros/lyrical DEBUGINFOD_URLS=https://debuginfod.ubuntu.com /usr/bin/cmake /home/public/ros2ws/src/examples/rclcpp/services/async_client -DCMAKE_INSTALL_PREFIX=/home/public/ros2ws/install/examples_rclcpp_async_client
[5.779s] Invoking command in '/home/public/ros2ws/build/examples_rclcpp_async_client': CMAKE_PREFIX_PATH=${CMAKE_PREFIX_PATH}:/home/public/ros2ws/install/launch_testing_examples:/home/public/ros2ws/install/hiwonder_board:/home/public/ros2ws/install/examples_rclpy_pointcloud_publisher:/home/public/ros2ws/install/examples_rclpy_minimal_subscriber:/home/public/ros2ws/install/examples_rclpy_minimal_service:/home/public/ros2ws/install/examples_rclpy_minimal_publisher:/home/public/ros2ws/install/examples_rclpy_minimal_client:/home/public/ros2ws/install/examples_rclpy_minimal_action_server:/home/public/ros2ws/install/examples_rclpy_minimal_action_client:/home/public/ros2ws/install/examples_rclpy_guard_conditions:/home/public/ros2ws/install/examples_rclpy_executors:/opt/ros/lyrical DEBUGINFOD_URLS=https://debuginfod.ubuntu.com /usr/bin/cmake --build /home/public/ros2ws/build/examples_rclcpp_async_client -- -j4 -l4
[5.915s] [ 50%] [32mBuilding CXX object CMakeFiles/client_main.dir/main.cpp.o[0m
[19.799s] [100%] [1m[32mLinking CXX executable client_main[0m
[21.198s] [100%] Built target client_main
[21.228s] Invoked command in '/home/public/ros2ws/build/examples_rclcpp_async_client' returned '0': CMAKE_PREFIX_PATH=${CMAKE_PREFIX_PATH}:/home/public/ros2ws/install/launch_testing_examples:/home/public/ros2ws/install/hiwonder_board:/home/public/ros2ws/install/examples_rclpy_pointcloud_publisher:/home/public/ros2ws/install/examples_rclpy_minimal_subscriber:/home/public/ros2ws/install/examples_rclpy_minimal_service:/home/public/ros2ws/install/examples_rclpy_minimal_publisher:/home/public/ros2ws/install/examples_rclpy_minimal_client:/home/public/ros2ws/install/examples_rclpy_minimal_action_server:/home/public/ros2ws/install/examples_rclpy_minimal_action_client:/home/public/ros2ws/install/examples_rclpy_guard_conditions:/home/public/ros2ws/install/examples_rclpy_executors:/opt/ros/lyrical DEBUGINFOD_URLS=https://debuginfod.ubuntu.com /usr/bin/cmake --build /home/public/ros2ws/build/examples_rclcpp_async_client -- -j4 -l4
[21.249s] Invoking command in '/home/public/ros2ws/build/examples_rclcpp_async_client': CMAKE_PREFIX_PATH=${CMAKE_PREFIX_PATH}:/home/public/ros2ws/install/launch_testing_examples:/home/public/ros2ws/install/hiwonder_board:/home/public/ros2ws/install/examples_rclpy_pointcloud_publisher:/home/public/ros2ws/install/examples_rclpy_minimal_subscriber:/home/public/ros2ws/install/examples_rclpy_minimal_service:/home/public/ros2ws/install/examples_rclpy_minimal_publisher:/home/public/ros2ws/install/examples_rclpy_minimal_client:/home/public/ros2ws/install/examples_rclpy_minimal_action_server:/home/public/ros2ws/install/examples_rclpy_minimal_action_client:/home/public/ros2ws/install/examples_rclpy_guard_conditions:/home/public/ros2ws/install/examples_rclpy_executors:/opt/ros/lyrical DEBUGINFOD_URLS=https://debuginfod.ubuntu.com /usr/bin/cmake --install /home/public/ros2ws/build/examples_rclcpp_async_client
[21.268s] -- Install configuration: ""
[21.268s] -- Installing: /home/public/ros2ws/install/examples_rclcpp_async_client/lib/examples_rclcpp_async_client/client_main
[21.271s] -- Set non-toolchain portion of runtime path of "/home/public/ros2ws/install/examples_rclcpp_async_client/lib/examples_rclcpp_async_client/client_main" to ""
[21.271s] -- Installing: /home/public/ros2ws/install/examples_rclcpp_async_client/share/ament_index/resource_index/package_run_dependencies/examples_rclcpp_async_client
[21.271s] -- Installing: /home/public/ros2ws/install/examples_rclcpp_async_client/share/ament_index/resource_index/parent_prefix_path/examples_rclcpp_async_client
[21.271s] -- Installing: /home/public/ros2ws/install/examples_rclcpp_async_client/share/examples_rclcpp_async_client/environment/ament_prefix_path.sh
[21.272s] -- Installing: /home/public/ros2ws/install/examples_rclcpp_async_client/share/examples_rclcpp_async_client/environment/ament_prefix_path.dsv
[21.273s] -- Installing: /home/public/ros2ws/install/examples_rclcpp_async_client/share/examples_rclcpp_async_client/environment/path.sh
[21.274s] -- Installing: /home/public/ros2ws/install/examples_rclcpp_async_client/share/examples_rclcpp_async_client/environment/path.dsv
[21.274s] -- Installing: /home/public/ros2ws/install/examples_rclcpp_async_client/share/examples_rclcpp_async_client/local_setup.bash
[21.275s] -- Installing: /home/public/ros2ws/install/examples_rclcpp_async_client/share/examples_rclcpp_async_client/local_setup.fish
[21.277s] -- Installing: /home/public/ros2ws/install/examples_rclcpp_async_client/share/examples_rclcpp_async_client/local_setup.sh
[21.277s] -- Installing: /home/public/ros2ws/install/examples_rclcpp_async_client/share/examples_rclcpp_async_client/local_setup.zsh
[21.277s] -- Installing: /home/public/ros2ws/install/examples_rclcpp_async_client/share/examples_rclcpp_async_client/local_setup.dsv
[21.278s] -- Installing: /home/public/ros2ws/install/examples_rclcpp_async_client/share/examples_rclcpp_async_client/package.dsv
[21.278s] -- Installing: /home/public/ros2ws/install/examples_rclcpp_async_client/share/ament_index/resource_index/packages/examples_rclcpp_async_client
[21.278s] -- Installing: /home/public/ros2ws/install/examples_rclcpp_async_client/share/examples_rclcpp_async_client/cmake/examples_rclcpp_async_clientConfig.cmake
[21.280s] -- Installing: /home/public/ros2ws/install/examples_rclcpp_async_client/share/examples_rclcpp_async_client/cmake/examples_rclcpp_async_clientConfig-version.cmake
[21.280s] -- Installing: /home/public/ros2ws/install/examples_rclcpp_async_client/share/examples_rclcpp_async_client/package.xml
[21.292s] Invoked command in '/home/public/ros2ws/build/examples_rclcpp_async_client' returned '0': CMAKE_PREFIX_PATH=${CMAKE_PREFIX_PATH}:/home/public/ros2ws/install/launch_testing_examples:/home/public/ros2ws/install/hiwonder_board:/home/public/ros2ws/install/examples_rclpy_pointcloud_publisher:/home/public/ros2ws/install/examples_rclpy_minimal_subscriber:/home/public/ros2ws/install/examples_rclpy_minimal_service:/home/public/ros2ws/install/examples_rclpy_minimal_publisher:/home/public/ros2ws/install/examples_rclpy_minimal_client:/home/public/ros2ws/install/examples_rclpy_minimal_action_server:/home/public/ros2ws/install/examples_rclpy_minimal_action_client:/home/public/ros2ws/install/examples_rclpy_guard_conditions:/home/public/ros2ws/install/examples_rclpy_executors:/opt/ros/lyrical DEBUGINFOD_URLS=https://debuginfod.ubuntu.com /usr/bin/cmake --install /home/public/ros2ws/build/examples_rclcpp_async_client
