[4.702s] Invoking command in '/home/public/ros2ws/src/examples/rclpy/executors': DEBUGINFOD_URLS=https://debuginfod.ubuntu.com PYTHONPATH=/home/public/ros2ws/build/examples_rclpy_executors/prefix_override:/usr/lib/python3/dist-packages/colcon_core/task/python/colcon_distutils_commands:/home/public/ros2ws/install/examples_rclpy_executors/lib/python3.14/site-packages:${PYTHONPATH} /usr/bin/python3 -W ignore:setup.py install is deprecated -W ignore:easy_install command is deprecated setup.py egg_info --egg-base ../../../../build/examples_rclpy_executors build --build-base /home/public/ros2ws/build/examples_rclpy_executors/build install --record /home/public/ros2ws/build/examples_rclpy_executors/install.log --install-scripts $base/lib/examples_rclpy_executors --single-version-externally-managed install_data
[5.890s] running egg_info
[5.946s] creating ../../../../build/examples_rclpy_executors/examples_rclpy_executors.egg-info
[5.947s] writing ../../../../build/examples_rclpy_executors/examples_rclpy_executors.egg-info/PKG-INFO
[5.951s] writing dependency_links to ../../../../build/examples_rclpy_executors/examples_rclpy_executors.egg-info/dependency_links.txt
[5.952s] writing entry points to ../../../../build/examples_rclpy_executors/examples_rclpy_executors.egg-info/entry_points.txt
[5.954s] writing requirements to ../../../../build/examples_rclpy_executors/examples_rclpy_executors.egg-info/requires.txt
[5.956s] writing top-level names to ../../../../build/examples_rclpy_executors/examples_rclpy_executors.egg-info/top_level.txt
[5.956s] writing manifest file '../../../../build/examples_rclpy_executors/examples_rclpy_executors.egg-info/SOURCES.txt'
[6.098s] reading manifest file '../../../../build/examples_rclpy_executors/examples_rclpy_executors.egg-info/SOURCES.txt'
[6.100s] writing manifest file '../../../../build/examples_rclpy_executors/examples_rclpy_executors.egg-info/SOURCES.txt'
[6.102s] running build
[6.102s] running build_py
[6.103s] creating /home/public/ros2ws/build/examples_rclpy_executors/build/lib/examples_rclpy_executors
[6.104s] copying examples_rclpy_executors/custom_executor.py -> /home/public/ros2ws/build/examples_rclpy_executors/build/lib/examples_rclpy_executors
[6.108s] copying examples_rclpy_executors/talker.py -> /home/public/ros2ws/build/examples_rclpy_executors/build/lib/examples_rclpy_executors
[6.109s] copying examples_rclpy_executors/__init__.py -> /home/public/ros2ws/build/examples_rclpy_executors/build/lib/examples_rclpy_executors
[6.109s] copying examples_rclpy_executors/composed.py -> /home/public/ros2ws/build/examples_rclpy_executors/build/lib/examples_rclpy_executors
[6.114s] copying examples_rclpy_executors/listener.py -> /home/public/ros2ws/build/examples_rclpy_executors/build/lib/examples_rclpy_executors
[6.114s] copying examples_rclpy_executors/custom_callback_group.py -> /home/public/ros2ws/build/examples_rclpy_executors/build/lib/examples_rclpy_executors
[6.118s] copying examples_rclpy_executors/callback_group.py -> /home/public/ros2ws/build/examples_rclpy_executors/build/lib/examples_rclpy_executors
[6.124s] running install
[6.134s] running install_lib
[6.191s] creating /home/public/ros2ws/install/examples_rclpy_executors/lib/python3.14/site-packages/examples_rclpy_executors
[6.192s] copying /home/public/ros2ws/build/examples_rclpy_executors/build/lib/examples_rclpy_executors/custom_executor.py -> /home/public/ros2ws/install/examples_rclpy_executors/lib/python3.14/site-packages/examples_rclpy_executors
[6.193s] copying /home/public/ros2ws/build/examples_rclpy_executors/build/lib/examples_rclpy_executors/talker.py -> /home/public/ros2ws/install/examples_rclpy_executors/lib/python3.14/site-packages/examples_rclpy_executors
[6.194s] copying /home/public/ros2ws/build/examples_rclpy_executors/build/lib/examples_rclpy_executors/__init__.py -> /home/public/ros2ws/install/examples_rclpy_executors/lib/python3.14/site-packages/examples_rclpy_executors
[6.203s] copying /home/public/ros2ws/build/examples_rclpy_executors/build/lib/examples_rclpy_executors/composed.py -> /home/public/ros2ws/install/examples_rclpy_executors/lib/python3.14/site-packages/examples_rclpy_executors
[6.203s] copying /home/public/ros2ws/build/examples_rclpy_executors/build/lib/examples_rclpy_executors/listener.py -> /home/public/ros2ws/install/examples_rclpy_executors/lib/python3.14/site-packages/examples_rclpy_executors
[6.203s] copying /home/public/ros2ws/build/examples_rclpy_executors/build/lib/examples_rclpy_executors/custom_callback_group.py -> /home/public/ros2ws/install/examples_rclpy_executors/lib/python3.14/site-packages/examples_rclpy_executors
[6.203s] copying /home/public/ros2ws/build/examples_rclpy_executors/build/lib/examples_rclpy_executors/callback_group.py -> /home/public/ros2ws/install/examples_rclpy_executors/lib/python3.14/site-packages/examples_rclpy_executors
[6.206s] byte-compiling /home/public/ros2ws/install/examples_rclpy_executors/lib/python3.14/site-packages/examples_rclpy_executors/custom_executor.py to custom_executor.cpython-314.pyc
[6.209s] byte-compiling /home/public/ros2ws/install/examples_rclpy_executors/lib/python3.14/site-packages/examples_rclpy_executors/talker.py to talker.cpython-314.pyc
[6.215s] byte-compiling /home/public/ros2ws/install/examples_rclpy_executors/lib/python3.14/site-packages/examples_rclpy_executors/__init__.py to __init__.cpython-314.pyc
[6.215s] byte-compiling /home/public/ros2ws/install/examples_rclpy_executors/lib/python3.14/site-packages/examples_rclpy_executors/composed.py to composed.cpython-314.pyc
[6.219s] byte-compiling /home/public/ros2ws/install/examples_rclpy_executors/lib/python3.14/site-packages/examples_rclpy_executors/listener.py to listener.cpython-314.pyc
[6.222s] byte-compiling /home/public/ros2ws/install/examples_rclpy_executors/lib/python3.14/site-packages/examples_rclpy_executors/custom_callback_group.py to custom_callback_group.cpython-314.pyc
[6.232s] byte-compiling /home/public/ros2ws/install/examples_rclpy_executors/lib/python3.14/site-packages/examples_rclpy_executors/callback_group.py to callback_group.cpython-314.pyc
[6.234s] running install_data
[6.243s] creating /home/public/ros2ws/install/examples_rclpy_executors/share/ament_index/resource_index/packages
[6.243s] copying resource/examples_rclpy_executors -> /home/public/ros2ws/install/examples_rclpy_executors/share/ament_index/resource_index/packages
[6.244s] copying package.xml -> /home/public/ros2ws/install/examples_rclpy_executors/share/examples_rclpy_executors
[6.249s] running install_egg_info
[6.296s] Copying ../../../../build/examples_rclpy_executors/examples_rclpy_executors.egg-info to /home/public/ros2ws/install/examples_rclpy_executors/lib/python3.14/site-packages/examples_rclpy_executors-0.21.5-py3.14.egg-info
[6.300s] running install_scripts
[6.592s] Installing callback_group script to /home/public/ros2ws/install/examples_rclpy_executors/lib/examples_rclpy_executors
[6.593s] Installing composed script to /home/public/ros2ws/install/examples_rclpy_executors/lib/examples_rclpy_executors
[6.595s] Installing custom_callback_group script to /home/public/ros2ws/install/examples_rclpy_executors/lib/examples_rclpy_executors
[6.596s] Installing custom_executor script to /home/public/ros2ws/install/examples_rclpy_executors/lib/examples_rclpy_executors
[6.601s] Installing listener script to /home/public/ros2ws/install/examples_rclpy_executors/lib/examples_rclpy_executors
[6.602s] Installing talker script to /home/public/ros2ws/install/examples_rclpy_executors/lib/examples_rclpy_executors
[6.606s] writing list of installed files to '/home/public/ros2ws/build/examples_rclpy_executors/install.log'
[6.795s] Invoked command in '/home/public/ros2ws/src/examples/rclpy/executors' returned '0': DEBUGINFOD_URLS=https://debuginfod.ubuntu.com PYTHONPATH=/home/public/ros2ws/build/examples_rclpy_executors/prefix_override:/usr/lib/python3/dist-packages/colcon_core/task/python/colcon_distutils_commands:/home/public/ros2ws/install/examples_rclpy_executors/lib/python3.14/site-packages:${PYTHONPATH} /usr/bin/python3 -W ignore:setup.py install is deprecated -W ignore:easy_install command is deprecated setup.py egg_info --egg-base ../../../../build/examples_rclpy_executors build --build-base /home/public/ros2ws/build/examples_rclpy_executors/build install --record /home/public/ros2ws/build/examples_rclpy_executors/install.log --install-scripts $base/lib/examples_rclpy_executors --single-version-externally-managed install_data
