[14.294s] Invoking command in '/home/public/ros2ws/build/examples_rclpy_executors': DEBUGINFOD_URLS=https://debuginfod.ubuntu.com PYTHONPATH=/home/public/ros2ws/build/examples_rclpy_executors/prefix_override:/usr/lib/python3/dist-packages/colcon_core/task/python/colcon_distutils_commands:/home/public/ros2ws/install/examples_rclpy_executors/lib/python3.14/site-packages:${PYTHONPATH} /usr/bin/python3 -W ignore:setup.py install is deprecated -W ignore:easy_install command is deprecated setup.py develop --editable --build-directory /home/public/ros2ws/build/examples_rclpy_executors/build --no-deps symlink_data
[17.838s] running develop
[19.179s] running egg_info
[19.281s] writing examples_rclpy_executors.egg-info/PKG-INFO
[19.283s] writing dependency_links to examples_rclpy_executors.egg-info/dependency_links.txt
[19.283s] writing entry points to examples_rclpy_executors.egg-info/entry_points.txt
[19.287s] writing requirements to examples_rclpy_executors.egg-info/requires.txt
[19.287s] writing top-level names to examples_rclpy_executors.egg-info/top_level.txt
[19.553s] reading manifest file 'examples_rclpy_executors.egg-info/SOURCES.txt'
[19.560s] writing manifest file 'examples_rclpy_executors.egg-info/SOURCES.txt'
[19.671s] running build_ext
[19.671s] Creating /home/public/ros2ws/install/examples_rclpy_executors/lib/python3.14/site-packages/examples-rclpy-executors.egg-link (link to .)
[19.676s] Installing callback_group script to /home/public/ros2ws/install/examples_rclpy_executors/lib/examples_rclpy_executors
[19.679s] Installing composed script to /home/public/ros2ws/install/examples_rclpy_executors/lib/examples_rclpy_executors
[19.680s] Installing custom_callback_group script to /home/public/ros2ws/install/examples_rclpy_executors/lib/examples_rclpy_executors
[19.680s] Installing custom_executor script to /home/public/ros2ws/install/examples_rclpy_executors/lib/examples_rclpy_executors
[19.680s] Installing listener script to /home/public/ros2ws/install/examples_rclpy_executors/lib/examples_rclpy_executors
[19.680s] Installing talker script to /home/public/ros2ws/install/examples_rclpy_executors/lib/examples_rclpy_executors
[19.680s] 
[19.680s] Installed /home/public/ros2ws/build/examples_rclpy_executors
[19.680s] running symlink_data
[19.993s] Invoked command in '/home/public/ros2ws/build/examples_rclpy_executors' returned '0': DEBUGINFOD_URLS=https://debuginfod.ubuntu.com PYTHONPATH=/home/public/ros2ws/build/examples_rclpy_executors/prefix_override:/usr/lib/python3/dist-packages/colcon_core/task/python/colcon_distutils_commands:/home/public/ros2ws/install/examples_rclpy_executors/lib/python3.14/site-packages:${PYTHONPATH} /usr/bin/python3 -W ignore:setup.py install is deprecated -W ignore:easy_install command is deprecated setup.py develop --editable --build-directory /home/public/ros2ws/build/examples_rclpy_executors/build --no-deps symlink_data
