[1.689s] Invoking command in '/home/public/MSE112_MPi5_Hiwonder_ROS2/ros2ws/src/opencv2_nodes': DEBUGINFOD_URLS=https://debuginfod.ubuntu.com PYTHONPATH=/home/public/MSE112_MPi5_Hiwonder_ROS2/ros2ws/build/opencv2_nodes/prefix_override:/usr/lib/python3/dist-packages/colcon_core/task/python/colcon_distutils_commands:/home/public/MSE112_MPi5_Hiwonder_ROS2/ros2ws/install/opencv2_nodes/lib/python3.14/site-packages:${PYTHONPATH} /usr/bin/python3 -W ignore:setup.py install is deprecated -W ignore:easy_install command is deprecated setup.py egg_info --egg-base ../../build/opencv2_nodes build --build-base /home/public/MSE112_MPi5_Hiwonder_ROS2/ros2ws/build/opencv2_nodes/build install --record /home/public/MSE112_MPi5_Hiwonder_ROS2/ros2ws/build/opencv2_nodes/install.log --install-scripts $base/lib/opencv2_nodes --single-version-externally-managed install_data
[2.199s] running egg_info
[2.234s] writing ../../build/opencv2_nodes/opencv2_nodes.egg-info/PKG-INFO
[2.235s] writing dependency_links to ../../build/opencv2_nodes/opencv2_nodes.egg-info/dependency_links.txt
[2.236s] writing entry points to ../../build/opencv2_nodes/opencv2_nodes.egg-info/entry_points.txt
[2.237s] writing requirements to ../../build/opencv2_nodes/opencv2_nodes.egg-info/requires.txt
[2.237s] writing top-level names to ../../build/opencv2_nodes/opencv2_nodes.egg-info/top_level.txt
[2.348s] reading manifest file '../../build/opencv2_nodes/opencv2_nodes.egg-info/SOURCES.txt'
[2.354s] writing manifest file '../../build/opencv2_nodes/opencv2_nodes.egg-info/SOURCES.txt'
[2.358s] running build
[2.358s] running build_py
[2.360s] copying opencv2_nodes/bin_mask.py -> /home/public/MSE112_MPi5_Hiwonder_ROS2/ros2ws/build/opencv2_nodes/build/lib/opencv2_nodes
[2.362s] copying opencv2_nodes/color_recog.py -> /home/public/MSE112_MPi5_Hiwonder_ROS2/ros2ws/build/opencv2_nodes/build/lib/opencv2_nodes
[2.364s] copying opencv2_nodes/line_recog.py -> /home/public/MSE112_MPi5_Hiwonder_ROS2/ros2ws/build/opencv2_nodes/build/lib/opencv2_nodes
[2.366s] copying opencv2_nodes/__init__.py -> /home/public/MSE112_MPi5_Hiwonder_ROS2/ros2ws/build/opencv2_nodes/build/lib/opencv2_nodes
[2.367s] copying opencv2_nodes/green_bin_mask.py -> /home/public/MSE112_MPi5_Hiwonder_ROS2/ros2ws/build/opencv2_nodes/build/lib/opencv2_nodes
[2.369s] copying opencv2_nodes/edge_recog.py -> /home/public/MSE112_MPi5_Hiwonder_ROS2/ros2ws/build/opencv2_nodes/build/lib/opencv2_nodes
[2.371s] copying opencv2_nodes/image_publisher.py -> /home/public/MSE112_MPi5_Hiwonder_ROS2/ros2ws/build/opencv2_nodes/build/lib/opencv2_nodes
[2.373s] copying opencv2_nodes/py.typed -> /home/public/MSE112_MPi5_Hiwonder_ROS2/ros2ws/build/opencv2_nodes/build/lib/opencv2_nodes
[2.376s] running install
[2.390s] running install_lib
[2.437s] copying /home/public/MSE112_MPi5_Hiwonder_ROS2/ros2ws/build/opencv2_nodes/build/lib/opencv2_nodes/line_recog.py -> /home/public/MSE112_MPi5_Hiwonder_ROS2/ros2ws/install/opencv2_nodes/lib/python3.14/site-packages/opencv2_nodes
[2.442s] byte-compiling /home/public/MSE112_MPi5_Hiwonder_ROS2/ros2ws/install/opencv2_nodes/lib/python3.14/site-packages/opencv2_nodes/line_recog.py to line_recog.cpython-314.pyc
[2.449s] running install_data
[2.450s] copying resource/opencv2_nodes -> /home/public/MSE112_MPi5_Hiwonder_ROS2/ros2ws/install/opencv2_nodes/share/ament_index/resource_index/packages
[2.451s] copying package.xml -> /home/public/MSE112_MPi5_Hiwonder_ROS2/ros2ws/install/opencv2_nodes/share/opencv2_nodes
[2.453s] running install_egg_info
[2.492s] removing '/home/public/MSE112_MPi5_Hiwonder_ROS2/ros2ws/install/opencv2_nodes/lib/python3.14/site-packages/opencv2_nodes-0.0.0-py3.14.egg-info' (and everything under it)
[2.493s] Copying ../../build/opencv2_nodes/opencv2_nodes.egg-info to /home/public/MSE112_MPi5_Hiwonder_ROS2/ros2ws/install/opencv2_nodes/lib/python3.14/site-packages/opencv2_nodes-0.0.0-py3.14.egg-info
[2.494s] running install_scripts
[2.689s] Installing bin_mask script to /home/public/MSE112_MPi5_Hiwonder_ROS2/ros2ws/install/opencv2_nodes/lib/opencv2_nodes
[2.690s] Installing edge_recog script to /home/public/MSE112_MPi5_Hiwonder_ROS2/ros2ws/install/opencv2_nodes/lib/opencv2_nodes
[2.691s] Installing image_publisher script to /home/public/MSE112_MPi5_Hiwonder_ROS2/ros2ws/install/opencv2_nodes/lib/opencv2_nodes
[2.692s] Installing line_recog script to /home/public/MSE112_MPi5_Hiwonder_ROS2/ros2ws/install/opencv2_nodes/lib/opencv2_nodes
[2.693s] writing list of installed files to '/home/public/MSE112_MPi5_Hiwonder_ROS2/ros2ws/build/opencv2_nodes/install.log'
[2.874s] Invoked command in '/home/public/MSE112_MPi5_Hiwonder_ROS2/ros2ws/src/opencv2_nodes' returned '0': DEBUGINFOD_URLS=https://debuginfod.ubuntu.com PYTHONPATH=/home/public/MSE112_MPi5_Hiwonder_ROS2/ros2ws/build/opencv2_nodes/prefix_override:/usr/lib/python3/dist-packages/colcon_core/task/python/colcon_distutils_commands:/home/public/MSE112_MPi5_Hiwonder_ROS2/ros2ws/install/opencv2_nodes/lib/python3.14/site-packages:${PYTHONPATH} /usr/bin/python3 -W ignore:setup.py install is deprecated -W ignore:easy_install command is deprecated setup.py egg_info --egg-base ../../build/opencv2_nodes build --build-base /home/public/MSE112_MPi5_Hiwonder_ROS2/ros2ws/build/opencv2_nodes/build install --record /home/public/MSE112_MPi5_Hiwonder_ROS2/ros2ws/build/opencv2_nodes/install.log --install-scripts $base/lib/opencv2_nodes --single-version-externally-managed install_data
