[0.116s] Invoking command in '/home/public/ros2ws/build/examples_rclcpp_minimal_service': CMAKE_PREFIX_PATH=${CMAKE_PREFIX_PATH}:/home/public/ros2ws/install/opencv2_nodes:/home/public/ros2ws/install/launch_testing_examples:/home/public/ros2ws/install/hiwonder_board:/home/public/ros2ws/install/examples_rclpy_pointcloud_publisher:/home/public/ros2ws/install/examples_rclpy_minimal_subscriber:/home/public/ros2ws/install/examples_rclpy_minimal_service:/home/public/ros2ws/install/examples_rclpy_minimal_publisher:/home/public/ros2ws/install/examples_rclpy_minimal_client:/home/public/ros2ws/install/examples_rclpy_minimal_action_server:/home/public/ros2ws/install/examples_rclpy_minimal_action_client:/home/public/ros2ws/install/examples_rclpy_guard_conditions:/home/public/ros2ws/install/examples_rclpy_executors:/home/public/ros2ws/install/controls_core:/opt/ros/lyrical DEBUGINFOD_URLS=https://debuginfod.ubuntu.com /usr/bin/cmake /home/public/ros2ws/src/examples/rclcpp/services/minimal_service -DAMENT_CMAKE_SYMLINK_INSTALL=1 -DCMAKE_INSTALL_PREFIX=/home/public/ros2ws/install/examples_rclcpp_minimal_service
[0.240s] -- Found ament_cmake: 2.8.7 (/opt/ros/lyrical/share/ament_cmake/cmake)
[0.997s] -- Override CMake install command with custom implementation using symlinks instead of copying resources
[1.012s] -- Found example_interfaces: 0.14.1 (/opt/ros/lyrical/share/example_interfaces/cmake)
[1.050s] -- Found rosidl_generator_c: 5.2.1 (/opt/ros/lyrical/share/rosidl_generator_c/cmake)
[1.060s] -- Found rosidl_generator_cpp: 5.2.1 (/opt/ros/lyrical/share/rosidl_generator_cpp/cmake)
[1.079s] -- Using all available rosidl_typesupport_c: rosidl_typesupport_fastrtps_c;rosidl_typesupport_introspection_c
[1.099s] -- Using all available rosidl_typesupport_cpp: rosidl_typesupport_fastrtps_cpp;rosidl_typesupport_introspection_cpp
[1.237s] -- Found rclcpp: 32.0.0 (/opt/ros/lyrical/share/rclcpp/cmake)
[1.302s] -- Found rmw_implementation_cmake: 7.10.1 (/opt/ros/lyrical/share/rmw_implementation_cmake/cmake)
[1.309s] -- Found rmw_fastrtps_cpp: 9.4.8 (/opt/ros/lyrical/share/rmw_fastrtps_cpp/cmake)
[1.362s] -- Using RMW implementation 'rmw_fastrtps_cpp' as default
[1.519s] -- Found ament_lint_auto: 0.20.6 (/opt/ros/lyrical/share/ament_lint_auto/cmake)
[1.947s] -- Added test 'copyright' to check source files copyright and LICENSE
[1.949s] -- Added test 'cppcheck' to perform static code analysis on C / C++ code
[1.950s] -- Configured cppcheck include dirs: 
[1.950s] -- Configured cppcheck exclude dirs and/or files: 
[1.950s] -- Added test 'cpplint' to check C / C++ code against the Google style
[1.951s] -- Configured cpplint exclude dirs and/or files: 
[1.951s] -- Added test 'lint_cmake' to check CMake code style
[1.953s] -- Added test 'uncrustify' to check C / C++ code style
[1.953s] -- Configured uncrustify additional arguments: 
[1.953s] -- Added test 'xmllint' to check XML markup files
[1.974s] -- Configuring done (1.8s)
[2.072s] -- Generating done (0.1s)
[2.184s] -- Build files have been written to: /home/public/ros2ws/build/examples_rclcpp_minimal_service
[2.214s] Invoked command in '/home/public/ros2ws/build/examples_rclcpp_minimal_service' returned '0': CMAKE_PREFIX_PATH=${CMAKE_PREFIX_PATH}:/home/public/ros2ws/install/opencv2_nodes:/home/public/ros2ws/install/launch_testing_examples:/home/public/ros2ws/install/hiwonder_board:/home/public/ros2ws/install/examples_rclpy_pointcloud_publisher:/home/public/ros2ws/install/examples_rclpy_minimal_subscriber:/home/public/ros2ws/install/examples_rclpy_minimal_service:/home/public/ros2ws/install/examples_rclpy_minimal_publisher:/home/public/ros2ws/install/examples_rclpy_minimal_client:/home/public/ros2ws/install/examples_rclpy_minimal_action_server:/home/public/ros2ws/install/examples_rclpy_minimal_action_client:/home/public/ros2ws/install/examples_rclpy_guard_conditions:/home/public/ros2ws/install/examples_rclpy_executors:/home/public/ros2ws/install/controls_core:/opt/ros/lyrical DEBUGINFOD_URLS=https://debuginfod.ubuntu.com /usr/bin/cmake /home/public/ros2ws/src/examples/rclcpp/services/minimal_service -DAMENT_CMAKE_SYMLINK_INSTALL=1 -DCMAKE_INSTALL_PREFIX=/home/public/ros2ws/install/examples_rclcpp_minimal_service
[2.218s] Invoking command in '/home/public/ros2ws/build/examples_rclcpp_minimal_service': CMAKE_PREFIX_PATH=${CMAKE_PREFIX_PATH}:/home/public/ros2ws/install/opencv2_nodes:/home/public/ros2ws/install/launch_testing_examples:/home/public/ros2ws/install/hiwonder_board:/home/public/ros2ws/install/examples_rclpy_pointcloud_publisher:/home/public/ros2ws/install/examples_rclpy_minimal_subscriber:/home/public/ros2ws/install/examples_rclpy_minimal_service:/home/public/ros2ws/install/examples_rclpy_minimal_publisher:/home/public/ros2ws/install/examples_rclpy_minimal_client:/home/public/ros2ws/install/examples_rclpy_minimal_action_server:/home/public/ros2ws/install/examples_rclpy_minimal_action_client:/home/public/ros2ws/install/examples_rclpy_guard_conditions:/home/public/ros2ws/install/examples_rclpy_executors:/home/public/ros2ws/install/controls_core:/opt/ros/lyrical DEBUGINFOD_URLS=https://debuginfod.ubuntu.com /usr/bin/cmake --build /home/public/ros2ws/build/examples_rclcpp_minimal_service -- -j4 -l4
[2.290s] -- Found ament_cmake: 2.8.7 (/opt/ros/lyrical/share/ament_cmake/cmake)
[3.024s] -- Override CMake install command with custom implementation using symlinks instead of copying resources
[3.036s] -- Found example_interfaces: 0.14.1 (/opt/ros/lyrical/share/example_interfaces/cmake)
[3.079s] -- Found rosidl_generator_c: 5.2.1 (/opt/ros/lyrical/share/rosidl_generator_c/cmake)
[3.087s] -- Found rosidl_generator_cpp: 5.2.1 (/opt/ros/lyrical/share/rosidl_generator_cpp/cmake)
[3.104s] -- Using all available rosidl_typesupport_c: rosidl_typesupport_fastrtps_c;rosidl_typesupport_introspection_c
[3.126s] -- Using all available rosidl_typesupport_cpp: rosidl_typesupport_fastrtps_cpp;rosidl_typesupport_introspection_cpp
[3.254s] -- Found rclcpp: 32.0.0 (/opt/ros/lyrical/share/rclcpp/cmake)
[3.314s] -- Found rmw_implementation_cmake: 7.10.1 (/opt/ros/lyrical/share/rmw_implementation_cmake/cmake)
[3.316s] -- Found rmw_fastrtps_cpp: 9.4.8 (/opt/ros/lyrical/share/rmw_fastrtps_cpp/cmake)
[3.370s] -- Using RMW implementation 'rmw_fastrtps_cpp' as default
[3.502s] -- Found ament_lint_auto: 0.20.6 (/opt/ros/lyrical/share/ament_lint_auto/cmake)
[3.911s] -- Added test 'copyright' to check source files copyright and LICENSE
[3.920s] -- Added test 'cppcheck' to perform static code analysis on C / C++ code
[3.921s] -- Configured cppcheck include dirs: 
[3.921s] -- Configured cppcheck exclude dirs and/or files: 
[3.923s] -- Added test 'cpplint' to check C / C++ code against the Google style
[3.923s] -- Configured cpplint exclude dirs and/or files: 
[3.923s] -- Added test 'lint_cmake' to check CMake code style
[3.923s] -- Added test 'uncrustify' to check C / C++ code style
[3.923s] -- Configured uncrustify additional arguments: 
[3.923s] -- Added test 'xmllint' to check XML markup files
[3.927s] -- Configuring done (1.7s)
[3.974s] -- Generating done (0.0s)
[4.033s] -- Build files have been written to: /home/public/ros2ws/build/examples_rclcpp_minimal_service
[4.072s] gmake[2]: Warning: File 'CMakeFiles/service_main.dir/build.make' has modification time 7874612 s in the future
[4.138s] gmake[2]: warning:  Clock skew detected.  Your build may be incomplete.
[4.145s] gmake[2]: Warning: File 'CMakeFiles/service_main.dir/build.make' has modification time 7874611 s in the future
[4.148s] gmake[2]: warning:  Clock skew detected.  Your build may be incomplete.
[4.172s] [100%] Built target service_main
[4.194s] Invoked command in '/home/public/ros2ws/build/examples_rclcpp_minimal_service' returned '0': CMAKE_PREFIX_PATH=${CMAKE_PREFIX_PATH}:/home/public/ros2ws/install/opencv2_nodes:/home/public/ros2ws/install/launch_testing_examples:/home/public/ros2ws/install/hiwonder_board:/home/public/ros2ws/install/examples_rclpy_pointcloud_publisher:/home/public/ros2ws/install/examples_rclpy_minimal_subscriber:/home/public/ros2ws/install/examples_rclpy_minimal_service:/home/public/ros2ws/install/examples_rclpy_minimal_publisher:/home/public/ros2ws/install/examples_rclpy_minimal_client:/home/public/ros2ws/install/examples_rclpy_minimal_action_server:/home/public/ros2ws/install/examples_rclpy_minimal_action_client:/home/public/ros2ws/install/examples_rclpy_guard_conditions:/home/public/ros2ws/install/examples_rclpy_executors:/home/public/ros2ws/install/controls_core:/opt/ros/lyrical DEBUGINFOD_URLS=https://debuginfod.ubuntu.com /usr/bin/cmake --build /home/public/ros2ws/build/examples_rclcpp_minimal_service -- -j4 -l4
[4.197s] Invoking command in '/home/public/ros2ws/build/examples_rclcpp_minimal_service': CMAKE_PREFIX_PATH=${CMAKE_PREFIX_PATH}:/home/public/ros2ws/install/opencv2_nodes:/home/public/ros2ws/install/launch_testing_examples:/home/public/ros2ws/install/hiwonder_board:/home/public/ros2ws/install/examples_rclpy_pointcloud_publisher:/home/public/ros2ws/install/examples_rclpy_minimal_subscriber:/home/public/ros2ws/install/examples_rclpy_minimal_service:/home/public/ros2ws/install/examples_rclpy_minimal_publisher:/home/public/ros2ws/install/examples_rclpy_minimal_client:/home/public/ros2ws/install/examples_rclpy_minimal_action_server:/home/public/ros2ws/install/examples_rclpy_minimal_action_client:/home/public/ros2ws/install/examples_rclpy_guard_conditions:/home/public/ros2ws/install/examples_rclpy_executors:/home/public/ros2ws/install/controls_core:/opt/ros/lyrical DEBUGINFOD_URLS=https://debuginfod.ubuntu.com /usr/bin/cmake --install /home/public/ros2ws/build/examples_rclcpp_minimal_service
[4.220s] -- Install configuration: ""
[4.221s] -- Execute custom install script
[4.221s] -- Symlinking: /home/public/ros2ws/install/examples_rclcpp_minimal_service/lib/examples_rclcpp_minimal_service/service_main
[4.241s] -- Symlinking: /home/public/ros2ws/install/examples_rclcpp_minimal_service/share/ament_index/resource_index/package_run_dependencies/examples_rclcpp_minimal_service
[4.262s] -- Symlinking: /home/public/ros2ws/install/examples_rclcpp_minimal_service/share/ament_index/resource_index/parent_prefix_path/examples_rclcpp_minimal_service
[4.281s] -- Symlinking: /home/public/ros2ws/install/examples_rclcpp_minimal_service/share/examples_rclcpp_minimal_service/environment/ament_prefix_path.sh
[4.300s] -- Symlinking: /home/public/ros2ws/install/examples_rclcpp_minimal_service/share/examples_rclcpp_minimal_service/environment/ament_prefix_path.dsv
[4.330s] -- Symlinking: /home/public/ros2ws/install/examples_rclcpp_minimal_service/share/examples_rclcpp_minimal_service/environment/path.sh
[4.346s] -- Symlinking: /home/public/ros2ws/install/examples_rclcpp_minimal_service/share/examples_rclcpp_minimal_service/environment/path.dsv
[4.365s] -- Symlinking: /home/public/ros2ws/install/examples_rclcpp_minimal_service/share/examples_rclcpp_minimal_service/local_setup.bash
[4.387s] -- Symlinking: /home/public/ros2ws/install/examples_rclcpp_minimal_service/share/examples_rclcpp_minimal_service/local_setup.fish
[4.404s] -- Symlinking: /home/public/ros2ws/install/examples_rclcpp_minimal_service/share/examples_rclcpp_minimal_service/local_setup.sh
[4.426s] -- Symlinking: /home/public/ros2ws/install/examples_rclcpp_minimal_service/share/examples_rclcpp_minimal_service/local_setup.zsh
[4.446s] -- Symlinking: /home/public/ros2ws/install/examples_rclcpp_minimal_service/share/examples_rclcpp_minimal_service/local_setup.dsv
[4.467s] -- Symlinking: /home/public/ros2ws/install/examples_rclcpp_minimal_service/share/examples_rclcpp_minimal_service/package.dsv
[4.488s] -- Symlinking: /home/public/ros2ws/install/examples_rclcpp_minimal_service/share/ament_index/resource_index/packages/examples_rclcpp_minimal_service
[4.511s] -- Symlinking: /home/public/ros2ws/install/examples_rclcpp_minimal_service/share/examples_rclcpp_minimal_service/cmake/examples_rclcpp_minimal_serviceConfig.cmake
[4.642s] -- Symlinking: /home/public/ros2ws/install/examples_rclcpp_minimal_service/share/examples_rclcpp_minimal_service/cmake/examples_rclcpp_minimal_serviceConfig-version.cmake
[4.670s] -- Symlinking: /home/public/ros2ws/install/examples_rclcpp_minimal_service/share/examples_rclcpp_minimal_service/package.xml
[4.689s] Invoked command in '/home/public/ros2ws/build/examples_rclcpp_minimal_service' returned '0': CMAKE_PREFIX_PATH=${CMAKE_PREFIX_PATH}:/home/public/ros2ws/install/opencv2_nodes:/home/public/ros2ws/install/launch_testing_examples:/home/public/ros2ws/install/hiwonder_board:/home/public/ros2ws/install/examples_rclpy_pointcloud_publisher:/home/public/ros2ws/install/examples_rclpy_minimal_subscriber:/home/public/ros2ws/install/examples_rclpy_minimal_service:/home/public/ros2ws/install/examples_rclpy_minimal_publisher:/home/public/ros2ws/install/examples_rclpy_minimal_client:/home/public/ros2ws/install/examples_rclpy_minimal_action_server:/home/public/ros2ws/install/examples_rclpy_minimal_action_client:/home/public/ros2ws/install/examples_rclpy_guard_conditions:/home/public/ros2ws/install/examples_rclpy_executors:/home/public/ros2ws/install/controls_core:/opt/ros/lyrical DEBUGINFOD_URLS=https://debuginfod.ubuntu.com /usr/bin/cmake --install /home/public/ros2ws/build/examples_rclcpp_minimal_service
