[2.259s] Invoking command in '/home/public/ros2ws/src/examples/rclpy/services/minimal_service': DEBUGINFOD_URLS=https://debuginfod.ubuntu.com PYTHONPATH=/home/public/ros2ws/build/examples_rclpy_minimal_service/prefix_override:/usr/lib/python3/dist-packages/colcon_core/task/python/colcon_distutils_commands:/home/public/ros2ws/install/examples_rclpy_minimal_service/lib/python3.14/site-packages:${PYTHONPATH} /usr/bin/python3 -W ignore:setup.py install is deprecated -W ignore:easy_install command is deprecated setup.py egg_info --egg-base ../../../../../build/examples_rclpy_minimal_service build --build-base /home/public/ros2ws/build/examples_rclpy_minimal_service/build install --record /home/public/ros2ws/build/examples_rclpy_minimal_service/install.log --install-scripts $base/lib/examples_rclpy_minimal_service --single-version-externally-managed install_data
[2.954s] running egg_info
[2.994s] writing ../../../../../build/examples_rclpy_minimal_service/examples_rclpy_minimal_service.egg-info/PKG-INFO
[2.995s] writing dependency_links to ../../../../../build/examples_rclpy_minimal_service/examples_rclpy_minimal_service.egg-info/dependency_links.txt
[2.996s] writing entry points to ../../../../../build/examples_rclpy_minimal_service/examples_rclpy_minimal_service.egg-info/entry_points.txt
[3.002s] writing requirements to ../../../../../build/examples_rclpy_minimal_service/examples_rclpy_minimal_service.egg-info/requires.txt
[3.004s] writing top-level names to ../../../../../build/examples_rclpy_minimal_service/examples_rclpy_minimal_service.egg-info/top_level.txt
[3.078s] reading manifest file '../../../../../build/examples_rclpy_minimal_service/examples_rclpy_minimal_service.egg-info/SOURCES.txt'
[3.082s] writing manifest file '../../../../../build/examples_rclpy_minimal_service/examples_rclpy_minimal_service.egg-info/SOURCES.txt'
[3.082s] running build
[3.082s] running build_py
[3.082s] copying examples_rclpy_minimal_service/service.py -> /home/public/ros2ws/build/examples_rclpy_minimal_service/build/lib/examples_rclpy_minimal_service
[3.082s] copying examples_rclpy_minimal_service/__init__.py -> /home/public/ros2ws/build/examples_rclpy_minimal_service/build/lib/examples_rclpy_minimal_service
[3.082s] copying examples_rclpy_minimal_service/service_member_function.py -> /home/public/ros2ws/build/examples_rclpy_minimal_service/build/lib/examples_rclpy_minimal_service
[3.082s] running install
[3.092s] running install_lib
[3.128s] running install_data
[3.129s] copying resource/examples_rclpy_minimal_service -> /home/public/ros2ws/install/examples_rclpy_minimal_service/share/ament_index/resource_index/packages
[3.132s] copying package.xml -> /home/public/ros2ws/install/examples_rclpy_minimal_service/share/examples_rclpy_minimal_service
[3.134s] running install_egg_info
[3.179s] removing '/home/public/ros2ws/install/examples_rclpy_minimal_service/lib/python3.14/site-packages/examples_rclpy_minimal_service-0.21.5-py3.14.egg-info' (and everything under it)
[3.179s] Copying ../../../../../build/examples_rclpy_minimal_service/examples_rclpy_minimal_service.egg-info to /home/public/ros2ws/install/examples_rclpy_minimal_service/lib/python3.14/site-packages/examples_rclpy_minimal_service-0.21.5-py3.14.egg-info
[3.180s] running install_scripts
[3.372s] Installing service script to /home/public/ros2ws/install/examples_rclpy_minimal_service/lib/examples_rclpy_minimal_service
[3.373s] Installing service_member_function script to /home/public/ros2ws/install/examples_rclpy_minimal_service/lib/examples_rclpy_minimal_service
[3.375s] writing list of installed files to '/home/public/ros2ws/build/examples_rclpy_minimal_service/install.log'
[3.825s] Invoked command in '/home/public/ros2ws/src/examples/rclpy/services/minimal_service' returned '0': DEBUGINFOD_URLS=https://debuginfod.ubuntu.com PYTHONPATH=/home/public/ros2ws/build/examples_rclpy_minimal_service/prefix_override:/usr/lib/python3/dist-packages/colcon_core/task/python/colcon_distutils_commands:/home/public/ros2ws/install/examples_rclpy_minimal_service/lib/python3.14/site-packages:${PYTHONPATH} /usr/bin/python3 -W ignore:setup.py install is deprecated -W ignore:easy_install command is deprecated setup.py egg_info --egg-base ../../../../../build/examples_rclpy_minimal_service build --build-base /home/public/ros2ws/build/examples_rclpy_minimal_service/build install --record /home/public/ros2ws/build/examples_rclpy_minimal_service/install.log --install-scripts $base/lib/examples_rclpy_minimal_service --single-version-externally-managed install_data
