[15.131s] Invoking command in '/home/public/ros2ws/build/examples_rclpy_minimal_action_client': DEBUGINFOD_URLS=https://debuginfod.ubuntu.com PYTHONPATH=/home/public/ros2ws/build/examples_rclpy_minimal_action_client/prefix_override:/usr/lib/python3/dist-packages/colcon_core/task/python/colcon_distutils_commands:/home/public/ros2ws/install/examples_rclpy_minimal_action_client/lib/python3.14/site-packages:${PYTHONPATH} /usr/bin/python3 -W ignore:setup.py install is deprecated -W ignore:easy_install command is deprecated setup.py develop --editable --build-directory /home/public/ros2ws/build/examples_rclpy_minimal_action_client/build --no-deps symlink_data
[16.509s] running develop
[17.400s] running egg_info
[17.519s] writing examples_rclpy_minimal_action_client.egg-info/PKG-INFO
[17.524s] writing dependency_links to examples_rclpy_minimal_action_client.egg-info/dependency_links.txt
[17.524s] writing entry points to examples_rclpy_minimal_action_client.egg-info/entry_points.txt
[17.525s] writing requirements to examples_rclpy_minimal_action_client.egg-info/requires.txt
[17.527s] writing top-level names to examples_rclpy_minimal_action_client.egg-info/top_level.txt
[17.676s] reading manifest file 'examples_rclpy_minimal_action_client.egg-info/SOURCES.txt'
[17.684s] writing manifest file 'examples_rclpy_minimal_action_client.egg-info/SOURCES.txt'
[17.932s] running build_ext
[17.938s] Creating /home/public/ros2ws/install/examples_rclpy_minimal_action_client/lib/python3.14/site-packages/examples-rclpy-minimal-action-client.egg-link (link to .)
[17.966s] Installing client script to /home/public/ros2ws/install/examples_rclpy_minimal_action_client/lib/examples_rclpy_minimal_action_client
[17.972s] Installing client_asyncio script to /home/public/ros2ws/install/examples_rclpy_minimal_action_client/lib/examples_rclpy_minimal_action_client
[17.986s] Installing client_cancel script to /home/public/ros2ws/install/examples_rclpy_minimal_action_client/lib/examples_rclpy_minimal_action_client
[17.986s] Installing client_not_composable script to /home/public/ros2ws/install/examples_rclpy_minimal_action_client/lib/examples_rclpy_minimal_action_client
[17.987s] 
[17.987s] Installed /home/public/ros2ws/build/examples_rclpy_minimal_action_client
[17.987s] running symlink_data
[19.458s] Invoked command in '/home/public/ros2ws/build/examples_rclpy_minimal_action_client' returned '0': DEBUGINFOD_URLS=https://debuginfod.ubuntu.com PYTHONPATH=/home/public/ros2ws/build/examples_rclpy_minimal_action_client/prefix_override:/usr/lib/python3/dist-packages/colcon_core/task/python/colcon_distutils_commands:/home/public/ros2ws/install/examples_rclpy_minimal_action_client/lib/python3.14/site-packages:${PYTHONPATH} /usr/bin/python3 -W ignore:setup.py install is deprecated -W ignore:easy_install command is deprecated setup.py develop --editable --build-directory /home/public/ros2ws/build/examples_rclpy_minimal_action_client/build --no-deps symlink_data
