[4.302s] Invoking command in '/home/public/ros2ws/src/controls_core': DEBUGINFOD_URLS=https://debuginfod.ubuntu.com PYTHONPATH=/home/public/ros2ws/build/controls_core/prefix_override:/usr/lib/python3/dist-packages/colcon_core/task/python/colcon_distutils_commands:/home/public/ros2ws/install/controls_core/lib/python3.14/site-packages:${PYTHONPATH} /usr/bin/python3 -W ignore:setup.py install is deprecated -W ignore:easy_install command is deprecated setup.py egg_info --egg-base ../../build/controls_core build --build-base /home/public/ros2ws/build/controls_core/build install --record /home/public/ros2ws/build/controls_core/install.log --install-scripts $base/lib/controls_core --single-version-externally-managed install_data
[5.546s] running egg_info
[5.647s] writing ../../build/controls_core/controls_core.egg-info/PKG-INFO
[5.650s] writing dependency_links to ../../build/controls_core/controls_core.egg-info/dependency_links.txt
[5.651s] writing entry points to ../../build/controls_core/controls_core.egg-info/entry_points.txt
[5.652s] writing requirements to ../../build/controls_core/controls_core.egg-info/requires.txt
[5.652s] writing top-level names to ../../build/controls_core/controls_core.egg-info/top_level.txt
[5.844s] reading manifest file '../../build/controls_core/controls_core.egg-info/SOURCES.txt'
[5.844s] adding license file 'LICENSE'
[5.844s] writing manifest file '../../build/controls_core/controls_core.egg-info/SOURCES.txt'
[5.844s] running build
[5.844s] running build_py
[5.845s] copying controls_core/ui_testing.py -> /home/public/ros2ws/build/controls_core/build/lib/controls_core
[5.846s] copying controls_core/main_control_node.py -> /home/public/ros2ws/build/controls_core/build/lib/controls_core
[5.846s] copying controls_core/__init__.py -> /home/public/ros2ws/build/controls_core/build/lib/controls_core
[5.846s] copying controls_core/board_interface.py -> /home/public/ros2ws/build/controls_core/build/lib/controls_core
[5.846s] copying controls_core/py.typed -> /home/public/ros2ws/build/controls_core/build/lib/controls_core
[5.846s] running install
[5.865s] running install_lib
[5.931s] copying /home/public/ros2ws/build/controls_core/build/lib/controls_core/main_control_node.py -> /home/public/ros2ws/install/controls_core/lib/python3.14/site-packages/controls_core
[5.932s] byte-compiling /home/public/ros2ws/install/controls_core/lib/python3.14/site-packages/controls_core/main_control_node.py to main_control_node.cpython-314.pyc
[5.936s] running install_data
[5.936s] copying resource/controls_core -> /home/public/ros2ws/install/controls_core/share/ament_index/resource_index/packages
[5.936s] copying package.xml -> /home/public/ros2ws/install/controls_core/share/controls_core
[5.940s] running install_egg_info
[6.028s] removing '/home/public/ros2ws/install/controls_core/lib/python3.14/site-packages/controls_core-0.0.0-py3.14.egg-info' (and everything under it)
[6.029s] Copying ../../build/controls_core/controls_core.egg-info to /home/public/ros2ws/install/controls_core/lib/python3.14/site-packages/controls_core-0.0.0-py3.14.egg-info
[6.033s] running install_scripts
[6.426s] Installing main_control_node script to /home/public/ros2ws/install/controls_core/lib/controls_core
[6.428s] writing list of installed files to '/home/public/ros2ws/build/controls_core/install.log'
[6.710s] Invoked command in '/home/public/ros2ws/src/controls_core' returned '0': DEBUGINFOD_URLS=https://debuginfod.ubuntu.com PYTHONPATH=/home/public/ros2ws/build/controls_core/prefix_override:/usr/lib/python3/dist-packages/colcon_core/task/python/colcon_distutils_commands:/home/public/ros2ws/install/controls_core/lib/python3.14/site-packages:${PYTHONPATH} /usr/bin/python3 -W ignore:setup.py install is deprecated -W ignore:easy_install command is deprecated setup.py egg_info --egg-base ../../build/controls_core build --build-base /home/public/ros2ws/build/controls_core/build install --record /home/public/ros2ws/build/controls_core/install.log --install-scripts $base/lib/controls_core --single-version-externally-managed install_data
