-- The C compiler identification is GNU 15.2.0
-- The CXX compiler identification is GNU 15.2.0
-- Detecting C compiler ABI info
-- Detecting C compiler ABI info - done
-- Check for working C compiler: /usr/bin/cc - skipped
-- Detecting C compile features
-- Detecting C compile features - done
-- Detecting CXX compiler ABI info
-- Detecting CXX compiler ABI info - done
-- Check for working CXX compiler: /usr/bin/c++ - skipped
-- Detecting CXX compile features
-- Detecting CXX compile features - done
-- Found ament_cmake: 2.8.7 (/opt/ros/lyrical/share/ament_cmake/cmake)
-- Found rclcpp: 32.0.0 (/opt/ros/lyrical/share/rclcpp/cmake)
-- Found rosidl_generator_c: 5.2.1 (/opt/ros/lyrical/share/rosidl_generator_c/cmake)
-- Found rosidl_generator_cpp: 5.2.1 (/opt/ros/lyrical/share/rosidl_generator_cpp/cmake)
-- Using all available rosidl_typesupport_c: rosidl_typesupport_fastrtps_c;rosidl_typesupport_introspection_c
-- Using all available rosidl_typesupport_cpp: rosidl_typesupport_fastrtps_cpp;rosidl_typesupport_introspection_cpp
-- Found rmw_implementation_cmake: 7.10.1 (/opt/ros/lyrical/share/rmw_implementation_cmake/cmake)
-- Found rmw_fastrtps_cpp: 9.4.8 (/opt/ros/lyrical/share/rmw_fastrtps_cpp/cmake)
-- Using RMW implementation 'rmw_fastrtps_cpp' as default
-- Found rclcpp_components: 32.0.0 (/opt/ros/lyrical/share/rclcpp_components/cmake)
-- Found std_msgs: 5.9.2 (/opt/ros/lyrical/share/std_msgs/cmake)
-- Found ament_lint_auto: 0.20.6 (/opt/ros/lyrical/share/ament_lint_auto/cmake)
-- Added test 'copyright' to check source files copyright and LICENSE
-- Added test 'cppcheck' to perform static code analysis on C / C++ code
-- Configured cppcheck include dirs: /home/public/ros2ws/src/examples/rclcpp/composition/minimal_composition/include
-- Configured cppcheck exclude dirs and/or files: 
-- Added test 'cpplint' to check C / C++ code against the Google style
-- Configured cpplint exclude dirs and/or files: 
-- Added test 'lint_cmake' to check CMake code style
-- Added test 'uncrustify' to check C / C++ code style
-- Configured uncrustify additional arguments: 
-- Added test 'xmllint' to check XML markup files
-- Configuring done (4.3s)
-- Generating done (0.1s)
-- Build files have been written to: /home/public/ros2ws/build/examples_rclcpp_minimal_composition
[ 11%] [32mBuilding CXX object CMakeFiles/composition_nodes.dir/src/publisher_node.cpp.o[0m
[ 22%] [32mBuilding CXX object CMakeFiles/composition_nodes.dir/src/subscriber_node.cpp.o[0m
[ 33%] [1m[32mLinking CXX shared library libcomposition_nodes.so[0m
[ 33%] Built target composition_nodes
[ 44%] [32mBuilding CXX object CMakeFiles/composition_publisher.dir/src/standalone_publisher.cpp.o[0m
[ 55%] [1m[32mLinking CXX executable composition_publisher[0m
[ 55%] Built target composition_publisher
[ 66%] [32mBuilding CXX object CMakeFiles/composition_composed.dir/src/composed.cpp.o[0m
[ 77%] [1m[32mLinking CXX executable composition_composed[0m
[ 77%] Built target composition_composed
[ 88%] [32mBuilding CXX object CMakeFiles/composition_subscriber.dir/src/standalone_subscriber.cpp.o[0m
[100%] [1m[32mLinking CXX executable composition_subscriber[0m
[100%] Built target composition_subscriber
-- Install configuration: ""
-- Installing: /home/public/ros2ws/install/examples_rclcpp_minimal_composition/share/examples_rclcpp_minimal_composition/environment/library_path.sh
-- Installing: /home/public/ros2ws/install/examples_rclcpp_minimal_composition/share/examples_rclcpp_minimal_composition/environment/library_path.dsv
-- Installing: /home/public/ros2ws/install/examples_rclcpp_minimal_composition/lib/libcomposition_nodes.so
-- Set non-toolchain portion of runtime path of "/home/public/ros2ws/install/examples_rclcpp_minimal_composition/lib/libcomposition_nodes.so" to ""
-- Installing: /home/public/ros2ws/install/examples_rclcpp_minimal_composition/lib/examples_rclcpp_minimal_composition/composition_publisher
-- Set non-toolchain portion of runtime path of "/home/public/ros2ws/install/examples_rclcpp_minimal_composition/lib/examples_rclcpp_minimal_composition/composition_publisher" to ""
-- Installing: /home/public/ros2ws/install/examples_rclcpp_minimal_composition/lib/examples_rclcpp_minimal_composition/composition_subscriber
-- Set non-toolchain portion of runtime path of "/home/public/ros2ws/install/examples_rclcpp_minimal_composition/lib/examples_rclcpp_minimal_composition/composition_subscriber" to ""
-- Installing: /home/public/ros2ws/install/examples_rclcpp_minimal_composition/lib/examples_rclcpp_minimal_composition/composition_composed
-- Set non-toolchain portion of runtime path of "/home/public/ros2ws/install/examples_rclcpp_minimal_composition/lib/examples_rclcpp_minimal_composition/composition_composed" to ""
-- Installing: /home/public/ros2ws/install/examples_rclcpp_minimal_composition/share/ament_index/resource_index/package_run_dependencies/examples_rclcpp_minimal_composition
-- Installing: /home/public/ros2ws/install/examples_rclcpp_minimal_composition/share/ament_index/resource_index/parent_prefix_path/examples_rclcpp_minimal_composition
-- Installing: /home/public/ros2ws/install/examples_rclcpp_minimal_composition/share/examples_rclcpp_minimal_composition/environment/ament_prefix_path.sh
-- Installing: /home/public/ros2ws/install/examples_rclcpp_minimal_composition/share/examples_rclcpp_minimal_composition/environment/ament_prefix_path.dsv
-- Installing: /home/public/ros2ws/install/examples_rclcpp_minimal_composition/share/examples_rclcpp_minimal_composition/environment/path.sh
-- Installing: /home/public/ros2ws/install/examples_rclcpp_minimal_composition/share/examples_rclcpp_minimal_composition/environment/path.dsv
-- Installing: /home/public/ros2ws/install/examples_rclcpp_minimal_composition/share/examples_rclcpp_minimal_composition/local_setup.bash
-- Installing: /home/public/ros2ws/install/examples_rclcpp_minimal_composition/share/examples_rclcpp_minimal_composition/local_setup.fish
-- Installing: /home/public/ros2ws/install/examples_rclcpp_minimal_composition/share/examples_rclcpp_minimal_composition/local_setup.sh
-- Installing: /home/public/ros2ws/install/examples_rclcpp_minimal_composition/share/examples_rclcpp_minimal_composition/local_setup.zsh
-- Installing: /home/public/ros2ws/install/examples_rclcpp_minimal_composition/share/examples_rclcpp_minimal_composition/local_setup.dsv
-- Installing: /home/public/ros2ws/install/examples_rclcpp_minimal_composition/share/examples_rclcpp_minimal_composition/package.dsv
-- Installing: /home/public/ros2ws/install/examples_rclcpp_minimal_composition/share/ament_index/resource_index/packages/examples_rclcpp_minimal_composition
-- Installing: /home/public/ros2ws/install/examples_rclcpp_minimal_composition/share/examples_rclcpp_minimal_composition/cmake/examples_rclcpp_minimal_compositionConfig.cmake
-- Installing: /home/public/ros2ws/install/examples_rclcpp_minimal_composition/share/examples_rclcpp_minimal_composition/cmake/examples_rclcpp_minimal_compositionConfig-version.cmake
-- Installing: /home/public/ros2ws/install/examples_rclcpp_minimal_composition/share/examples_rclcpp_minimal_composition/package.xml
