[3.696s] Invoking command in '/home/public/MSE112_MPi5_Hiwonder_ROS2/ros2ws/build/core': DEBUGINFOD_URLS=https://debuginfod.ubuntu.com PYTHONPATH=/home/public/MSE112_MPi5_Hiwonder_ROS2/ros2ws/build/core/prefix_override:/usr/lib/python3/dist-packages/colcon_core/task/python/colcon_distutils_commands:/home/public/MSE112_MPi5_Hiwonder_ROS2/ros2ws/install/core/lib/python3.14/site-packages:${PYTHONPATH} /usr/bin/python3 -W ignore:setup.py install is deprecated -W ignore:easy_install command is deprecated setup.py develop --editable --build-directory /home/public/MSE112_MPi5_Hiwonder_ROS2/ros2ws/build/core/build --no-deps symlink_data
[4.299s] running develop
[4.599s] running egg_info
[4.630s] creating core.egg-info
[4.632s] writing core.egg-info/PKG-INFO
[4.632s] writing dependency_links to core.egg-info/dependency_links.txt
[4.632s] writing entry points to core.egg-info/entry_points.txt
[4.633s] writing requirements to core.egg-info/requires.txt
[4.633s] writing top-level names to core.egg-info/top_level.txt
[4.634s] writing manifest file 'core.egg-info/SOURCES.txt'
[4.698s] reading manifest file 'core.egg-info/SOURCES.txt'
[4.699s] writing manifest file 'core.egg-info/SOURCES.txt'
[4.744s] running build_ext
[4.746s] Creating /home/public/MSE112_MPi5_Hiwonder_ROS2/ros2ws/install/core/lib/python3.14/site-packages/core.egg-link (link to .)
[4.746s] Installing main script to /home/public/MSE112_MPi5_Hiwonder_ROS2/ros2ws/install/core/lib/core
[4.746s] 
[4.747s] Installed /home/public/MSE112_MPi5_Hiwonder_ROS2/ros2ws/build/core
[4.747s] running symlink_data
[4.747s] creating /home/public/MSE112_MPi5_Hiwonder_ROS2/ros2ws/install/core/share/ament_index/resource_index/packages
[4.748s] symbolically linking /home/public/MSE112_MPi5_Hiwonder_ROS2/ros2ws/build/core/resource/core -> /home/public/MSE112_MPi5_Hiwonder_ROS2/ros2ws/install/core/share/ament_index/resource_index/packages
[4.748s] symbolically linking /home/public/MSE112_MPi5_Hiwonder_ROS2/ros2ws/build/core/package.xml -> /home/public/MSE112_MPi5_Hiwonder_ROS2/ros2ws/install/core/share/core
[4.984s] Invoked command in '/home/public/MSE112_MPi5_Hiwonder_ROS2/ros2ws/build/core' returned '0': DEBUGINFOD_URLS=https://debuginfod.ubuntu.com PYTHONPATH=/home/public/MSE112_MPi5_Hiwonder_ROS2/ros2ws/build/core/prefix_override:/usr/lib/python3/dist-packages/colcon_core/task/python/colcon_distutils_commands:/home/public/MSE112_MPi5_Hiwonder_ROS2/ros2ws/install/core/lib/python3.14/site-packages:${PYTHONPATH} /usr/bin/python3 -W ignore:setup.py install is deprecated -W ignore:easy_install command is deprecated setup.py develop --editable --build-directory /home/public/MSE112_MPi5_Hiwonder_ROS2/ros2ws/build/core/build --no-deps symlink_data
