running egg_info
writing ../../build/controls_core/controls_core.egg-info/PKG-INFO
writing dependency_links to ../../build/controls_core/controls_core.egg-info/dependency_links.txt
writing entry points to ../../build/controls_core/controls_core.egg-info/entry_points.txt
writing requirements to ../../build/controls_core/controls_core.egg-info/requires.txt
writing top-level names to ../../build/controls_core/controls_core.egg-info/top_level.txt
reading manifest file '../../build/controls_core/controls_core.egg-info/SOURCES.txt'
adding license file 'LICENSE'
writing manifest file '../../build/controls_core/controls_core.egg-info/SOURCES.txt'
running build
running build_py
copying controls_core/ui_testing.py -> /home/public/ros2ws/build/controls_core/build/lib/controls_core
copying controls_core/__init__.py -> /home/public/ros2ws/build/controls_core/build/lib/controls_core
copying controls_core/cv_interface.py -> /home/public/ros2ws/build/controls_core/build/lib/controls_core
copying controls_core/py.typed -> /home/public/ros2ws/build/controls_core/build/lib/controls_core
running install
running install_lib
running install_data
copying resource/controls_core -> /home/public/ros2ws/install/controls_core/share/ament_index/resource_index/packages
copying package.xml -> /home/public/ros2ws/install/controls_core/share/controls_core
running install_egg_info
removing '/home/public/ros2ws/install/controls_core/lib/python3.14/site-packages/controls_core-0.0.0-py3.14.egg-info' (and everything under it)
Copying ../../build/controls_core/controls_core.egg-info to /home/public/ros2ws/install/controls_core/lib/python3.14/site-packages/controls_core-0.0.0-py3.14.egg-info
running install_scripts
Installing main_control_node script to /home/public/ros2ws/install/controls_core/lib/controls_core
writing list of installed files to '/home/public/ros2ws/build/controls_core/install.log'
