[8.697s] Invoking command in '/home/public/ros2ws/build/opencv2_nodes': DEBUGINFOD_URLS=https://debuginfod.ubuntu.com PYTHONPATH=/home/public/ros2ws/build/opencv2_nodes/prefix_override:/usr/lib/python3/dist-packages/colcon_core/task/python/colcon_distutils_commands:/home/public/ros2ws/install/opencv2_nodes/lib/python3.14/site-packages:${PYTHONPATH} /usr/bin/python3 -W ignore:setup.py install is deprecated -W ignore:easy_install command is deprecated setup.py develop --editable --build-directory /home/public/ros2ws/build/opencv2_nodes/build --no-deps symlink_data
[12.447s] running develop
[16.344s] running egg_info
[16.515s] writing opencv2_nodes.egg-info/PKG-INFO
[16.519s] writing dependency_links to opencv2_nodes.egg-info/dependency_links.txt
[16.523s] writing entry points to opencv2_nodes.egg-info/entry_points.txt
[16.524s] writing requirements to opencv2_nodes.egg-info/requires.txt
[16.535s] writing top-level names to opencv2_nodes.egg-info/top_level.txt
[16.822s] reading manifest file 'opencv2_nodes.egg-info/SOURCES.txt'
[16.835s] writing manifest file 'opencv2_nodes.egg-info/SOURCES.txt'
[17.474s] running build_ext
[17.476s] Creating /home/public/ros2ws/install/opencv2_nodes/lib/python3.14/site-packages/opencv2-nodes.egg-link (link to .)
[17.489s] Installing bin_mask script to /home/public/ros2ws/install/opencv2_nodes/lib/opencv2_nodes
[17.495s] Installing edge_recog script to /home/public/ros2ws/install/opencv2_nodes/lib/opencv2_nodes
[17.504s] Installing image_publisher script to /home/public/ros2ws/install/opencv2_nodes/lib/opencv2_nodes
[17.509s] Installing line_recog script to /home/public/ros2ws/install/opencv2_nodes/lib/opencv2_nodes
[17.521s] 
[17.521s] Installed /home/public/ros2ws/build/opencv2_nodes
[17.527s] running symlink_data
[17.968s] Invoked command in '/home/public/ros2ws/build/opencv2_nodes' returned '0': DEBUGINFOD_URLS=https://debuginfod.ubuntu.com PYTHONPATH=/home/public/ros2ws/build/opencv2_nodes/prefix_override:/usr/lib/python3/dist-packages/colcon_core/task/python/colcon_distutils_commands:/home/public/ros2ws/install/opencv2_nodes/lib/python3.14/site-packages:${PYTHONPATH} /usr/bin/python3 -W ignore:setup.py install is deprecated -W ignore:easy_install command is deprecated setup.py develop --editable --build-directory /home/public/ros2ws/build/opencv2_nodes/build --no-deps symlink_data
