[3.443s] Invoking command in '/home/public/ros2ws/build/examples_rclpy_minimal_client': DEBUGINFOD_URLS=https://debuginfod.ubuntu.com PYTHONPATH=/home/public/ros2ws/build/examples_rclpy_minimal_client/prefix_override:/usr/lib/python3/dist-packages/colcon_core/task/python/colcon_distutils_commands:/home/public/ros2ws/install/examples_rclpy_minimal_client/lib/python3.14/site-packages:${PYTHONPATH} /usr/bin/python3 -W ignore:setup.py install is deprecated -W ignore:easy_install command is deprecated setup.py develop --editable --build-directory /home/public/ros2ws/build/examples_rclpy_minimal_client/build --no-deps symlink_data --force
[4.227s] running develop
[4.523s] running egg_info
[4.550s] writing examples_rclpy_minimal_client.egg-info/PKG-INFO
[4.552s] writing dependency_links to examples_rclpy_minimal_client.egg-info/dependency_links.txt
[4.553s] writing entry points to examples_rclpy_minimal_client.egg-info/entry_points.txt
[4.554s] writing requirements to examples_rclpy_minimal_client.egg-info/requires.txt
[4.555s] writing top-level names to examples_rclpy_minimal_client.egg-info/top_level.txt
[4.657s] reading manifest file 'examples_rclpy_minimal_client.egg-info/SOURCES.txt'
[4.658s] writing manifest file 'examples_rclpy_minimal_client.egg-info/SOURCES.txt'
[4.729s] running build_ext
[4.729s] Creating /home/public/ros2ws/install/examples_rclpy_minimal_client/lib/python3.14/site-packages/examples-rclpy-minimal-client.egg-link (link to .)
[4.732s] Installing client script to /home/public/ros2ws/install/examples_rclpy_minimal_client/lib/examples_rclpy_minimal_client
[4.734s] Installing client_async script to /home/public/ros2ws/install/examples_rclpy_minimal_client/lib/examples_rclpy_minimal_client
[4.735s] Installing client_async_callback script to /home/public/ros2ws/install/examples_rclpy_minimal_client/lib/examples_rclpy_minimal_client
[4.736s] Installing client_async_member_function script to /home/public/ros2ws/install/examples_rclpy_minimal_client/lib/examples_rclpy_minimal_client
[4.737s] 
[4.738s] Installed /home/public/ros2ws/build/examples_rclpy_minimal_client
[4.738s] running symlink_data
[4.741s] symbolically linking /home/public/ros2ws/build/examples_rclpy_minimal_client/resource/examples_rclpy_minimal_client -> /home/public/ros2ws/install/examples_rclpy_minimal_client/share/ament_index/resource_index/packages
[4.743s] symbolically linking /home/public/ros2ws/build/examples_rclpy_minimal_client/package.xml -> /home/public/ros2ws/install/examples_rclpy_minimal_client/share/examples_rclpy_minimal_client
[5.064s] Invoked command in '/home/public/ros2ws/build/examples_rclpy_minimal_client' returned '0': DEBUGINFOD_URLS=https://debuginfod.ubuntu.com PYTHONPATH=/home/public/ros2ws/build/examples_rclpy_minimal_client/prefix_override:/usr/lib/python3/dist-packages/colcon_core/task/python/colcon_distutils_commands:/home/public/ros2ws/install/examples_rclpy_minimal_client/lib/python3.14/site-packages:${PYTHONPATH} /usr/bin/python3 -W ignore:setup.py install is deprecated -W ignore:easy_install command is deprecated setup.py develop --editable --build-directory /home/public/ros2ws/build/examples_rclpy_minimal_client/build --no-deps symlink_data --force
