[1.961s] Invoking command in '/home/public/ros2ws/src/opencv2_nodes': DEBUGINFOD_URLS=https://debuginfod.ubuntu.com PYTHONPATH=/home/public/ros2ws/build/opencv2_nodes/prefix_override:/usr/lib/python3/dist-packages/colcon_core/task/python/colcon_distutils_commands:/home/public/ros2ws/install/opencv2_nodes/lib/python3.14/site-packages:${PYTHONPATH} /usr/bin/python3 -W ignore:setup.py install is deprecated -W ignore:easy_install command is deprecated setup.py egg_info --egg-base ../../build/opencv2_nodes build --build-base /home/public/ros2ws/build/opencv2_nodes/build install --record /home/public/ros2ws/build/opencv2_nodes/install.log --install-scripts $base/lib/opencv2_nodes --single-version-externally-managed install_data
[2.472s] running egg_info
[2.509s] writing ../../build/opencv2_nodes/opencv2_nodes.egg-info/PKG-INFO
[2.510s] writing dependency_links to ../../build/opencv2_nodes/opencv2_nodes.egg-info/dependency_links.txt
[2.520s] writing entry points to ../../build/opencv2_nodes/opencv2_nodes.egg-info/entry_points.txt
[2.526s] writing requirements to ../../build/opencv2_nodes/opencv2_nodes.egg-info/requires.txt
[2.531s] writing top-level names to ../../build/opencv2_nodes/opencv2_nodes.egg-info/top_level.txt
[2.617s] reading manifest file '../../build/opencv2_nodes/opencv2_nodes.egg-info/SOURCES.txt'
[2.618s] writing manifest file '../../build/opencv2_nodes/opencv2_nodes.egg-info/SOURCES.txt'
[2.620s] running build
[2.621s] running build_py
[2.621s] copying opencv2_nodes/bin_mask.py -> /home/public/ros2ws/build/opencv2_nodes/build/lib/opencv2_nodes
[2.621s] copying opencv2_nodes/color_recog.py -> /home/public/ros2ws/build/opencv2_nodes/build/lib/opencv2_nodes
[2.621s] copying opencv2_nodes/line_recog.py -> /home/public/ros2ws/build/opencv2_nodes/build/lib/opencv2_nodes
[2.662s] copying opencv2_nodes/__init__.py -> /home/public/ros2ws/build/opencv2_nodes/build/lib/opencv2_nodes
[2.662s] copying opencv2_nodes/green_bin_mask.py -> /home/public/ros2ws/build/opencv2_nodes/build/lib/opencv2_nodes
[2.662s] copying opencv2_nodes/edge_recog.py -> /home/public/ros2ws/build/opencv2_nodes/build/lib/opencv2_nodes
[2.662s] copying opencv2_nodes/image_publisher.py -> /home/public/ros2ws/build/opencv2_nodes/build/lib/opencv2_nodes
[2.662s] copying opencv2_nodes/py.typed -> /home/public/ros2ws/build/opencv2_nodes/build/lib/opencv2_nodes
[2.663s] running install
[2.673s] running install_lib
[2.709s] copying /home/public/ros2ws/build/opencv2_nodes/build/lib/opencv2_nodes/line_recog.py -> /home/public/ros2ws/install/opencv2_nodes/lib/python3.14/site-packages/opencv2_nodes
[2.711s] byte-compiling /home/public/ros2ws/install/opencv2_nodes/lib/python3.14/site-packages/opencv2_nodes/line_recog.py to line_recog.cpython-314.pyc
[2.713s] running install_data
[2.713s] copying resource/opencv2_nodes -> /home/public/ros2ws/install/opencv2_nodes/share/ament_index/resource_index/packages
[2.713s] copying package.xml -> /home/public/ros2ws/install/opencv2_nodes/share/opencv2_nodes
[2.713s] running install_egg_info
[2.748s] removing '/home/public/ros2ws/install/opencv2_nodes/lib/python3.14/site-packages/opencv2_nodes-0.0.0-py3.14.egg-info' (and everything under it)
[2.749s] Copying ../../build/opencv2_nodes/opencv2_nodes.egg-info to /home/public/ros2ws/install/opencv2_nodes/lib/python3.14/site-packages/opencv2_nodes-0.0.0-py3.14.egg-info
[2.752s] running install_scripts
[2.943s] Installing bin_mask script to /home/public/ros2ws/install/opencv2_nodes/lib/opencv2_nodes
[2.943s] Installing edge_recog script to /home/public/ros2ws/install/opencv2_nodes/lib/opencv2_nodes
[2.953s] Installing image_publisher script to /home/public/ros2ws/install/opencv2_nodes/lib/opencv2_nodes
[2.958s] Installing line_recog script to /home/public/ros2ws/install/opencv2_nodes/lib/opencv2_nodes
[2.964s] writing list of installed files to '/home/public/ros2ws/build/opencv2_nodes/install.log'
[3.120s] Invoked command in '/home/public/ros2ws/src/opencv2_nodes' returned '0': DEBUGINFOD_URLS=https://debuginfod.ubuntu.com PYTHONPATH=/home/public/ros2ws/build/opencv2_nodes/prefix_override:/usr/lib/python3/dist-packages/colcon_core/task/python/colcon_distutils_commands:/home/public/ros2ws/install/opencv2_nodes/lib/python3.14/site-packages:${PYTHONPATH} /usr/bin/python3 -W ignore:setup.py install is deprecated -W ignore:easy_install command is deprecated setup.py egg_info --egg-base ../../build/opencv2_nodes build --build-base /home/public/ros2ws/build/opencv2_nodes/build install --record /home/public/ros2ws/build/opencv2_nodes/install.log --install-scripts $base/lib/opencv2_nodes --single-version-externally-managed install_data
