[0.255s] Invoking command in '/home/public/ros2ws/build/examples_rclcpp_minimal_timer': CMAKE_PREFIX_PATH=${CMAKE_PREFIX_PATH}:/home/public/ros2ws/install/opencv2_nodes:/home/public/ros2ws/install/launch_testing_examples:/home/public/ros2ws/install/hiwonder_board:/home/public/ros2ws/install/examples_rclpy_pointcloud_publisher:/home/public/ros2ws/install/examples_rclpy_minimal_subscriber:/home/public/ros2ws/install/examples_rclpy_minimal_service:/home/public/ros2ws/install/examples_rclpy_minimal_publisher:/home/public/ros2ws/install/examples_rclpy_minimal_client:/home/public/ros2ws/install/examples_rclpy_minimal_action_server:/home/public/ros2ws/install/examples_rclpy_minimal_action_client:/home/public/ros2ws/install/examples_rclpy_guard_conditions:/home/public/ros2ws/install/examples_rclpy_executors:/home/public/ros2ws/install/controls_core:/opt/ros/lyrical DEBUGINFOD_URLS=https://debuginfod.ubuntu.com /usr/bin/cmake --build /home/public/ros2ws/build/examples_rclcpp_minimal_timer -- -j4 -l4
[0.390s] gmake: Warning: File 'Makefile' has modification time 1038 s in the future
[0.654s] -- Found ament_cmake: 2.8.7 (/opt/ros/lyrical/share/ament_cmake/cmake)
[3.503s] -- Override CMake install command with custom implementation using symlinks instead of copying resources
[3.674s] -- Found rclcpp: 32.0.0 (/opt/ros/lyrical/share/rclcpp/cmake)
[4.018s] -- Found rosidl_generator_c: 5.2.1 (/opt/ros/lyrical/share/rosidl_generator_c/cmake)
[4.080s] -- Found rosidl_generator_cpp: 5.2.1 (/opt/ros/lyrical/share/rosidl_generator_cpp/cmake)
[4.202s] -- Using all available rosidl_typesupport_c: rosidl_typesupport_fastrtps_c;rosidl_typesupport_introspection_c
[4.300s] -- Using all available rosidl_typesupport_cpp: rosidl_typesupport_fastrtps_cpp;rosidl_typesupport_introspection_cpp
[4.933s] -- Found rmw_implementation_cmake: 7.10.1 (/opt/ros/lyrical/share/rmw_implementation_cmake/cmake)
[4.969s] -- Found rmw_fastrtps_cpp: 9.4.8 (/opt/ros/lyrical/share/rmw_fastrtps_cpp/cmake)
[5.428s] -- Using RMW implementation 'rmw_fastrtps_cpp' as default
[6.335s] -- Found ament_lint_auto: 0.20.6 (/opt/ros/lyrical/share/ament_lint_auto/cmake)
[8.755s] -- Added test 'copyright' to check source files copyright and LICENSE
[8.761s] -- Added test 'cppcheck' to perform static code analysis on C / C++ code
[8.761s] -- Configured cppcheck include dirs: 
[8.761s] -- Configured cppcheck exclude dirs and/or files: 
[8.768s] -- Added test 'cpplint' to check C / C++ code against the Google style
[8.769s] -- Configured cpplint exclude dirs and/or files: 
[8.771s] -- Added test 'lint_cmake' to check CMake code style
[8.773s] -- Added test 'uncrustify' to check C / C++ code style
[8.773s] -- Configured uncrustify additional arguments: 
[8.778s] -- Added test 'xmllint' to check XML markup files
[8.793s] -- Configuring done (8.3s)
[9.392s] -- Generating done (0.6s)
[9.914s] -- Build files have been written to: /home/public/ros2ws/build/examples_rclcpp_minimal_timer
[10.179s] gmake[2]: Warning: File 'CMakeFiles/timer_lambda.dir/build.make' has modification time 7875659 s in the future
[10.358s] gmake[2]: warning:  Clock skew detected.  Your build may be incomplete.
[10.424s] gmake[2]: Warning: File 'CMakeFiles/timer_lambda.dir/build.make' has modification time 7875659 s in the future
[10.446s] gmake[2]: warning:  Clock skew detected.  Your build may be incomplete.
[10.691s] [ 50%] Built target timer_lambda
[10.736s] gmake[2]: Warning: File 'CMakeFiles/timer_member_function.dir/build.make' has modification time 7875659 s in the future
[11.140s] gmake[2]: warning:  Clock skew detected.  Your build may be incomplete.
[11.164s] gmake[2]: Warning: File 'CMakeFiles/timer_member_function.dir/build.make' has modification time 7875658 s in the future
[11.169s] gmake[2]: warning:  Clock skew detected.  Your build may be incomplete.
[11.241s] [100%] Built target timer_member_function
[11.307s] gmake: warning:  Clock skew detected.  Your build may be incomplete.
[12.899s] Invoked command in '/home/public/ros2ws/build/examples_rclcpp_minimal_timer' returned '0': CMAKE_PREFIX_PATH=${CMAKE_PREFIX_PATH}:/home/public/ros2ws/install/opencv2_nodes:/home/public/ros2ws/install/launch_testing_examples:/home/public/ros2ws/install/hiwonder_board:/home/public/ros2ws/install/examples_rclpy_pointcloud_publisher:/home/public/ros2ws/install/examples_rclpy_minimal_subscriber:/home/public/ros2ws/install/examples_rclpy_minimal_service:/home/public/ros2ws/install/examples_rclpy_minimal_publisher:/home/public/ros2ws/install/examples_rclpy_minimal_client:/home/public/ros2ws/install/examples_rclpy_minimal_action_server:/home/public/ros2ws/install/examples_rclpy_minimal_action_client:/home/public/ros2ws/install/examples_rclpy_guard_conditions:/home/public/ros2ws/install/examples_rclpy_executors:/home/public/ros2ws/install/controls_core:/opt/ros/lyrical DEBUGINFOD_URLS=https://debuginfod.ubuntu.com /usr/bin/cmake --build /home/public/ros2ws/build/examples_rclcpp_minimal_timer -- -j4 -l4
[12.942s] Invoking command in '/home/public/ros2ws/build/examples_rclcpp_minimal_timer': CMAKE_PREFIX_PATH=${CMAKE_PREFIX_PATH}:/home/public/ros2ws/install/opencv2_nodes:/home/public/ros2ws/install/launch_testing_examples:/home/public/ros2ws/install/hiwonder_board:/home/public/ros2ws/install/examples_rclpy_pointcloud_publisher:/home/public/ros2ws/install/examples_rclpy_minimal_subscriber:/home/public/ros2ws/install/examples_rclpy_minimal_service:/home/public/ros2ws/install/examples_rclpy_minimal_publisher:/home/public/ros2ws/install/examples_rclpy_minimal_client:/home/public/ros2ws/install/examples_rclpy_minimal_action_server:/home/public/ros2ws/install/examples_rclpy_minimal_action_client:/home/public/ros2ws/install/examples_rclpy_guard_conditions:/home/public/ros2ws/install/examples_rclpy_executors:/home/public/ros2ws/install/controls_core:/opt/ros/lyrical DEBUGINFOD_URLS=https://debuginfod.ubuntu.com /usr/bin/cmake --install /home/public/ros2ws/build/examples_rclcpp_minimal_timer
[13.014s] -- Install configuration: ""
[13.014s] -- Execute custom install script
[13.014s] -- Up-to-date symlink: /home/public/ros2ws/install/examples_rclcpp_minimal_timer/lib/examples_rclcpp_minimal_timer/timer_lambda
[13.014s] -- Up-to-date symlink: /home/public/ros2ws/install/examples_rclcpp_minimal_timer/lib/examples_rclcpp_minimal_timer/timer_member_function
[13.015s] -- Up-to-date symlink: /home/public/ros2ws/install/examples_rclcpp_minimal_timer/share/ament_index/resource_index/package_run_dependencies/examples_rclcpp_minimal_timer
[13.032s] -- Up-to-date symlink: /home/public/ros2ws/install/examples_rclcpp_minimal_timer/share/ament_index/resource_index/parent_prefix_path/examples_rclcpp_minimal_timer
[13.036s] -- Up-to-date symlink: /home/public/ros2ws/install/examples_rclcpp_minimal_timer/share/examples_rclcpp_minimal_timer/environment/ament_prefix_path.sh
[13.036s] -- Up-to-date symlink: /home/public/ros2ws/install/examples_rclcpp_minimal_timer/share/examples_rclcpp_minimal_timer/environment/ament_prefix_path.dsv
[13.038s] -- Up-to-date symlink: /home/public/ros2ws/install/examples_rclcpp_minimal_timer/share/examples_rclcpp_minimal_timer/environment/path.sh
[13.049s] -- Up-to-date symlink: /home/public/ros2ws/install/examples_rclcpp_minimal_timer/share/examples_rclcpp_minimal_timer/environment/path.dsv
[13.053s] -- Up-to-date symlink: /home/public/ros2ws/install/examples_rclcpp_minimal_timer/share/examples_rclcpp_minimal_timer/local_setup.bash
[13.066s] -- Up-to-date symlink: /home/public/ros2ws/install/examples_rclcpp_minimal_timer/share/examples_rclcpp_minimal_timer/local_setup.fish
[13.067s] -- Up-to-date symlink: /home/public/ros2ws/install/examples_rclcpp_minimal_timer/share/examples_rclcpp_minimal_timer/local_setup.sh
[13.069s] -- Up-to-date symlink: /home/public/ros2ws/install/examples_rclcpp_minimal_timer/share/examples_rclcpp_minimal_timer/local_setup.zsh
[13.069s] -- Up-to-date symlink: /home/public/ros2ws/install/examples_rclcpp_minimal_timer/share/examples_rclcpp_minimal_timer/local_setup.dsv
[13.076s] -- Symlinking: /home/public/ros2ws/install/examples_rclcpp_minimal_timer/share/examples_rclcpp_minimal_timer/package.dsv
[13.137s] -- Up-to-date symlink: /home/public/ros2ws/install/examples_rclcpp_minimal_timer/share/ament_index/resource_index/packages/examples_rclcpp_minimal_timer
[13.148s] -- Up-to-date symlink: /home/public/ros2ws/install/examples_rclcpp_minimal_timer/share/examples_rclcpp_minimal_timer/cmake/examples_rclcpp_minimal_timerConfig.cmake
[13.148s] -- Up-to-date symlink: /home/public/ros2ws/install/examples_rclcpp_minimal_timer/share/examples_rclcpp_minimal_timer/cmake/examples_rclcpp_minimal_timerConfig-version.cmake
[13.157s] -- Up-to-date symlink: /home/public/ros2ws/install/examples_rclcpp_minimal_timer/share/examples_rclcpp_minimal_timer/package.xml
[13.175s] Invoked command in '/home/public/ros2ws/build/examples_rclcpp_minimal_timer' returned '0': CMAKE_PREFIX_PATH=${CMAKE_PREFIX_PATH}:/home/public/ros2ws/install/opencv2_nodes:/home/public/ros2ws/install/launch_testing_examples:/home/public/ros2ws/install/hiwonder_board:/home/public/ros2ws/install/examples_rclpy_pointcloud_publisher:/home/public/ros2ws/install/examples_rclpy_minimal_subscriber:/home/public/ros2ws/install/examples_rclpy_minimal_service:/home/public/ros2ws/install/examples_rclpy_minimal_publisher:/home/public/ros2ws/install/examples_rclpy_minimal_client:/home/public/ros2ws/install/examples_rclpy_minimal_action_server:/home/public/ros2ws/install/examples_rclpy_minimal_action_client:/home/public/ros2ws/install/examples_rclpy_guard_conditions:/home/public/ros2ws/install/examples_rclpy_executors:/home/public/ros2ws/install/controls_core:/opt/ros/lyrical DEBUGINFOD_URLS=https://debuginfod.ubuntu.com /usr/bin/cmake --install /home/public/ros2ws/build/examples_rclcpp_minimal_timer
