[0.035s] Invoking command in '/home/public/ros2ws/build/turtlesim': AMENT_PREFIX_PATH=/home/public/ros2ws/install/turtlesim_msgs:${AMENT_PREFIX_PATH} CMAKE_PREFIX_PATH=/home/public/ros2ws/install/turtlesim_msgs:/opt/ros/lyrical/opt/gz_math_vendor:/opt/ros/lyrical/opt/gz_utils_vendor:/opt/ros/lyrical/opt/gz_cmake_vendor:/opt/ros/lyrical DEBUGINFOD_URLS=https://debuginfod.ubuntu.com LD_LIBRARY_PATH=/home/public/ros2ws/install/turtlesim_msgs/lib:${LD_LIBRARY_PATH} PYTHONPATH=/home/public/ros2ws/install/turtlesim_msgs/lib/python3.14/site-packages:${PYTHONPATH} /usr/bin/cmake --build /home/public/ros2ws/build/turtlesim -- -j4 -l4
[0.057s] gmake: Warning: File 'Makefile' has modification time 8915536 s in the future
[0.169s] gmake[1]: Warning: File 'CMakeFiles/Makefile2' has modification time 8915536 s in the future
[0.177s] gmake[2]: Warning: File 'CMakeFiles/turtlesim_node_autogen_timestamp_deps.dir/build.make' has modification time 7876079 s in the future
[0.179s] gmake[2]: Warning: File 'CMakeFiles/turtle_teleop_key_autogen_timestamp_deps.dir/build.make' has modification time 7876079 s in the future
[0.180s] gmake[2]: Warning: File 'CMakeFiles/draw_square_autogen_timestamp_deps.dir/build.make' has modification time 7876079 s in the future
[0.196s] gmake[2]: warning:  Clock skew detected.  Your build may be incomplete.
[0.198s] gmake[2]: Warning: File 'CMakeFiles/turtlesim_node_autogen_timestamp_deps.dir/build.make' has modification time 7876079 s in the future
[0.198s] gmake[2]: warning:  Clock skew detected.  Your build may be incomplete.
[0.198s] gmake[2]: warning:  Clock skew detected.  Your build may be incomplete.
[0.205s] gmake[2]: Warning: File 'CMakeFiles/draw_square_autogen_timestamp_deps.dir/build.make' has modification time 7876079 s in the future
[0.205s] gmake[2]: warning:  Clock skew detected.  Your build may be incomplete.
[0.214s] gmake[2]: warning:  Clock skew detected.  Your build may be incomplete.
[0.214s] [  0%] Built target turtlesim_node_autogen_timestamp_deps
[0.217s] gmake[2]: Warning: File 'CMakeFiles/turtle_teleop_key_autogen_timestamp_deps.dir/build.make' has modification time 7876079 s in the future
[0.217s] gmake[2]: warning:  Clock skew detected.  Your build may be incomplete.
[0.218s] [  0%] Built target draw_square_autogen_timestamp_deps
[0.229s] gmake[2]: Warning: File 'CMakeFiles/mimic_autogen_timestamp_deps.dir/build.make' has modification time 7876079 s in the future
[0.241s] [  0%] Built target turtle_teleop_key_autogen_timestamp_deps
[0.241s] gmake[2]: Warning: File 'CMakeFiles/turtlesim_node_autogen.dir/build.make' has modification time 7876079 s in the future
[0.254s] gmake[2]: warning:  Clock skew detected.  Your build may be incomplete.
[0.256s] gmake[2]: Warning: File 'CMakeFiles/mimic_autogen_timestamp_deps.dir/build.make' has modification time 7876079 s in the future
[0.256s] gmake[2]: warning:  Clock skew detected.  Your build may be incomplete.
[0.270s] [  0%] Built target mimic_autogen_timestamp_deps
[0.277s] gmake[2]: warning:  Clock skew detected.  Your build may be incomplete.
[0.284s] gmake[2]: Warning: File 'CMakeFiles/turtlesim_node_autogen.dir/build.make' has modification time 7876079 s in the future
[0.297s] gmake[2]: warning:  Clock skew detected.  Your build may be incomplete.
[0.312s] [  5%] Built target turtlesim_node_autogen
[0.333s] gmake[2]: Warning: File 'CMakeFiles/mimic_autogen.dir/build.make' has modification time 7876079 s in the future
[0.334s] gmake[2]: Warning: File 'CMakeFiles/turtle_teleop_key_autogen.dir/build.make' has modification time 7876079 s in the future
[0.336s] gmake[2]: Warning: File 'CMakeFiles/draw_square_autogen.dir/build.make' has modification time 7876079 s in the future
[0.368s] gmake[2]: warning:  Clock skew detected.  Your build may be incomplete.
[0.374s] gmake[2]: Warning: File 'CMakeFiles/mimic_autogen.dir/build.make' has modification time 7876079 s in the future
[0.378s] gmake[2]: warning:  Clock skew detected.  Your build may be incomplete.
[0.388s] gmake[2]: warning:  Clock skew detected.  Your build may be incomplete.
[0.394s] [ 10%] Built target mimic_autogen
[0.395s] gmake[2]: Warning: File 'CMakeFiles/turtle_teleop_key_autogen.dir/build.make' has modification time 7876079 s in the future
[0.397s] gmake[2]: warning:  Clock skew detected.  Your build may be incomplete.
[0.399s] gmake[2]: warning:  Clock skew detected.  Your build may be incomplete.
[0.406s] gmake[2]: Warning: File 'CMakeFiles/draw_square_autogen.dir/build.make' has modification time 7876079 s in the future
[0.409s] gmake[2]: warning:  Clock skew detected.  Your build may be incomplete.
[0.412s] [ 15%] Built target turtle_teleop_key_autogen
[0.421s] [ 20%] Built target draw_square_autogen
[0.446s] gmake[2]: Warning: File 'CMakeFiles/turtle_teleop_key.dir/build.make' has modification time 7876079 s in the future
[0.446s] gmake[2]: Warning: File 'CMakeFiles/mimic.dir/build.make' has modification time 7876079 s in the future
[0.470s] gmake[2]: warning:  Clock skew detected.  Your build may be incomplete.
[0.474s] gmake[2]: Warning: File 'CMakeFiles/turtle_teleop_key.dir/build.make' has modification time 7876079 s in the future
[0.477s] gmake[2]: warning:  Clock skew detected.  Your build may be incomplete.
[0.484s] gmake[2]: Warning: File 'CMakeFiles/mimic.dir/build.make' has modification time 7876079 s in the future
[0.541s] gmake[2]: warning:  Clock skew detected.  Your build may be incomplete.
[0.541s] gmake[2]: warning:  Clock skew detected.  Your build may be incomplete.
[0.559s] [ 35%] Built target turtle_teleop_key
[0.565s] [ 50%] Built target mimic
[0.577s] gmake[2]: Warning: File 'CMakeFiles/draw_square.dir/build.make' has modification time 7876079 s in the future
[0.595s] gmake[2]: warning:  Clock skew detected.  Your build may be incomplete.
[0.603s] gmake[2]: Warning: File 'CMakeFiles/draw_square.dir/build.make' has modification time 7876079 s in the future
[0.607s] gmake[2]: warning:  Clock skew detected.  Your build may be incomplete.
[0.619s] [ 65%] Built target draw_square
[0.646s] gmake[2]: Warning: File 'CMakeFiles/turtlesim_node.dir/build.make' has modification time 7876078 s in the future
[0.671s] gmake[2]: warning:  Clock skew detected.  Your build may be incomplete.
[0.682s] gmake[2]: Warning: File 'CMakeFiles/turtlesim_node.dir/build.make' has modification time 7876078 s in the future
[0.725s] gmake[2]: warning:  Clock skew detected.  Your build may be incomplete.
[0.742s] [100%] Built target turtlesim_node
[0.743s] gmake[1]: warning:  Clock skew detected.  Your build may be incomplete.
[0.758s] gmake: warning:  Clock skew detected.  Your build may be incomplete.
[0.762s] Invoked command in '/home/public/ros2ws/build/turtlesim' returned '0': AMENT_PREFIX_PATH=/home/public/ros2ws/install/turtlesim_msgs:${AMENT_PREFIX_PATH} CMAKE_PREFIX_PATH=/home/public/ros2ws/install/turtlesim_msgs:/opt/ros/lyrical/opt/gz_math_vendor:/opt/ros/lyrical/opt/gz_utils_vendor:/opt/ros/lyrical/opt/gz_cmake_vendor:/opt/ros/lyrical DEBUGINFOD_URLS=https://debuginfod.ubuntu.com LD_LIBRARY_PATH=/home/public/ros2ws/install/turtlesim_msgs/lib:${LD_LIBRARY_PATH} PYTHONPATH=/home/public/ros2ws/install/turtlesim_msgs/lib/python3.14/site-packages:${PYTHONPATH} /usr/bin/cmake --build /home/public/ros2ws/build/turtlesim -- -j4 -l4
[0.778s] Invoking command in '/home/public/ros2ws/build/turtlesim': AMENT_PREFIX_PATH=/home/public/ros2ws/install/turtlesim_msgs:${AMENT_PREFIX_PATH} CMAKE_PREFIX_PATH=/home/public/ros2ws/install/turtlesim_msgs:/opt/ros/lyrical/opt/gz_math_vendor:/opt/ros/lyrical/opt/gz_utils_vendor:/opt/ros/lyrical/opt/gz_cmake_vendor:/opt/ros/lyrical DEBUGINFOD_URLS=https://debuginfod.ubuntu.com LD_LIBRARY_PATH=/home/public/ros2ws/install/turtlesim_msgs/lib:${LD_LIBRARY_PATH} PYTHONPATH=/home/public/ros2ws/install/turtlesim_msgs/lib/python3.14/site-packages:${PYTHONPATH} /usr/bin/cmake --install /home/public/ros2ws/build/turtlesim
[0.796s] -- Install configuration: ""
[0.800s] -- Execute custom install script
[0.807s] -- Up-to-date symlink: /home/public/ros2ws/install/turtlesim/lib/turtlesim/turtlesim_node
[0.807s] -- Up-to-date symlink: /home/public/ros2ws/install/turtlesim/lib/turtlesim/turtle_teleop_key
[0.808s] -- Up-to-date symlink: /home/public/ros2ws/install/turtlesim/lib/turtlesim/draw_square
[0.808s] -- Up-to-date symlink: /home/public/ros2ws/install/turtlesim/lib/turtlesim/mimic
[0.813s] -- Up-to-date symlink: /home/public/ros2ws/install/turtlesim/share/turtlesim/launch/multisim.launch.py
[0.817s] -- Up-to-date symlink: /home/public/ros2ws/install/turtlesim/share/ament_index/resource_index/package_run_dependencies/turtlesim
[0.822s] -- Up-to-date symlink: /home/public/ros2ws/install/turtlesim/share/ament_index/resource_index/parent_prefix_path/turtlesim
[0.827s] -- Up-to-date symlink: /home/public/ros2ws/install/turtlesim/share/turtlesim/environment/ament_prefix_path.sh
[0.831s] -- Up-to-date symlink: /home/public/ros2ws/install/turtlesim/share/turtlesim/environment/ament_prefix_path.dsv
[0.840s] -- Up-to-date symlink: /home/public/ros2ws/install/turtlesim/share/turtlesim/environment/path.sh
[0.843s] -- Up-to-date symlink: /home/public/ros2ws/install/turtlesim/share/turtlesim/environment/path.dsv
[0.844s] -- Up-to-date symlink: /home/public/ros2ws/install/turtlesim/share/turtlesim/local_setup.bash
[0.854s] -- Up-to-date symlink: /home/public/ros2ws/install/turtlesim/share/turtlesim/local_setup.fish
[0.854s] -- Up-to-date symlink: /home/public/ros2ws/install/turtlesim/share/turtlesim/local_setup.sh
[0.861s] -- Up-to-date symlink: /home/public/ros2ws/install/turtlesim/share/turtlesim/local_setup.zsh
[0.861s] -- Up-to-date symlink: /home/public/ros2ws/install/turtlesim/share/turtlesim/local_setup.dsv
[0.861s] -- Symlinking: /home/public/ros2ws/install/turtlesim/share/turtlesim/package.dsv
[0.895s] -- Up-to-date symlink: /home/public/ros2ws/install/turtlesim/share/ament_index/resource_index/packages/turtlesim
[0.899s] -- Up-to-date symlink: /home/public/ros2ws/install/turtlesim/share/turtlesim/cmake/turtlesimConfig.cmake
[0.900s] -- Up-to-date symlink: /home/public/ros2ws/install/turtlesim/share/turtlesim/cmake/turtlesimConfig-version.cmake
[0.904s] -- Up-to-date symlink: /home/public/ros2ws/install/turtlesim/share/turtlesim/package.xml
[0.905s] -- Up-to-date: /home/public/ros2ws/install/turtlesim/share/turtlesim/images
[0.907s] -- Up-to-date: /home/public/ros2ws/install/turtlesim/share/turtlesim/images/kilted.png
[0.910s] -- Up-to-date: /home/public/ros2ws/install/turtlesim/share/turtlesim/images/eloquent.png
[0.911s] -- Up-to-date: /home/public/ros2ws/install/turtlesim/share/turtlesim/images/jazzy.png
[0.915s] -- Up-to-date: /home/public/ros2ws/install/turtlesim/share/turtlesim/images/bouncy.png
[0.915s] -- Up-to-date: /home/public/ros2ws/install/turtlesim/share/turtlesim/images/galactic.png
[0.916s] -- Up-to-date: /home/public/ros2ws/install/turtlesim/share/turtlesim/images/foxy.png
[0.918s] -- Up-to-date: /home/public/ros2ws/install/turtlesim/share/turtlesim/images/humble.png
[0.923s] -- Up-to-date: /home/public/ros2ws/install/turtlesim/share/turtlesim/images/dashing.png
[0.923s] -- Up-to-date: /home/public/ros2ws/install/turtlesim/share/turtlesim/images/crystal.png
[0.924s] -- Up-to-date: /home/public/ros2ws/install/turtlesim/share/turtlesim/images/iron.png
[0.924s] -- Up-to-date: /home/public/ros2ws/install/turtlesim/share/turtlesim/images/lyrical.png
[0.926s] -- Up-to-date: /home/public/ros2ws/install/turtlesim/share/turtlesim/images/ardent.png
[0.926s] -- Up-to-date: /home/public/ros2ws/install/turtlesim/share/turtlesim/images/rolling.png
[0.931s] Invoked command in '/home/public/ros2ws/build/turtlesim' returned '0': AMENT_PREFIX_PATH=/home/public/ros2ws/install/turtlesim_msgs:${AMENT_PREFIX_PATH} CMAKE_PREFIX_PATH=/home/public/ros2ws/install/turtlesim_msgs:/opt/ros/lyrical/opt/gz_math_vendor:/opt/ros/lyrical/opt/gz_utils_vendor:/opt/ros/lyrical/opt/gz_cmake_vendor:/opt/ros/lyrical DEBUGINFOD_URLS=https://debuginfod.ubuntu.com LD_LIBRARY_PATH=/home/public/ros2ws/install/turtlesim_msgs/lib:${LD_LIBRARY_PATH} PYTHONPATH=/home/public/ros2ws/install/turtlesim_msgs/lib/python3.14/site-packages:${PYTHONPATH} /usr/bin/cmake --install /home/public/ros2ws/build/turtlesim
