[2.161s] Invoking command in '/home/public/MSE112_MPi5_Hiwonder_ROS2/ros2ws/src/hiwonder_board': DEBUGINFOD_URLS=https://debuginfod.ubuntu.com PYTHONPATH=/home/public/MSE112_MPi5_Hiwonder_ROS2/ros2ws/build/hiwonder_board/prefix_override:/usr/lib/python3/dist-packages/colcon_core/task/python/colcon_distutils_commands:/home/public/MSE112_MPi5_Hiwonder_ROS2/ros2ws/install/hiwonder_board/lib/python3.14/site-packages:${PYTHONPATH} /usr/bin/python3 -W ignore:setup.py install is deprecated -W ignore:easy_install command is deprecated setup.py egg_info --egg-base ../../build/hiwonder_board build --build-base /home/public/MSE112_MPi5_Hiwonder_ROS2/ros2ws/build/hiwonder_board/build install --record /home/public/MSE112_MPi5_Hiwonder_ROS2/ros2ws/build/hiwonder_board/install.log --install-scripts $base/lib/hiwonder_board --single-version-externally-managed install_data
[2.751s] running egg_info
[2.786s] creating ../../build/hiwonder_board/hiwonder_board.egg-info
[2.790s] writing ../../build/hiwonder_board/hiwonder_board.egg-info/PKG-INFO
[2.790s] writing dependency_links to ../../build/hiwonder_board/hiwonder_board.egg-info/dependency_links.txt
[2.790s] writing entry points to ../../build/hiwonder_board/hiwonder_board.egg-info/entry_points.txt
[2.792s] writing requirements to ../../build/hiwonder_board/hiwonder_board.egg-info/requires.txt
[2.795s] writing top-level names to ../../build/hiwonder_board/hiwonder_board.egg-info/top_level.txt
[2.797s] writing manifest file '../../build/hiwonder_board/hiwonder_board.egg-info/SOURCES.txt'
[2.950s] reading manifest file '../../build/hiwonder_board/hiwonder_board.egg-info/SOURCES.txt'
[2.952s] adding license file 'LICENSE'
[2.952s] writing manifest file '../../build/hiwonder_board/hiwonder_board.egg-info/SOURCES.txt'
[2.952s] running build
[2.952s] running build_py
[2.952s] creating /home/public/MSE112_MPi5_Hiwonder_ROS2/ros2ws/build/hiwonder_board/build/lib/hiwonder_board
[2.952s] copying hiwonder_board/__init__.py -> /home/public/MSE112_MPi5_Hiwonder_ROS2/ros2ws/build/hiwonder_board/build/lib/hiwonder_board
[2.952s] copying hiwonder_board/hiwonder_board_node.py -> /home/public/MSE112_MPi5_Hiwonder_ROS2/ros2ws/build/hiwonder_board/build/lib/hiwonder_board
[2.952s] copying hiwonder_board/subscriber_member_function.py -> /home/public/MSE112_MPi5_Hiwonder_ROS2/ros2ws/build/hiwonder_board/build/lib/hiwonder_board
[2.952s] copying hiwonder_board/publisher_member_function.py -> /home/public/MSE112_MPi5_Hiwonder_ROS2/ros2ws/build/hiwonder_board/build/lib/hiwonder_board
[2.952s] copying hiwonder_board/py.typed -> /home/public/MSE112_MPi5_Hiwonder_ROS2/ros2ws/build/hiwonder_board/build/lib/hiwonder_board
[2.953s] running install
[2.970s] running install_lib
[3.034s] creating /home/public/MSE112_MPi5_Hiwonder_ROS2/ros2ws/install/hiwonder_board/lib/python3.14/site-packages/hiwonder_board
[3.035s] copying /home/public/MSE112_MPi5_Hiwonder_ROS2/ros2ws/build/hiwonder_board/build/lib/hiwonder_board/__init__.py -> /home/public/MSE112_MPi5_Hiwonder_ROS2/ros2ws/install/hiwonder_board/lib/python3.14/site-packages/hiwonder_board
[3.035s] copying /home/public/MSE112_MPi5_Hiwonder_ROS2/ros2ws/build/hiwonder_board/build/lib/hiwonder_board/hiwonder_board_node.py -> /home/public/MSE112_MPi5_Hiwonder_ROS2/ros2ws/install/hiwonder_board/lib/python3.14/site-packages/hiwonder_board
[3.035s] copying /home/public/MSE112_MPi5_Hiwonder_ROS2/ros2ws/build/hiwonder_board/build/lib/hiwonder_board/subscriber_member_function.py -> /home/public/MSE112_MPi5_Hiwonder_ROS2/ros2ws/install/hiwonder_board/lib/python3.14/site-packages/hiwonder_board
[3.035s] copying /home/public/MSE112_MPi5_Hiwonder_ROS2/ros2ws/build/hiwonder_board/build/lib/hiwonder_board/py.typed -> /home/public/MSE112_MPi5_Hiwonder_ROS2/ros2ws/install/hiwonder_board/lib/python3.14/site-packages/hiwonder_board
[3.035s] copying /home/public/MSE112_MPi5_Hiwonder_ROS2/ros2ws/build/hiwonder_board/build/lib/hiwonder_board/publisher_member_function.py -> /home/public/MSE112_MPi5_Hiwonder_ROS2/ros2ws/install/hiwonder_board/lib/python3.14/site-packages/hiwonder_board
[3.036s] byte-compiling /home/public/MSE112_MPi5_Hiwonder_ROS2/ros2ws/install/hiwonder_board/lib/python3.14/site-packages/hiwonder_board/__init__.py to __init__.cpython-314.pyc
[3.036s] byte-compiling /home/public/MSE112_MPi5_Hiwonder_ROS2/ros2ws/install/hiwonder_board/lib/python3.14/site-packages/hiwonder_board/hiwonder_board_node.py to hiwonder_board_node.cpython-314.pyc
[3.052s] byte-compiling /home/public/MSE112_MPi5_Hiwonder_ROS2/ros2ws/install/hiwonder_board/lib/python3.14/site-packages/hiwonder_board/subscriber_member_function.py to subscriber_member_function.cpython-314.pyc
[3.053s] byte-compiling /home/public/MSE112_MPi5_Hiwonder_ROS2/ros2ws/install/hiwonder_board/lib/python3.14/site-packages/hiwonder_board/publisher_member_function.py to publisher_member_function.cpython-314.pyc
[3.054s] running install_data
[3.054s] creating /home/public/MSE112_MPi5_Hiwonder_ROS2/ros2ws/install/hiwonder_board/share/ament_index/resource_index/packages
[3.055s] copying resource/hiwonder_board -> /home/public/MSE112_MPi5_Hiwonder_ROS2/ros2ws/install/hiwonder_board/share/ament_index/resource_index/packages
[3.055s] copying package.xml -> /home/public/MSE112_MPi5_Hiwonder_ROS2/ros2ws/install/hiwonder_board/share/hiwonder_board
[3.056s] running install_egg_info
[3.088s] Copying ../../build/hiwonder_board/hiwonder_board.egg-info to /home/public/MSE112_MPi5_Hiwonder_ROS2/ros2ws/install/hiwonder_board/lib/python3.14/site-packages/hiwonder_board-0.0.0-py3.14.egg-info
[3.088s] running install_scripts
[3.247s] Installing hiwonder_board_node script to /home/public/MSE112_MPi5_Hiwonder_ROS2/ros2ws/install/hiwonder_board/lib/hiwonder_board
[3.249s] Installing test_listener script to /home/public/MSE112_MPi5_Hiwonder_ROS2/ros2ws/install/hiwonder_board/lib/hiwonder_board
[3.249s] Installing test_talker script to /home/public/MSE112_MPi5_Hiwonder_ROS2/ros2ws/install/hiwonder_board/lib/hiwonder_board
[3.249s] writing list of installed files to '/home/public/MSE112_MPi5_Hiwonder_ROS2/ros2ws/build/hiwonder_board/install.log'
[3.441s] Invoked command in '/home/public/MSE112_MPi5_Hiwonder_ROS2/ros2ws/src/hiwonder_board' returned '0': DEBUGINFOD_URLS=https://debuginfod.ubuntu.com PYTHONPATH=/home/public/MSE112_MPi5_Hiwonder_ROS2/ros2ws/build/hiwonder_board/prefix_override:/usr/lib/python3/dist-packages/colcon_core/task/python/colcon_distutils_commands:/home/public/MSE112_MPi5_Hiwonder_ROS2/ros2ws/install/hiwonder_board/lib/python3.14/site-packages:${PYTHONPATH} /usr/bin/python3 -W ignore:setup.py install is deprecated -W ignore:easy_install command is deprecated setup.py egg_info --egg-base ../../build/hiwonder_board build --build-base /home/public/MSE112_MPi5_Hiwonder_ROS2/ros2ws/build/hiwonder_board/build install --record /home/public/MSE112_MPi5_Hiwonder_ROS2/ros2ws/build/hiwonder_board/install.log --install-scripts $base/lib/hiwonder_board --single-version-externally-managed install_data
