[1.992s] Invoking command in '/home/public/ros2ws/src/controls_core': DEBUGINFOD_URLS=https://debuginfod.ubuntu.com PYTHONPATH=/home/public/ros2ws/build/controls_core/prefix_override:/usr/lib/python3/dist-packages/colcon_core/task/python/colcon_distutils_commands:/home/public/ros2ws/install/controls_core/lib/python3.14/site-packages:${PYTHONPATH} /usr/bin/python3 -W ignore:setup.py install is deprecated -W ignore:easy_install command is deprecated setup.py egg_info --egg-base ../../build/controls_core build --build-base /home/public/ros2ws/build/controls_core/build install --record /home/public/ros2ws/build/controls_core/install.log --install-scripts $base/lib/controls_core --single-version-externally-managed install_data
[2.660s] running egg_info
[2.700s] writing ../../build/controls_core/controls_core.egg-info/PKG-INFO
[2.701s] writing dependency_links to ../../build/controls_core/controls_core.egg-info/dependency_links.txt
[2.702s] writing entry points to ../../build/controls_core/controls_core.egg-info/entry_points.txt
[2.704s] writing requirements to ../../build/controls_core/controls_core.egg-info/requires.txt
[2.705s] writing top-level names to ../../build/controls_core/controls_core.egg-info/top_level.txt
[2.789s] reading manifest file '../../build/controls_core/controls_core.egg-info/SOURCES.txt'
[2.789s] adding license file 'LICENSE'
[2.790s] writing manifest file '../../build/controls_core/controls_core.egg-info/SOURCES.txt'
[2.790s] running build
[2.790s] running build_py
[2.791s] copying controls_core/ui_testing.py -> /home/public/ros2ws/build/controls_core/build/lib/controls_core
[2.791s] copying controls_core/__init__.py -> /home/public/ros2ws/build/controls_core/build/lib/controls_core
[2.791s] copying controls_core/cv_interface.py -> /home/public/ros2ws/build/controls_core/build/lib/controls_core
[2.792s] copying controls_core/py.typed -> /home/public/ros2ws/build/controls_core/build/lib/controls_core
[2.792s] running install
[2.801s] running install_lib
[2.841s] running install_data
[2.842s] copying resource/controls_core -> /home/public/ros2ws/install/controls_core/share/ament_index/resource_index/packages
[2.843s] copying package.xml -> /home/public/ros2ws/install/controls_core/share/controls_core
[2.843s] running install_egg_info
[2.878s] removing '/home/public/ros2ws/install/controls_core/lib/python3.14/site-packages/controls_core-0.0.0-py3.14.egg-info' (and everything under it)
[2.878s] Copying ../../build/controls_core/controls_core.egg-info to /home/public/ros2ws/install/controls_core/lib/python3.14/site-packages/controls_core-0.0.0-py3.14.egg-info
[2.879s] running install_scripts
[3.074s] Installing main_control_node script to /home/public/ros2ws/install/controls_core/lib/controls_core
[3.076s] writing list of installed files to '/home/public/ros2ws/build/controls_core/install.log'
[3.230s] Invoked command in '/home/public/ros2ws/src/controls_core' returned '0': DEBUGINFOD_URLS=https://debuginfod.ubuntu.com PYTHONPATH=/home/public/ros2ws/build/controls_core/prefix_override:/usr/lib/python3/dist-packages/colcon_core/task/python/colcon_distutils_commands:/home/public/ros2ws/install/controls_core/lib/python3.14/site-packages:${PYTHONPATH} /usr/bin/python3 -W ignore:setup.py install is deprecated -W ignore:easy_install command is deprecated setup.py egg_info --egg-base ../../build/controls_core build --build-base /home/public/ros2ws/build/controls_core/build install --record /home/public/ros2ws/build/controls_core/install.log --install-scripts $base/lib/controls_core --single-version-externally-managed install_data
