[0.104s] Invoking command in '/home/public/ros2ws/build/examples_rclcpp_wait_set': CMAKE_PREFIX_PATH=${CMAKE_PREFIX_PATH}:/home/public/ros2ws/install/opencv2_nodes:/home/public/ros2ws/install/launch_testing_examples:/home/public/ros2ws/install/hiwonder_board:/home/public/ros2ws/install/examples_rclpy_pointcloud_publisher:/home/public/ros2ws/install/examples_rclpy_minimal_subscriber:/home/public/ros2ws/install/examples_rclpy_minimal_service:/home/public/ros2ws/install/examples_rclpy_minimal_publisher:/home/public/ros2ws/install/examples_rclpy_minimal_client:/home/public/ros2ws/install/examples_rclpy_minimal_action_server:/home/public/ros2ws/install/examples_rclpy_minimal_action_client:/home/public/ros2ws/install/examples_rclpy_guard_conditions:/home/public/ros2ws/install/examples_rclpy_executors:/home/public/ros2ws/install/controls_core:/opt/ros/lyrical DEBUGINFOD_URLS=https://debuginfod.ubuntu.com /usr/bin/cmake --build /home/public/ros2ws/build/examples_rclcpp_wait_set -- -j4 -l4
[0.297s] gmake: Warning: File 'Makefile' has modification time 1031 s in the future
[0.577s] -- Found ament_cmake: 2.8.7 (/opt/ros/lyrical/share/ament_cmake/cmake)
[3.491s] -- Override CMake install command with custom implementation using symlinks instead of copying resources
[3.557s] -- Found example_interfaces: 0.14.1 (/opt/ros/lyrical/share/example_interfaces/cmake)
[3.941s] -- Found rosidl_generator_c: 5.2.1 (/opt/ros/lyrical/share/rosidl_generator_c/cmake)
[4.039s] -- Found rosidl_generator_cpp: 5.2.1 (/opt/ros/lyrical/share/rosidl_generator_cpp/cmake)
[4.151s] -- Using all available rosidl_typesupport_c: rosidl_typesupport_fastrtps_c;rosidl_typesupport_introspection_c
[4.325s] -- Using all available rosidl_typesupport_cpp: rosidl_typesupport_fastrtps_cpp;rosidl_typesupport_introspection_cpp
[5.459s] -- Found rclcpp: 32.0.0 (/opt/ros/lyrical/share/rclcpp/cmake)
[5.595s] -- Found rmw_implementation_cmake: 7.10.1 (/opt/ros/lyrical/share/rmw_implementation_cmake/cmake)
[5.595s] -- Found rmw_fastrtps_cpp: 9.4.8 (/opt/ros/lyrical/share/rmw_fastrtps_cpp/cmake)
[5.991s] -- Using RMW implementation 'rmw_fastrtps_cpp' as default
[6.568s] -- Found rclcpp_components: 32.0.0 (/opt/ros/lyrical/share/rclcpp_components/cmake)
[6.903s] -- Found std_msgs: 5.9.2 (/opt/ros/lyrical/share/std_msgs/cmake)
[7.198s] -- Found ament_lint_auto: 0.20.6 (/opt/ros/lyrical/share/ament_lint_auto/cmake)
[9.254s] -- Added test 'copyright' to check source files copyright and LICENSE
[9.293s] -- Added test 'cppcheck' to perform static code analysis on C / C++ code
[9.309s] -- Configured cppcheck include dirs: /home/public/ros2ws/src/examples/rclcpp/wait_set/include
[9.309s] -- Configured cppcheck exclude dirs and/or files: 
[9.343s] -- Added test 'cpplint' to check C / C++ code against the Google style
[9.343s] -- Configured cpplint exclude dirs and/or files: 
[9.366s] -- Added test 'lint_cmake' to check CMake code style
[9.397s] -- Added test 'uncrustify' to check C / C++ code style
[9.397s] -- Configured uncrustify additional arguments: 
[9.398s] -- Added test 'xmllint' to check XML markup files
[9.484s] -- Configuring done (9.0s)
[10.541s] -- Generating done (1.1s)
[10.747s] -- Build files have been written to: /home/public/ros2ws/build/examples_rclcpp_wait_set
[10.948s] gmake[2]: Warning: File 'CMakeFiles/talker.dir/build.make' has modification time 7875680 s in the future
[11.052s] gmake[2]: warning:  Clock skew detected.  Your build may be incomplete.
[11.067s] gmake[2]: Warning: File 'CMakeFiles/talker.dir/build.make' has modification time 7875680 s in the future
[11.085s] gmake[2]: warning:  Clock skew detected.  Your build may be incomplete.
[11.195s] [  8%] Built target talker
[11.212s] gmake[2]: Warning: File 'CMakeFiles/static_wait_set.dir/build.make' has modification time 7875680 s in the future
[11.302s] gmake[2]: warning:  Clock skew detected.  Your build may be incomplete.
[11.330s] gmake[2]: Warning: File 'CMakeFiles/static_wait_set.dir/build.make' has modification time 7875680 s in the future
[11.340s] gmake[2]: warning:  Clock skew detected.  Your build may be incomplete.
[11.485s] [ 16%] Built target static_wait_set
[11.555s] gmake[2]: Warning: File 'CMakeFiles/thread_safe_wait_set.dir/build.make' has modification time 7875680 s in the future
[11.652s] gmake[2]: warning:  Clock skew detected.  Your build may be incomplete.
[11.729s] gmake[2]: Warning: File 'CMakeFiles/thread_safe_wait_set.dir/build.make' has modification time 7875680 s in the future
[11.762s] gmake[2]: warning:  Clock skew detected.  Your build may be incomplete.
[11.998s] [ 25%] Built target thread_safe_wait_set
[12.030s] gmake[2]: Warning: File 'CMakeFiles/wait_set_topics_and_timer.dir/build.make' has modification time 7875679 s in the future
[12.126s] gmake[2]: warning:  Clock skew detected.  Your build may be incomplete.
[12.144s] gmake[2]: Warning: File 'CMakeFiles/wait_set_topics_and_timer.dir/build.make' has modification time 7875679 s in the future
[12.147s] gmake[2]: warning:  Clock skew detected.  Your build may be incomplete.
[12.203s] [ 33%] Built target wait_set_topics_and_timer
[12.214s] gmake[2]: Warning: File 'CMakeFiles/wait_set_random_order.dir/build.make' has modification time 7875679 s in the future
[12.300s] gmake[2]: warning:  Clock skew detected.  Your build may be incomplete.
[12.320s] gmake[2]: Warning: File 'CMakeFiles/wait_set_random_order.dir/build.make' has modification time 7875679 s in the future
[12.326s] gmake[2]: warning:  Clock skew detected.  Your build may be incomplete.
[12.373s] [ 41%] Built target wait_set_random_order
[12.380s] gmake[2]: Warning: File 'CMakeFiles/executor_random_order.dir/build.make' has modification time 7875679 s in the future
[12.508s] gmake[2]: warning:  Clock skew detected.  Your build may be incomplete.
[12.522s] gmake[2]: Warning: File 'CMakeFiles/executor_random_order.dir/build.make' has modification time 7875679 s in the future
[12.529s] gmake[2]: warning:  Clock skew detected.  Your build may be incomplete.
[12.583s] [ 50%] Built target executor_random_order
[12.612s] gmake[2]: Warning: File 'CMakeFiles/wait_set_topics_with_different_rates.dir/build.make' has modification time 7875679 s in the future
[13.009s] gmake[2]: warning:  Clock skew detected.  Your build may be incomplete.
[13.010s] gmake[2]: Warning: File 'CMakeFiles/wait_set_topics_with_different_rates.dir/build.make' has modification time 7875678 s in the future
[13.027s] gmake[2]: warning:  Clock skew detected.  Your build may be incomplete.
[13.056s] [ 58%] Built target wait_set_topics_with_different_rates
[13.066s] gmake[2]: Warning: File 'CMakeFiles/wait_set_talker.dir/build.make' has modification time 7875678 s in the future
[13.396s] gmake[2]: warning:  Clock skew detected.  Your build may be incomplete.
[13.428s] gmake[2]: Warning: File 'CMakeFiles/wait_set_talker.dir/build.make' has modification time 7875678 s in the future
[13.433s] gmake[2]: warning:  Clock skew detected.  Your build may be incomplete.
[13.523s] [ 66%] Built target wait_set_talker
[13.542s] gmake[2]: Warning: File 'CMakeFiles/wait_set.dir/build.make' has modification time 7875678 s in the future
[13.630s] gmake[2]: warning:  Clock skew detected.  Your build may be incomplete.
[13.649s] gmake[2]: Warning: File 'CMakeFiles/wait_set.dir/build.make' has modification time 7875678 s in the future
[13.650s] gmake[2]: warning:  Clock skew detected.  Your build may be incomplete.
[13.719s] [ 75%] Built target wait_set
[13.759s] gmake[2]: Warning: File 'CMakeFiles/listener.dir/build.make' has modification time 7875677 s in the future
[13.945s] gmake[2]: warning:  Clock skew detected.  Your build may be incomplete.
[13.980s] gmake[2]: Warning: File 'CMakeFiles/listener.dir/build.make' has modification time 7875677 s in the future
[13.980s] gmake[2]: warning:  Clock skew detected.  Your build may be incomplete.
[14.051s] [ 83%] Built target listener
[14.062s] gmake[2]: Warning: File 'CMakeFiles/wait_set_listener.dir/build.make' has modification time 7875677 s in the future
[14.144s] gmake[2]: warning:  Clock skew detected.  Your build may be incomplete.
[14.193s] gmake[2]: Warning: File 'CMakeFiles/wait_set_listener.dir/build.make' has modification time 7875677 s in the future
[14.206s] gmake[2]: warning:  Clock skew detected.  Your build may be incomplete.
[14.299s] [ 91%] Built target wait_set_listener
[14.334s] gmake[2]: Warning: File 'CMakeFiles/wait_set_composed.dir/build.make' has modification time 7875677 s in the future
[14.597s] gmake[2]: warning:  Clock skew detected.  Your build may be incomplete.
[14.662s] gmake[2]: Warning: File 'CMakeFiles/wait_set_composed.dir/build.make' has modification time 7875677 s in the future
[14.663s] gmake[2]: warning:  Clock skew detected.  Your build may be incomplete.
[14.663s] [100%] Built target wait_set_composed
[14.836s] gmake: warning:  Clock skew detected.  Your build may be incomplete.
[14.868s] Invoked command in '/home/public/ros2ws/build/examples_rclcpp_wait_set' returned '0': CMAKE_PREFIX_PATH=${CMAKE_PREFIX_PATH}:/home/public/ros2ws/install/opencv2_nodes:/home/public/ros2ws/install/launch_testing_examples:/home/public/ros2ws/install/hiwonder_board:/home/public/ros2ws/install/examples_rclpy_pointcloud_publisher:/home/public/ros2ws/install/examples_rclpy_minimal_subscriber:/home/public/ros2ws/install/examples_rclpy_minimal_service:/home/public/ros2ws/install/examples_rclpy_minimal_publisher:/home/public/ros2ws/install/examples_rclpy_minimal_client:/home/public/ros2ws/install/examples_rclpy_minimal_action_server:/home/public/ros2ws/install/examples_rclpy_minimal_action_client:/home/public/ros2ws/install/examples_rclpy_guard_conditions:/home/public/ros2ws/install/examples_rclpy_executors:/home/public/ros2ws/install/controls_core:/opt/ros/lyrical DEBUGINFOD_URLS=https://debuginfod.ubuntu.com /usr/bin/cmake --build /home/public/ros2ws/build/examples_rclcpp_wait_set -- -j4 -l4
[14.889s] Invoking command in '/home/public/ros2ws/build/examples_rclcpp_wait_set': CMAKE_PREFIX_PATH=${CMAKE_PREFIX_PATH}:/home/public/ros2ws/install/opencv2_nodes:/home/public/ros2ws/install/launch_testing_examples:/home/public/ros2ws/install/hiwonder_board:/home/public/ros2ws/install/examples_rclpy_pointcloud_publisher:/home/public/ros2ws/install/examples_rclpy_minimal_subscriber:/home/public/ros2ws/install/examples_rclpy_minimal_service:/home/public/ros2ws/install/examples_rclpy_minimal_publisher:/home/public/ros2ws/install/examples_rclpy_minimal_client:/home/public/ros2ws/install/examples_rclpy_minimal_action_server:/home/public/ros2ws/install/examples_rclpy_minimal_action_client:/home/public/ros2ws/install/examples_rclpy_guard_conditions:/home/public/ros2ws/install/examples_rclpy_executors:/home/public/ros2ws/install/controls_core:/opt/ros/lyrical DEBUGINFOD_URLS=https://debuginfod.ubuntu.com /usr/bin/cmake --install /home/public/ros2ws/build/examples_rclcpp_wait_set
[14.919s] -- Install configuration: ""
[14.920s] -- Execute custom install script
[14.920s] -- Up-to-date symlink: /home/public/ros2ws/install/examples_rclcpp_wait_set/lib/examples_rclcpp_wait_set/wait_set_talker
[14.920s] -- Up-to-date symlink: /home/public/ros2ws/install/examples_rclcpp_wait_set/lib/examples_rclcpp_wait_set/wait_set_listener
[14.922s] -- Up-to-date symlink: /home/public/ros2ws/install/examples_rclcpp_wait_set/lib/libtalker.so
[14.924s] -- Up-to-date symlink: /home/public/ros2ws/install/examples_rclcpp_wait_set/lib/liblistener.so
[14.924s] -- Up-to-date symlink: /home/public/ros2ws/install/examples_rclcpp_wait_set/lib/examples_rclcpp_wait_set/wait_set
[14.924s] -- Up-to-date symlink: /home/public/ros2ws/install/examples_rclcpp_wait_set/lib/examples_rclcpp_wait_set/static_wait_set
[14.927s] -- Up-to-date symlink: /home/public/ros2ws/install/examples_rclcpp_wait_set/lib/examples_rclcpp_wait_set/thread_safe_wait_set
[14.929s] -- Up-to-date symlink: /home/public/ros2ws/install/examples_rclcpp_wait_set/lib/examples_rclcpp_wait_set/wait_set_topics_and_timer
[14.932s] -- Up-to-date symlink: /home/public/ros2ws/install/examples_rclcpp_wait_set/lib/examples_rclcpp_wait_set/wait_set_random_order
[14.932s] -- Up-to-date symlink: /home/public/ros2ws/install/examples_rclcpp_wait_set/lib/examples_rclcpp_wait_set/executor_random_order
[14.934s] -- Up-to-date symlink: /home/public/ros2ws/install/examples_rclcpp_wait_set/lib/examples_rclcpp_wait_set/wait_set_topics_with_different_rates
[14.946s] -- Up-to-date symlink: /home/public/ros2ws/install/examples_rclcpp_wait_set/lib/examples_rclcpp_wait_set/wait_set_composed
[14.947s] -- Up-to-date symlink: /home/public/ros2ws/install/examples_rclcpp_wait_set/share/ament_index/resource_index/package_run_dependencies/examples_rclcpp_wait_set
[14.957s] -- Up-to-date symlink: /home/public/ros2ws/install/examples_rclcpp_wait_set/share/ament_index/resource_index/parent_prefix_path/examples_rclcpp_wait_set
[14.980s] -- Up-to-date symlink: /home/public/ros2ws/install/examples_rclcpp_wait_set/share/examples_rclcpp_wait_set/environment/ament_prefix_path.sh
[14.981s] -- Up-to-date symlink: /home/public/ros2ws/install/examples_rclcpp_wait_set/share/examples_rclcpp_wait_set/environment/ament_prefix_path.dsv
[14.988s] -- Up-to-date symlink: /home/public/ros2ws/install/examples_rclcpp_wait_set/share/examples_rclcpp_wait_set/environment/path.sh
[14.988s] -- Up-to-date symlink: /home/public/ros2ws/install/examples_rclcpp_wait_set/share/examples_rclcpp_wait_set/environment/path.dsv
[14.989s] -- Up-to-date symlink: /home/public/ros2ws/install/examples_rclcpp_wait_set/share/examples_rclcpp_wait_set/local_setup.bash
[14.998s] -- Up-to-date symlink: /home/public/ros2ws/install/examples_rclcpp_wait_set/share/examples_rclcpp_wait_set/local_setup.fish
[15.005s] -- Up-to-date symlink: /home/public/ros2ws/install/examples_rclcpp_wait_set/share/examples_rclcpp_wait_set/local_setup.sh
[15.006s] -- Up-to-date symlink: /home/public/ros2ws/install/examples_rclcpp_wait_set/share/examples_rclcpp_wait_set/local_setup.zsh
[15.026s] -- Up-to-date symlink: /home/public/ros2ws/install/examples_rclcpp_wait_set/share/examples_rclcpp_wait_set/local_setup.dsv
[15.026s] -- Symlinking: /home/public/ros2ws/install/examples_rclcpp_wait_set/share/examples_rclcpp_wait_set/package.dsv
[15.106s] -- Up-to-date symlink: /home/public/ros2ws/install/examples_rclcpp_wait_set/share/ament_index/resource_index/packages/examples_rclcpp_wait_set
[15.115s] -- Up-to-date symlink: /home/public/ros2ws/install/examples_rclcpp_wait_set/share/ament_index/resource_index/rclcpp_components/examples_rclcpp_wait_set
[15.117s] -- Up-to-date symlink: /home/public/ros2ws/install/examples_rclcpp_wait_set/share/examples_rclcpp_wait_set/cmake/examples_rclcpp_wait_setConfig.cmake
[15.124s] -- Up-to-date symlink: /home/public/ros2ws/install/examples_rclcpp_wait_set/share/examples_rclcpp_wait_set/cmake/examples_rclcpp_wait_setConfig-version.cmake
[15.127s] -- Up-to-date symlink: /home/public/ros2ws/install/examples_rclcpp_wait_set/share/examples_rclcpp_wait_set/package.xml
[15.156s] Invoked command in '/home/public/ros2ws/build/examples_rclcpp_wait_set' returned '0': CMAKE_PREFIX_PATH=${CMAKE_PREFIX_PATH}:/home/public/ros2ws/install/opencv2_nodes:/home/public/ros2ws/install/launch_testing_examples:/home/public/ros2ws/install/hiwonder_board:/home/public/ros2ws/install/examples_rclpy_pointcloud_publisher:/home/public/ros2ws/install/examples_rclpy_minimal_subscriber:/home/public/ros2ws/install/examples_rclpy_minimal_service:/home/public/ros2ws/install/examples_rclpy_minimal_publisher:/home/public/ros2ws/install/examples_rclpy_minimal_client:/home/public/ros2ws/install/examples_rclpy_minimal_action_server:/home/public/ros2ws/install/examples_rclpy_minimal_action_client:/home/public/ros2ws/install/examples_rclpy_guard_conditions:/home/public/ros2ws/install/examples_rclpy_executors:/home/public/ros2ws/install/controls_core:/opt/ros/lyrical DEBUGINFOD_URLS=https://debuginfod.ubuntu.com /usr/bin/cmake --install /home/public/ros2ws/build/examples_rclcpp_wait_set
