[3.619s] Invoking command in '/home/public/ros2ws/build/examples_rclcpp_cbg_executor': CMAKE_PREFIX_PATH=${CMAKE_PREFIX_PATH}:/home/public/ros2ws/install/opencv2_nodes:/home/public/ros2ws/install/launch_testing_examples:/home/public/ros2ws/install/hiwonder_board:/home/public/ros2ws/install/examples_rclpy_pointcloud_publisher:/home/public/ros2ws/install/examples_rclpy_minimal_subscriber:/home/public/ros2ws/install/examples_rclpy_minimal_service:/home/public/ros2ws/install/examples_rclpy_minimal_publisher:/home/public/ros2ws/install/examples_rclpy_minimal_client:/home/public/ros2ws/install/examples_rclpy_minimal_action_server:/home/public/ros2ws/install/examples_rclpy_minimal_action_client:/home/public/ros2ws/install/examples_rclpy_guard_conditions:/home/public/ros2ws/install/examples_rclpy_executors:/home/public/ros2ws/install/controls_core:/opt/ros/lyrical DEBUGINFOD_URLS=https://debuginfod.ubuntu.com /usr/bin/cmake --build /home/public/ros2ws/build/examples_rclcpp_cbg_executor -- -j4 -l4
[3.665s] gmake: Warning: File 'Makefile' has modification time 1053 s in the future
[3.985s] -- Found ament_cmake: 2.8.7 (/opt/ros/lyrical/share/ament_cmake/cmake)
[5.522s] -- Override CMake install command with custom implementation using symlinks instead of copying resources
[5.698s] -- Found rclcpp: 32.0.0 (/opt/ros/lyrical/share/rclcpp/cmake)
[6.063s] -- Found rosidl_generator_c: 5.2.1 (/opt/ros/lyrical/share/rosidl_generator_c/cmake)
[6.108s] -- Found rosidl_generator_cpp: 5.2.1 (/opt/ros/lyrical/share/rosidl_generator_cpp/cmake)
[6.282s] -- Using all available rosidl_typesupport_c: rosidl_typesupport_fastrtps_c;rosidl_typesupport_introspection_c
[6.414s] -- Using all available rosidl_typesupport_cpp: rosidl_typesupport_fastrtps_cpp;rosidl_typesupport_introspection_cpp
[7.377s] -- Found rmw_implementation_cmake: 7.10.1 (/opt/ros/lyrical/share/rmw_implementation_cmake/cmake)
[7.405s] -- Found rmw_fastrtps_cpp: 9.4.8 (/opt/ros/lyrical/share/rmw_fastrtps_cpp/cmake)
[7.883s] -- Using RMW implementation 'rmw_fastrtps_cpp' as default
[9.142s] -- Found std_msgs: 5.9.2 (/opt/ros/lyrical/share/std_msgs/cmake)
[9.321s] -- Found ament_lint_auto: 0.20.6 (/opt/ros/lyrical/share/ament_lint_auto/cmake)
[10.526s] -- Added test 'copyright' to check source files copyright and LICENSE
[10.538s] -- Added test 'cppcheck' to perform static code analysis on C / C++ code
[10.548s] -- Configured cppcheck include dirs: /home/public/ros2ws/src/examples/rclcpp/executors/cbg_executor/include
[10.550s] -- Configured cppcheck exclude dirs and/or files: 
[10.550s] -- Added test 'cpplint' to check C / C++ code against the Google style
[10.557s] -- Configured cpplint exclude dirs and/or files: 
[10.563s] -- Added test 'lint_cmake' to check CMake code style
[10.583s] -- Added test 'uncrustify' to check C / C++ code style
[10.588s] -- Configured uncrustify additional arguments: 
[10.588s] -- Added test 'xmllint' to check XML markup files
[10.651s] -- Configuring done (6.8s)
[11.113s] -- Generating done (0.5s)
[11.486s] -- Build files have been written to: /home/public/ros2ws/build/examples_rclcpp_cbg_executor
[11.751s] gmake[2]: Warning: File 'CMakeFiles/ping.dir/build.make' has modification time 7875551 s in the future
[11.880s] gmake[2]: warning:  Clock skew detected.  Your build may be incomplete.
[11.898s] gmake[2]: Warning: File 'CMakeFiles/ping.dir/build.make' has modification time 7875551 s in the future
[12.186s] gmake[2]: warning:  Clock skew detected.  Your build may be incomplete.
[12.250s] [ 30%] Built target ping
[12.270s] gmake[2]: Warning: File 'CMakeFiles/ping_pong.dir/build.make' has modification time 7875550 s in the future
[12.386s] gmake[2]: warning:  Clock skew detected.  Your build may be incomplete.
[12.423s] gmake[2]: Warning: File 'CMakeFiles/ping_pong.dir/build.make' has modification time 7875550 s in the future
[12.425s] gmake[2]: warning:  Clock skew detected.  Your build may be incomplete.
[12.523s] [ 70%] Built target ping_pong
[12.547s] gmake[2]: Warning: File 'CMakeFiles/pong.dir/build.make' has modification time 7875550 s in the future
[12.804s] gmake[2]: warning:  Clock skew detected.  Your build may be incomplete.
[12.885s] gmake[2]: Warning: File 'CMakeFiles/pong.dir/build.make' has modification time 7875550 s in the future
[12.908s] gmake[2]: warning:  Clock skew detected.  Your build may be incomplete.
[12.987s] [100%] Built target pong
[13.013s] gmake: warning:  Clock skew detected.  Your build may be incomplete.
[13.273s] Invoked command in '/home/public/ros2ws/build/examples_rclcpp_cbg_executor' returned '0': CMAKE_PREFIX_PATH=${CMAKE_PREFIX_PATH}:/home/public/ros2ws/install/opencv2_nodes:/home/public/ros2ws/install/launch_testing_examples:/home/public/ros2ws/install/hiwonder_board:/home/public/ros2ws/install/examples_rclpy_pointcloud_publisher:/home/public/ros2ws/install/examples_rclpy_minimal_subscriber:/home/public/ros2ws/install/examples_rclpy_minimal_service:/home/public/ros2ws/install/examples_rclpy_minimal_publisher:/home/public/ros2ws/install/examples_rclpy_minimal_client:/home/public/ros2ws/install/examples_rclpy_minimal_action_server:/home/public/ros2ws/install/examples_rclpy_minimal_action_client:/home/public/ros2ws/install/examples_rclpy_guard_conditions:/home/public/ros2ws/install/examples_rclpy_executors:/home/public/ros2ws/install/controls_core:/opt/ros/lyrical DEBUGINFOD_URLS=https://debuginfod.ubuntu.com /usr/bin/cmake --build /home/public/ros2ws/build/examples_rclcpp_cbg_executor -- -j4 -l4
[13.281s] Invoking command in '/home/public/ros2ws/build/examples_rclcpp_cbg_executor': CMAKE_PREFIX_PATH=${CMAKE_PREFIX_PATH}:/home/public/ros2ws/install/opencv2_nodes:/home/public/ros2ws/install/launch_testing_examples:/home/public/ros2ws/install/hiwonder_board:/home/public/ros2ws/install/examples_rclpy_pointcloud_publisher:/home/public/ros2ws/install/examples_rclpy_minimal_subscriber:/home/public/ros2ws/install/examples_rclpy_minimal_service:/home/public/ros2ws/install/examples_rclpy_minimal_publisher:/home/public/ros2ws/install/examples_rclpy_minimal_client:/home/public/ros2ws/install/examples_rclpy_minimal_action_server:/home/public/ros2ws/install/examples_rclpy_minimal_action_client:/home/public/ros2ws/install/examples_rclpy_guard_conditions:/home/public/ros2ws/install/examples_rclpy_executors:/home/public/ros2ws/install/controls_core:/opt/ros/lyrical DEBUGINFOD_URLS=https://debuginfod.ubuntu.com /usr/bin/cmake --install /home/public/ros2ws/build/examples_rclcpp_cbg_executor
[13.481s] -- Install configuration: ""
[13.507s] -- Execute custom install script
[13.509s] -- Up-to-date symlink: /home/public/ros2ws/install/examples_rclcpp_cbg_executor/lib/examples_rclcpp_cbg_executor/ping
[13.529s] -- Up-to-date symlink: /home/public/ros2ws/install/examples_rclcpp_cbg_executor/lib/examples_rclcpp_cbg_executor/pong
[13.538s] -- Up-to-date symlink: /home/public/ros2ws/install/examples_rclcpp_cbg_executor/lib/examples_rclcpp_cbg_executor/ping_pong
[13.560s] -- Up-to-date symlink: /home/public/ros2ws/install/examples_rclcpp_cbg_executor/include/examples_rclcpp_cbg_executor/ping_node.hpp
[13.588s] -- Up-to-date symlink: /home/public/ros2ws/install/examples_rclcpp_cbg_executor/include/examples_rclcpp_cbg_executor/pong_node.hpp
[13.608s] -- Up-to-date symlink: /home/public/ros2ws/install/examples_rclcpp_cbg_executor/share/ament_index/resource_index/package_run_dependencies/examples_rclcpp_cbg_executor
[13.614s] -- Up-to-date symlink: /home/public/ros2ws/install/examples_rclcpp_cbg_executor/share/ament_index/resource_index/parent_prefix_path/examples_rclcpp_cbg_executor
[13.614s] -- Up-to-date symlink: /home/public/ros2ws/install/examples_rclcpp_cbg_executor/share/examples_rclcpp_cbg_executor/environment/ament_prefix_path.sh
[13.632s] -- Up-to-date symlink: /home/public/ros2ws/install/examples_rclcpp_cbg_executor/share/examples_rclcpp_cbg_executor/environment/ament_prefix_path.dsv
[13.643s] -- Up-to-date symlink: /home/public/ros2ws/install/examples_rclcpp_cbg_executor/share/examples_rclcpp_cbg_executor/environment/path.sh
[13.644s] -- Up-to-date symlink: /home/public/ros2ws/install/examples_rclcpp_cbg_executor/share/examples_rclcpp_cbg_executor/environment/path.dsv
[13.658s] -- Up-to-date symlink: /home/public/ros2ws/install/examples_rclcpp_cbg_executor/share/examples_rclcpp_cbg_executor/local_setup.bash
[13.667s] -- Up-to-date symlink: /home/public/ros2ws/install/examples_rclcpp_cbg_executor/share/examples_rclcpp_cbg_executor/local_setup.fish
[13.681s] -- Up-to-date symlink: /home/public/ros2ws/install/examples_rclcpp_cbg_executor/share/examples_rclcpp_cbg_executor/local_setup.sh
[13.696s] -- Up-to-date symlink: /home/public/ros2ws/install/examples_rclcpp_cbg_executor/share/examples_rclcpp_cbg_executor/local_setup.zsh
[13.700s] -- Up-to-date symlink: /home/public/ros2ws/install/examples_rclcpp_cbg_executor/share/examples_rclcpp_cbg_executor/local_setup.dsv
[13.714s] -- Symlinking: /home/public/ros2ws/install/examples_rclcpp_cbg_executor/share/examples_rclcpp_cbg_executor/package.dsv
[14.009s] -- Up-to-date symlink: /home/public/ros2ws/install/examples_rclcpp_cbg_executor/share/ament_index/resource_index/packages/examples_rclcpp_cbg_executor
[14.046s] -- Up-to-date symlink: /home/public/ros2ws/install/examples_rclcpp_cbg_executor/share/examples_rclcpp_cbg_executor/cmake/ament_cmake_export_dependencies-extras.cmake
[14.050s] -- Up-to-date symlink: /home/public/ros2ws/install/examples_rclcpp_cbg_executor/share/examples_rclcpp_cbg_executor/cmake/examples_rclcpp_cbg_executorConfig.cmake
[14.072s] -- Up-to-date symlink: /home/public/ros2ws/install/examples_rclcpp_cbg_executor/share/examples_rclcpp_cbg_executor/cmake/examples_rclcpp_cbg_executorConfig-version.cmake
[14.115s] -- Up-to-date symlink: /home/public/ros2ws/install/examples_rclcpp_cbg_executor/share/examples_rclcpp_cbg_executor/package.xml
[14.168s] Invoked command in '/home/public/ros2ws/build/examples_rclcpp_cbg_executor' returned '0': CMAKE_PREFIX_PATH=${CMAKE_PREFIX_PATH}:/home/public/ros2ws/install/opencv2_nodes:/home/public/ros2ws/install/launch_testing_examples:/home/public/ros2ws/install/hiwonder_board:/home/public/ros2ws/install/examples_rclpy_pointcloud_publisher:/home/public/ros2ws/install/examples_rclpy_minimal_subscriber:/home/public/ros2ws/install/examples_rclpy_minimal_service:/home/public/ros2ws/install/examples_rclpy_minimal_publisher:/home/public/ros2ws/install/examples_rclpy_minimal_client:/home/public/ros2ws/install/examples_rclpy_minimal_action_server:/home/public/ros2ws/install/examples_rclpy_minimal_action_client:/home/public/ros2ws/install/examples_rclpy_guard_conditions:/home/public/ros2ws/install/examples_rclpy_executors:/home/public/ros2ws/install/controls_core:/opt/ros/lyrical DEBUGINFOD_URLS=https://debuginfod.ubuntu.com /usr/bin/cmake --install /home/public/ros2ws/build/examples_rclcpp_cbg_executor
