/home/public/ros2ws/src/opencv2_nodes/install/opencv2_nodes/lib/python3.14/site-packages/opencv2_nodes/bin_mask.py
/home/public/ros2ws/src/opencv2_nodes/install/opencv2_nodes/lib/python3.14/site-packages/opencv2_nodes/color_recog.py
/home/public/ros2ws/src/opencv2_nodes/install/opencv2_nodes/lib/python3.14/site-packages/opencv2_nodes/line_recog.py
/home/public/ros2ws/src/opencv2_nodes/install/opencv2_nodes/lib/python3.14/site-packages/opencv2_nodes/__init__.py
/home/public/ros2ws/src/opencv2_nodes/install/opencv2_nodes/lib/python3.14/site-packages/opencv2_nodes/green_bin_mask.py
/home/public/ros2ws/src/opencv2_nodes/install/opencv2_nodes/lib/python3.14/site-packages/opencv2_nodes/edge_recog.py
/home/public/ros2ws/src/opencv2_nodes/install/opencv2_nodes/lib/python3.14/site-packages/opencv2_nodes/image_publisher.py
/home/public/ros2ws/src/opencv2_nodes/install/opencv2_nodes/lib/python3.14/site-packages/opencv2_nodes/py.typed
/home/public/ros2ws/src/opencv2_nodes/install/opencv2_nodes/lib/python3.14/site-packages/opencv2_nodes/__pycache__/bin_mask.cpython-314.pyc
/home/public/ros2ws/src/opencv2_nodes/install/opencv2_nodes/lib/python3.14/site-packages/opencv2_nodes/__pycache__/color_recog.cpython-314.pyc
/home/public/ros2ws/src/opencv2_nodes/install/opencv2_nodes/lib/python3.14/site-packages/opencv2_nodes/__pycache__/line_recog.cpython-314.pyc
/home/public/ros2ws/src/opencv2_nodes/install/opencv2_nodes/lib/python3.14/site-packages/opencv2_nodes/__pycache__/__init__.cpython-314.pyc
/home/public/ros2ws/src/opencv2_nodes/install/opencv2_nodes/lib/python3.14/site-packages/opencv2_nodes/__pycache__/green_bin_mask.cpython-314.pyc
/home/public/ros2ws/src/opencv2_nodes/install/opencv2_nodes/lib/python3.14/site-packages/opencv2_nodes/__pycache__/edge_recog.cpython-314.pyc
/home/public/ros2ws/src/opencv2_nodes/install/opencv2_nodes/lib/python3.14/site-packages/opencv2_nodes/__pycache__/image_publisher.cpython-314.pyc
/home/public/ros2ws/src/opencv2_nodes/install/opencv2_nodes/share/ament_index/resource_index/packages/opencv2_nodes
/home/public/ros2ws/src/opencv2_nodes/install/opencv2_nodes/share/opencv2_nodes/package.xml
/home/public/ros2ws/src/opencv2_nodes/install/opencv2_nodes/lib/python3.14/site-packages/opencv2_nodes-0.0.0-py3.14.egg-info/entry_points.txt
/home/public/ros2ws/src/opencv2_nodes/install/opencv2_nodes/lib/python3.14/site-packages/opencv2_nodes-0.0.0-py3.14.egg-info/zip-safe
/home/public/ros2ws/src/opencv2_nodes/install/opencv2_nodes/lib/python3.14/site-packages/opencv2_nodes-0.0.0-py3.14.egg-info/top_level.txt
/home/public/ros2ws/src/opencv2_nodes/install/opencv2_nodes/lib/python3.14/site-packages/opencv2_nodes-0.0.0-py3.14.egg-info/PKG-INFO
/home/public/ros2ws/src/opencv2_nodes/install/opencv2_nodes/lib/python3.14/site-packages/opencv2_nodes-0.0.0-py3.14.egg-info/dependency_links.txt
/home/public/ros2ws/src/opencv2_nodes/install/opencv2_nodes/lib/python3.14/site-packages/opencv2_nodes-0.0.0-py3.14.egg-info/SOURCES.txt
/home/public/ros2ws/src/opencv2_nodes/install/opencv2_nodes/lib/python3.14/site-packages/opencv2_nodes-0.0.0-py3.14.egg-info/requires.txt
/home/public/ros2ws/src/opencv2_nodes/install/opencv2_nodes/lib/opencv2_nodes/bin_mask
/home/public/ros2ws/src/opencv2_nodes/install/opencv2_nodes/lib/opencv2_nodes/edge_recog
/home/public/ros2ws/src/opencv2_nodes/install/opencv2_nodes/lib/opencv2_nodes/image_publisher
