[4.287s] Invoking command in '/home/public/MSE112_MPi5_Hiwonder_ROS2/ros2ws/build/opencv2_nodes': DEBUGINFOD_URLS=https://debuginfod.ubuntu.com PYTHONPATH=/home/public/MSE112_MPi5_Hiwonder_ROS2/ros2ws/build/opencv2_nodes/prefix_override:/usr/lib/python3/dist-packages/colcon_core/task/python/colcon_distutils_commands:/home/public/MSE112_MPi5_Hiwonder_ROS2/ros2ws/install/opencv2_nodes/lib/python3.14/site-packages:${PYTHONPATH} /usr/bin/python3 -W ignore:setup.py install is deprecated -W ignore:easy_install command is deprecated setup.py develop --editable --build-directory /home/public/MSE112_MPi5_Hiwonder_ROS2/ros2ws/build/opencv2_nodes/build --no-deps symlink_data
[4.814s] running develop
[5.050s] running egg_info
[5.077s] writing opencv2_nodes.egg-info/PKG-INFO
[5.079s] writing dependency_links to opencv2_nodes.egg-info/dependency_links.txt
[5.079s] writing entry points to opencv2_nodes.egg-info/entry_points.txt
[5.079s] writing requirements to opencv2_nodes.egg-info/requires.txt
[5.080s] writing top-level names to opencv2_nodes.egg-info/top_level.txt
[5.132s] reading manifest file 'opencv2_nodes.egg-info/SOURCES.txt'
[5.134s] writing manifest file 'opencv2_nodes.egg-info/SOURCES.txt'
[5.161s] running build_ext
[5.161s] Creating /home/public/MSE112_MPi5_Hiwonder_ROS2/ros2ws/install/opencv2_nodes/lib/python3.14/site-packages/opencv2-nodes.egg-link (link to .)
[5.162s] Installing bin_mask script to /home/public/MSE112_MPi5_Hiwonder_ROS2/ros2ws/install/opencv2_nodes/lib/opencv2_nodes
[5.164s] Installing edge_recog script to /home/public/MSE112_MPi5_Hiwonder_ROS2/ros2ws/install/opencv2_nodes/lib/opencv2_nodes
[5.164s] Installing image_publisher script to /home/public/MSE112_MPi5_Hiwonder_ROS2/ros2ws/install/opencv2_nodes/lib/opencv2_nodes
[5.164s] Installing line_recog script to /home/public/MSE112_MPi5_Hiwonder_ROS2/ros2ws/install/opencv2_nodes/lib/opencv2_nodes
[5.165s] 
[5.165s] Installed /home/public/MSE112_MPi5_Hiwonder_ROS2/ros2ws/build/opencv2_nodes
[5.165s] running symlink_data
[5.439s] Invoked command in '/home/public/MSE112_MPi5_Hiwonder_ROS2/ros2ws/build/opencv2_nodes' returned '0': DEBUGINFOD_URLS=https://debuginfod.ubuntu.com PYTHONPATH=/home/public/MSE112_MPi5_Hiwonder_ROS2/ros2ws/build/opencv2_nodes/prefix_override:/usr/lib/python3/dist-packages/colcon_core/task/python/colcon_distutils_commands:/home/public/MSE112_MPi5_Hiwonder_ROS2/ros2ws/install/opencv2_nodes/lib/python3.14/site-packages:${PYTHONPATH} /usr/bin/python3 -W ignore:setup.py install is deprecated -W ignore:easy_install command is deprecated setup.py develop --editable --build-directory /home/public/MSE112_MPi5_Hiwonder_ROS2/ros2ws/build/opencv2_nodes/build --no-deps symlink_data
