[4.368s] Invoking command in '/home/public/ros2ws/build/opencv2_nodes': DEBUGINFOD_URLS=https://debuginfod.ubuntu.com PYTHONPATH=/home/public/ros2ws/build/opencv2_nodes/prefix_override:/usr/lib/python3/dist-packages/colcon_core/task/python/colcon_distutils_commands:/home/public/ros2ws/install/opencv2_nodes/lib/python3.14/site-packages:${PYTHONPATH} /usr/bin/python3 -W ignore:setup.py install is deprecated -W ignore:easy_install command is deprecated setup.py develop --editable --build-directory /home/public/ros2ws/build/opencv2_nodes/build --no-deps symlink_data
[4.877s] running develop
[5.110s] running egg_info
[5.136s] writing opencv2_nodes.egg-info/PKG-INFO
[5.137s] writing dependency_links to opencv2_nodes.egg-info/dependency_links.txt
[5.137s] writing entry points to opencv2_nodes.egg-info/entry_points.txt
[5.138s] writing requirements to opencv2_nodes.egg-info/requires.txt
[5.138s] writing top-level names to opencv2_nodes.egg-info/top_level.txt
[5.193s] reading manifest file 'opencv2_nodes.egg-info/SOURCES.txt'
[5.195s] writing manifest file 'opencv2_nodes.egg-info/SOURCES.txt'
[5.236s] running build_ext
[5.237s] Creating /home/public/ros2ws/install/opencv2_nodes/lib/python3.14/site-packages/opencv2-nodes.egg-link (link to .)
[5.240s] Installing bin_mask script to /home/public/ros2ws/install/opencv2_nodes/lib/opencv2_nodes
[5.241s] Installing edge_recog script to /home/public/ros2ws/install/opencv2_nodes/lib/opencv2_nodes
[5.242s] Installing image_publisher script to /home/public/ros2ws/install/opencv2_nodes/lib/opencv2_nodes
[5.243s] Installing line_recog script to /home/public/ros2ws/install/opencv2_nodes/lib/opencv2_nodes
[5.244s] 
[5.244s] Installed /home/public/ros2ws/build/opencv2_nodes
[5.244s] running symlink_data
[5.542s] Invoked command in '/home/public/ros2ws/build/opencv2_nodes' returned '0': DEBUGINFOD_URLS=https://debuginfod.ubuntu.com PYTHONPATH=/home/public/ros2ws/build/opencv2_nodes/prefix_override:/usr/lib/python3/dist-packages/colcon_core/task/python/colcon_distutils_commands:/home/public/ros2ws/install/opencv2_nodes/lib/python3.14/site-packages:${PYTHONPATH} /usr/bin/python3 -W ignore:setup.py install is deprecated -W ignore:easy_install command is deprecated setup.py develop --editable --build-directory /home/public/ros2ws/build/opencv2_nodes/build --no-deps symlink_data
