[0.027s] Invoking command in '/home/public/ros2ws/build/examples_rclcpp_minimal_subscriber': CMAKE_PREFIX_PATH=${CMAKE_PREFIX_PATH}:/home/public/ros2ws/install/opencv2_nodes:/home/public/ros2ws/install/launch_testing_examples:/home/public/ros2ws/install/hiwonder_board:/home/public/ros2ws/install/examples_rclpy_pointcloud_publisher:/home/public/ros2ws/install/examples_rclpy_minimal_subscriber:/home/public/ros2ws/install/examples_rclpy_minimal_service:/home/public/ros2ws/install/examples_rclpy_minimal_publisher:/home/public/ros2ws/install/examples_rclpy_minimal_client:/home/public/ros2ws/install/examples_rclpy_minimal_action_server:/home/public/ros2ws/install/examples_rclpy_minimal_action_client:/home/public/ros2ws/install/examples_rclpy_guard_conditions:/home/public/ros2ws/install/examples_rclpy_executors:/home/public/ros2ws/install/controls_core:/opt/ros/lyrical DEBUGINFOD_URLS=https://debuginfod.ubuntu.com /usr/bin/cmake /home/public/ros2ws/src/examples/rclcpp/topics/minimal_subscriber -DAMENT_CMAKE_SYMLINK_INSTALL=1 -DCMAKE_INSTALL_PREFIX=/home/public/ros2ws/install/examples_rclcpp_minimal_subscriber
[0.088s] -- Found ament_cmake: 2.8.7 (/opt/ros/lyrical/share/ament_cmake/cmake)
[1.533s] -- Override CMake install command with custom implementation using symlinks instead of copying resources
[2.140s] -- Found rclcpp: 32.0.0 (/opt/ros/lyrical/share/rclcpp/cmake)
[2.824s] -- Found rosidl_generator_c: 5.2.1 (/opt/ros/lyrical/share/rosidl_generator_c/cmake)
[2.829s] -- Found rosidl_generator_cpp: 5.2.1 (/opt/ros/lyrical/share/rosidl_generator_cpp/cmake)
[2.842s] -- Using all available rosidl_typesupport_c: rosidl_typesupport_fastrtps_c;rosidl_typesupport_introspection_c
[2.855s] -- Using all available rosidl_typesupport_cpp: rosidl_typesupport_fastrtps_cpp;rosidl_typesupport_introspection_cpp
[2.929s] -- Found rmw_implementation_cmake: 7.10.1 (/opt/ros/lyrical/share/rmw_implementation_cmake/cmake)
[2.932s] -- Found rmw_fastrtps_cpp: 9.4.8 (/opt/ros/lyrical/share/rmw_fastrtps_cpp/cmake)
[2.964s] -- Using RMW implementation 'rmw_fastrtps_cpp' as default
[3.044s] -- Found rclcpp_components: 32.0.0 (/opt/ros/lyrical/share/rclcpp_components/cmake)
[3.077s] -- Found std_msgs: 5.9.2 (/opt/ros/lyrical/share/std_msgs/cmake)
[3.385s] -- Found ament_lint_auto: 0.20.6 (/opt/ros/lyrical/share/ament_lint_auto/cmake)
[3.912s] -- Added test 'copyright' to check source files copyright and LICENSE
[3.912s] -- Added test 'cppcheck' to perform static code analysis on C / C++ code
[3.915s] -- Configured cppcheck include dirs: 
[3.915s] -- Configured cppcheck exclude dirs and/or files: 
[3.915s] -- Added test 'cpplint' to check C / C++ code against the Google style
[3.915s] -- Configured cpplint exclude dirs and/or files: 
[3.916s] -- Added test 'lint_cmake' to check CMake code style
[3.917s] -- Added test 'uncrustify' to check C / C++ code style
[3.917s] -- Configured uncrustify additional arguments: 
[3.920s] -- Added test 'xmllint' to check XML markup files
[3.927s] -- Configuring done (3.9s)
[4.398s] -- Generating done (0.5s)
[4.509s] -- Build files have been written to: /home/public/ros2ws/build/examples_rclcpp_minimal_subscriber
[4.531s] Invoked command in '/home/public/ros2ws/build/examples_rclcpp_minimal_subscriber' returned '0': CMAKE_PREFIX_PATH=${CMAKE_PREFIX_PATH}:/home/public/ros2ws/install/opencv2_nodes:/home/public/ros2ws/install/launch_testing_examples:/home/public/ros2ws/install/hiwonder_board:/home/public/ros2ws/install/examples_rclpy_pointcloud_publisher:/home/public/ros2ws/install/examples_rclpy_minimal_subscriber:/home/public/ros2ws/install/examples_rclpy_minimal_service:/home/public/ros2ws/install/examples_rclpy_minimal_publisher:/home/public/ros2ws/install/examples_rclpy_minimal_client:/home/public/ros2ws/install/examples_rclpy_minimal_action_server:/home/public/ros2ws/install/examples_rclpy_minimal_action_client:/home/public/ros2ws/install/examples_rclpy_guard_conditions:/home/public/ros2ws/install/examples_rclpy_executors:/home/public/ros2ws/install/controls_core:/opt/ros/lyrical DEBUGINFOD_URLS=https://debuginfod.ubuntu.com /usr/bin/cmake /home/public/ros2ws/src/examples/rclcpp/topics/minimal_subscriber -DAMENT_CMAKE_SYMLINK_INSTALL=1 -DCMAKE_INSTALL_PREFIX=/home/public/ros2ws/install/examples_rclcpp_minimal_subscriber
[4.533s] Invoking command in '/home/public/ros2ws/build/examples_rclcpp_minimal_subscriber': CMAKE_PREFIX_PATH=${CMAKE_PREFIX_PATH}:/home/public/ros2ws/install/opencv2_nodes:/home/public/ros2ws/install/launch_testing_examples:/home/public/ros2ws/install/hiwonder_board:/home/public/ros2ws/install/examples_rclpy_pointcloud_publisher:/home/public/ros2ws/install/examples_rclpy_minimal_subscriber:/home/public/ros2ws/install/examples_rclpy_minimal_service:/home/public/ros2ws/install/examples_rclpy_minimal_publisher:/home/public/ros2ws/install/examples_rclpy_minimal_client:/home/public/ros2ws/install/examples_rclpy_minimal_action_server:/home/public/ros2ws/install/examples_rclpy_minimal_action_client:/home/public/ros2ws/install/examples_rclpy_guard_conditions:/home/public/ros2ws/install/examples_rclpy_executors:/home/public/ros2ws/install/controls_core:/opt/ros/lyrical DEBUGINFOD_URLS=https://debuginfod.ubuntu.com /usr/bin/cmake --build /home/public/ros2ws/build/examples_rclcpp_minimal_subscriber -- -j4 -l4
[4.597s] -- Found ament_cmake: 2.8.7 (/opt/ros/lyrical/share/ament_cmake/cmake)
[5.302s] -- Override CMake install command with custom implementation using symlinks instead of copying resources
[5.315s] -- Found rclcpp: 32.0.0 (/opt/ros/lyrical/share/rclcpp/cmake)
[5.349s] -- Found rosidl_generator_c: 5.2.1 (/opt/ros/lyrical/share/rosidl_generator_c/cmake)
[5.358s] -- Found rosidl_generator_cpp: 5.2.1 (/opt/ros/lyrical/share/rosidl_generator_cpp/cmake)
[5.391s] -- Using all available rosidl_typesupport_c: rosidl_typesupport_fastrtps_c;rosidl_typesupport_introspection_c
[5.419s] -- Using all available rosidl_typesupport_cpp: rosidl_typesupport_fastrtps_cpp;rosidl_typesupport_introspection_cpp
[5.564s] -- Found rmw_implementation_cmake: 7.10.1 (/opt/ros/lyrical/share/rmw_implementation_cmake/cmake)
[5.569s] -- Found rmw_fastrtps_cpp: 9.4.8 (/opt/ros/lyrical/share/rmw_fastrtps_cpp/cmake)
[5.643s] -- Using RMW implementation 'rmw_fastrtps_cpp' as default
[5.815s] -- Found rclcpp_components: 32.0.0 (/opt/ros/lyrical/share/rclcpp_components/cmake)
[5.858s] -- Found std_msgs: 5.9.2 (/opt/ros/lyrical/share/std_msgs/cmake)
[5.885s] -- Found ament_lint_auto: 0.20.6 (/opt/ros/lyrical/share/ament_lint_auto/cmake)
[6.233s] -- Added test 'copyright' to check source files copyright and LICENSE
[6.233s] -- Added test 'cppcheck' to perform static code analysis on C / C++ code
[6.234s] -- Configured cppcheck include dirs: 
[6.234s] -- Configured cppcheck exclude dirs and/or files: 
[6.234s] -- Added test 'cpplint' to check C / C++ code against the Google style
[6.234s] -- Configured cpplint exclude dirs and/or files: 
[6.237s] -- Added test 'lint_cmake' to check CMake code style
[6.237s] -- Added test 'uncrustify' to check C / C++ code style
[6.237s] -- Configured uncrustify additional arguments: 
[6.238s] -- Added test 'xmllint' to check XML markup files
[6.239s] -- Configuring done (1.7s)
[6.433s] -- Generating done (0.2s)
[6.574s] -- Build files have been written to: /home/public/ros2ws/build/examples_rclcpp_minimal_subscriber
[6.624s] gmake[2]: Warning: File 'CMakeFiles/subscriber_lambda.dir/build.make' has modification time 7874622 s in the future
[6.624s] gmake[2]: Warning: File 'CMakeFiles/subscriber_member_function.dir/build.make' has modification time 7874622 s in the future
[6.669s] gmake[2]: warning:  Clock skew detected.  Your build may be incomplete.
[6.673s] gmake[2]: Warning: File 'CMakeFiles/subscriber_member_function_with_type_adapter.dir/build.make' has modification time 7874622 s in the future
[6.677s] gmake[2]: warning:  Clock skew detected.  Your build may be incomplete.
[6.685s] gmake[2]: Warning: File 'CMakeFiles/subscriber_member_function.dir/build.make' has modification time 7874622 s in the future
[6.685s] gmake[2]: Warning: File 'CMakeFiles/subscriber_lambda.dir/build.make' has modification time 7874622 s in the future
[6.685s] gmake[2]: warning:  Clock skew detected.  Your build may be incomplete.
[6.692s] gmake[2]: warning:  Clock skew detected.  Your build may be incomplete.
[6.721s] [ 12%] Built target subscriber_lambda
[6.722s] [ 16%] Built target subscriber_member_function
[6.728s] gmake[2]: Warning: File 'CMakeFiles/subscriber_member_function_with_unique_network_flow_endpoints.dir/build.make' has modification time 7874622 s in the future
[6.732s] gmake[2]: warning:  Clock skew detected.  Your build may be incomplete.
[6.743s] gmake[2]: Warning: File 'CMakeFiles/subscriber_member_function_with_type_adapter.dir/build.make' has modification time 7874622 s in the future
[6.745s] gmake[2]: warning:  Clock skew detected.  Your build may be incomplete.
[6.764s] gmake[2]: warning:  Clock skew detected.  Your build may be incomplete.
[6.773s] [ 25%] Built target subscriber_member_function_with_type_adapter
[6.774s] gmake[2]: Warning: File 'CMakeFiles/subscriber_member_function_with_unique_network_flow_endpoints.dir/build.make' has modification time 7874622 s in the future
[6.776s] gmake[2]: warning:  Clock skew detected.  Your build may be incomplete.
[6.782s] gmake[2]: Warning: File 'CMakeFiles/subscriber_not_composable.dir/build.make' has modification time 7874622 s in the future
[6.787s] gmake[2]: Warning: File 'CMakeFiles/subscriber_member_function_with_topic_statistics.dir/build.make' has modification time 7874622 s in the future
[6.797s] [ 33%] Built target subscriber_member_function_with_unique_network_flow_endpoints
[6.826s] gmake[2]: warning:  Clock skew detected.  Your build may be incomplete.
[6.833s] gmake[2]: Warning: File 'CMakeFiles/subscriber_not_composable.dir/build.make' has modification time 7874622 s in the future
[6.836s] gmake[2]: warning:  Clock skew detected.  Your build may be incomplete.
[6.836s] gmake[2]: warning:  Clock skew detected.  Your build may be incomplete.
[6.846s] gmake[2]: Warning: File 'CMakeFiles/subscriber_member_function_with_topic_statistics.dir/build.make' has modification time 7874621 s in the future
[6.848s] gmake[2]: warning:  Clock skew detected.  Your build may be incomplete.
[6.856s] [ 41%] Built target subscriber_not_composable
[6.872s] [ 50%] Built target subscriber_member_function_with_topic_statistics
[6.877s] gmake[2]: Warning: File 'CMakeFiles/wait_set_subscriber_library.dir/build.make' has modification time 7874622 s in the future
[6.877s] gmake[2]: Warning: File 'CMakeFiles/subscriber_content_filtering.dir/build.make' has modification time 7874622 s in the future
[6.911s] gmake[2]: warning:  Clock skew detected.  Your build may be incomplete.
[6.923s] gmake[2]: Warning: File 'CMakeFiles/subscriber_content_filtering.dir/build.make' has modification time 7874621 s in the future
[6.923s] gmake[2]: warning:  Clock skew detected.  Your build may be incomplete.
[6.925s] gmake[2]: warning:  Clock skew detected.  Your build may be incomplete.
[6.932s] gmake[2]: Warning: File 'CMakeFiles/wait_set_subscriber_library.dir/build.make' has modification time 7874621 s in the future
[6.936s] gmake[2]: warning:  Clock skew detected.  Your build may be incomplete.
[6.947s] [ 58%] Built target subscriber_content_filtering
[6.958s] [ 75%] Built target wait_set_subscriber_library
[6.962s] gmake[2]: Warning: File 'CMakeFiles/wait_set_subscriber.dir/build.make' has modification time 7874621 s in the future
[6.992s] gmake[2]: warning:  Clock skew detected.  Your build may be incomplete.
[6.998s] gmake[2]: Warning: File 'CMakeFiles/wait_set_subscriber.dir/build.make' has modification time 7874621 s in the future
[7.001s] gmake[2]: warning:  Clock skew detected.  Your build may be incomplete.
[7.018s] [ 83%] Built target wait_set_subscriber
[7.022s] gmake[2]: Warning: File 'CMakeFiles/time_triggered_wait_set_subscriber.dir/build.make' has modification time 7874621 s in the future
[7.057s] gmake[2]: warning:  Clock skew detected.  Your build may be incomplete.
[7.069s] gmake[2]: Warning: File 'CMakeFiles/time_triggered_wait_set_subscriber.dir/build.make' has modification time 7874621 s in the future
[7.075s] gmake[2]: warning:  Clock skew detected.  Your build may be incomplete.
[7.103s] [ 91%] Built target time_triggered_wait_set_subscriber
[7.110s] gmake[2]: Warning: File 'CMakeFiles/static_wait_set_subscriber.dir/build.make' has modification time 7874621 s in the future
[7.143s] gmake[2]: warning:  Clock skew detected.  Your build may be incomplete.
[7.149s] gmake[2]: Warning: File 'CMakeFiles/static_wait_set_subscriber.dir/build.make' has modification time 7874621 s in the future
[7.152s] gmake[2]: warning:  Clock skew detected.  Your build may be incomplete.
[7.172s] [100%] Built target static_wait_set_subscriber
[7.861s] Invoked command in '/home/public/ros2ws/build/examples_rclcpp_minimal_subscriber' returned '0': CMAKE_PREFIX_PATH=${CMAKE_PREFIX_PATH}:/home/public/ros2ws/install/opencv2_nodes:/home/public/ros2ws/install/launch_testing_examples:/home/public/ros2ws/install/hiwonder_board:/home/public/ros2ws/install/examples_rclpy_pointcloud_publisher:/home/public/ros2ws/install/examples_rclpy_minimal_subscriber:/home/public/ros2ws/install/examples_rclpy_minimal_service:/home/public/ros2ws/install/examples_rclpy_minimal_publisher:/home/public/ros2ws/install/examples_rclpy_minimal_client:/home/public/ros2ws/install/examples_rclpy_minimal_action_server:/home/public/ros2ws/install/examples_rclpy_minimal_action_client:/home/public/ros2ws/install/examples_rclpy_guard_conditions:/home/public/ros2ws/install/examples_rclpy_executors:/home/public/ros2ws/install/controls_core:/opt/ros/lyrical DEBUGINFOD_URLS=https://debuginfod.ubuntu.com /usr/bin/cmake --build /home/public/ros2ws/build/examples_rclcpp_minimal_subscriber -- -j4 -l4
[7.863s] Invoking command in '/home/public/ros2ws/build/examples_rclcpp_minimal_subscriber': CMAKE_PREFIX_PATH=${CMAKE_PREFIX_PATH}:/home/public/ros2ws/install/opencv2_nodes:/home/public/ros2ws/install/launch_testing_examples:/home/public/ros2ws/install/hiwonder_board:/home/public/ros2ws/install/examples_rclpy_pointcloud_publisher:/home/public/ros2ws/install/examples_rclpy_minimal_subscriber:/home/public/ros2ws/install/examples_rclpy_minimal_service:/home/public/ros2ws/install/examples_rclpy_minimal_publisher:/home/public/ros2ws/install/examples_rclpy_minimal_client:/home/public/ros2ws/install/examples_rclpy_minimal_action_server:/home/public/ros2ws/install/examples_rclpy_minimal_action_client:/home/public/ros2ws/install/examples_rclpy_guard_conditions:/home/public/ros2ws/install/examples_rclpy_executors:/home/public/ros2ws/install/controls_core:/opt/ros/lyrical DEBUGINFOD_URLS=https://debuginfod.ubuntu.com /usr/bin/cmake --install /home/public/ros2ws/build/examples_rclcpp_minimal_subscriber
[7.879s] -- Install configuration: ""
[7.879s] -- Execute custom install script
[7.880s] -- Symlinking: /home/public/ros2ws/install/examples_rclcpp_minimal_subscriber/lib/examples_rclcpp_minimal_subscriber/wait_set_subscriber
[7.903s] -- Symlinking: /home/public/ros2ws/install/examples_rclcpp_minimal_subscriber/lib/examples_rclcpp_minimal_subscriber/static_wait_set_subscriber
[7.924s] -- Symlinking: /home/public/ros2ws/install/examples_rclcpp_minimal_subscriber/lib/examples_rclcpp_minimal_subscriber/time_triggered_wait_set_subscriber
[7.945s] -- Symlinking: /home/public/ros2ws/install/examples_rclcpp_minimal_subscriber/lib/libwait_set_subscriber_library.so
[7.967s] -- Symlinking: /home/public/ros2ws/install/examples_rclcpp_minimal_subscriber/lib/examples_rclcpp_minimal_subscriber/subscriber_lambda
[7.989s] -- Symlinking: /home/public/ros2ws/install/examples_rclcpp_minimal_subscriber/lib/examples_rclcpp_minimal_subscriber/subscriber_member_function
[8.013s] -- Symlinking: /home/public/ros2ws/install/examples_rclcpp_minimal_subscriber/lib/examples_rclcpp_minimal_subscriber/subscriber_member_function_with_topic_statistics
[8.034s] -- Symlinking: /home/public/ros2ws/install/examples_rclcpp_minimal_subscriber/lib/examples_rclcpp_minimal_subscriber/subscriber_member_function_with_type_adapter
[8.056s] -- Symlinking: /home/public/ros2ws/install/examples_rclcpp_minimal_subscriber/lib/examples_rclcpp_minimal_subscriber/subscriber_member_function_with_unique_network_flow_endpoints
[8.076s] -- Symlinking: /home/public/ros2ws/install/examples_rclcpp_minimal_subscriber/lib/examples_rclcpp_minimal_subscriber/subscriber_not_composable
[8.099s] -- Symlinking: /home/public/ros2ws/install/examples_rclcpp_minimal_subscriber/lib/examples_rclcpp_minimal_subscriber/subscriber_content_filtering
[8.122s] -- Symlinking: /home/public/ros2ws/install/examples_rclcpp_minimal_subscriber/share/ament_index/resource_index/package_run_dependencies/examples_rclcpp_minimal_subscriber
[8.145s] -- Symlinking: /home/public/ros2ws/install/examples_rclcpp_minimal_subscriber/share/ament_index/resource_index/parent_prefix_path/examples_rclcpp_minimal_subscriber
[8.165s] -- Symlinking: /home/public/ros2ws/install/examples_rclcpp_minimal_subscriber/share/examples_rclcpp_minimal_subscriber/environment/ament_prefix_path.sh
[8.188s] -- Symlinking: /home/public/ros2ws/install/examples_rclcpp_minimal_subscriber/share/examples_rclcpp_minimal_subscriber/environment/ament_prefix_path.dsv
[8.211s] -- Symlinking: /home/public/ros2ws/install/examples_rclcpp_minimal_subscriber/share/examples_rclcpp_minimal_subscriber/environment/path.sh
[8.233s] -- Symlinking: /home/public/ros2ws/install/examples_rclcpp_minimal_subscriber/share/examples_rclcpp_minimal_subscriber/environment/path.dsv
[8.259s] -- Symlinking: /home/public/ros2ws/install/examples_rclcpp_minimal_subscriber/share/examples_rclcpp_minimal_subscriber/local_setup.bash
[8.281s] -- Symlinking: /home/public/ros2ws/install/examples_rclcpp_minimal_subscriber/share/examples_rclcpp_minimal_subscriber/local_setup.fish
[8.303s] -- Symlinking: /home/public/ros2ws/install/examples_rclcpp_minimal_subscriber/share/examples_rclcpp_minimal_subscriber/local_setup.sh
[8.321s] -- Symlinking: /home/public/ros2ws/install/examples_rclcpp_minimal_subscriber/share/examples_rclcpp_minimal_subscriber/local_setup.zsh
[8.339s] -- Symlinking: /home/public/ros2ws/install/examples_rclcpp_minimal_subscriber/share/examples_rclcpp_minimal_subscriber/local_setup.dsv
[8.357s] -- Symlinking: /home/public/ros2ws/install/examples_rclcpp_minimal_subscriber/share/examples_rclcpp_minimal_subscriber/package.dsv
[8.375s] -- Symlinking: /home/public/ros2ws/install/examples_rclcpp_minimal_subscriber/share/ament_index/resource_index/packages/examples_rclcpp_minimal_subscriber
[8.394s] -- Symlinking: /home/public/ros2ws/install/examples_rclcpp_minimal_subscriber/share/ament_index/resource_index/rclcpp_components/examples_rclcpp_minimal_subscriber
[8.414s] -- Symlinking: /home/public/ros2ws/install/examples_rclcpp_minimal_subscriber/share/examples_rclcpp_minimal_subscriber/cmake/examples_rclcpp_minimal_subscriberConfig.cmake
[8.434s] -- Symlinking: /home/public/ros2ws/install/examples_rclcpp_minimal_subscriber/share/examples_rclcpp_minimal_subscriber/cmake/examples_rclcpp_minimal_subscriberConfig-version.cmake
[8.452s] -- Symlinking: /home/public/ros2ws/install/examples_rclcpp_minimal_subscriber/share/examples_rclcpp_minimal_subscriber/package.xml
[8.473s] Invoked command in '/home/public/ros2ws/build/examples_rclcpp_minimal_subscriber' returned '0': CMAKE_PREFIX_PATH=${CMAKE_PREFIX_PATH}:/home/public/ros2ws/install/opencv2_nodes:/home/public/ros2ws/install/launch_testing_examples:/home/public/ros2ws/install/hiwonder_board:/home/public/ros2ws/install/examples_rclpy_pointcloud_publisher:/home/public/ros2ws/install/examples_rclpy_minimal_subscriber:/home/public/ros2ws/install/examples_rclpy_minimal_service:/home/public/ros2ws/install/examples_rclpy_minimal_publisher:/home/public/ros2ws/install/examples_rclpy_minimal_client:/home/public/ros2ws/install/examples_rclpy_minimal_action_server:/home/public/ros2ws/install/examples_rclpy_minimal_action_client:/home/public/ros2ws/install/examples_rclpy_guard_conditions:/home/public/ros2ws/install/examples_rclpy_executors:/home/public/ros2ws/install/controls_core:/opt/ros/lyrical DEBUGINFOD_URLS=https://debuginfod.ubuntu.com /usr/bin/cmake --install /home/public/ros2ws/build/examples_rclcpp_minimal_subscriber
