[3.613s] Invoking command in '/home/public/ros2ws/build/examples_rclcpp_async_client': CMAKE_PREFIX_PATH=${CMAKE_PREFIX_PATH}:/home/public/ros2ws/install/opencv2_nodes:/home/public/ros2ws/install/launch_testing_examples:/home/public/ros2ws/install/hiwonder_board:/home/public/ros2ws/install/examples_rclpy_pointcloud_publisher:/home/public/ros2ws/install/examples_rclpy_minimal_subscriber:/home/public/ros2ws/install/examples_rclpy_minimal_service:/home/public/ros2ws/install/examples_rclpy_minimal_publisher:/home/public/ros2ws/install/examples_rclpy_minimal_client:/home/public/ros2ws/install/examples_rclpy_minimal_action_server:/home/public/ros2ws/install/examples_rclpy_minimal_action_client:/home/public/ros2ws/install/examples_rclpy_guard_conditions:/home/public/ros2ws/install/examples_rclpy_executors:/home/public/ros2ws/install/controls_core:/opt/ros/lyrical DEBUGINFOD_URLS=https://debuginfod.ubuntu.com /usr/bin/cmake --build /home/public/ros2ws/build/examples_rclcpp_async_client -- -j4 -l4
[3.735s] gmake: Warning: File 'Makefile' has modification time 1053 s in the future
[4.222s] -- Found ament_cmake: 2.8.7 (/opt/ros/lyrical/share/ament_cmake/cmake)
[6.365s] -- Override CMake install command with custom implementation using symlinks instead of copying resources
[6.419s] -- Found example_interfaces: 0.14.1 (/opt/ros/lyrical/share/example_interfaces/cmake)
[6.667s] -- Found rosidl_generator_c: 5.2.1 (/opt/ros/lyrical/share/rosidl_generator_c/cmake)
[6.736s] -- Found rosidl_generator_cpp: 5.2.1 (/opt/ros/lyrical/share/rosidl_generator_cpp/cmake)
[6.862s] -- Using all available rosidl_typesupport_c: rosidl_typesupport_fastrtps_c;rosidl_typesupport_introspection_c
[6.954s] -- Using all available rosidl_typesupport_cpp: rosidl_typesupport_fastrtps_cpp;rosidl_typesupport_introspection_cpp
[8.399s] -- Found rclcpp: 32.0.0 (/opt/ros/lyrical/share/rclcpp/cmake)
[8.826s] -- Found rmw_implementation_cmake: 7.10.1 (/opt/ros/lyrical/share/rmw_implementation_cmake/cmake)
[8.841s] -- Found rmw_fastrtps_cpp: 9.4.8 (/opt/ros/lyrical/share/rmw_fastrtps_cpp/cmake)
[9.221s] -- Using RMW implementation 'rmw_fastrtps_cpp' as default
[9.635s] -- Found ament_lint_auto: 0.20.6 (/opt/ros/lyrical/share/ament_lint_auto/cmake)
[10.562s] -- Added test 'copyright' to check source files copyright and LICENSE
[10.573s] -- Added test 'cppcheck' to perform static code analysis on C / C++ code
[10.577s] -- Configured cppcheck include dirs: 
[10.577s] -- Configured cppcheck exclude dirs and/or files: 
[10.589s] -- Added test 'cpplint' to check C / C++ code against the Google style
[10.590s] -- Configured cpplint exclude dirs and/or files: 
[10.605s] -- Added test 'lint_cmake' to check CMake code style
[10.617s] -- Added test 'uncrustify' to check C / C++ code style
[10.617s] -- Configured uncrustify additional arguments: 
[10.625s] -- Added test 'xmllint' to check XML markup files
[10.673s] -- Configuring done (6.8s)
[11.044s] -- Generating done (0.4s)
[11.602s] -- Build files have been written to: /home/public/ros2ws/build/examples_rclcpp_async_client
[11.840s] gmake[2]: Warning: File 'CMakeFiles/client_main.dir/build.make' has modification time 7875551 s in the future
[11.943s] gmake[2]: warning:  Clock skew detected.  Your build may be incomplete.
[11.974s] gmake[2]: Warning: File 'CMakeFiles/client_main.dir/build.make' has modification time 7875551 s in the future
[12.244s] gmake[2]: warning:  Clock skew detected.  Your build may be incomplete.
[12.360s] [100%] Built target client_main
[12.450s] gmake: warning:  Clock skew detected.  Your build may be incomplete.
[12.471s] Invoked command in '/home/public/ros2ws/build/examples_rclcpp_async_client' returned '0': CMAKE_PREFIX_PATH=${CMAKE_PREFIX_PATH}:/home/public/ros2ws/install/opencv2_nodes:/home/public/ros2ws/install/launch_testing_examples:/home/public/ros2ws/install/hiwonder_board:/home/public/ros2ws/install/examples_rclpy_pointcloud_publisher:/home/public/ros2ws/install/examples_rclpy_minimal_subscriber:/home/public/ros2ws/install/examples_rclpy_minimal_service:/home/public/ros2ws/install/examples_rclpy_minimal_publisher:/home/public/ros2ws/install/examples_rclpy_minimal_client:/home/public/ros2ws/install/examples_rclpy_minimal_action_server:/home/public/ros2ws/install/examples_rclpy_minimal_action_client:/home/public/ros2ws/install/examples_rclpy_guard_conditions:/home/public/ros2ws/install/examples_rclpy_executors:/home/public/ros2ws/install/controls_core:/opt/ros/lyrical DEBUGINFOD_URLS=https://debuginfod.ubuntu.com /usr/bin/cmake --build /home/public/ros2ws/build/examples_rclcpp_async_client -- -j4 -l4
[12.556s] Invoking command in '/home/public/ros2ws/build/examples_rclcpp_async_client': CMAKE_PREFIX_PATH=${CMAKE_PREFIX_PATH}:/home/public/ros2ws/install/opencv2_nodes:/home/public/ros2ws/install/launch_testing_examples:/home/public/ros2ws/install/hiwonder_board:/home/public/ros2ws/install/examples_rclpy_pointcloud_publisher:/home/public/ros2ws/install/examples_rclpy_minimal_subscriber:/home/public/ros2ws/install/examples_rclpy_minimal_service:/home/public/ros2ws/install/examples_rclpy_minimal_publisher:/home/public/ros2ws/install/examples_rclpy_minimal_client:/home/public/ros2ws/install/examples_rclpy_minimal_action_server:/home/public/ros2ws/install/examples_rclpy_minimal_action_client:/home/public/ros2ws/install/examples_rclpy_guard_conditions:/home/public/ros2ws/install/examples_rclpy_executors:/home/public/ros2ws/install/controls_core:/opt/ros/lyrical DEBUGINFOD_URLS=https://debuginfod.ubuntu.com /usr/bin/cmake --install /home/public/ros2ws/build/examples_rclcpp_async_client
[12.594s] -- Install configuration: ""
[12.602s] -- Execute custom install script
[12.610s] -- Up-to-date symlink: /home/public/ros2ws/install/examples_rclcpp_async_client/lib/examples_rclcpp_async_client/client_main
[12.610s] -- Up-to-date symlink: /home/public/ros2ws/install/examples_rclcpp_async_client/share/ament_index/resource_index/package_run_dependencies/examples_rclcpp_async_client
[12.615s] -- Up-to-date symlink: /home/public/ros2ws/install/examples_rclcpp_async_client/share/ament_index/resource_index/parent_prefix_path/examples_rclcpp_async_client
[12.619s] -- Up-to-date symlink: /home/public/ros2ws/install/examples_rclcpp_async_client/share/examples_rclcpp_async_client/environment/ament_prefix_path.sh
[12.620s] -- Up-to-date symlink: /home/public/ros2ws/install/examples_rclcpp_async_client/share/examples_rclcpp_async_client/environment/ament_prefix_path.dsv
[12.629s] -- Up-to-date symlink: /home/public/ros2ws/install/examples_rclcpp_async_client/share/examples_rclcpp_async_client/environment/path.sh
[12.629s] -- Up-to-date symlink: /home/public/ros2ws/install/examples_rclcpp_async_client/share/examples_rclcpp_async_client/environment/path.dsv
[12.629s] -- Up-to-date symlink: /home/public/ros2ws/install/examples_rclcpp_async_client/share/examples_rclcpp_async_client/local_setup.bash
[12.632s] -- Up-to-date symlink: /home/public/ros2ws/install/examples_rclcpp_async_client/share/examples_rclcpp_async_client/local_setup.fish
[12.647s] -- Up-to-date symlink: /home/public/ros2ws/install/examples_rclcpp_async_client/share/examples_rclcpp_async_client/local_setup.sh
[12.649s] -- Up-to-date symlink: /home/public/ros2ws/install/examples_rclcpp_async_client/share/examples_rclcpp_async_client/local_setup.zsh
[12.651s] -- Up-to-date symlink: /home/public/ros2ws/install/examples_rclcpp_async_client/share/examples_rclcpp_async_client/local_setup.dsv
[12.654s] -- Symlinking: /home/public/ros2ws/install/examples_rclcpp_async_client/share/examples_rclcpp_async_client/package.dsv
[12.781s] -- Up-to-date symlink: /home/public/ros2ws/install/examples_rclcpp_async_client/share/ament_index/resource_index/packages/examples_rclcpp_async_client
[12.785s] -- Up-to-date symlink: /home/public/ros2ws/install/examples_rclcpp_async_client/share/examples_rclcpp_async_client/cmake/examples_rclcpp_async_clientConfig.cmake
[12.792s] -- Up-to-date symlink: /home/public/ros2ws/install/examples_rclcpp_async_client/share/examples_rclcpp_async_client/cmake/examples_rclcpp_async_clientConfig-version.cmake
[12.792s] -- Up-to-date symlink: /home/public/ros2ws/install/examples_rclcpp_async_client/share/examples_rclcpp_async_client/package.xml
[12.810s] Invoked command in '/home/public/ros2ws/build/examples_rclcpp_async_client' returned '0': CMAKE_PREFIX_PATH=${CMAKE_PREFIX_PATH}:/home/public/ros2ws/install/opencv2_nodes:/home/public/ros2ws/install/launch_testing_examples:/home/public/ros2ws/install/hiwonder_board:/home/public/ros2ws/install/examples_rclpy_pointcloud_publisher:/home/public/ros2ws/install/examples_rclpy_minimal_subscriber:/home/public/ros2ws/install/examples_rclpy_minimal_service:/home/public/ros2ws/install/examples_rclpy_minimal_publisher:/home/public/ros2ws/install/examples_rclpy_minimal_client:/home/public/ros2ws/install/examples_rclpy_minimal_action_server:/home/public/ros2ws/install/examples_rclpy_minimal_action_client:/home/public/ros2ws/install/examples_rclpy_guard_conditions:/home/public/ros2ws/install/examples_rclpy_executors:/home/public/ros2ws/install/controls_core:/opt/ros/lyrical DEBUGINFOD_URLS=https://debuginfod.ubuntu.com /usr/bin/cmake --install /home/public/ros2ws/build/examples_rclcpp_async_client
