[1.680s] Invoking command in '/home/public/ros2ws/src/controls_core': DEBUGINFOD_URLS=https://debuginfod.ubuntu.com PYTHONPATH=/home/public/ros2ws/build/controls_core/prefix_override:/usr/lib/python3/dist-packages/colcon_core/task/python/colcon_distutils_commands:/home/public/ros2ws/install/controls_core/lib/python3.14/site-packages:${PYTHONPATH} /usr/bin/python3 -W ignore:setup.py install is deprecated -W ignore:easy_install command is deprecated setup.py egg_info --egg-base ../../build/controls_core build --build-base /home/public/ros2ws/build/controls_core/build install --record /home/public/ros2ws/build/controls_core/install.log --install-scripts $base/lib/controls_core --single-version-externally-managed install_data
[2.140s] running egg_info
[2.169s] writing ../../build/controls_core/controls_core.egg-info/PKG-INFO
[2.170s] writing dependency_links to ../../build/controls_core/controls_core.egg-info/dependency_links.txt
[2.173s] writing entry points to ../../build/controls_core/controls_core.egg-info/entry_points.txt
[2.173s] writing requirements to ../../build/controls_core/controls_core.egg-info/requires.txt
[2.174s] writing top-level names to ../../build/controls_core/controls_core.egg-info/top_level.txt
[2.232s] reading manifest file '../../build/controls_core/controls_core.egg-info/SOURCES.txt'
[2.233s] adding license file 'LICENSE'
[2.234s] writing manifest file '../../build/controls_core/controls_core.egg-info/SOURCES.txt'
[2.235s] running build
[2.235s] running build_py
[2.235s] copying controls_core/ui_testing.py -> /home/public/ros2ws/build/controls_core/build/lib/controls_core
[2.235s] copying controls_core/main_control_node.py -> /home/public/ros2ws/build/controls_core/build/lib/controls_core
[2.235s] copying controls_core/__init__.py -> /home/public/ros2ws/build/controls_core/build/lib/controls_core
[2.235s] copying controls_core/board_interface.py -> /home/public/ros2ws/build/controls_core/build/lib/controls_core
[2.236s] copying controls_core/py.typed -> /home/public/ros2ws/build/controls_core/build/lib/controls_core
[2.236s] running install
[2.244s] running install_lib
[2.270s] copying /home/public/ros2ws/build/controls_core/build/lib/controls_core/main_control_node.py -> /home/public/ros2ws/install/controls_core/lib/python3.14/site-packages/controls_core
[2.272s] byte-compiling /home/public/ros2ws/install/controls_core/lib/python3.14/site-packages/controls_core/main_control_node.py to main_control_node.cpython-314.pyc
[2.273s] running install_data
[2.274s] copying resource/controls_core -> /home/public/ros2ws/install/controls_core/share/ament_index/resource_index/packages
[2.274s] copying package.xml -> /home/public/ros2ws/install/controls_core/share/controls_core
[2.274s] running install_egg_info
[2.301s] removing '/home/public/ros2ws/install/controls_core/lib/python3.14/site-packages/controls_core-0.0.0-py3.14.egg-info' (and everything under it)
[2.301s] Copying ../../build/controls_core/controls_core.egg-info to /home/public/ros2ws/install/controls_core/lib/python3.14/site-packages/controls_core-0.0.0-py3.14.egg-info
[2.302s] running install_scripts
[2.449s] Installing main_control_node script to /home/public/ros2ws/install/controls_core/lib/controls_core
[2.450s] writing list of installed files to '/home/public/ros2ws/build/controls_core/install.log'
[2.584s] Invoked command in '/home/public/ros2ws/src/controls_core' returned '0': DEBUGINFOD_URLS=https://debuginfod.ubuntu.com PYTHONPATH=/home/public/ros2ws/build/controls_core/prefix_override:/usr/lib/python3/dist-packages/colcon_core/task/python/colcon_distutils_commands:/home/public/ros2ws/install/controls_core/lib/python3.14/site-packages:${PYTHONPATH} /usr/bin/python3 -W ignore:setup.py install is deprecated -W ignore:easy_install command is deprecated setup.py egg_info --egg-base ../../build/controls_core build --build-base /home/public/ros2ws/build/controls_core/build install --record /home/public/ros2ws/build/controls_core/install.log --install-scripts $base/lib/controls_core --single-version-externally-managed install_data
