[1.572s] Invoking command in '/home/public/MSE112_MPi5_Hiwonder_ROS2/ros2ws/build/hiwonder_board': DEBUGINFOD_URLS=https://debuginfod.ubuntu.com PYTHONPATH=/home/public/MSE112_MPi5_Hiwonder_ROS2/ros2ws/build/hiwonder_board/prefix_override:/usr/lib/python3/dist-packages/colcon_core/task/python/colcon_distutils_commands:/home/public/MSE112_MPi5_Hiwonder_ROS2/ros2ws/install/hiwonder_board/lib/python3.14/site-packages:${PYTHONPATH} /usr/bin/python3 -W ignore:setup.py install is deprecated -W ignore:easy_install command is deprecated setup.py develop --uninstall --editable --build-directory /home/public/MSE112_MPi5_Hiwonder_ROS2/ros2ws/build/hiwonder_board/build
[2.025s] running develop
[2.304s] Removing /home/public/MSE112_MPi5_Hiwonder_ROS2/ros2ws/install/hiwonder_board/lib/python3.14/site-packages/hiwonder-board.egg-link (link to .)
[2.434s] Invoked command in '/home/public/MSE112_MPi5_Hiwonder_ROS2/ros2ws/build/hiwonder_board' returned '0': DEBUGINFOD_URLS=https://debuginfod.ubuntu.com PYTHONPATH=/home/public/MSE112_MPi5_Hiwonder_ROS2/ros2ws/build/hiwonder_board/prefix_override:/usr/lib/python3/dist-packages/colcon_core/task/python/colcon_distutils_commands:/home/public/MSE112_MPi5_Hiwonder_ROS2/ros2ws/install/hiwonder_board/lib/python3.14/site-packages:${PYTHONPATH} /usr/bin/python3 -W ignore:setup.py install is deprecated -W ignore:easy_install command is deprecated setup.py develop --uninstall --editable --build-directory /home/public/MSE112_MPi5_Hiwonder_ROS2/ros2ws/build/hiwonder_board/build
[2.438s] Invoking command in '/home/public/MSE112_MPi5_Hiwonder_ROS2/ros2ws/src/hiwonder_board': DEBUGINFOD_URLS=https://debuginfod.ubuntu.com PYTHONPATH=/home/public/MSE112_MPi5_Hiwonder_ROS2/ros2ws/build/hiwonder_board/prefix_override:/usr/lib/python3/dist-packages/colcon_core/task/python/colcon_distutils_commands:/home/public/MSE112_MPi5_Hiwonder_ROS2/ros2ws/install/hiwonder_board/lib/python3.14/site-packages:${PYTHONPATH} /usr/bin/python3 -W ignore:setup.py install is deprecated -W ignore:easy_install command is deprecated setup.py egg_info --egg-base ../../build/hiwonder_board build --build-base /home/public/MSE112_MPi5_Hiwonder_ROS2/ros2ws/build/hiwonder_board/build install --record /home/public/MSE112_MPi5_Hiwonder_ROS2/ros2ws/build/hiwonder_board/install.log --install-scripts $base/lib/hiwonder_board --single-version-externally-managed install_data --force
[2.910s] running egg_info
[2.937s] writing ../../build/hiwonder_board/hiwonder_board.egg-info/PKG-INFO
[2.938s] writing dependency_links to ../../build/hiwonder_board/hiwonder_board.egg-info/dependency_links.txt
[2.939s] writing entry points to ../../build/hiwonder_board/hiwonder_board.egg-info/entry_points.txt
[2.940s] writing requirements to ../../build/hiwonder_board/hiwonder_board.egg-info/requires.txt
[2.940s] writing top-level names to ../../build/hiwonder_board/hiwonder_board.egg-info/top_level.txt
[3.001s] reading manifest file '../../build/hiwonder_board/hiwonder_board.egg-info/SOURCES.txt'
[3.002s] adding license file 'LICENSE'
[3.003s] writing manifest file '../../build/hiwonder_board/hiwonder_board.egg-info/SOURCES.txt'
[3.003s] running build
[3.003s] running build_py
[3.003s] creating /home/public/MSE112_MPi5_Hiwonder_ROS2/ros2ws/build/hiwonder_board/build/lib/hiwonder_board
[3.004s] copying hiwonder_board/__init__.py -> /home/public/MSE112_MPi5_Hiwonder_ROS2/ros2ws/build/hiwonder_board/build/lib/hiwonder_board
[3.006s] copying hiwonder_board/hiwonder_board_node.py -> /home/public/MSE112_MPi5_Hiwonder_ROS2/ros2ws/build/hiwonder_board/build/lib/hiwonder_board
[3.008s] copying hiwonder_board/py.typed -> /home/public/MSE112_MPi5_Hiwonder_ROS2/ros2ws/build/hiwonder_board/build/lib/hiwonder_board
[3.008s] running install
[3.017s] running install_lib
[3.044s] creating /home/public/MSE112_MPi5_Hiwonder_ROS2/ros2ws/install/hiwonder_board/lib/python3.14/site-packages/hiwonder_board
[3.044s] copying /home/public/MSE112_MPi5_Hiwonder_ROS2/ros2ws/build/hiwonder_board/build/lib/hiwonder_board/__init__.py -> /home/public/MSE112_MPi5_Hiwonder_ROS2/ros2ws/install/hiwonder_board/lib/python3.14/site-packages/hiwonder_board
[3.044s] copying /home/public/MSE112_MPi5_Hiwonder_ROS2/ros2ws/build/hiwonder_board/build/lib/hiwonder_board/hiwonder_board_node.py -> /home/public/MSE112_MPi5_Hiwonder_ROS2/ros2ws/install/hiwonder_board/lib/python3.14/site-packages/hiwonder_board
[3.045s] copying /home/public/MSE112_MPi5_Hiwonder_ROS2/ros2ws/build/hiwonder_board/build/lib/hiwonder_board/py.typed -> /home/public/MSE112_MPi5_Hiwonder_ROS2/ros2ws/install/hiwonder_board/lib/python3.14/site-packages/hiwonder_board
[3.045s] byte-compiling /home/public/MSE112_MPi5_Hiwonder_ROS2/ros2ws/install/hiwonder_board/lib/python3.14/site-packages/hiwonder_board/__init__.py to __init__.cpython-314.pyc
[3.048s] byte-compiling /home/public/MSE112_MPi5_Hiwonder_ROS2/ros2ws/install/hiwonder_board/lib/python3.14/site-packages/hiwonder_board/hiwonder_board_node.py to hiwonder_board_node.cpython-314.pyc
[3.057s] running install_data
[3.057s] copying resource/hiwonder_board -> /home/public/MSE112_MPi5_Hiwonder_ROS2/ros2ws/install/hiwonder_board/share/ament_index/resource_index/packages
[3.058s] copying package.xml -> /home/public/MSE112_MPi5_Hiwonder_ROS2/ros2ws/install/hiwonder_board/share/hiwonder_board
[3.058s] running install_egg_info
[3.094s] Copying ../../build/hiwonder_board/hiwonder_board.egg-info to /home/public/MSE112_MPi5_Hiwonder_ROS2/ros2ws/install/hiwonder_board/lib/python3.14/site-packages/hiwonder_board-0.0.0-py3.14.egg-info
[3.101s] running install_scripts
[3.249s] Installing hiwonder_board_node script to /home/public/MSE112_MPi5_Hiwonder_ROS2/ros2ws/install/hiwonder_board/lib/hiwonder_board
[3.250s] Installing test_listener script to /home/public/MSE112_MPi5_Hiwonder_ROS2/ros2ws/install/hiwonder_board/lib/hiwonder_board
[3.251s] Installing test_talker script to /home/public/MSE112_MPi5_Hiwonder_ROS2/ros2ws/install/hiwonder_board/lib/hiwonder_board
[3.252s] writing list of installed files to '/home/public/MSE112_MPi5_Hiwonder_ROS2/ros2ws/build/hiwonder_board/install.log'
[3.355s] Invoked command in '/home/public/MSE112_MPi5_Hiwonder_ROS2/ros2ws/src/hiwonder_board' returned '0': DEBUGINFOD_URLS=https://debuginfod.ubuntu.com PYTHONPATH=/home/public/MSE112_MPi5_Hiwonder_ROS2/ros2ws/build/hiwonder_board/prefix_override:/usr/lib/python3/dist-packages/colcon_core/task/python/colcon_distutils_commands:/home/public/MSE112_MPi5_Hiwonder_ROS2/ros2ws/install/hiwonder_board/lib/python3.14/site-packages:${PYTHONPATH} /usr/bin/python3 -W ignore:setup.py install is deprecated -W ignore:easy_install command is deprecated setup.py egg_info --egg-base ../../build/hiwonder_board build --build-base /home/public/MSE112_MPi5_Hiwonder_ROS2/ros2ws/build/hiwonder_board/build install --record /home/public/MSE112_MPi5_Hiwonder_ROS2/ros2ws/build/hiwonder_board/install.log --install-scripts $base/lib/hiwonder_board --single-version-externally-managed install_data --force
