[1.333s] Invoking command in '/home/public/ros2ws/src/controls_core': DEBUGINFOD_URLS=https://debuginfod.ubuntu.com PYTHONPATH=/home/public/ros2ws/build/controls_core/prefix_override:/usr/lib/python3/dist-packages/colcon_core/task/python/colcon_distutils_commands:/home/public/ros2ws/install/controls_core/lib/python3.14/site-packages:${PYTHONPATH} /usr/bin/python3 -W ignore:setup.py install is deprecated -W ignore:easy_install command is deprecated setup.py egg_info --egg-base ../../build/controls_core build --build-base /home/public/ros2ws/build/controls_core/build install --record /home/public/ros2ws/build/controls_core/install.log --install-scripts $base/lib/controls_core --single-version-externally-managed install_data
[1.735s] running egg_info
[1.759s] writing ../../build/controls_core/controls_core.egg-info/PKG-INFO
[1.760s] writing dependency_links to ../../build/controls_core/controls_core.egg-info/dependency_links.txt
[1.761s] writing entry points to ../../build/controls_core/controls_core.egg-info/entry_points.txt
[1.761s] writing requirements to ../../build/controls_core/controls_core.egg-info/requires.txt
[1.762s] writing top-level names to ../../build/controls_core/controls_core.egg-info/top_level.txt
[1.818s] reading manifest file '../../build/controls_core/controls_core.egg-info/SOURCES.txt'
[1.819s] adding license file 'LICENSE'
[1.820s] writing manifest file '../../build/controls_core/controls_core.egg-info/SOURCES.txt'
[1.820s] running build
[1.820s] running build_py
[1.820s] copying controls_core/ui_testing.py -> /home/public/ros2ws/build/controls_core/build/lib/controls_core
[1.821s] copying controls_core/main_control_node.py -> /home/public/ros2ws/build/controls_core/build/lib/controls_core
[1.821s] copying controls_core/__init__.py -> /home/public/ros2ws/build/controls_core/build/lib/controls_core
[1.821s] copying controls_core/board_interface.py -> /home/public/ros2ws/build/controls_core/build/lib/controls_core
[1.821s] copying controls_core/py.typed -> /home/public/ros2ws/build/controls_core/build/lib/controls_core
[1.822s] running install
[1.829s] running install_lib
[1.853s] copying /home/public/ros2ws/build/controls_core/build/lib/controls_core/board_interface.py -> /home/public/ros2ws/install/controls_core/lib/python3.14/site-packages/controls_core
[1.854s] byte-compiling /home/public/ros2ws/install/controls_core/lib/python3.14/site-packages/controls_core/board_interface.py to board_interface.cpython-314.pyc
[1.856s] running install_data
[1.856s] copying resource/controls_core -> /home/public/ros2ws/install/controls_core/share/ament_index/resource_index/packages
[1.857s] copying package.xml -> /home/public/ros2ws/install/controls_core/share/controls_core
[1.857s] running install_egg_info
[1.882s] removing '/home/public/ros2ws/install/controls_core/lib/python3.14/site-packages/controls_core-0.0.0-py3.14.egg-info' (and everything under it)
[1.882s] Copying ../../build/controls_core/controls_core.egg-info to /home/public/ros2ws/install/controls_core/lib/python3.14/site-packages/controls_core-0.0.0-py3.14.egg-info
[1.883s] running install_scripts
[2.017s] Installing main_control_node script to /home/public/ros2ws/install/controls_core/lib/controls_core
[2.018s] writing list of installed files to '/home/public/ros2ws/build/controls_core/install.log'
[2.117s] Invoked command in '/home/public/ros2ws/src/controls_core' returned '0': DEBUGINFOD_URLS=https://debuginfod.ubuntu.com PYTHONPATH=/home/public/ros2ws/build/controls_core/prefix_override:/usr/lib/python3/dist-packages/colcon_core/task/python/colcon_distutils_commands:/home/public/ros2ws/install/controls_core/lib/python3.14/site-packages:${PYTHONPATH} /usr/bin/python3 -W ignore:setup.py install is deprecated -W ignore:easy_install command is deprecated setup.py egg_info --egg-base ../../build/controls_core build --build-base /home/public/ros2ws/build/controls_core/build install --record /home/public/ros2ws/build/controls_core/install.log --install-scripts $base/lib/controls_core --single-version-externally-managed install_data
