-- The C compiler identification is GNU 15.2.0
-- The CXX compiler identification is GNU 15.2.0
-- Detecting C compiler ABI info
-- Detecting C compiler ABI info - done
-- Check for working C compiler: /usr/bin/cc - skipped
-- Detecting C compile features
-- Detecting C compile features - done
-- Detecting CXX compiler ABI info
-- Detecting CXX compiler ABI info - done
-- Check for working CXX compiler: /usr/bin/c++ - skipped
-- Detecting CXX compile features
-- Detecting CXX compile features - done
-- Found ament_cmake: 2.8.7 (/opt/ros/lyrical/share/ament_cmake/cmake)
-- Found example_interfaces: 0.14.1 (/opt/ros/lyrical/share/example_interfaces/cmake)
-- Found rosidl_generator_c: 5.2.1 (/opt/ros/lyrical/share/rosidl_generator_c/cmake)
-- Found rosidl_generator_cpp: 5.2.1 (/opt/ros/lyrical/share/rosidl_generator_cpp/cmake)
-- Using all available rosidl_typesupport_c: rosidl_typesupport_fastrtps_c;rosidl_typesupport_introspection_c
-- Using all available rosidl_typesupport_cpp: rosidl_typesupport_fastrtps_cpp;rosidl_typesupport_introspection_cpp
-- Found rclcpp: 32.0.0 (/opt/ros/lyrical/share/rclcpp/cmake)
-- Found rmw_implementation_cmake: 7.10.1 (/opt/ros/lyrical/share/rmw_implementation_cmake/cmake)
-- Found rmw_fastrtps_cpp: 9.4.8 (/opt/ros/lyrical/share/rmw_fastrtps_cpp/cmake)
-- Using RMW implementation 'rmw_fastrtps_cpp' as default
-- Found rclcpp_components: 32.0.0 (/opt/ros/lyrical/share/rclcpp_components/cmake)
-- Found std_msgs: 5.9.2 (/opt/ros/lyrical/share/std_msgs/cmake)
-- Found ament_lint_auto: 0.20.6 (/opt/ros/lyrical/share/ament_lint_auto/cmake)
-- Added test 'copyright' to check source files copyright and LICENSE
-- Added test 'cppcheck' to perform static code analysis on C / C++ code
-- Configured cppcheck include dirs: /home/public/ros2ws/src/examples/rclcpp/wait_set/include
-- Configured cppcheck exclude dirs and/or files: 
-- Added test 'cpplint' to check C / C++ code against the Google style
-- Configured cpplint exclude dirs and/or files: 
-- Added test 'lint_cmake' to check CMake code style
-- Added test 'uncrustify' to check C / C++ code style
-- Configured uncrustify additional arguments: 
-- Added test 'xmllint' to check XML markup files
-- Configuring done (3.9s)
-- Generating done (0.1s)
-- Build files have been written to: /home/public/ros2ws/build/examples_rclcpp_wait_set
[  4%] [32mBuilding CXX object CMakeFiles/talker.dir/src/talker.cpp.o[0m
[  8%] [1m[32mLinking CXX shared library libtalker.so[0m
[  8%] Built target talker
[ 12%] [32mBuilding CXX object CMakeFiles/static_wait_set.dir/src/static_wait_set.cpp.o[0m
[ 16%] [32mBuilding CXX object CMakeFiles/thread_safe_wait_set.dir/src/thread_safe_wait_set.cpp.o[0m
[ 20%] [1m[32mLinking CXX executable static_wait_set[0m
[ 20%] Built target static_wait_set
[ 25%] [32mBuilding CXX object CMakeFiles/wait_set_topics_and_timer.dir/src/wait_set_topics_and_timer.cpp.o[0m
[ 29%] [1m[32mLinking CXX executable thread_safe_wait_set[0m
[ 29%] Built target thread_safe_wait_set
[ 33%] [32mBuilding CXX object CMakeFiles/wait_set_random_order.dir/src/wait_set_random_order.cpp.o[0m
[ 37%] [1m[32mLinking CXX executable wait_set_topics_and_timer[0m
[ 37%] Built target wait_set_topics_and_timer
[ 41%] [32mBuilding CXX object CMakeFiles/executor_random_order.dir/src/executor_random_order.cpp.o[0m
[ 45%] [1m[32mLinking CXX executable wait_set_random_order[0m
[ 45%] Built target wait_set_random_order
[ 50%] [32mBuilding CXX object CMakeFiles/wait_set_topics_with_different_rates.dir/src/wait_set_topics_with_different_rates.cpp.o[0m
[ 54%] [32mBuilding CXX object CMakeFiles/wait_set.dir/src/wait_set.cpp.o[0m
[ 58%] [1m[32mLinking CXX executable executor_random_order[0m
[ 58%] Built target executor_random_order
[ 62%] [1m[32mLinking CXX executable wait_set[0m
[ 66%] [1m[32mLinking CXX executable wait_set_topics_with_different_rates[0m
[ 66%] Built target wait_set_topics_with_different_rates
[ 66%] Built target wait_set
[ 70%] [32mBuilding CXX object CMakeFiles/wait_set_talker.dir/rclcpp_components/node_main_wait_set_talker.cpp.o[0m
[ 75%] [1m[32mLinking CXX executable wait_set_talker[0m
[ 75%] Built target wait_set_talker
[ 79%] [32mBuilding CXX object CMakeFiles/listener.dir/src/listener.cpp.o[0m
[ 83%] [1m[32mLinking CXX shared library liblistener.so[0m
[ 83%] Built target listener
[ 87%] [32mBuilding CXX object CMakeFiles/wait_set_listener.dir/rclcpp_components/node_main_wait_set_listener.cpp.o[0m
[ 91%] [1m[32mLinking CXX executable wait_set_listener[0m
[ 91%] Built target wait_set_listener
[ 95%] [32mBuilding CXX object CMakeFiles/wait_set_composed.dir/src/wait_set_composed.cpp.o[0m
[100%] [1m[32mLinking CXX executable wait_set_composed[0m
[100%] Built target wait_set_composed
-- Install configuration: ""
-- Installing: /home/public/ros2ws/install/examples_rclcpp_wait_set/lib/examples_rclcpp_wait_set/wait_set_talker
-- Set non-toolchain portion of runtime path of "/home/public/ros2ws/install/examples_rclcpp_wait_set/lib/examples_rclcpp_wait_set/wait_set_talker" to ""
-- Installing: /home/public/ros2ws/install/examples_rclcpp_wait_set/lib/examples_rclcpp_wait_set/wait_set_listener
-- Set non-toolchain portion of runtime path of "/home/public/ros2ws/install/examples_rclcpp_wait_set/lib/examples_rclcpp_wait_set/wait_set_listener" to ""
-- Installing: /home/public/ros2ws/install/examples_rclcpp_wait_set/lib/libtalker.so
-- Set non-toolchain portion of runtime path of "/home/public/ros2ws/install/examples_rclcpp_wait_set/lib/libtalker.so" to ""
-- Installing: /home/public/ros2ws/install/examples_rclcpp_wait_set/lib/liblistener.so
-- Set non-toolchain portion of runtime path of "/home/public/ros2ws/install/examples_rclcpp_wait_set/lib/liblistener.so" to ""
-- Installing: /home/public/ros2ws/install/examples_rclcpp_wait_set/lib/examples_rclcpp_wait_set/wait_set
-- Set non-toolchain portion of runtime path of "/home/public/ros2ws/install/examples_rclcpp_wait_set/lib/examples_rclcpp_wait_set/wait_set" to ""
-- Installing: /home/public/ros2ws/install/examples_rclcpp_wait_set/lib/examples_rclcpp_wait_set/static_wait_set
-- Set non-toolchain portion of runtime path of "/home/public/ros2ws/install/examples_rclcpp_wait_set/lib/examples_rclcpp_wait_set/static_wait_set" to ""
-- Installing: /home/public/ros2ws/install/examples_rclcpp_wait_set/lib/examples_rclcpp_wait_set/thread_safe_wait_set
-- Set non-toolchain portion of runtime path of "/home/public/ros2ws/install/examples_rclcpp_wait_set/lib/examples_rclcpp_wait_set/thread_safe_wait_set" to ""
-- Installing: /home/public/ros2ws/install/examples_rclcpp_wait_set/lib/examples_rclcpp_wait_set/wait_set_topics_and_timer
-- Set non-toolchain portion of runtime path of "/home/public/ros2ws/install/examples_rclcpp_wait_set/lib/examples_rclcpp_wait_set/wait_set_topics_and_timer" to ""
-- Installing: /home/public/ros2ws/install/examples_rclcpp_wait_set/lib/examples_rclcpp_wait_set/wait_set_random_order
-- Set non-toolchain portion of runtime path of "/home/public/ros2ws/install/examples_rclcpp_wait_set/lib/examples_rclcpp_wait_set/wait_set_random_order" to ""
-- Installing: /home/public/ros2ws/install/examples_rclcpp_wait_set/lib/examples_rclcpp_wait_set/executor_random_order
-- Set non-toolchain portion of runtime path of "/home/public/ros2ws/install/examples_rclcpp_wait_set/lib/examples_rclcpp_wait_set/executor_random_order" to ""
-- Installing: /home/public/ros2ws/install/examples_rclcpp_wait_set/lib/examples_rclcpp_wait_set/wait_set_topics_with_different_rates
-- Set non-toolchain portion of runtime path of "/home/public/ros2ws/install/examples_rclcpp_wait_set/lib/examples_rclcpp_wait_set/wait_set_topics_with_different_rates" to ""
-- Installing: /home/public/ros2ws/install/examples_rclcpp_wait_set/lib/examples_rclcpp_wait_set/wait_set_composed
-- Set non-toolchain portion of runtime path of "/home/public/ros2ws/install/examples_rclcpp_wait_set/lib/examples_rclcpp_wait_set/wait_set_composed" to ""
-- Installing: /home/public/ros2ws/install/examples_rclcpp_wait_set/share/ament_index/resource_index/package_run_dependencies/examples_rclcpp_wait_set
-- Installing: /home/public/ros2ws/install/examples_rclcpp_wait_set/share/ament_index/resource_index/parent_prefix_path/examples_rclcpp_wait_set
-- Installing: /home/public/ros2ws/install/examples_rclcpp_wait_set/share/examples_rclcpp_wait_set/environment/ament_prefix_path.sh
-- Installing: /home/public/ros2ws/install/examples_rclcpp_wait_set/share/examples_rclcpp_wait_set/environment/ament_prefix_path.dsv
-- Installing: /home/public/ros2ws/install/examples_rclcpp_wait_set/share/examples_rclcpp_wait_set/environment/path.sh
-- Installing: /home/public/ros2ws/install/examples_rclcpp_wait_set/share/examples_rclcpp_wait_set/environment/path.dsv
-- Installing: /home/public/ros2ws/install/examples_rclcpp_wait_set/share/examples_rclcpp_wait_set/local_setup.bash
-- Installing: /home/public/ros2ws/install/examples_rclcpp_wait_set/share/examples_rclcpp_wait_set/local_setup.fish
-- Installing: /home/public/ros2ws/install/examples_rclcpp_wait_set/share/examples_rclcpp_wait_set/local_setup.sh
-- Installing: /home/public/ros2ws/install/examples_rclcpp_wait_set/share/examples_rclcpp_wait_set/local_setup.zsh
-- Installing: /home/public/ros2ws/install/examples_rclcpp_wait_set/share/examples_rclcpp_wait_set/local_setup.dsv
-- Installing: /home/public/ros2ws/install/examples_rclcpp_wait_set/share/examples_rclcpp_wait_set/package.dsv
-- Installing: /home/public/ros2ws/install/examples_rclcpp_wait_set/share/ament_index/resource_index/packages/examples_rclcpp_wait_set
-- Installing: /home/public/ros2ws/install/examples_rclcpp_wait_set/share/ament_index/resource_index/rclcpp_components/examples_rclcpp_wait_set
-- Installing: /home/public/ros2ws/install/examples_rclcpp_wait_set/share/examples_rclcpp_wait_set/cmake/examples_rclcpp_wait_setConfig.cmake
-- Installing: /home/public/ros2ws/install/examples_rclcpp_wait_set/share/examples_rclcpp_wait_set/cmake/examples_rclcpp_wait_setConfig-version.cmake
-- Installing: /home/public/ros2ws/install/examples_rclcpp_wait_set/share/examples_rclcpp_wait_set/package.xml
