[13.569s] Invoking command in '/home/public/ros2ws/src/controls_core': DEBUGINFOD_URLS=https://debuginfod.ubuntu.com PYTHONPATH=/home/public/ros2ws/build/controls_core/prefix_override:/usr/lib/python3/dist-packages/colcon_core/task/python/colcon_distutils_commands:/home/public/ros2ws/install/controls_core/lib/python3.14/site-packages:${PYTHONPATH} /usr/bin/python3 -W ignore:setup.py install is deprecated -W ignore:easy_install command is deprecated setup.py egg_info --egg-base ../../build/controls_core build --build-base /home/public/ros2ws/build/controls_core/build install --record /home/public/ros2ws/build/controls_core/install.log --install-scripts $base/lib/controls_core --single-version-externally-managed install_data
[15.322s] running egg_info
[15.475s] writing ../../build/controls_core/controls_core.egg-info/PKG-INFO
[15.484s] writing dependency_links to ../../build/controls_core/controls_core.egg-info/dependency_links.txt
[15.485s] writing entry points to ../../build/controls_core/controls_core.egg-info/entry_points.txt
[15.485s] writing requirements to ../../build/controls_core/controls_core.egg-info/requires.txt
[15.485s] writing top-level names to ../../build/controls_core/controls_core.egg-info/top_level.txt
[15.794s] reading manifest file '../../build/controls_core/controls_core.egg-info/SOURCES.txt'
[15.794s] adding license file 'LICENSE'
[15.804s] writing manifest file '../../build/controls_core/controls_core.egg-info/SOURCES.txt'
[15.809s] running build
[15.809s] running build_py
[15.809s] copying controls_core/ui_testing.py -> /home/public/ros2ws/build/controls_core/build/lib/controls_core
[15.810s] copying controls_core/main_control_node.py -> /home/public/ros2ws/build/controls_core/build/lib/controls_core
[15.817s] copying controls_core/__init__.py -> /home/public/ros2ws/build/controls_core/build/lib/controls_core
[15.817s] copying controls_core/cv_interface.py -> /home/public/ros2ws/build/controls_core/build/lib/controls_core
[15.817s] copying controls_core/board_interface.py -> /home/public/ros2ws/build/controls_core/build/lib/controls_core
[15.817s] copying controls_core/py.typed -> /home/public/ros2ws/build/controls_core/build/lib/controls_core
[15.818s] running install
[15.822s] running install_lib
[15.951s] copying /home/public/ros2ws/build/controls_core/build/lib/controls_core/main_control_node.py -> /home/public/ros2ws/install/controls_core/lib/python3.14/site-packages/controls_core
[15.954s] byte-compiling /home/public/ros2ws/install/controls_core/lib/python3.14/site-packages/controls_core/main_control_node.py to main_control_node.cpython-314.pyc
[15.962s] running install_data
[15.965s] copying resource/controls_core -> /home/public/ros2ws/install/controls_core/share/ament_index/resource_index/packages
[15.966s] copying package.xml -> /home/public/ros2ws/install/controls_core/share/controls_core
[15.968s] running install_egg_info
[16.282s] removing '/home/public/ros2ws/install/controls_core/lib/python3.14/site-packages/controls_core-0.0.0-py3.14.egg-info' (and everything under it)
[16.282s] Copying ../../build/controls_core/controls_core.egg-info to /home/public/ros2ws/install/controls_core/lib/python3.14/site-packages/controls_core-0.0.0-py3.14.egg-info
[16.291s] running install_scripts
[16.930s] Installing main_control_node script to /home/public/ros2ws/install/controls_core/lib/controls_core
[16.931s] writing list of installed files to '/home/public/ros2ws/build/controls_core/install.log'
[17.257s] Invoked command in '/home/public/ros2ws/src/controls_core' returned '0': DEBUGINFOD_URLS=https://debuginfod.ubuntu.com PYTHONPATH=/home/public/ros2ws/build/controls_core/prefix_override:/usr/lib/python3/dist-packages/colcon_core/task/python/colcon_distutils_commands:/home/public/ros2ws/install/controls_core/lib/python3.14/site-packages:${PYTHONPATH} /usr/bin/python3 -W ignore:setup.py install is deprecated -W ignore:easy_install command is deprecated setup.py egg_info --egg-base ../../build/controls_core build --build-base /home/public/ros2ws/build/controls_core/build install --record /home/public/ros2ws/build/controls_core/install.log --install-scripts $base/lib/controls_core --single-version-externally-managed install_data
