[7.119s] Invoking command in '/home/public/ros2ws/src/controls_core': DEBUGINFOD_URLS=https://debuginfod.ubuntu.com PYTHONPATH=/home/public/ros2ws/build/controls_core/prefix_override:/usr/lib/python3/dist-packages/colcon_core/task/python/colcon_distutils_commands:/home/public/ros2ws/install/controls_core/lib/python3.14/site-packages:${PYTHONPATH} /usr/bin/python3 -W ignore:setup.py install is deprecated -W ignore:easy_install command is deprecated setup.py egg_info --egg-base ../../build/controls_core build --build-base /home/public/ros2ws/build/controls_core/build install --record /home/public/ros2ws/build/controls_core/install.log --install-scripts $base/lib/controls_core --single-version-externally-managed install_data
[8.968s] running egg_info
[9.128s] writing ../../build/controls_core/controls_core.egg-info/PKG-INFO
[9.132s] writing dependency_links to ../../build/controls_core/controls_core.egg-info/dependency_links.txt
[9.132s] writing entry points to ../../build/controls_core/controls_core.egg-info/entry_points.txt
[9.135s] writing requirements to ../../build/controls_core/controls_core.egg-info/requires.txt
[9.135s] writing top-level names to ../../build/controls_core/controls_core.egg-info/top_level.txt
[9.444s] reading manifest file '../../build/controls_core/controls_core.egg-info/SOURCES.txt'
[9.448s] adding license file 'LICENSE'
[9.449s] writing manifest file '../../build/controls_core/controls_core.egg-info/SOURCES.txt'
[9.451s] running build
[9.452s] running build_py
[9.452s] copying controls_core/ui_testing.py -> /home/public/ros2ws/build/controls_core/build/lib/controls_core
[9.452s] copying controls_core/main_control_node.py -> /home/public/ros2ws/build/controls_core/build/lib/controls_core
[9.452s] copying controls_core/__init__.py -> /home/public/ros2ws/build/controls_core/build/lib/controls_core
[9.455s] copying controls_core/cv_interface.py -> /home/public/ros2ws/build/controls_core/build/lib/controls_core
[9.459s] copying controls_core/board_interface.py -> /home/public/ros2ws/build/controls_core/build/lib/controls_core
[9.459s] copying controls_core/py.typed -> /home/public/ros2ws/build/controls_core/build/lib/controls_core
[9.460s] running install
[9.473s] running install_lib
[9.615s] copying /home/public/ros2ws/build/controls_core/build/lib/controls_core/main_control_node.py -> /home/public/ros2ws/install/controls_core/lib/python3.14/site-packages/controls_core
[9.615s] byte-compiling /home/public/ros2ws/install/controls_core/lib/python3.14/site-packages/controls_core/main_control_node.py to main_control_node.cpython-314.pyc
[9.623s] running install_data
[9.623s] copying resource/controls_core -> /home/public/ros2ws/install/controls_core/share/ament_index/resource_index/packages
[9.623s] copying package.xml -> /home/public/ros2ws/install/controls_core/share/controls_core
[9.628s] running install_egg_info
[9.780s] removing '/home/public/ros2ws/install/controls_core/lib/python3.14/site-packages/controls_core-0.0.0-py3.14.egg-info' (and everything under it)
[9.785s] Copying ../../build/controls_core/controls_core.egg-info to /home/public/ros2ws/install/controls_core/lib/python3.14/site-packages/controls_core-0.0.0-py3.14.egg-info
[9.785s] running install_scripts
[10.485s] Installing main_control_node script to /home/public/ros2ws/install/controls_core/lib/controls_core
[10.488s] writing list of installed files to '/home/public/ros2ws/build/controls_core/install.log'
[10.875s] Invoked command in '/home/public/ros2ws/src/controls_core' returned '0': DEBUGINFOD_URLS=https://debuginfod.ubuntu.com PYTHONPATH=/home/public/ros2ws/build/controls_core/prefix_override:/usr/lib/python3/dist-packages/colcon_core/task/python/colcon_distutils_commands:/home/public/ros2ws/install/controls_core/lib/python3.14/site-packages:${PYTHONPATH} /usr/bin/python3 -W ignore:setup.py install is deprecated -W ignore:easy_install command is deprecated setup.py egg_info --egg-base ../../build/controls_core build --build-base /home/public/ros2ws/build/controls_core/build install --record /home/public/ros2ws/build/controls_core/install.log --install-scripts $base/lib/controls_core --single-version-externally-managed install_data
