[1.349s] Invoking command in '/home/public/ros2ws/src/opencv2_nodes': DEBUGINFOD_URLS=https://debuginfod.ubuntu.com PYTHONPATH=/home/public/ros2ws/build/opencv2_nodes/prefix_override:/usr/lib/python3/dist-packages/colcon_core/task/python/colcon_distutils_commands:/home/public/ros2ws/install/opencv2_nodes/lib/python3.14/site-packages:${PYTHONPATH} /usr/bin/python3 -W ignore:setup.py install is deprecated -W ignore:easy_install command is deprecated setup.py egg_info --egg-base ../../build/opencv2_nodes build --build-base /home/public/ros2ws/build/opencv2_nodes/build install --record /home/public/ros2ws/build/opencv2_nodes/install.log --install-scripts $base/lib/opencv2_nodes --single-version-externally-managed install_data
[1.823s] running egg_info
[1.851s] creating ../../build/opencv2_nodes/opencv2_nodes.egg-info
[1.852s] writing ../../build/opencv2_nodes/opencv2_nodes.egg-info/PKG-INFO
[1.853s] writing dependency_links to ../../build/opencv2_nodes/opencv2_nodes.egg-info/dependency_links.txt
[1.854s] writing requirements to ../../build/opencv2_nodes/opencv2_nodes.egg-info/requires.txt
[1.855s] writing top-level names to ../../build/opencv2_nodes/opencv2_nodes.egg-info/top_level.txt
[1.855s] writing manifest file '../../build/opencv2_nodes/opencv2_nodes.egg-info/SOURCES.txt'
[1.912s] reading manifest file '../../build/opencv2_nodes/opencv2_nodes.egg-info/SOURCES.txt'
[1.913s] writing manifest file '../../build/opencv2_nodes/opencv2_nodes.egg-info/SOURCES.txt'
[1.913s] running build
[1.913s] running build_py
[1.913s] creating /home/public/ros2ws/build/opencv2_nodes/build/lib/opencv2_nodes
[1.914s] copying opencv2_nodes/__init__.py -> /home/public/ros2ws/build/opencv2_nodes/build/lib/opencv2_nodes
[1.914s] copying opencv2_nodes/image_publisher.py -> /home/public/ros2ws/build/opencv2_nodes/build/lib/opencv2_nodes
[1.914s] copying opencv2_nodes/py.typed -> /home/public/ros2ws/build/opencv2_nodes/build/lib/opencv2_nodes
[1.914s] running install
[1.923s] running install_lib
[1.948s] creating /home/public/ros2ws/install/opencv2_nodes/lib/python3.14/site-packages/opencv2_nodes
[1.948s] copying /home/public/ros2ws/build/opencv2_nodes/build/lib/opencv2_nodes/__init__.py -> /home/public/ros2ws/install/opencv2_nodes/lib/python3.14/site-packages/opencv2_nodes
[1.950s] copying /home/public/ros2ws/build/opencv2_nodes/build/lib/opencv2_nodes/py.typed -> /home/public/ros2ws/install/opencv2_nodes/lib/python3.14/site-packages/opencv2_nodes
[1.950s] copying /home/public/ros2ws/build/opencv2_nodes/build/lib/opencv2_nodes/image_publisher.py -> /home/public/ros2ws/install/opencv2_nodes/lib/python3.14/site-packages/opencv2_nodes
[1.951s] byte-compiling /home/public/ros2ws/install/opencv2_nodes/lib/python3.14/site-packages/opencv2_nodes/__init__.py to __init__.cpython-314.pyc
[1.951s] byte-compiling /home/public/ros2ws/install/opencv2_nodes/lib/python3.14/site-packages/opencv2_nodes/image_publisher.py to image_publisher.cpython-314.pyc
[1.953s] running install_data
[1.953s] creating /home/public/ros2ws/install/opencv2_nodes/share/ament_index/resource_index/packages
[1.954s] copying resource/opencv2_nodes -> /home/public/ros2ws/install/opencv2_nodes/share/ament_index/resource_index/packages
[1.954s] copying package.xml -> /home/public/ros2ws/install/opencv2_nodes/share/opencv2_nodes
[1.954s] running install_egg_info
[1.980s] Copying ../../build/opencv2_nodes/opencv2_nodes.egg-info to /home/public/ros2ws/install/opencv2_nodes/lib/python3.14/site-packages/opencv2_nodes-0.0.0-py3.14.egg-info
[1.981s] running install_scripts
[2.124s] writing list of installed files to '/home/public/ros2ws/build/opencv2_nodes/install.log'
[2.233s] Invoked command in '/home/public/ros2ws/src/opencv2_nodes' returned '0': DEBUGINFOD_URLS=https://debuginfod.ubuntu.com PYTHONPATH=/home/public/ros2ws/build/opencv2_nodes/prefix_override:/usr/lib/python3/dist-packages/colcon_core/task/python/colcon_distutils_commands:/home/public/ros2ws/install/opencv2_nodes/lib/python3.14/site-packages:${PYTHONPATH} /usr/bin/python3 -W ignore:setup.py install is deprecated -W ignore:easy_install command is deprecated setup.py egg_info --egg-base ../../build/opencv2_nodes build --build-base /home/public/ros2ws/build/opencv2_nodes/build install --record /home/public/ros2ws/build/opencv2_nodes/install.log --install-scripts $base/lib/opencv2_nodes --single-version-externally-managed install_data
