[0.043s] Invoking command in '/home/public/ros2ws/build/examples_rclcpp_minimal_service': CMAKE_PREFIX_PATH=${CMAKE_PREFIX_PATH}:/home/public/ros2ws/install/launch_testing_examples:/home/public/ros2ws/install/hiwonder_board:/home/public/ros2ws/install/examples_rclpy_pointcloud_publisher:/home/public/ros2ws/install/examples_rclpy_minimal_subscriber:/home/public/ros2ws/install/examples_rclpy_minimal_service:/home/public/ros2ws/install/examples_rclpy_minimal_publisher:/home/public/ros2ws/install/examples_rclpy_minimal_client:/home/public/ros2ws/install/examples_rclpy_minimal_action_server:/home/public/ros2ws/install/examples_rclpy_minimal_action_client:/home/public/ros2ws/install/examples_rclpy_guard_conditions:/home/public/ros2ws/install/examples_rclpy_executors:/home/public/ros2ws/install/controls_core:/opt/ros/lyrical DEBUGINFOD_URLS=https://debuginfod.ubuntu.com /usr/bin/cmake --build /home/public/ros2ws/build/examples_rclcpp_minimal_service -- -j4 -l4
[0.278s] [100%] Built target service_main
[0.307s] Invoked command in '/home/public/ros2ws/build/examples_rclcpp_minimal_service' returned '0': CMAKE_PREFIX_PATH=${CMAKE_PREFIX_PATH}:/home/public/ros2ws/install/launch_testing_examples:/home/public/ros2ws/install/hiwonder_board:/home/public/ros2ws/install/examples_rclpy_pointcloud_publisher:/home/public/ros2ws/install/examples_rclpy_minimal_subscriber:/home/public/ros2ws/install/examples_rclpy_minimal_service:/home/public/ros2ws/install/examples_rclpy_minimal_publisher:/home/public/ros2ws/install/examples_rclpy_minimal_client:/home/public/ros2ws/install/examples_rclpy_minimal_action_server:/home/public/ros2ws/install/examples_rclpy_minimal_action_client:/home/public/ros2ws/install/examples_rclpy_guard_conditions:/home/public/ros2ws/install/examples_rclpy_executors:/home/public/ros2ws/install/controls_core:/opt/ros/lyrical DEBUGINFOD_URLS=https://debuginfod.ubuntu.com /usr/bin/cmake --build /home/public/ros2ws/build/examples_rclcpp_minimal_service -- -j4 -l4
[0.313s] Invoking command in '/home/public/ros2ws/build/examples_rclcpp_minimal_service': CMAKE_PREFIX_PATH=${CMAKE_PREFIX_PATH}:/home/public/ros2ws/install/launch_testing_examples:/home/public/ros2ws/install/hiwonder_board:/home/public/ros2ws/install/examples_rclpy_pointcloud_publisher:/home/public/ros2ws/install/examples_rclpy_minimal_subscriber:/home/public/ros2ws/install/examples_rclpy_minimal_service:/home/public/ros2ws/install/examples_rclpy_minimal_publisher:/home/public/ros2ws/install/examples_rclpy_minimal_client:/home/public/ros2ws/install/examples_rclpy_minimal_action_server:/home/public/ros2ws/install/examples_rclpy_minimal_action_client:/home/public/ros2ws/install/examples_rclpy_guard_conditions:/home/public/ros2ws/install/examples_rclpy_executors:/home/public/ros2ws/install/controls_core:/opt/ros/lyrical DEBUGINFOD_URLS=https://debuginfod.ubuntu.com /usr/bin/cmake --install /home/public/ros2ws/build/examples_rclcpp_minimal_service
[0.332s] -- Install configuration: ""
[0.335s] -- Up-to-date: /home/public/ros2ws/install/examples_rclcpp_minimal_service/lib/examples_rclcpp_minimal_service/service_main
[0.335s] -- Up-to-date: /home/public/ros2ws/install/examples_rclcpp_minimal_service/share/ament_index/resource_index/package_run_dependencies/examples_rclcpp_minimal_service
[0.337s] -- Up-to-date: /home/public/ros2ws/install/examples_rclcpp_minimal_service/share/ament_index/resource_index/parent_prefix_path/examples_rclcpp_minimal_service
[0.340s] -- Up-to-date: /home/public/ros2ws/install/examples_rclcpp_minimal_service/share/examples_rclcpp_minimal_service/environment/ament_prefix_path.sh
[0.342s] -- Up-to-date: /home/public/ros2ws/install/examples_rclcpp_minimal_service/share/examples_rclcpp_minimal_service/environment/ament_prefix_path.dsv
[0.342s] -- Up-to-date: /home/public/ros2ws/install/examples_rclcpp_minimal_service/share/examples_rclcpp_minimal_service/environment/path.sh
[0.343s] -- Up-to-date: /home/public/ros2ws/install/examples_rclcpp_minimal_service/share/examples_rclcpp_minimal_service/environment/path.dsv
[0.343s] -- Up-to-date: /home/public/ros2ws/install/examples_rclcpp_minimal_service/share/examples_rclcpp_minimal_service/local_setup.bash
[0.343s] -- Up-to-date: /home/public/ros2ws/install/examples_rclcpp_minimal_service/share/examples_rclcpp_minimal_service/local_setup.fish
[0.343s] -- Up-to-date: /home/public/ros2ws/install/examples_rclcpp_minimal_service/share/examples_rclcpp_minimal_service/local_setup.sh
[0.343s] -- Up-to-date: /home/public/ros2ws/install/examples_rclcpp_minimal_service/share/examples_rclcpp_minimal_service/local_setup.zsh
[0.343s] -- Up-to-date: /home/public/ros2ws/install/examples_rclcpp_minimal_service/share/examples_rclcpp_minimal_service/local_setup.dsv
[0.343s] -- Installing: /home/public/ros2ws/install/examples_rclcpp_minimal_service/share/examples_rclcpp_minimal_service/package.dsv
[0.345s] -- Up-to-date: /home/public/ros2ws/install/examples_rclcpp_minimal_service/share/ament_index/resource_index/packages/examples_rclcpp_minimal_service
[0.346s] -- Up-to-date: /home/public/ros2ws/install/examples_rclcpp_minimal_service/share/examples_rclcpp_minimal_service/cmake/examples_rclcpp_minimal_serviceConfig.cmake
[0.346s] -- Up-to-date: /home/public/ros2ws/install/examples_rclcpp_minimal_service/share/examples_rclcpp_minimal_service/cmake/examples_rclcpp_minimal_serviceConfig-version.cmake
[0.346s] -- Up-to-date: /home/public/ros2ws/install/examples_rclcpp_minimal_service/share/examples_rclcpp_minimal_service/package.xml
[0.346s] Invoked command in '/home/public/ros2ws/build/examples_rclcpp_minimal_service' returned '0': CMAKE_PREFIX_PATH=${CMAKE_PREFIX_PATH}:/home/public/ros2ws/install/launch_testing_examples:/home/public/ros2ws/install/hiwonder_board:/home/public/ros2ws/install/examples_rclpy_pointcloud_publisher:/home/public/ros2ws/install/examples_rclpy_minimal_subscriber:/home/public/ros2ws/install/examples_rclpy_minimal_service:/home/public/ros2ws/install/examples_rclpy_minimal_publisher:/home/public/ros2ws/install/examples_rclpy_minimal_client:/home/public/ros2ws/install/examples_rclpy_minimal_action_server:/home/public/ros2ws/install/examples_rclpy_minimal_action_client:/home/public/ros2ws/install/examples_rclpy_guard_conditions:/home/public/ros2ws/install/examples_rclpy_executors:/home/public/ros2ws/install/controls_core:/opt/ros/lyrical DEBUGINFOD_URLS=https://debuginfod.ubuntu.com /usr/bin/cmake --install /home/public/ros2ws/build/examples_rclcpp_minimal_service
