[1.297s] Invoking command in '/home/public/ros2ws/src/opencv2_nodes': DEBUGINFOD_URLS=https://debuginfod.ubuntu.com PYTHONPATH=/home/public/ros2ws/build/opencv2_nodes/prefix_override:/usr/lib/python3/dist-packages/colcon_core/task/python/colcon_distutils_commands:/home/public/ros2ws/install/opencv2_nodes/lib/python3.14/site-packages:${PYTHONPATH} /usr/bin/python3 -W ignore:setup.py install is deprecated -W ignore:easy_install command is deprecated setup.py egg_info --egg-base ../../build/opencv2_nodes build --build-base /home/public/ros2ws/build/opencv2_nodes/build install --record /home/public/ros2ws/build/opencv2_nodes/install.log --install-scripts $base/lib/opencv2_nodes --single-version-externally-managed install_data
[1.712s] running egg_info
[1.741s] writing ../../build/opencv2_nodes/opencv2_nodes.egg-info/PKG-INFO
[1.742s] writing dependency_links to ../../build/opencv2_nodes/opencv2_nodes.egg-info/dependency_links.txt
[1.752s] writing entry points to ../../build/opencv2_nodes/opencv2_nodes.egg-info/entry_points.txt
[1.752s] writing requirements to ../../build/opencv2_nodes/opencv2_nodes.egg-info/requires.txt
[1.757s] writing top-level names to ../../build/opencv2_nodes/opencv2_nodes.egg-info/top_level.txt
[1.822s] reading manifest file '../../build/opencv2_nodes/opencv2_nodes.egg-info/SOURCES.txt'
[1.823s] writing manifest file '../../build/opencv2_nodes/opencv2_nodes.egg-info/SOURCES.txt'
[1.823s] running build
[1.824s] running build_py
[1.824s] copying opencv2_nodes/__init__.py -> /home/public/ros2ws/build/opencv2_nodes/build/lib/opencv2_nodes
[1.824s] copying opencv2_nodes/image_publisher.py -> /home/public/ros2ws/build/opencv2_nodes/build/lib/opencv2_nodes
[1.825s] copying opencv2_nodes/py.typed -> /home/public/ros2ws/build/opencv2_nodes/build/lib/opencv2_nodes
[1.826s] running install
[1.834s] running install_lib
[1.861s] running install_data
[1.861s] copying resource/opencv2_nodes -> /home/public/ros2ws/install/opencv2_nodes/share/ament_index/resource_index/packages
[1.862s] copying package.xml -> /home/public/ros2ws/install/opencv2_nodes/share/opencv2_nodes
[1.863s] running install_egg_info
[1.890s] removing '/home/public/ros2ws/install/opencv2_nodes/lib/python3.14/site-packages/opencv2_nodes-0.0.0-py3.14.egg-info' (and everything under it)
[1.890s] Copying ../../build/opencv2_nodes/opencv2_nodes.egg-info to /home/public/ros2ws/install/opencv2_nodes/lib/python3.14/site-packages/opencv2_nodes-0.0.0-py3.14.egg-info
[1.891s] running install_scripts
[2.033s] Installing image_publisher script to /home/public/ros2ws/install/opencv2_nodes/lib/opencv2_nodes
[2.034s] writing list of installed files to '/home/public/ros2ws/build/opencv2_nodes/install.log'
[2.151s] Invoked command in '/home/public/ros2ws/src/opencv2_nodes' returned '0': DEBUGINFOD_URLS=https://debuginfod.ubuntu.com PYTHONPATH=/home/public/ros2ws/build/opencv2_nodes/prefix_override:/usr/lib/python3/dist-packages/colcon_core/task/python/colcon_distutils_commands:/home/public/ros2ws/install/opencv2_nodes/lib/python3.14/site-packages:${PYTHONPATH} /usr/bin/python3 -W ignore:setup.py install is deprecated -W ignore:easy_install command is deprecated setup.py egg_info --egg-base ../../build/opencv2_nodes build --build-base /home/public/ros2ws/build/opencv2_nodes/build install --record /home/public/ros2ws/build/opencv2_nodes/install.log --install-scripts $base/lib/opencv2_nodes --single-version-externally-managed install_data
