[7.373s] Invoking command in '/home/public/ros2ws/src/controls_core': DEBUGINFOD_URLS=https://debuginfod.ubuntu.com PYTHONPATH=/home/public/ros2ws/build/controls_core/prefix_override:/usr/lib/python3/dist-packages/colcon_core/task/python/colcon_distutils_commands:/home/public/ros2ws/install/controls_core/lib/python3.14/site-packages:${PYTHONPATH} /usr/bin/python3 -W ignore:setup.py install is deprecated -W ignore:easy_install command is deprecated setup.py egg_info --egg-base ../../build/controls_core build --build-base /home/public/ros2ws/build/controls_core/build install --record /home/public/ros2ws/build/controls_core/install.log --install-scripts $base/lib/controls_core --single-version-externally-managed install_data
[11.154s] running egg_info
[11.341s] writing ../../build/controls_core/controls_core.egg-info/PKG-INFO
[11.350s] writing dependency_links to ../../build/controls_core/controls_core.egg-info/dependency_links.txt
[11.355s] writing entry points to ../../build/controls_core/controls_core.egg-info/entry_points.txt
[11.361s] writing requirements to ../../build/controls_core/controls_core.egg-info/requires.txt
[11.366s] writing top-level names to ../../build/controls_core/controls_core.egg-info/top_level.txt
[12.420s] reading manifest file '../../build/controls_core/controls_core.egg-info/SOURCES.txt'
[12.426s] adding license file 'LICENSE'
[12.445s] writing manifest file '../../build/controls_core/controls_core.egg-info/SOURCES.txt'
[12.445s] running build
[12.446s] running build_py
[12.446s] copying controls_core/ui_testing.py -> /home/public/ros2ws/build/controls_core/build/lib/controls_core
[12.462s] copying controls_core/main_control_node.py -> /home/public/ros2ws/build/controls_core/build/lib/controls_core
[12.463s] copying controls_core/__init__.py -> /home/public/ros2ws/build/controls_core/build/lib/controls_core
[12.464s] copying controls_core/cv_interface.py -> /home/public/ros2ws/build/controls_core/build/lib/controls_core
[12.477s] copying controls_core/board_interface.py -> /home/public/ros2ws/build/controls_core/build/lib/controls_core
[12.477s] copying controls_core/py.typed -> /home/public/ros2ws/build/controls_core/build/lib/controls_core
[12.478s] running install
[12.508s] running install_lib
[12.937s] copying /home/public/ros2ws/build/controls_core/build/lib/controls_core/main_control_node.py -> /home/public/ros2ws/install/controls_core/lib/python3.14/site-packages/controls_core
[12.938s] copying /home/public/ros2ws/build/controls_core/build/lib/controls_core/cv_interface.py -> /home/public/ros2ws/install/controls_core/lib/python3.14/site-packages/controls_core
[12.947s] byte-compiling /home/public/ros2ws/install/controls_core/lib/python3.14/site-packages/controls_core/main_control_node.py to main_control_node.cpython-314.pyc
[12.970s] byte-compiling /home/public/ros2ws/install/controls_core/lib/python3.14/site-packages/controls_core/cv_interface.py to cv_interface.cpython-314.pyc
[12.981s] running install_data
[12.982s] copying resource/controls_core -> /home/public/ros2ws/install/controls_core/share/ament_index/resource_index/packages
[12.988s] copying package.xml -> /home/public/ros2ws/install/controls_core/share/controls_core
[12.988s] running install_egg_info
[13.207s] removing '/home/public/ros2ws/install/controls_core/lib/python3.14/site-packages/controls_core-0.0.0-py3.14.egg-info' (and everything under it)
[13.207s] Copying ../../build/controls_core/controls_core.egg-info to /home/public/ros2ws/install/controls_core/lib/python3.14/site-packages/controls_core-0.0.0-py3.14.egg-info
[13.214s] running install_scripts
[15.235s] Installing main_control_node script to /home/public/ros2ws/install/controls_core/lib/controls_core
[15.236s] writing list of installed files to '/home/public/ros2ws/build/controls_core/install.log'
[15.549s] Invoked command in '/home/public/ros2ws/src/controls_core' returned '0': DEBUGINFOD_URLS=https://debuginfod.ubuntu.com PYTHONPATH=/home/public/ros2ws/build/controls_core/prefix_override:/usr/lib/python3/dist-packages/colcon_core/task/python/colcon_distutils_commands:/home/public/ros2ws/install/controls_core/lib/python3.14/site-packages:${PYTHONPATH} /usr/bin/python3 -W ignore:setup.py install is deprecated -W ignore:easy_install command is deprecated setup.py egg_info --egg-base ../../build/controls_core build --build-base /home/public/ros2ws/build/controls_core/build install --record /home/public/ros2ws/build/controls_core/install.log --install-scripts $base/lib/controls_core --single-version-externally-managed install_data
