[2.341s] Invoking command in '/home/public/ros2ws/src/controls_core': DEBUGINFOD_URLS=https://debuginfod.ubuntu.com PYTHONPATH=/home/public/ros2ws/build/controls_core/prefix_override:/usr/lib/python3/dist-packages/colcon_core/task/python/colcon_distutils_commands:/home/public/ros2ws/install/controls_core/lib/python3.14/site-packages:${PYTHONPATH} /usr/bin/python3 -W ignore:setup.py install is deprecated -W ignore:easy_install command is deprecated setup.py egg_info --egg-base ../../build/controls_core build --build-base /home/public/ros2ws/build/controls_core/build install --record /home/public/ros2ws/build/controls_core/install.log --install-scripts $base/lib/controls_core --single-version-externally-managed install_data
[3.083s] running egg_info
[3.121s] writing ../../build/controls_core/controls_core.egg-info/PKG-INFO
[3.122s] writing dependency_links to ../../build/controls_core/controls_core.egg-info/dependency_links.txt
[3.123s] writing entry points to ../../build/controls_core/controls_core.egg-info/entry_points.txt
[3.125s] writing requirements to ../../build/controls_core/controls_core.egg-info/requires.txt
[3.125s] writing top-level names to ../../build/controls_core/controls_core.egg-info/top_level.txt
[3.206s] reading manifest file '../../build/controls_core/controls_core.egg-info/SOURCES.txt'
[3.209s] adding license file 'LICENSE'
[3.212s] writing manifest file '../../build/controls_core/controls_core.egg-info/SOURCES.txt'
[3.213s] running build
[3.214s] running build_py
[3.215s] copying controls_core/ui_testing.py -> /home/public/ros2ws/build/controls_core/build/lib/controls_core
[3.216s] copying controls_core/main_control_node.py -> /home/public/ros2ws/build/controls_core/build/lib/controls_core
[3.217s] copying controls_core/__init__.py -> /home/public/ros2ws/build/controls_core/build/lib/controls_core
[3.218s] copying controls_core/board_interface.py -> /home/public/ros2ws/build/controls_core/build/lib/controls_core
[3.219s] copying controls_core/py.typed -> /home/public/ros2ws/build/controls_core/build/lib/controls_core
[3.220s] running install
[3.228s] running install_lib
[3.271s] copying /home/public/ros2ws/build/controls_core/build/lib/controls_core/main_control_node.py -> /home/public/ros2ws/install/controls_core/lib/python3.14/site-packages/controls_core
[3.271s] copying /home/public/ros2ws/build/controls_core/build/lib/controls_core/board_interface.py -> /home/public/ros2ws/install/controls_core/lib/python3.14/site-packages/controls_core
[3.274s] byte-compiling /home/public/ros2ws/install/controls_core/lib/python3.14/site-packages/controls_core/main_control_node.py to main_control_node.cpython-314.pyc
[3.279s] byte-compiling /home/public/ros2ws/install/controls_core/lib/python3.14/site-packages/controls_core/board_interface.py to board_interface.cpython-314.pyc
[3.283s] running install_data
[3.285s] copying resource/controls_core -> /home/public/ros2ws/install/controls_core/share/ament_index/resource_index/packages
[3.286s] copying package.xml -> /home/public/ros2ws/install/controls_core/share/controls_core
[3.286s] running install_egg_info
[3.320s] removing '/home/public/ros2ws/install/controls_core/lib/python3.14/site-packages/controls_core-0.0.0-py3.14.egg-info' (and everything under it)
[3.322s] Copying ../../build/controls_core/controls_core.egg-info to /home/public/ros2ws/install/controls_core/lib/python3.14/site-packages/controls_core-0.0.0-py3.14.egg-info
[3.324s] running install_scripts
[3.513s] Installing main_control_node script to /home/public/ros2ws/install/controls_core/lib/controls_core
[3.513s] writing list of installed files to '/home/public/ros2ws/build/controls_core/install.log'
[3.685s] Invoked command in '/home/public/ros2ws/src/controls_core' returned '0': DEBUGINFOD_URLS=https://debuginfod.ubuntu.com PYTHONPATH=/home/public/ros2ws/build/controls_core/prefix_override:/usr/lib/python3/dist-packages/colcon_core/task/python/colcon_distutils_commands:/home/public/ros2ws/install/controls_core/lib/python3.14/site-packages:${PYTHONPATH} /usr/bin/python3 -W ignore:setup.py install is deprecated -W ignore:easy_install command is deprecated setup.py egg_info --egg-base ../../build/controls_core build --build-base /home/public/ros2ws/build/controls_core/build install --record /home/public/ros2ws/build/controls_core/install.log --install-scripts $base/lib/controls_core --single-version-externally-managed install_data
