[0.129s] Invoking command in '/home/public/ros2ws/build/examples_rclcpp_minimal_publisher': CMAKE_PREFIX_PATH=${CMAKE_PREFIX_PATH}:/home/public/ros2ws/install/opencv2_nodes:/home/public/ros2ws/install/launch_testing_examples:/home/public/ros2ws/install/hiwonder_board:/home/public/ros2ws/install/examples_rclpy_pointcloud_publisher:/home/public/ros2ws/install/examples_rclpy_minimal_subscriber:/home/public/ros2ws/install/examples_rclpy_minimal_service:/home/public/ros2ws/install/examples_rclpy_minimal_publisher:/home/public/ros2ws/install/examples_rclpy_minimal_client:/home/public/ros2ws/install/examples_rclpy_minimal_action_server:/home/public/ros2ws/install/examples_rclpy_minimal_action_client:/home/public/ros2ws/install/examples_rclpy_guard_conditions:/home/public/ros2ws/install/examples_rclpy_executors:/home/public/ros2ws/install/controls_core:/opt/ros/lyrical DEBUGINFOD_URLS=https://debuginfod.ubuntu.com /usr/bin/cmake --build /home/public/ros2ws/build/examples_rclcpp_minimal_publisher -- -j4 -l4
[0.258s] gmake: Warning: File 'Makefile' has modification time 1041 s in the future
[0.646s] -- Found ament_cmake: 2.8.7 (/opt/ros/lyrical/share/ament_cmake/cmake)
[2.502s] -- Override CMake install command with custom implementation using symlinks instead of copying resources
[4.032s] -- Found rclcpp: 32.0.0 (/opt/ros/lyrical/share/rclcpp/cmake)
[4.360s] -- Found rosidl_generator_c: 5.2.1 (/opt/ros/lyrical/share/rosidl_generator_c/cmake)
[4.379s] -- Found rosidl_generator_cpp: 5.2.1 (/opt/ros/lyrical/share/rosidl_generator_cpp/cmake)
[4.428s] -- Using all available rosidl_typesupport_c: rosidl_typesupport_fastrtps_c;rosidl_typesupport_introspection_c
[4.487s] -- Using all available rosidl_typesupport_cpp: rosidl_typesupport_fastrtps_cpp;rosidl_typesupport_introspection_cpp
[5.295s] -- Found rmw_implementation_cmake: 7.10.1 (/opt/ros/lyrical/share/rmw_implementation_cmake/cmake)
[5.360s] -- Found rmw_fastrtps_cpp: 9.4.8 (/opt/ros/lyrical/share/rmw_fastrtps_cpp/cmake)
[5.824s] -- Using RMW implementation 'rmw_fastrtps_cpp' as default
[6.041s] -- Found std_msgs: 5.9.2 (/opt/ros/lyrical/share/std_msgs/cmake)
[6.102s] -- Found ament_lint_auto: 0.20.6 (/opt/ros/lyrical/share/ament_lint_auto/cmake)
[7.066s] -- Added test 'copyright' to check source files copyright and LICENSE
[7.111s] -- Added test 'cppcheck' to perform static code analysis on C / C++ code
[7.112s] -- Configured cppcheck include dirs: 
[7.112s] -- Configured cppcheck exclude dirs and/or files: 
[7.142s] -- Added test 'cpplint' to check C / C++ code against the Google style
[7.142s] -- Configured cpplint exclude dirs and/or files: 
[7.152s] -- Added test 'lint_cmake' to check CMake code style
[7.167s] -- Added test 'uncrustify' to check C / C++ code style
[7.167s] -- Configured uncrustify additional arguments: 
[7.167s] -- Added test 'xmllint' to check XML markup files
[7.367s] -- Configuring done (6.8s)
[8.128s] -- Generating done (0.8s)
[8.452s] -- Build files have been written to: /home/public/ros2ws/build/examples_rclcpp_minimal_publisher
[8.560s] gmake[2]: Warning: File 'CMakeFiles/publisher_lambda.dir/build.make' has modification time 7875613 s in the future
[8.673s] gmake[2]: warning:  Clock skew detected.  Your build may be incomplete.
[8.715s] gmake[2]: Warning: File 'CMakeFiles/publisher_lambda.dir/build.make' has modification time 7875613 s in the future
[8.715s] gmake[2]: warning:  Clock skew detected.  Your build may be incomplete.
[8.998s] [ 16%] Built target publisher_lambda
[9.000s] gmake[2]: Warning: File 'CMakeFiles/publisher_member_function_with_unique_network_flow_endpoints.dir/build.make' has modification time 7875612 s in the future
[9.368s] gmake[2]: warning:  Clock skew detected.  Your build may be incomplete.
[9.370s] gmake[2]: Warning: File 'CMakeFiles/publisher_member_function_with_unique_network_flow_endpoints.dir/build.make' has modification time 7875612 s in the future
[9.371s] gmake[2]: warning:  Clock skew detected.  Your build may be incomplete.
[9.420s] [ 33%] Built target publisher_member_function_with_unique_network_flow_endpoints
[9.439s] gmake[2]: Warning: File 'CMakeFiles/publisher_wait_for_all_acked.dir/build.make' has modification time 7875612 s in the future
[9.542s] gmake[2]: warning:  Clock skew detected.  Your build may be incomplete.
[9.563s] gmake[2]: Warning: File 'CMakeFiles/publisher_wait_for_all_acked.dir/build.make' has modification time 7875612 s in the future
[9.576s] gmake[2]: warning:  Clock skew detected.  Your build may be incomplete.
[9.683s] [ 50%] Built target publisher_wait_for_all_acked
[9.734s] gmake[2]: Warning: File 'CMakeFiles/publisher_not_composable.dir/build.make' has modification time 7875612 s in the future
[9.862s] gmake[2]: warning:  Clock skew detected.  Your build may be incomplete.
[9.885s] gmake[2]: Warning: File 'CMakeFiles/publisher_not_composable.dir/build.make' has modification time 7875612 s in the future
[9.887s] gmake[2]: warning:  Clock skew detected.  Your build may be incomplete.
[9.937s] [ 66%] Built target publisher_not_composable
[9.958s] gmake[2]: Warning: File 'CMakeFiles/publisher_member_function_with_type_adapter.dir/build.make' has modification time 7875611 s in the future
[10.052s] gmake[2]: warning:  Clock skew detected.  Your build may be incomplete.
[10.069s] gmake[2]: Warning: File 'CMakeFiles/publisher_member_function_with_type_adapter.dir/build.make' has modification time 7875611 s in the future
[10.073s] gmake[2]: warning:  Clock skew detected.  Your build may be incomplete.
[10.192s] [ 83%] Built target publisher_member_function_with_type_adapter
[10.217s] gmake[2]: Warning: File 'CMakeFiles/publisher_member_function.dir/build.make' has modification time 7875611 s in the future
[10.324s] gmake[2]: warning:  Clock skew detected.  Your build may be incomplete.
[10.347s] gmake[2]: Warning: File 'CMakeFiles/publisher_member_function.dir/build.make' has modification time 7875611 s in the future
[10.360s] gmake[2]: warning:  Clock skew detected.  Your build may be incomplete.
[10.535s] [100%] Built target publisher_member_function
[10.838s] gmake: warning:  Clock skew detected.  Your build may be incomplete.
[10.872s] Invoked command in '/home/public/ros2ws/build/examples_rclcpp_minimal_publisher' returned '0': CMAKE_PREFIX_PATH=${CMAKE_PREFIX_PATH}:/home/public/ros2ws/install/opencv2_nodes:/home/public/ros2ws/install/launch_testing_examples:/home/public/ros2ws/install/hiwonder_board:/home/public/ros2ws/install/examples_rclpy_pointcloud_publisher:/home/public/ros2ws/install/examples_rclpy_minimal_subscriber:/home/public/ros2ws/install/examples_rclpy_minimal_service:/home/public/ros2ws/install/examples_rclpy_minimal_publisher:/home/public/ros2ws/install/examples_rclpy_minimal_client:/home/public/ros2ws/install/examples_rclpy_minimal_action_server:/home/public/ros2ws/install/examples_rclpy_minimal_action_client:/home/public/ros2ws/install/examples_rclpy_guard_conditions:/home/public/ros2ws/install/examples_rclpy_executors:/home/public/ros2ws/install/controls_core:/opt/ros/lyrical DEBUGINFOD_URLS=https://debuginfod.ubuntu.com /usr/bin/cmake --build /home/public/ros2ws/build/examples_rclcpp_minimal_publisher -- -j4 -l4
[10.897s] Invoking command in '/home/public/ros2ws/build/examples_rclcpp_minimal_publisher': CMAKE_PREFIX_PATH=${CMAKE_PREFIX_PATH}:/home/public/ros2ws/install/opencv2_nodes:/home/public/ros2ws/install/launch_testing_examples:/home/public/ros2ws/install/hiwonder_board:/home/public/ros2ws/install/examples_rclpy_pointcloud_publisher:/home/public/ros2ws/install/examples_rclpy_minimal_subscriber:/home/public/ros2ws/install/examples_rclpy_minimal_service:/home/public/ros2ws/install/examples_rclpy_minimal_publisher:/home/public/ros2ws/install/examples_rclpy_minimal_client:/home/public/ros2ws/install/examples_rclpy_minimal_action_server:/home/public/ros2ws/install/examples_rclpy_minimal_action_client:/home/public/ros2ws/install/examples_rclpy_guard_conditions:/home/public/ros2ws/install/examples_rclpy_executors:/home/public/ros2ws/install/controls_core:/opt/ros/lyrical DEBUGINFOD_URLS=https://debuginfod.ubuntu.com /usr/bin/cmake --install /home/public/ros2ws/build/examples_rclcpp_minimal_publisher
[11.057s] -- Install configuration: ""
[11.071s] -- Execute custom install script
[11.107s] -- Up-to-date symlink: /home/public/ros2ws/install/examples_rclcpp_minimal_publisher/lib/examples_rclcpp_minimal_publisher/publisher_lambda
[11.117s] -- Up-to-date symlink: /home/public/ros2ws/install/examples_rclcpp_minimal_publisher/lib/examples_rclcpp_minimal_publisher/publisher_member_function
[11.117s] -- Up-to-date symlink: /home/public/ros2ws/install/examples_rclcpp_minimal_publisher/lib/examples_rclcpp_minimal_publisher/publisher_member_function_with_type_adapter
[11.120s] -- Up-to-date symlink: /home/public/ros2ws/install/examples_rclcpp_minimal_publisher/lib/examples_rclcpp_minimal_publisher/publisher_member_function_with_unique_network_flow_endpoints
[11.135s] -- Up-to-date symlink: /home/public/ros2ws/install/examples_rclcpp_minimal_publisher/lib/examples_rclcpp_minimal_publisher/publisher_wait_for_all_acked
[11.135s] -- Up-to-date symlink: /home/public/ros2ws/install/examples_rclcpp_minimal_publisher/lib/examples_rclcpp_minimal_publisher/publisher_not_composable
[11.136s] -- Up-to-date symlink: /home/public/ros2ws/install/examples_rclcpp_minimal_publisher/share/ament_index/resource_index/package_run_dependencies/examples_rclcpp_minimal_publisher
[11.146s] -- Up-to-date symlink: /home/public/ros2ws/install/examples_rclcpp_minimal_publisher/share/ament_index/resource_index/parent_prefix_path/examples_rclcpp_minimal_publisher
[11.151s] -- Up-to-date symlink: /home/public/ros2ws/install/examples_rclcpp_minimal_publisher/share/examples_rclcpp_minimal_publisher/environment/ament_prefix_path.sh
[11.157s] -- Up-to-date symlink: /home/public/ros2ws/install/examples_rclcpp_minimal_publisher/share/examples_rclcpp_minimal_publisher/environment/ament_prefix_path.dsv
[11.166s] -- Up-to-date symlink: /home/public/ros2ws/install/examples_rclcpp_minimal_publisher/share/examples_rclcpp_minimal_publisher/environment/path.sh
[11.171s] -- Up-to-date symlink: /home/public/ros2ws/install/examples_rclcpp_minimal_publisher/share/examples_rclcpp_minimal_publisher/environment/path.dsv
[11.187s] -- Up-to-date symlink: /home/public/ros2ws/install/examples_rclcpp_minimal_publisher/share/examples_rclcpp_minimal_publisher/local_setup.bash
[11.192s] -- Up-to-date symlink: /home/public/ros2ws/install/examples_rclcpp_minimal_publisher/share/examples_rclcpp_minimal_publisher/local_setup.fish
[11.192s] -- Up-to-date symlink: /home/public/ros2ws/install/examples_rclcpp_minimal_publisher/share/examples_rclcpp_minimal_publisher/local_setup.sh
[11.203s] -- Up-to-date symlink: /home/public/ros2ws/install/examples_rclcpp_minimal_publisher/share/examples_rclcpp_minimal_publisher/local_setup.zsh
[11.204s] -- Up-to-date symlink: /home/public/ros2ws/install/examples_rclcpp_minimal_publisher/share/examples_rclcpp_minimal_publisher/local_setup.dsv
[11.214s] -- Symlinking: /home/public/ros2ws/install/examples_rclcpp_minimal_publisher/share/examples_rclcpp_minimal_publisher/package.dsv
[11.323s] -- Up-to-date symlink: /home/public/ros2ws/install/examples_rclcpp_minimal_publisher/share/ament_index/resource_index/packages/examples_rclcpp_minimal_publisher
[11.334s] -- Up-to-date symlink: /home/public/ros2ws/install/examples_rclcpp_minimal_publisher/share/examples_rclcpp_minimal_publisher/cmake/examples_rclcpp_minimal_publisherConfig.cmake
[11.347s] -- Up-to-date symlink: /home/public/ros2ws/install/examples_rclcpp_minimal_publisher/share/examples_rclcpp_minimal_publisher/cmake/examples_rclcpp_minimal_publisherConfig-version.cmake
[11.347s] -- Up-to-date symlink: /home/public/ros2ws/install/examples_rclcpp_minimal_publisher/share/examples_rclcpp_minimal_publisher/package.xml
[11.362s] Invoked command in '/home/public/ros2ws/build/examples_rclcpp_minimal_publisher' returned '0': CMAKE_PREFIX_PATH=${CMAKE_PREFIX_PATH}:/home/public/ros2ws/install/opencv2_nodes:/home/public/ros2ws/install/launch_testing_examples:/home/public/ros2ws/install/hiwonder_board:/home/public/ros2ws/install/examples_rclpy_pointcloud_publisher:/home/public/ros2ws/install/examples_rclpy_minimal_subscriber:/home/public/ros2ws/install/examples_rclpy_minimal_service:/home/public/ros2ws/install/examples_rclpy_minimal_publisher:/home/public/ros2ws/install/examples_rclpy_minimal_client:/home/public/ros2ws/install/examples_rclpy_minimal_action_server:/home/public/ros2ws/install/examples_rclpy_minimal_action_client:/home/public/ros2ws/install/examples_rclpy_guard_conditions:/home/public/ros2ws/install/examples_rclpy_executors:/home/public/ros2ws/install/controls_core:/opt/ros/lyrical DEBUGINFOD_URLS=https://debuginfod.ubuntu.com /usr/bin/cmake --install /home/public/ros2ws/build/examples_rclcpp_minimal_publisher
