[0.907s] Invoking command in '/home/public/ros2ws/build/examples_rclcpp_minimal_client': CMAKE_PREFIX_PATH=${CMAKE_PREFIX_PATH}:/home/public/ros2ws/install/opencv2_nodes:/home/public/ros2ws/install/launch_testing_examples:/home/public/ros2ws/install/hiwonder_board:/home/public/ros2ws/install/examples_rclpy_pointcloud_publisher:/home/public/ros2ws/install/examples_rclpy_minimal_subscriber:/home/public/ros2ws/install/examples_rclpy_minimal_service:/home/public/ros2ws/install/examples_rclpy_minimal_publisher:/home/public/ros2ws/install/examples_rclpy_minimal_client:/home/public/ros2ws/install/examples_rclpy_minimal_action_server:/home/public/ros2ws/install/examples_rclpy_minimal_action_client:/home/public/ros2ws/install/examples_rclpy_guard_conditions:/home/public/ros2ws/install/examples_rclpy_executors:/home/public/ros2ws/install/controls_core:/opt/ros/lyrical DEBUGINFOD_URLS=https://debuginfod.ubuntu.com /usr/bin/cmake --build /home/public/ros2ws/build/examples_rclcpp_minimal_client -- -j4 -l4
[1.102s] gmake: Warning: File 'Makefile' has modification time 1039 s in the future
[1.199s] -- Found ament_cmake: 2.8.7 (/opt/ros/lyrical/share/ament_cmake/cmake)
[5.386s] -- Override CMake install command with custom implementation using symlinks instead of copying resources
[5.512s] -- Found example_interfaces: 0.14.1 (/opt/ros/lyrical/share/example_interfaces/cmake)
[5.941s] -- Found rosidl_generator_c: 5.2.1 (/opt/ros/lyrical/share/rosidl_generator_c/cmake)
[6.146s] -- Found rosidl_generator_cpp: 5.2.1 (/opt/ros/lyrical/share/rosidl_generator_cpp/cmake)
[6.598s] -- Using all available rosidl_typesupport_c: rosidl_typesupport_fastrtps_c;rosidl_typesupport_introspection_c
[6.761s] -- Using all available rosidl_typesupport_cpp: rosidl_typesupport_fastrtps_cpp;rosidl_typesupport_introspection_cpp
[7.649s] -- Found rclcpp: 32.0.0 (/opt/ros/lyrical/share/rclcpp/cmake)
[8.048s] -- Found rmw_implementation_cmake: 7.10.1 (/opt/ros/lyrical/share/rmw_implementation_cmake/cmake)
[8.061s] -- Found rmw_fastrtps_cpp: 9.4.8 (/opt/ros/lyrical/share/rmw_fastrtps_cpp/cmake)
[8.266s] -- Using RMW implementation 'rmw_fastrtps_cpp' as default
[9.399s] -- Found ament_lint_auto: 0.20.6 (/opt/ros/lyrical/share/ament_lint_auto/cmake)
[10.229s] -- Added test 'copyright' to check source files copyright and LICENSE
[10.245s] -- Added test 'cppcheck' to perform static code analysis on C / C++ code
[10.245s] -- Configured cppcheck include dirs: 
[10.249s] -- Configured cppcheck exclude dirs and/or files: 
[10.254s] -- Added test 'cpplint' to check C / C++ code against the Google style
[10.254s] -- Configured cpplint exclude dirs and/or files: 
[10.254s] -- Added test 'lint_cmake' to check CMake code style
[10.264s] -- Added test 'uncrustify' to check C / C++ code style
[10.268s] -- Configured uncrustify additional arguments: 
[10.284s] -- Added test 'xmllint' to check XML markup files
[10.326s] -- Configuring done (9.2s)
[10.713s] -- Generating done (0.4s)
[10.949s] -- Build files have been written to: /home/public/ros2ws/build/examples_rclcpp_minimal_client
[10.983s] gmake[2]: Warning: File 'CMakeFiles/client_main.dir/build.make' has modification time 7875595 s in the future
[11.066s] gmake[2]: warning:  Clock skew detected.  Your build may be incomplete.
[11.096s] gmake[2]: Warning: File 'CMakeFiles/client_main.dir/build.make' has modification time 7875595 s in the future
[11.144s] gmake[2]: warning:  Clock skew detected.  Your build may be incomplete.
[11.171s] [100%] Built target client_main
[11.245s] gmake: warning:  Clock skew detected.  Your build may be incomplete.
[11.253s] Invoked command in '/home/public/ros2ws/build/examples_rclcpp_minimal_client' returned '0': CMAKE_PREFIX_PATH=${CMAKE_PREFIX_PATH}:/home/public/ros2ws/install/opencv2_nodes:/home/public/ros2ws/install/launch_testing_examples:/home/public/ros2ws/install/hiwonder_board:/home/public/ros2ws/install/examples_rclpy_pointcloud_publisher:/home/public/ros2ws/install/examples_rclpy_minimal_subscriber:/home/public/ros2ws/install/examples_rclpy_minimal_service:/home/public/ros2ws/install/examples_rclpy_minimal_publisher:/home/public/ros2ws/install/examples_rclpy_minimal_client:/home/public/ros2ws/install/examples_rclpy_minimal_action_server:/home/public/ros2ws/install/examples_rclpy_minimal_action_client:/home/public/ros2ws/install/examples_rclpy_guard_conditions:/home/public/ros2ws/install/examples_rclpy_executors:/home/public/ros2ws/install/controls_core:/opt/ros/lyrical DEBUGINFOD_URLS=https://debuginfod.ubuntu.com /usr/bin/cmake --build /home/public/ros2ws/build/examples_rclcpp_minimal_client -- -j4 -l4
[11.265s] Invoking command in '/home/public/ros2ws/build/examples_rclcpp_minimal_client': CMAKE_PREFIX_PATH=${CMAKE_PREFIX_PATH}:/home/public/ros2ws/install/opencv2_nodes:/home/public/ros2ws/install/launch_testing_examples:/home/public/ros2ws/install/hiwonder_board:/home/public/ros2ws/install/examples_rclpy_pointcloud_publisher:/home/public/ros2ws/install/examples_rclpy_minimal_subscriber:/home/public/ros2ws/install/examples_rclpy_minimal_service:/home/public/ros2ws/install/examples_rclpy_minimal_publisher:/home/public/ros2ws/install/examples_rclpy_minimal_client:/home/public/ros2ws/install/examples_rclpy_minimal_action_server:/home/public/ros2ws/install/examples_rclpy_minimal_action_client:/home/public/ros2ws/install/examples_rclpy_guard_conditions:/home/public/ros2ws/install/examples_rclpy_executors:/home/public/ros2ws/install/controls_core:/opt/ros/lyrical DEBUGINFOD_URLS=https://debuginfod.ubuntu.com /usr/bin/cmake --install /home/public/ros2ws/build/examples_rclcpp_minimal_client
[11.369s] -- Install configuration: ""
[11.373s] -- Execute custom install script
[11.377s] -- Up-to-date symlink: /home/public/ros2ws/install/examples_rclcpp_minimal_client/lib/examples_rclcpp_minimal_client/client_main
[11.377s] -- Up-to-date symlink: /home/public/ros2ws/install/examples_rclcpp_minimal_client/share/ament_index/resource_index/package_run_dependencies/examples_rclcpp_minimal_client
[11.378s] -- Up-to-date symlink: /home/public/ros2ws/install/examples_rclcpp_minimal_client/share/ament_index/resource_index/parent_prefix_path/examples_rclcpp_minimal_client
[11.381s] -- Up-to-date symlink: /home/public/ros2ws/install/examples_rclcpp_minimal_client/share/examples_rclcpp_minimal_client/environment/ament_prefix_path.sh
[11.381s] -- Up-to-date symlink: /home/public/ros2ws/install/examples_rclcpp_minimal_client/share/examples_rclcpp_minimal_client/environment/ament_prefix_path.dsv
[11.391s] -- Up-to-date symlink: /home/public/ros2ws/install/examples_rclcpp_minimal_client/share/examples_rclcpp_minimal_client/environment/path.sh
[11.391s] -- Up-to-date symlink: /home/public/ros2ws/install/examples_rclcpp_minimal_client/share/examples_rclcpp_minimal_client/environment/path.dsv
[11.405s] -- Up-to-date symlink: /home/public/ros2ws/install/examples_rclcpp_minimal_client/share/examples_rclcpp_minimal_client/local_setup.bash
[11.434s] -- Up-to-date symlink: /home/public/ros2ws/install/examples_rclcpp_minimal_client/share/examples_rclcpp_minimal_client/local_setup.fish
[11.455s] -- Up-to-date symlink: /home/public/ros2ws/install/examples_rclcpp_minimal_client/share/examples_rclcpp_minimal_client/local_setup.sh
[11.457s] -- Up-to-date symlink: /home/public/ros2ws/install/examples_rclcpp_minimal_client/share/examples_rclcpp_minimal_client/local_setup.zsh
[11.458s] -- Up-to-date symlink: /home/public/ros2ws/install/examples_rclcpp_minimal_client/share/examples_rclcpp_minimal_client/local_setup.dsv
[11.458s] -- Symlinking: /home/public/ros2ws/install/examples_rclcpp_minimal_client/share/examples_rclcpp_minimal_client/package.dsv
[11.527s] -- Up-to-date symlink: /home/public/ros2ws/install/examples_rclcpp_minimal_client/share/ament_index/resource_index/packages/examples_rclcpp_minimal_client
[11.530s] -- Up-to-date symlink: /home/public/ros2ws/install/examples_rclcpp_minimal_client/share/examples_rclcpp_minimal_client/cmake/examples_rclcpp_minimal_clientConfig.cmake
[11.541s] -- Up-to-date symlink: /home/public/ros2ws/install/examples_rclcpp_minimal_client/share/examples_rclcpp_minimal_client/cmake/examples_rclcpp_minimal_clientConfig-version.cmake
[11.545s] -- Up-to-date symlink: /home/public/ros2ws/install/examples_rclcpp_minimal_client/share/examples_rclcpp_minimal_client/package.xml
[11.563s] Invoked command in '/home/public/ros2ws/build/examples_rclcpp_minimal_client' returned '0': CMAKE_PREFIX_PATH=${CMAKE_PREFIX_PATH}:/home/public/ros2ws/install/opencv2_nodes:/home/public/ros2ws/install/launch_testing_examples:/home/public/ros2ws/install/hiwonder_board:/home/public/ros2ws/install/examples_rclpy_pointcloud_publisher:/home/public/ros2ws/install/examples_rclpy_minimal_subscriber:/home/public/ros2ws/install/examples_rclpy_minimal_service:/home/public/ros2ws/install/examples_rclpy_minimal_publisher:/home/public/ros2ws/install/examples_rclpy_minimal_client:/home/public/ros2ws/install/examples_rclpy_minimal_action_server:/home/public/ros2ws/install/examples_rclpy_minimal_action_client:/home/public/ros2ws/install/examples_rclpy_guard_conditions:/home/public/ros2ws/install/examples_rclpy_executors:/home/public/ros2ws/install/controls_core:/opt/ros/lyrical DEBUGINFOD_URLS=https://debuginfod.ubuntu.com /usr/bin/cmake --install /home/public/ros2ws/build/examples_rclcpp_minimal_client
