[2.112s] Invoking command in '/home/public/MSE112_MPi5_Hiwonder_ROS2/ros2ws/src/hiwonder_board': DEBUGINFOD_URLS=https://debuginfod.ubuntu.com PYTHONPATH=/home/public/MSE112_MPi5_Hiwonder_ROS2/ros2ws/build/hiwonder_board/prefix_override:/usr/lib/python3/dist-packages/colcon_core/task/python/colcon_distutils_commands:/home/public/MSE112_MPi5_Hiwonder_ROS2/ros2ws/install/hiwonder_board/lib/python3.14/site-packages:${PYTHONPATH} /usr/bin/python3 -W ignore:setup.py install is deprecated -W ignore:easy_install command is deprecated setup.py egg_info --egg-base ../../build/hiwonder_board build --build-base /home/public/MSE112_MPi5_Hiwonder_ROS2/ros2ws/build/hiwonder_board/build install --record /home/public/MSE112_MPi5_Hiwonder_ROS2/ros2ws/build/hiwonder_board/install.log --install-scripts $base/lib/hiwonder_board --single-version-externally-managed install_data
[2.548s] running egg_info
[2.572s] writing ../../build/hiwonder_board/hiwonder_board.egg-info/PKG-INFO
[2.573s] writing dependency_links to ../../build/hiwonder_board/hiwonder_board.egg-info/dependency_links.txt
[2.574s] writing entry points to ../../build/hiwonder_board/hiwonder_board.egg-info/entry_points.txt
[2.575s] writing requirements to ../../build/hiwonder_board/hiwonder_board.egg-info/requires.txt
[2.575s] writing top-level names to ../../build/hiwonder_board/hiwonder_board.egg-info/top_level.txt
[2.645s] reading manifest file '../../build/hiwonder_board/hiwonder_board.egg-info/SOURCES.txt'
[2.645s] adding license file 'LICENSE'
[2.646s] writing manifest file '../../build/hiwonder_board/hiwonder_board.egg-info/SOURCES.txt'
[2.647s] running build
[2.647s] running build_py
[2.647s] copying hiwonder_board/__init__.py -> /home/public/MSE112_MPi5_Hiwonder_ROS2/ros2ws/build/hiwonder_board/build/lib/hiwonder_board
[2.647s] copying hiwonder_board/hiwonder_board_node.py -> /home/public/MSE112_MPi5_Hiwonder_ROS2/ros2ws/build/hiwonder_board/build/lib/hiwonder_board
[2.648s] copying hiwonder_board/py.typed -> /home/public/MSE112_MPi5_Hiwonder_ROS2/ros2ws/build/hiwonder_board/build/lib/hiwonder_board
[2.648s] running install
[2.655s] running install_lib
[2.681s] copying /home/public/MSE112_MPi5_Hiwonder_ROS2/ros2ws/build/hiwonder_board/build/lib/hiwonder_board/hiwonder_board_node.py -> /home/public/MSE112_MPi5_Hiwonder_ROS2/ros2ws/install/hiwonder_board/lib/python3.14/site-packages/hiwonder_board
[2.682s] byte-compiling /home/public/MSE112_MPi5_Hiwonder_ROS2/ros2ws/install/hiwonder_board/lib/python3.14/site-packages/hiwonder_board/hiwonder_board_node.py to hiwonder_board_node.cpython-314.pyc
[2.692s] running install_data
[2.692s] copying resource/hiwonder_board -> /home/public/MSE112_MPi5_Hiwonder_ROS2/ros2ws/install/hiwonder_board/share/ament_index/resource_index/packages
[2.692s] copying package.xml -> /home/public/MSE112_MPi5_Hiwonder_ROS2/ros2ws/install/hiwonder_board/share/hiwonder_board
[2.693s] running install_egg_info
[2.721s] removing '/home/public/MSE112_MPi5_Hiwonder_ROS2/ros2ws/install/hiwonder_board/lib/python3.14/site-packages/hiwonder_board-0.0.0-py3.14.egg-info' (and everything under it)
[2.722s] Copying ../../build/hiwonder_board/hiwonder_board.egg-info to /home/public/MSE112_MPi5_Hiwonder_ROS2/ros2ws/install/hiwonder_board/lib/python3.14/site-packages/hiwonder_board-0.0.0-py3.14.egg-info
[2.724s] running install_scripts
[2.867s] Installing hiwonder_board_node script to /home/public/MSE112_MPi5_Hiwonder_ROS2/ros2ws/install/hiwonder_board/lib/hiwonder_board
[2.867s] Installing test_listener script to /home/public/MSE112_MPi5_Hiwonder_ROS2/ros2ws/install/hiwonder_board/lib/hiwonder_board
[2.869s] Installing test_talker script to /home/public/MSE112_MPi5_Hiwonder_ROS2/ros2ws/install/hiwonder_board/lib/hiwonder_board
[2.870s] writing list of installed files to '/home/public/MSE112_MPi5_Hiwonder_ROS2/ros2ws/build/hiwonder_board/install.log'
[2.992s] Invoked command in '/home/public/MSE112_MPi5_Hiwonder_ROS2/ros2ws/src/hiwonder_board' returned '0': DEBUGINFOD_URLS=https://debuginfod.ubuntu.com PYTHONPATH=/home/public/MSE112_MPi5_Hiwonder_ROS2/ros2ws/build/hiwonder_board/prefix_override:/usr/lib/python3/dist-packages/colcon_core/task/python/colcon_distutils_commands:/home/public/MSE112_MPi5_Hiwonder_ROS2/ros2ws/install/hiwonder_board/lib/python3.14/site-packages:${PYTHONPATH} /usr/bin/python3 -W ignore:setup.py install is deprecated -W ignore:easy_install command is deprecated setup.py egg_info --egg-base ../../build/hiwonder_board build --build-base /home/public/MSE112_MPi5_Hiwonder_ROS2/ros2ws/build/hiwonder_board/build install --record /home/public/MSE112_MPi5_Hiwonder_ROS2/ros2ws/build/hiwonder_board/install.log --install-scripts $base/lib/hiwonder_board --single-version-externally-managed install_data
