[3.479s] Invoking command in '/home/public/ros2ws/build/hiwonder_board': DEBUGINFOD_URLS=https://debuginfod.ubuntu.com PYTHONPATH=/home/public/ros2ws/build/hiwonder_board/prefix_override:/usr/lib/python3/dist-packages/colcon_core/task/python/colcon_distutils_commands:/home/public/ros2ws/install/hiwonder_board/lib/python3.14/site-packages:${PYTHONPATH} /usr/bin/python3 -W ignore:setup.py install is deprecated -W ignore:easy_install command is deprecated setup.py develop --editable --build-directory /home/public/ros2ws/build/hiwonder_board/build --no-deps symlink_data --force
[4.317s] running develop
[4.834s] running egg_info
[4.895s] writing hiwonder_board.egg-info/PKG-INFO
[4.897s] writing dependency_links to hiwonder_board.egg-info/dependency_links.txt
[4.899s] writing entry points to hiwonder_board.egg-info/entry_points.txt
[4.901s] writing requirements to hiwonder_board.egg-info/requires.txt
[4.901s] writing top-level names to hiwonder_board.egg-info/top_level.txt
[5.025s] reading manifest file 'hiwonder_board.egg-info/SOURCES.txt'
[5.025s] writing manifest file 'hiwonder_board.egg-info/SOURCES.txt'
[5.058s] running build_ext
[5.058s] Creating /home/public/ros2ws/install/hiwonder_board/lib/python3.14/site-packages/hiwonder-board.egg-link (link to .)
[5.067s] Installing hiwonder_board_node script to /home/public/ros2ws/install/hiwonder_board/lib/hiwonder_board
[5.068s] Installing test_listener script to /home/public/ros2ws/install/hiwonder_board/lib/hiwonder_board
[5.068s] Installing test_talker script to /home/public/ros2ws/install/hiwonder_board/lib/hiwonder_board
[5.068s] 
[5.068s] Installed /home/public/ros2ws/build/hiwonder_board
[5.068s] running symlink_data
[5.068s] symbolically linking /home/public/ros2ws/build/hiwonder_board/resource/hiwonder_board -> /home/public/ros2ws/install/hiwonder_board/share/ament_index/resource_index/packages
[5.068s] symbolically linking /home/public/ros2ws/build/hiwonder_board/package.xml -> /home/public/ros2ws/install/hiwonder_board/share/hiwonder_board
[5.311s] Invoked command in '/home/public/ros2ws/build/hiwonder_board' returned '0': DEBUGINFOD_URLS=https://debuginfod.ubuntu.com PYTHONPATH=/home/public/ros2ws/build/hiwonder_board/prefix_override:/usr/lib/python3/dist-packages/colcon_core/task/python/colcon_distutils_commands:/home/public/ros2ws/install/hiwonder_board/lib/python3.14/site-packages:${PYTHONPATH} /usr/bin/python3 -W ignore:setup.py install is deprecated -W ignore:easy_install command is deprecated setup.py develop --editable --build-directory /home/public/ros2ws/build/hiwonder_board/build --no-deps symlink_data --force
