[0.081s] Invoking command in '/home/public/ros2ws/build/turtlesim': CMAKE_PREFIX_PATH=/home/public/ros2ws/install/turtlesim_msgs:/home/public/ros2ws/install/turtlesim:/home/public/ros2ws/install/examples_rclcpp_wait_set:/home/public/ros2ws/install/examples_rclcpp_multithreaded_executor:/home/public/ros2ws/install/examples_rclcpp_minimal_timer:/home/public/ros2ws/install/examples_rclcpp_minimal_subscriber:/home/public/ros2ws/install/examples_rclcpp_minimal_service:/home/public/ros2ws/install/examples_rclcpp_minimal_publisher:/home/public/ros2ws/install/examples_rclcpp_minimal_composition:/home/public/ros2ws/install/examples_rclcpp_minimal_client:/home/public/ros2ws/install/examples_rclcpp_minimal_action_server:/home/public/ros2ws/install/examples_rclcpp_minimal_action_client:/home/public/ros2ws/install/examples_rclcpp_cbg_executor:/home/public/ros2ws/install/examples_rclcpp_async_client:/opt/ros/lyrical/opt/gz_math_vendor:/opt/ros/lyrical/opt/gz_utils_vendor:/opt/ros/lyrical/opt/gz_cmake_vendor:/home/public/ros2ws/install/launch_testing_examples:/home/public/ros2ws/install/hiwonder_board:/home/public/ros2ws/install/examples_rclpy_pointcloud_publisher:/home/public/ros2ws/install/examples_rclpy_minimal_subscriber:/home/public/ros2ws/install/examples_rclpy_minimal_service:/home/public/ros2ws/install/examples_rclpy_minimal_publisher:/home/public/ros2ws/install/examples_rclpy_minimal_client:/home/public/ros2ws/install/examples_rclpy_minimal_action_server:/home/public/ros2ws/install/examples_rclpy_minimal_action_client:/home/public/ros2ws/install/examples_rclpy_guard_conditions:/home/public/ros2ws/install/examples_rclpy_executors:/home/public/ros2ws/install/controls_core:/opt/ros/lyrical DEBUGINFOD_URLS=https://debuginfod.ubuntu.com /usr/bin/cmake --build /home/public/ros2ws/build/turtlesim -- -j4 -l4
[0.219s] [  0%] Built target turtlesim_node_autogen_timestamp_deps
[0.271s] [  0%] Built target mimic_autogen_timestamp_deps
[0.331s] [  0%] Built target draw_square_autogen_timestamp_deps
[0.378s] [  5%] Built target turtlesim_node_autogen
[0.412s] [ 10%] Built target mimic_autogen
[0.458s] [ 15%] Built target draw_square_autogen
[0.537s] [ 30%] Built target mimic
[0.581s] [ 35%] [1m[32mLinking CXX executable turtlesim_node[0m
[8.355s] [ 65%] Built target turtlesim_node
[8.394s] [ 65%] Built target turtle_teleop_key_autogen_timestamp_deps
[8.410s] [ 80%] Built target draw_square
[8.444s] [ 85%] Built target turtle_teleop_key_autogen
[8.496s] [100%] Built target turtle_teleop_key
[8.514s] Invoked command in '/home/public/ros2ws/build/turtlesim' returned '0': CMAKE_PREFIX_PATH=/home/public/ros2ws/install/turtlesim_msgs:/home/public/ros2ws/install/turtlesim:/home/public/ros2ws/install/examples_rclcpp_wait_set:/home/public/ros2ws/install/examples_rclcpp_multithreaded_executor:/home/public/ros2ws/install/examples_rclcpp_minimal_timer:/home/public/ros2ws/install/examples_rclcpp_minimal_subscriber:/home/public/ros2ws/install/examples_rclcpp_minimal_service:/home/public/ros2ws/install/examples_rclcpp_minimal_publisher:/home/public/ros2ws/install/examples_rclcpp_minimal_composition:/home/public/ros2ws/install/examples_rclcpp_minimal_client:/home/public/ros2ws/install/examples_rclcpp_minimal_action_server:/home/public/ros2ws/install/examples_rclcpp_minimal_action_client:/home/public/ros2ws/install/examples_rclcpp_cbg_executor:/home/public/ros2ws/install/examples_rclcpp_async_client:/opt/ros/lyrical/opt/gz_math_vendor:/opt/ros/lyrical/opt/gz_utils_vendor:/opt/ros/lyrical/opt/gz_cmake_vendor:/home/public/ros2ws/install/launch_testing_examples:/home/public/ros2ws/install/hiwonder_board:/home/public/ros2ws/install/examples_rclpy_pointcloud_publisher:/home/public/ros2ws/install/examples_rclpy_minimal_subscriber:/home/public/ros2ws/install/examples_rclpy_minimal_service:/home/public/ros2ws/install/examples_rclpy_minimal_publisher:/home/public/ros2ws/install/examples_rclpy_minimal_client:/home/public/ros2ws/install/examples_rclpy_minimal_action_server:/home/public/ros2ws/install/examples_rclpy_minimal_action_client:/home/public/ros2ws/install/examples_rclpy_guard_conditions:/home/public/ros2ws/install/examples_rclpy_executors:/home/public/ros2ws/install/controls_core:/opt/ros/lyrical DEBUGINFOD_URLS=https://debuginfod.ubuntu.com /usr/bin/cmake --build /home/public/ros2ws/build/turtlesim -- -j4 -l4
[8.518s] Invoking command in '/home/public/ros2ws/build/turtlesim': CMAKE_PREFIX_PATH=/home/public/ros2ws/install/turtlesim_msgs:/home/public/ros2ws/install/turtlesim:/home/public/ros2ws/install/examples_rclcpp_wait_set:/home/public/ros2ws/install/examples_rclcpp_multithreaded_executor:/home/public/ros2ws/install/examples_rclcpp_minimal_timer:/home/public/ros2ws/install/examples_rclcpp_minimal_subscriber:/home/public/ros2ws/install/examples_rclcpp_minimal_service:/home/public/ros2ws/install/examples_rclcpp_minimal_publisher:/home/public/ros2ws/install/examples_rclcpp_minimal_composition:/home/public/ros2ws/install/examples_rclcpp_minimal_client:/home/public/ros2ws/install/examples_rclcpp_minimal_action_server:/home/public/ros2ws/install/examples_rclcpp_minimal_action_client:/home/public/ros2ws/install/examples_rclcpp_cbg_executor:/home/public/ros2ws/install/examples_rclcpp_async_client:/opt/ros/lyrical/opt/gz_math_vendor:/opt/ros/lyrical/opt/gz_utils_vendor:/opt/ros/lyrical/opt/gz_cmake_vendor:/home/public/ros2ws/install/launch_testing_examples:/home/public/ros2ws/install/hiwonder_board:/home/public/ros2ws/install/examples_rclpy_pointcloud_publisher:/home/public/ros2ws/install/examples_rclpy_minimal_subscriber:/home/public/ros2ws/install/examples_rclpy_minimal_service:/home/public/ros2ws/install/examples_rclpy_minimal_publisher:/home/public/ros2ws/install/examples_rclpy_minimal_client:/home/public/ros2ws/install/examples_rclpy_minimal_action_server:/home/public/ros2ws/install/examples_rclpy_minimal_action_client:/home/public/ros2ws/install/examples_rclpy_guard_conditions:/home/public/ros2ws/install/examples_rclpy_executors:/home/public/ros2ws/install/controls_core:/opt/ros/lyrical DEBUGINFOD_URLS=https://debuginfod.ubuntu.com /usr/bin/cmake --install /home/public/ros2ws/build/turtlesim
[8.530s] -- Install configuration: ""
[8.533s] -- Installing: /home/public/ros2ws/install/turtlesim/lib/turtlesim/turtlesim_node
[8.548s] -- Set non-toolchain portion of runtime path of "/home/public/ros2ws/install/turtlesim/lib/turtlesim/turtlesim_node" to "$ORIGIN:$ORIGIN/../lib"
[8.550s] -- Up-to-date: /home/public/ros2ws/install/turtlesim/lib/turtlesim/turtle_teleop_key
[8.552s] -- Up-to-date: /home/public/ros2ws/install/turtlesim/lib/turtlesim/draw_square
[8.554s] -- Up-to-date: /home/public/ros2ws/install/turtlesim/lib/turtlesim/mimic
[8.554s] -- Up-to-date: /home/public/ros2ws/install/turtlesim/share/turtlesim/images
[8.555s] -- Up-to-date: /home/public/ros2ws/install/turtlesim/share/turtlesim/images/kilted.png
[8.555s] -- Up-to-date: /home/public/ros2ws/install/turtlesim/share/turtlesim/images/eloquent.png
[8.555s] -- Up-to-date: /home/public/ros2ws/install/turtlesim/share/turtlesim/images/jazzy.png
[8.555s] -- Up-to-date: /home/public/ros2ws/install/turtlesim/share/turtlesim/images/bouncy.png
[8.555s] -- Up-to-date: /home/public/ros2ws/install/turtlesim/share/turtlesim/images/galactic.png
[8.555s] -- Up-to-date: /home/public/ros2ws/install/turtlesim/share/turtlesim/images/foxy.png
[8.555s] -- Up-to-date: /home/public/ros2ws/install/turtlesim/share/turtlesim/images/humble.png
[8.555s] -- Up-to-date: /home/public/ros2ws/install/turtlesim/share/turtlesim/images/dashing.png
[8.556s] -- Up-to-date: /home/public/ros2ws/install/turtlesim/share/turtlesim/images/crystal.png
[8.556s] -- Up-to-date: /home/public/ros2ws/install/turtlesim/share/turtlesim/images/iron.png
[8.556s] -- Up-to-date: /home/public/ros2ws/install/turtlesim/share/turtlesim/images/lyrical.png
[8.556s] -- Up-to-date: /home/public/ros2ws/install/turtlesim/share/turtlesim/images/ardent.png
[8.556s] -- Up-to-date: /home/public/ros2ws/install/turtlesim/share/turtlesim/images/rolling.png
[8.556s] -- Up-to-date: /home/public/ros2ws/install/turtlesim/share/turtlesim/launch
[8.556s] -- Up-to-date: /home/public/ros2ws/install/turtlesim/share/turtlesim/launch/multisim.launch.py
[8.556s] -- Up-to-date: /home/public/ros2ws/install/turtlesim/share/ament_index/resource_index/package_run_dependencies/turtlesim
[8.557s] -- Up-to-date: /home/public/ros2ws/install/turtlesim/share/ament_index/resource_index/parent_prefix_path/turtlesim
[8.557s] -- Up-to-date: /home/public/ros2ws/install/turtlesim/share/turtlesim/environment/ament_prefix_path.sh
[8.557s] -- Up-to-date: /home/public/ros2ws/install/turtlesim/share/turtlesim/environment/ament_prefix_path.dsv
[8.557s] -- Up-to-date: /home/public/ros2ws/install/turtlesim/share/turtlesim/environment/path.sh
[8.557s] -- Up-to-date: /home/public/ros2ws/install/turtlesim/share/turtlesim/environment/path.dsv
[8.557s] -- Up-to-date: /home/public/ros2ws/install/turtlesim/share/turtlesim/local_setup.bash
[8.557s] -- Up-to-date: /home/public/ros2ws/install/turtlesim/share/turtlesim/local_setup.fish
[8.557s] -- Up-to-date: /home/public/ros2ws/install/turtlesim/share/turtlesim/local_setup.sh
[8.557s] -- Up-to-date: /home/public/ros2ws/install/turtlesim/share/turtlesim/local_setup.zsh
[8.557s] -- Up-to-date: /home/public/ros2ws/install/turtlesim/share/turtlesim/local_setup.dsv
[8.557s] -- Installing: /home/public/ros2ws/install/turtlesim/share/turtlesim/package.dsv
[8.558s] -- Up-to-date: /home/public/ros2ws/install/turtlesim/share/ament_index/resource_index/packages/turtlesim
[8.558s] -- Up-to-date: /home/public/ros2ws/install/turtlesim/share/turtlesim/cmake/turtlesimConfig.cmake
[8.558s] -- Up-to-date: /home/public/ros2ws/install/turtlesim/share/turtlesim/cmake/turtlesimConfig-version.cmake
[8.558s] -- Up-to-date: /home/public/ros2ws/install/turtlesim/share/turtlesim/package.xml
[8.560s] Invoked command in '/home/public/ros2ws/build/turtlesim' returned '0': CMAKE_PREFIX_PATH=/home/public/ros2ws/install/turtlesim_msgs:/home/public/ros2ws/install/turtlesim:/home/public/ros2ws/install/examples_rclcpp_wait_set:/home/public/ros2ws/install/examples_rclcpp_multithreaded_executor:/home/public/ros2ws/install/examples_rclcpp_minimal_timer:/home/public/ros2ws/install/examples_rclcpp_minimal_subscriber:/home/public/ros2ws/install/examples_rclcpp_minimal_service:/home/public/ros2ws/install/examples_rclcpp_minimal_publisher:/home/public/ros2ws/install/examples_rclcpp_minimal_composition:/home/public/ros2ws/install/examples_rclcpp_minimal_client:/home/public/ros2ws/install/examples_rclcpp_minimal_action_server:/home/public/ros2ws/install/examples_rclcpp_minimal_action_client:/home/public/ros2ws/install/examples_rclcpp_cbg_executor:/home/public/ros2ws/install/examples_rclcpp_async_client:/opt/ros/lyrical/opt/gz_math_vendor:/opt/ros/lyrical/opt/gz_utils_vendor:/opt/ros/lyrical/opt/gz_cmake_vendor:/home/public/ros2ws/install/launch_testing_examples:/home/public/ros2ws/install/hiwonder_board:/home/public/ros2ws/install/examples_rclpy_pointcloud_publisher:/home/public/ros2ws/install/examples_rclpy_minimal_subscriber:/home/public/ros2ws/install/examples_rclpy_minimal_service:/home/public/ros2ws/install/examples_rclpy_minimal_publisher:/home/public/ros2ws/install/examples_rclpy_minimal_client:/home/public/ros2ws/install/examples_rclpy_minimal_action_server:/home/public/ros2ws/install/examples_rclpy_minimal_action_client:/home/public/ros2ws/install/examples_rclpy_guard_conditions:/home/public/ros2ws/install/examples_rclpy_executors:/home/public/ros2ws/install/controls_core:/opt/ros/lyrical DEBUGINFOD_URLS=https://debuginfod.ubuntu.com /usr/bin/cmake --install /home/public/ros2ws/build/turtlesim
