[2.440s] Invoking command in '/home/public/ros2ws/src/examples/rclpy/topics/pointcloud_publisher': DEBUGINFOD_URLS=https://debuginfod.ubuntu.com PYTHONPATH=/home/public/ros2ws/build/examples_rclpy_pointcloud_publisher/prefix_override:/usr/lib/python3/dist-packages/colcon_core/task/python/colcon_distutils_commands:/home/public/ros2ws/install/examples_rclpy_pointcloud_publisher/lib/python3.14/site-packages:${PYTHONPATH} /usr/bin/python3 -W ignore:setup.py install is deprecated -W ignore:easy_install command is deprecated setup.py egg_info --egg-base ../../../../../build/examples_rclpy_pointcloud_publisher build --build-base /home/public/ros2ws/build/examples_rclpy_pointcloud_publisher/build install --record /home/public/ros2ws/build/examples_rclpy_pointcloud_publisher/install.log --install-scripts $base/lib/examples_rclpy_pointcloud_publisher --single-version-externally-managed install_data
[3.156s] running egg_info
[3.187s] writing ../../../../../build/examples_rclpy_pointcloud_publisher/examples_rclpy_pointcloud_publisher.egg-info/PKG-INFO
[3.190s] writing dependency_links to ../../../../../build/examples_rclpy_pointcloud_publisher/examples_rclpy_pointcloud_publisher.egg-info/dependency_links.txt
[3.194s] writing entry points to ../../../../../build/examples_rclpy_pointcloud_publisher/examples_rclpy_pointcloud_publisher.egg-info/entry_points.txt
[3.195s] writing requirements to ../../../../../build/examples_rclpy_pointcloud_publisher/examples_rclpy_pointcloud_publisher.egg-info/requires.txt
[3.195s] writing top-level names to ../../../../../build/examples_rclpy_pointcloud_publisher/examples_rclpy_pointcloud_publisher.egg-info/top_level.txt
[3.269s] reading manifest file '../../../../../build/examples_rclpy_pointcloud_publisher/examples_rclpy_pointcloud_publisher.egg-info/SOURCES.txt'
[3.275s] writing manifest file '../../../../../build/examples_rclpy_pointcloud_publisher/examples_rclpy_pointcloud_publisher.egg-info/SOURCES.txt'
[3.277s] running build
[3.278s] running build_py
[3.280s] copying examples_rclpy_pointcloud_publisher/pointcloud_publisher.py -> /home/public/ros2ws/build/examples_rclpy_pointcloud_publisher/build/lib/examples_rclpy_pointcloud_publisher
[3.282s] copying examples_rclpy_pointcloud_publisher/__init__.py -> /home/public/ros2ws/build/examples_rclpy_pointcloud_publisher/build/lib/examples_rclpy_pointcloud_publisher
[3.283s] running install
[3.294s] running install_lib
[3.331s] running install_data
[3.331s] copying resource/examples_rclpy_pointcloud_publisher -> /home/public/ros2ws/install/examples_rclpy_pointcloud_publisher/share/ament_index/resource_index/packages
[3.332s] copying package.xml -> /home/public/ros2ws/install/examples_rclpy_pointcloud_publisher/share/examples_rclpy_pointcloud_publisher
[3.333s] running install_egg_info
[3.363s] removing '/home/public/ros2ws/install/examples_rclpy_pointcloud_publisher/lib/python3.14/site-packages/examples_rclpy_pointcloud_publisher-0.21.5-py3.14.egg-info' (and everything under it)
[3.365s] Copying ../../../../../build/examples_rclpy_pointcloud_publisher/examples_rclpy_pointcloud_publisher.egg-info to /home/public/ros2ws/install/examples_rclpy_pointcloud_publisher/lib/python3.14/site-packages/examples_rclpy_pointcloud_publisher-0.21.5-py3.14.egg-info
[3.377s] running install_scripts
[3.590s] Installing pointcloud_publisher script to /home/public/ros2ws/install/examples_rclpy_pointcloud_publisher/lib/examples_rclpy_pointcloud_publisher
[3.593s] writing list of installed files to '/home/public/ros2ws/build/examples_rclpy_pointcloud_publisher/install.log'
[3.893s] Invoked command in '/home/public/ros2ws/src/examples/rclpy/topics/pointcloud_publisher' returned '0': DEBUGINFOD_URLS=https://debuginfod.ubuntu.com PYTHONPATH=/home/public/ros2ws/build/examples_rclpy_pointcloud_publisher/prefix_override:/usr/lib/python3/dist-packages/colcon_core/task/python/colcon_distutils_commands:/home/public/ros2ws/install/examples_rclpy_pointcloud_publisher/lib/python3.14/site-packages:${PYTHONPATH} /usr/bin/python3 -W ignore:setup.py install is deprecated -W ignore:easy_install command is deprecated setup.py egg_info --egg-base ../../../../../build/examples_rclpy_pointcloud_publisher build --build-base /home/public/ros2ws/build/examples_rclpy_pointcloud_publisher/build install --record /home/public/ros2ws/build/examples_rclpy_pointcloud_publisher/install.log --install-scripts $base/lib/examples_rclpy_pointcloud_publisher --single-version-externally-managed install_data
