[-1785193569633260032.000s] DEBUG:colcon:Command line arguments: ['/usr/bin/colcon', 'build', '--symlink-install']
[-1785193569633260032.000s] DEBUG:colcon:Parsed command line arguments: Namespace(log_base=None, log_level=None, verb_name='build', build_base='build', install_base='install', merge_install=False, symlink_install=True, test_result_base=None, continue_on_error=False, executor='parallel', parallel_workers=4, event_handlers=None, ignore_user_meta=False, metas=['./colcon.meta'], base_paths=['.'], packages_ignore=None, packages_ignore_regex=None, paths=None, packages_up_to=None, packages_up_to_regex=None, packages_above=None, packages_above_and_dependencies=None, packages_above_depth=None, packages_select_by_dep=None, packages_skip_by_dep=None, packages_skip_up_to=None, packages_select_build_failed=False, packages_skip_build_finished=False, packages_select_test_failures=False, packages_skip_test_passed=False, packages_select=None, packages_skip=None, packages_select_regex=None, packages_skip_regex=None, packages_start=None, packages_end=None, allow_overriding=[], cmake_args=None, cmake_target=None, cmake_target_skip_unavailable=False, cmake_clean_cache=False, cmake_clean_first=False, cmake_force_configure=False, ament_cmake_args=None, catkin_cmake_args=None, catkin_skip_building_tests=False, mixin_files=None, mixin=None, verb_parser=<colcon_mixin.mixin.mixin_argument.MixinArgumentDecorator object at 0xffff907a02d0>, verb_extension=<colcon_core.verb.build.BuildVerb object at 0xffff9071b8c0>, main=<bound method BuildVerb.main of <colcon_core.verb.build.BuildVerb object at 0xffff9071b8c0>>, mixin_verb=('build',))
[-1785193569633260032.000s] Level 1:colcon.colcon_core.package_discovery:discover_packages(colcon_meta) check parameters
[-1785193569633260032.000s] Level 1:colcon.colcon_core.package_discovery:discover_packages(recursive) check parameters
[-1785193569633260032.000s] Level 1:colcon.colcon_core.package_discovery:discover_packages(ignore) check parameters
[-1785193569633260032.000s] Level 1:colcon.colcon_core.package_discovery:discover_packages(path) check parameters
[-1785193569633260032.000s] Level 1:colcon.colcon_core.package_discovery:discover_packages(colcon_meta) discover
[-1785193569633260032.000s] Level 1:colcon.colcon_core.package_discovery:discover_packages(recursive) discover
[-1785193569633260032.000s] INFO:colcon.colcon_core.package_discovery:Crawling recursively for packages in '/home/public/ros2ws'
[-1785193569633260032.000s] Level 1:colcon.colcon_core.package_identification:_identify(.) by extensions ['ignore', 'ignore_ament_install']
[-1785193569633260032.000s] Level 1:colcon.colcon_core.package_identification:_identify(.) by extension 'ignore'
[-1785193569633260032.000s] Level 1:colcon.colcon_core.package_identification:_identify(.) by extension 'ignore_ament_install'
[-1785193569633260032.000s] Level 1:colcon.colcon_core.package_identification:_identify(.) by extensions ['colcon_pkg']
[-1785193569633260032.000s] Level 1:colcon.colcon_core.package_identification:_identify(.) by extension 'colcon_pkg'
[-1785193569633260032.000s] Level 1:colcon.colcon_core.package_identification:_identify(.) by extensions ['colcon_meta']
[-1785193569633260032.000s] Level 1:colcon.colcon_core.package_identification:_identify(.) by extension 'colcon_meta'
[-1785193569633260032.000s] Level 1:colcon.colcon_core.package_identification:_identify(.) by extensions ['ros']
[-1785193569633260032.000s] Level 1:colcon.colcon_core.package_identification:_identify(.) by extension 'ros'
[-1785193569633260032.000s] Level 1:colcon.colcon_core.package_identification:_identify(.) by extensions ['cmake', 'python']
[-1785193569633260032.000s] Level 1:colcon.colcon_core.package_identification:_identify(.) by extension 'cmake'
[-1785193569633260032.000s] Level 1:colcon.colcon_core.package_identification:_identify(.) by extension 'python'
[-1785193569633260032.000s] Level 1:colcon.colcon_core.package_identification:_identify(.) by extensions ['python_setup_py']
[-1785193569633260032.000s] Level 1:colcon.colcon_core.package_identification:_identify(.) by extension 'python_setup_py'
[-1785193569633260032.000s] Level 1:colcon.colcon_core.package_identification:_identify(build) by extensions ['ignore', 'ignore_ament_install']
[-1785193569633260032.000s] Level 1:colcon.colcon_core.package_identification:_identify(build) by extension 'ignore'
[-1785193569633260032.000s] Level 1:colcon.colcon_core.package_identification:_identify(build) ignored
[-1785193569633260032.000s] Level 1:colcon.colcon_core.package_identification:_identify(install) by extensions ['ignore', 'ignore_ament_install']
[-1785193569633260032.000s] Level 1:colcon.colcon_core.package_identification:_identify(install) by extension 'ignore'
[-1785193569633260032.000s] Level 1:colcon.colcon_core.package_identification:_identify(install) ignored
[-1785193569633260032.000s] Level 1:colcon.colcon_core.package_identification:_identify(log) by extensions ['ignore', 'ignore_ament_install']
[-1785193569633260032.000s] Level 1:colcon.colcon_core.package_identification:_identify(log) by extension 'ignore'
[-1785193569633260032.000s] Level 1:colcon.colcon_core.package_identification:_identify(log) ignored
[-1785193569633260032.000s] Level 1:colcon.colcon_core.package_identification:_identify(src) by extensions ['ignore', 'ignore_ament_install']
[-1785193569633260032.000s] Level 1:colcon.colcon_core.package_identification:_identify(src) by extension 'ignore'
[-1785193569633260032.000s] Level 1:colcon.colcon_core.package_identification:_identify(src) by extension 'ignore_ament_install'
[-1785193569633260032.000s] Level 1:colcon.colcon_core.package_identification:_identify(src) by extensions ['colcon_pkg']
[-1785193569633260032.000s] Level 1:colcon.colcon_core.package_identification:_identify(src) by extension 'colcon_pkg'
[-1785193569633260032.000s] Level 1:colcon.colcon_core.package_identification:_identify(src) by extensions ['colcon_meta']
[-1785193569633260032.000s] Level 1:colcon.colcon_core.package_identification:_identify(src) by extension 'colcon_meta'
[-1785193569633260032.000s] Level 1:colcon.colcon_core.package_identification:_identify(src) by extensions ['ros']
[-1785193569633260032.000s] Level 1:colcon.colcon_core.package_identification:_identify(src) by extension 'ros'
[-1785193569633260032.000s] Level 1:colcon.colcon_core.package_identification:_identify(src) by extensions ['cmake', 'python']
[-1785193569633260032.000s] Level 1:colcon.colcon_core.package_identification:_identify(src) by extension 'cmake'
[-1785193569633260032.000s] Level 1:colcon.colcon_core.package_identification:_identify(src) by extension 'python'
[-1785193569633260032.000s] Level 1:colcon.colcon_core.package_identification:_identify(src) by extensions ['python_setup_py']
[-1785193569633260032.000s] Level 1:colcon.colcon_core.package_identification:_identify(src) by extension 'python_setup_py'
[-1785193569633260032.000s] Level 1:colcon.colcon_core.package_identification:_identify(src/controls_core) by extensions ['ignore', 'ignore_ament_install']
[-1785193569633260032.000s] Level 1:colcon.colcon_core.package_identification:_identify(src/controls_core) by extension 'ignore'
[-1785193569633260032.000s] Level 1:colcon.colcon_core.package_identification:_identify(src/controls_core) by extension 'ignore_ament_install'
[-1785193569633260032.000s] Level 1:colcon.colcon_core.package_identification:_identify(src/controls_core) by extensions ['colcon_pkg']
[-1785193569633260032.000s] Level 1:colcon.colcon_core.package_identification:_identify(src/controls_core) by extension 'colcon_pkg'
[-1785193569633260032.000s] Level 1:colcon.colcon_core.package_identification:_identify(src/controls_core) by extensions ['colcon_meta']
[-1785193569633260032.000s] Level 1:colcon.colcon_core.package_identification:_identify(src/controls_core) by extension 'colcon_meta'
[-1785193569633260032.000s] Level 1:colcon.colcon_core.package_identification:_identify(src/controls_core) by extensions ['ros']
[-1785193569633260032.000s] Level 1:colcon.colcon_core.package_identification:_identify(src/controls_core) by extension 'ros'
[-1785193569633260032.000s] DEBUG:colcon.colcon_core.package_identification:Package 'src/controls_core' with type 'ros.ament_python' and name 'controls_core'
[-1785193569633260032.000s] Level 1:colcon.colcon_core.package_identification:_identify(src/hiwonder_board) by extensions ['ignore', 'ignore_ament_install']
[-1785193569633260032.000s] Level 1:colcon.colcon_core.package_identification:_identify(src/hiwonder_board) by extension 'ignore'
[-1785193569633260032.000s] Level 1:colcon.colcon_core.package_identification:_identify(src/hiwonder_board) by extension 'ignore_ament_install'
[-1785193569633260032.000s] Level 1:colcon.colcon_core.package_identification:_identify(src/hiwonder_board) by extensions ['colcon_pkg']
[-1785193569633260032.000s] Level 1:colcon.colcon_core.package_identification:_identify(src/hiwonder_board) by extension 'colcon_pkg'
[-1785193569633260032.000s] Level 1:colcon.colcon_core.package_identification:_identify(src/hiwonder_board) by extensions ['colcon_meta']
[-1785193569633260032.000s] Level 1:colcon.colcon_core.package_identification:_identify(src/hiwonder_board) by extension 'colcon_meta'
[-1785193569633260032.000s] Level 1:colcon.colcon_core.package_identification:_identify(src/hiwonder_board) by extensions ['ros']
[-1785193569633260032.000s] Level 1:colcon.colcon_core.package_identification:_identify(src/hiwonder_board) by extension 'ros'
[-1785193569633260032.000s] DEBUG:colcon.colcon_core.package_identification:Package 'src/hiwonder_board' with type 'ros.ament_python' and name 'hiwonder_board'
[-1785193569633260032.000s] Level 1:colcon.colcon_core.package_identification:_identify(src/opencv2_nodes) by extensions ['ignore', 'ignore_ament_install']
[-1785193569633260032.000s] Level 1:colcon.colcon_core.package_identification:_identify(src/opencv2_nodes) by extension 'ignore'
[-1785193569633260032.000s] Level 1:colcon.colcon_core.package_identification:_identify(src/opencv2_nodes) by extension 'ignore_ament_install'
[-1785193569633260032.000s] Level 1:colcon.colcon_core.package_identification:_identify(src/opencv2_nodes) by extensions ['colcon_pkg']
[-1785193569633260032.000s] Level 1:colcon.colcon_core.package_identification:_identify(src/opencv2_nodes) by extension 'colcon_pkg'
[-1785193569633260032.000s] Level 1:colcon.colcon_core.package_identification:_identify(src/opencv2_nodes) by extensions ['colcon_meta']
[-1785193569633260032.000s] Level 1:colcon.colcon_core.package_identification:_identify(src/opencv2_nodes) by extension 'colcon_meta'
[-1785193569633260032.000s] Level 1:colcon.colcon_core.package_identification:_identify(src/opencv2_nodes) by extensions ['ros']
[-1785193569633260032.000s] Level 1:colcon.colcon_core.package_identification:_identify(src/opencv2_nodes) by extension 'ros'
[-1785193569633260032.000s] DEBUG:colcon.colcon_core.package_identification:Package 'src/opencv2_nodes' with type 'ros.ament_python' and name 'opencv2_nodes'
[-1785193569633260032.000s] Level 1:colcon.colcon_core.package_identification:_identify(src/ros_tutorials) by extensions ['ignore', 'ignore_ament_install']
[-1785193569633260032.000s] Level 1:colcon.colcon_core.package_identification:_identify(src/ros_tutorials) by extension 'ignore'
[-1785193569633260032.000s] Level 1:colcon.colcon_core.package_identification:_identify(src/ros_tutorials) by extension 'ignore_ament_install'
[-1785193569633260032.000s] Level 1:colcon.colcon_core.package_identification:_identify(src/ros_tutorials) by extensions ['colcon_pkg']
[-1785193569633260032.000s] Level 1:colcon.colcon_core.package_identification:_identify(src/ros_tutorials) by extension 'colcon_pkg'
[-1785193569633260032.000s] Level 1:colcon.colcon_core.package_identification:_identify(src/ros_tutorials) by extensions ['colcon_meta']
[-1785193569633260032.000s] Level 1:colcon.colcon_core.package_identification:_identify(src/ros_tutorials) by extension 'colcon_meta'
[-1785193569633260032.000s] Level 1:colcon.colcon_core.package_identification:_identify(src/ros_tutorials) by extensions ['ros']
[-1785193569633260032.000s] Level 1:colcon.colcon_core.package_identification:_identify(src/ros_tutorials) by extension 'ros'
[-1785193569633260032.000s] Level 1:colcon.colcon_core.package_identification:_identify(src/ros_tutorials) by extensions ['cmake', 'python']
[-1785193569633260032.000s] Level 1:colcon.colcon_core.package_identification:_identify(src/ros_tutorials) by extension 'cmake'
[-1785193569633260032.000s] Level 1:colcon.colcon_core.package_identification:_identify(src/ros_tutorials) by extension 'python'
[-1785193569633260032.000s] Level 1:colcon.colcon_core.package_identification:_identify(src/ros_tutorials) by extensions ['python_setup_py']
[-1785193569633260032.000s] Level 1:colcon.colcon_core.package_identification:_identify(src/ros_tutorials) by extension 'python_setup_py'
[-1785193569633260032.000s] Level 1:colcon.colcon_core.package_identification:_identify(src/ros_tutorials/turtlesim) by extensions ['ignore', 'ignore_ament_install']
[-1785193569633260032.000s] Level 1:colcon.colcon_core.package_identification:_identify(src/ros_tutorials/turtlesim) by extension 'ignore'
[-1785193569633260032.000s] Level 1:colcon.colcon_core.package_identification:_identify(src/ros_tutorials/turtlesim) by extension 'ignore_ament_install'
[-1785193569633260032.000s] Level 1:colcon.colcon_core.package_identification:_identify(src/ros_tutorials/turtlesim) by extensions ['colcon_pkg']
[-1785193569633260032.000s] Level 1:colcon.colcon_core.package_identification:_identify(src/ros_tutorials/turtlesim) by extension 'colcon_pkg'
[-1785193569633260032.000s] Level 1:colcon.colcon_core.package_identification:_identify(src/ros_tutorials/turtlesim) by extensions ['colcon_meta']
[-1785193569633260032.000s] Level 1:colcon.colcon_core.package_identification:_identify(src/ros_tutorials/turtlesim) by extension 'colcon_meta'
[-1785193569633260032.000s] Level 1:colcon.colcon_core.package_identification:_identify(src/ros_tutorials/turtlesim) by extensions ['ros']
[-1785193569633260032.000s] Level 1:colcon.colcon_core.package_identification:_identify(src/ros_tutorials/turtlesim) by extension 'ros'
[-1785193569633260032.000s] DEBUG:colcon.colcon_core.package_identification:Package 'src/ros_tutorials/turtlesim' with type 'ros.ament_cmake' and name 'turtlesim'
[-1785193569633260032.000s] Level 1:colcon.colcon_core.package_identification:_identify(src/ros_tutorials/turtlesim_msgs) by extensions ['ignore', 'ignore_ament_install']
[-1785193569633260032.000s] Level 1:colcon.colcon_core.package_identification:_identify(src/ros_tutorials/turtlesim_msgs) by extension 'ignore'
[-1785193569633260032.000s] Level 1:colcon.colcon_core.package_identification:_identify(src/ros_tutorials/turtlesim_msgs) by extension 'ignore_ament_install'
[-1785193569633260032.000s] Level 1:colcon.colcon_core.package_identification:_identify(src/ros_tutorials/turtlesim_msgs) by extensions ['colcon_pkg']
[-1785193569633260032.000s] Level 1:colcon.colcon_core.package_identification:_identify(src/ros_tutorials/turtlesim_msgs) by extension 'colcon_pkg'
[-1785193569633260032.000s] Level 1:colcon.colcon_core.package_identification:_identify(src/ros_tutorials/turtlesim_msgs) by extensions ['colcon_meta']
[-1785193569633260032.000s] Level 1:colcon.colcon_core.package_identification:_identify(src/ros_tutorials/turtlesim_msgs) by extension 'colcon_meta'
[-1785193569633260032.000s] Level 1:colcon.colcon_core.package_identification:_identify(src/ros_tutorials/turtlesim_msgs) by extensions ['ros']
[-1785193569633260032.000s] Level 1:colcon.colcon_core.package_identification:_identify(src/ros_tutorials/turtlesim_msgs) by extension 'ros'
[-1785193569633260032.000s] DEBUG:colcon.colcon_core.package_identification:Package 'src/ros_tutorials/turtlesim_msgs' with type 'ros.ament_cmake' and name 'turtlesim_msgs'
[-1785193569633260032.000s] Level 1:colcon.colcon_core.package_discovery:discover_packages(recursive) using defaults
[-1785193569633260032.000s] Level 1:colcon.colcon_core.package_discovery:discover_packages(ignore) discover
[-1785193569633260032.000s] Level 1:colcon.colcon_core.package_discovery:discover_packages(ignore) using defaults
[-1785193569633260032.000s] Level 1:colcon.colcon_core.package_discovery:discover_packages(path) discover
[-1785193569633260032.000s] Level 1:colcon.colcon_core.package_discovery:discover_packages(path) using defaults
[-1785193569633260032.000s] Level 1:colcon.colcon_core.package_discovery:discover_packages(prefix_path) check parameters
[-1785193569633260032.000s] Level 1:colcon.colcon_core.package_discovery:discover_packages(prefix_path) discover
[-1785193569633260032.000s] DEBUG:colcon.colcon_installed_package_information.package_discovery:Found 28 installed packages in /home/public/ros2ws/install
[-1785193569633260032.000s] DEBUG:colcon.colcon_installed_package_information.package_discovery:Found 290 installed packages in /opt/ros/lyrical
[-1785193569633260032.000s] Level 1:colcon.colcon_core.package_discovery:discover_packages(prefix_path) using defaults
[-1785193569633260032.000s] WARNING:colcon.colcon_core.package_selection:Some selected packages are already built in one or more underlay workspaces:
	'turtlesim' is in: /home/public/ros2ws/install/turtlesim, /opt/ros/lyrical
If a package in a merged underlay workspace is overridden and it installs headers, then all packages in the overlay must sort their include directories by workspace order. Failure to do so may result in build failures or undefined behavior at run time.
If the overridden package is used by another package in any underlay, then the overriding package in the overlay must be API and ABI compatible or undefined behavior at run time may occur.

If you understand the risks and want to override a package anyways, add the following to the command line:
	--allow-overriding turtlesim

This may be promoted to an error in a future release of colcon-override-check.
[-1785193569633260032.000s] Level 5:colcon.colcon_core.verb:set package 'controls_core' build argument 'cmake_args' from command line to 'None'
[-1785193569633260032.000s] Level 5:colcon.colcon_core.verb:set package 'controls_core' build argument 'cmake_target' from command line to 'None'
[-1785193569633260032.000s] Level 5:colcon.colcon_core.verb:set package 'controls_core' build argument 'cmake_target_skip_unavailable' from command line to 'False'
[-1785193569633260032.000s] Level 5:colcon.colcon_core.verb:set package 'controls_core' build argument 'cmake_clean_cache' from command line to 'False'
[-1785193569633260032.000s] Level 5:colcon.colcon_core.verb:set package 'controls_core' build argument 'cmake_clean_first' from command line to 'False'
[-1785193569633260032.000s] Level 5:colcon.colcon_core.verb:set package 'controls_core' build argument 'cmake_force_configure' from command line to 'False'
[-1785193569633260032.000s] Level 5:colcon.colcon_core.verb:set package 'controls_core' build argument 'ament_cmake_args' from command line to 'None'
[-1785193569633260032.000s] Level 5:colcon.colcon_core.verb:set package 'controls_core' build argument 'catkin_cmake_args' from command line to 'None'
[-1785193569633260032.000s] Level 5:colcon.colcon_core.verb:set package 'controls_core' build argument 'catkin_skip_building_tests' from command line to 'False'
[-1785193569633260032.000s] DEBUG:colcon.colcon_core.verb:Building package 'controls_core' with the following arguments: {'ament_cmake_args': None, 'build_base': '/home/public/ros2ws/build/controls_core', 'catkin_cmake_args': None, 'catkin_skip_building_tests': False, 'cmake_args': None, 'cmake_clean_cache': False, 'cmake_clean_first': False, 'cmake_force_configure': False, 'cmake_target': None, 'cmake_target_skip_unavailable': False, 'install_base': '/home/public/ros2ws/install/controls_core', 'merge_install': False, 'path': '/home/public/ros2ws/src/controls_core', 'symlink_install': True, 'test_result_base': None}
[-1785193569633260032.000s] Level 5:colcon.colcon_core.verb:set package 'hiwonder_board' build argument 'cmake_args' from command line to 'None'
[-1785193569633260032.000s] Level 5:colcon.colcon_core.verb:set package 'hiwonder_board' build argument 'cmake_target' from command line to 'None'
[-1785193569633260032.000s] Level 5:colcon.colcon_core.verb:set package 'hiwonder_board' build argument 'cmake_target_skip_unavailable' from command line to 'False'
[-1785193569633260032.000s] Level 5:colcon.colcon_core.verb:set package 'hiwonder_board' build argument 'cmake_clean_cache' from command line to 'False'
[-1785193569633260032.000s] Level 5:colcon.colcon_core.verb:set package 'hiwonder_board' build argument 'cmake_clean_first' from command line to 'False'
[-1785193569633260032.000s] Level 5:colcon.colcon_core.verb:set package 'hiwonder_board' build argument 'cmake_force_configure' from command line to 'False'
[-1785193569633260032.000s] Level 5:colcon.colcon_core.verb:set package 'hiwonder_board' build argument 'ament_cmake_args' from command line to 'None'
[-1785193569633260032.000s] Level 5:colcon.colcon_core.verb:set package 'hiwonder_board' build argument 'catkin_cmake_args' from command line to 'None'
[-1785193569633260032.000s] Level 5:colcon.colcon_core.verb:set package 'hiwonder_board' build argument 'catkin_skip_building_tests' from command line to 'False'
[-1785193569633260032.000s] DEBUG:colcon.colcon_core.verb:Building package 'hiwonder_board' with the following arguments: {'ament_cmake_args': None, 'build_base': '/home/public/ros2ws/build/hiwonder_board', 'catkin_cmake_args': None, 'catkin_skip_building_tests': False, 'cmake_args': None, 'cmake_clean_cache': False, 'cmake_clean_first': False, 'cmake_force_configure': False, 'cmake_target': None, 'cmake_target_skip_unavailable': False, 'install_base': '/home/public/ros2ws/install/hiwonder_board', 'merge_install': False, 'path': '/home/public/ros2ws/src/hiwonder_board', 'symlink_install': True, 'test_result_base': None}
[-1785193569633260032.000s] Level 5:colcon.colcon_core.verb:set package 'opencv2_nodes' build argument 'cmake_args' from command line to 'None'
[-1785193569633260032.000s] Level 5:colcon.colcon_core.verb:set package 'opencv2_nodes' build argument 'cmake_target' from command line to 'None'
[-1785193569633260032.000s] Level 5:colcon.colcon_core.verb:set package 'opencv2_nodes' build argument 'cmake_target_skip_unavailable' from command line to 'False'
[-1785193569633260032.000s] Level 5:colcon.colcon_core.verb:set package 'opencv2_nodes' build argument 'cmake_clean_cache' from command line to 'False'
[-1785193569633260032.000s] Level 5:colcon.colcon_core.verb:set package 'opencv2_nodes' build argument 'cmake_clean_first' from command line to 'False'
[-1785193569633260032.000s] Level 5:colcon.colcon_core.verb:set package 'opencv2_nodes' build argument 'cmake_force_configure' from command line to 'False'
[-1785193569633260032.000s] Level 5:colcon.colcon_core.verb:set package 'opencv2_nodes' build argument 'ament_cmake_args' from command line to 'None'
[-1785193569633260032.000s] Level 5:colcon.colcon_core.verb:set package 'opencv2_nodes' build argument 'catkin_cmake_args' from command line to 'None'
[-1785193569633260032.000s] Level 5:colcon.colcon_core.verb:set package 'opencv2_nodes' build argument 'catkin_skip_building_tests' from command line to 'False'
[-1785193569633260032.000s] DEBUG:colcon.colcon_core.verb:Building package 'opencv2_nodes' with the following arguments: {'ament_cmake_args': None, 'build_base': '/home/public/ros2ws/build/opencv2_nodes', 'catkin_cmake_args': None, 'catkin_skip_building_tests': False, 'cmake_args': None, 'cmake_clean_cache': False, 'cmake_clean_first': False, 'cmake_force_configure': False, 'cmake_target': None, 'cmake_target_skip_unavailable': False, 'install_base': '/home/public/ros2ws/install/opencv2_nodes', 'merge_install': False, 'path': '/home/public/ros2ws/src/opencv2_nodes', 'symlink_install': True, 'test_result_base': None}
[-1785193569633260032.000s] Level 5:colcon.colcon_core.verb:set package 'turtlesim_msgs' build argument 'cmake_args' from command line to 'None'
[-1785193569633260032.000s] Level 5:colcon.colcon_core.verb:set package 'turtlesim_msgs' build argument 'cmake_target' from command line to 'None'
[-1785193569633260032.000s] Level 5:colcon.colcon_core.verb:set package 'turtlesim_msgs' build argument 'cmake_target_skip_unavailable' from command line to 'False'
[-1785193569633260032.000s] Level 5:colcon.colcon_core.verb:set package 'turtlesim_msgs' build argument 'cmake_clean_cache' from command line to 'False'
[-1785193569633260032.000s] Level 5:colcon.colcon_core.verb:set package 'turtlesim_msgs' build argument 'cmake_clean_first' from command line to 'False'
[-1785193569633260032.000s] Level 5:colcon.colcon_core.verb:set package 'turtlesim_msgs' build argument 'cmake_force_configure' from command line to 'False'
[-1785193569633260032.000s] Level 5:colcon.colcon_core.verb:set package 'turtlesim_msgs' build argument 'ament_cmake_args' from command line to 'None'
[-1785193569633260032.000s] Level 5:colcon.colcon_core.verb:set package 'turtlesim_msgs' build argument 'catkin_cmake_args' from command line to 'None'
[-1785193569633260032.000s] Level 5:colcon.colcon_core.verb:set package 'turtlesim_msgs' build argument 'catkin_skip_building_tests' from command line to 'False'
[-1785193569633260032.000s] DEBUG:colcon.colcon_core.verb:Building package 'turtlesim_msgs' with the following arguments: {'ament_cmake_args': None, 'build_base': '/home/public/ros2ws/build/turtlesim_msgs', 'catkin_cmake_args': None, 'catkin_skip_building_tests': False, 'cmake_args': None, 'cmake_clean_cache': False, 'cmake_clean_first': False, 'cmake_force_configure': False, 'cmake_target': None, 'cmake_target_skip_unavailable': False, 'install_base': '/home/public/ros2ws/install/turtlesim_msgs', 'merge_install': False, 'path': '/home/public/ros2ws/src/ros_tutorials/turtlesim_msgs', 'symlink_install': True, 'test_result_base': None}
[-1785193569633260032.000s] Level 5:colcon.colcon_core.verb:set package 'turtlesim' build argument 'cmake_args' from command line to 'None'
[-1785193569633260032.000s] Level 5:colcon.colcon_core.verb:set package 'turtlesim' build argument 'cmake_target' from command line to 'None'
[-1785193569633260032.000s] Level 5:colcon.colcon_core.verb:set package 'turtlesim' build argument 'cmake_target_skip_unavailable' from command line to 'False'
[-1785193569633260032.000s] Level 5:colcon.colcon_core.verb:set package 'turtlesim' build argument 'cmake_clean_cache' from command line to 'False'
[-1785193569633260032.000s] Level 5:colcon.colcon_core.verb:set package 'turtlesim' build argument 'cmake_clean_first' from command line to 'False'
[-1785193569633260032.000s] Level 5:colcon.colcon_core.verb:set package 'turtlesim' build argument 'cmake_force_configure' from command line to 'False'
[-1785193569633260032.000s] Level 5:colcon.colcon_core.verb:set package 'turtlesim' build argument 'ament_cmake_args' from command line to 'None'
[-1785193569633260032.000s] Level 5:colcon.colcon_core.verb:set package 'turtlesim' build argument 'catkin_cmake_args' from command line to 'None'
[-1785193569633260032.000s] Level 5:colcon.colcon_core.verb:set package 'turtlesim' build argument 'catkin_skip_building_tests' from command line to 'False'
[-1785193569633260032.000s] DEBUG:colcon.colcon_core.verb:Building package 'turtlesim' with the following arguments: {'ament_cmake_args': None, 'build_base': '/home/public/ros2ws/build/turtlesim', 'catkin_cmake_args': None, 'catkin_skip_building_tests': False, 'cmake_args': None, 'cmake_clean_cache': False, 'cmake_clean_first': False, 'cmake_force_configure': False, 'cmake_target': None, 'cmake_target_skip_unavailable': False, 'install_base': '/home/public/ros2ws/install/turtlesim', 'merge_install': False, 'path': '/home/public/ros2ws/src/ros_tutorials/turtlesim', 'symlink_install': True, 'test_result_base': None}
[-1785193569633260032.000s] INFO:colcon.colcon_core.executor:Executing jobs using 'parallel' executor
[-1785193569633260032.000s] DEBUG:colcon.colcon_parallel_executor.executor.parallel:run_until_complete
[-1785193569633260032.000s] INFO:colcon.colcon_ros.task.ament_cmake.build:Building ROS package in '/home/public/ros2ws/src/ros_tutorials/turtlesim_msgs' with build type 'ament_cmake'
[-1785193569633260032.000s] INFO:colcon.colcon_cmake.task.cmake.build:Building CMake package in '/home/public/ros2ws/src/ros_tutorials/turtlesim_msgs'
[-1785193569633260032.000s] INFO:colcon.colcon_core.plugin_system:Skipping extension 'colcon_core.shell.bat': Not used on non-Windows systems
[-1785193569633260032.000s] INFO:colcon.colcon_core.shell:Skip shell extension 'powershell' for command environment: Not usable outside of PowerShell
[-1785193569633260032.000s] DEBUG:colcon.colcon_core.shell:Skip shell extension 'dsv' for command environment
[-1785193569633260032.000s] INFO:colcon.colcon_ros.task.ament_python.build:Building ROS package in '/home/public/ros2ws/src/controls_core' with build type 'ament_python'
[-1785193569633260032.000s] Level 1:colcon.colcon_core.shell:create_environment_hook('controls_core', 'ament_prefix_path')
[-1785193569633260032.000s] INFO:colcon.colcon_core.shell:Creating environment hook '/home/public/ros2ws/install/controls_core/share/controls_core/hook/ament_prefix_path.ps1'
[-1785193569633260032.000s] INFO:colcon.colcon_core.shell:Creating environment descriptor '/home/public/ros2ws/install/controls_core/share/controls_core/hook/ament_prefix_path.dsv'
[-1785193569633260032.000s] INFO:colcon.colcon_core.shell:Creating environment hook '/home/public/ros2ws/install/controls_core/share/controls_core/hook/ament_prefix_path.sh'
[-1785193569633260032.000s] INFO:colcon.colcon_core.shell:Skip shell extension 'powershell' for command environment: Not usable outside of PowerShell
[-1785193569633260032.000s] DEBUG:colcon.colcon_core.shell:Skip shell extension 'dsv' for command environment
[-1785193569633260032.000s] INFO:colcon.colcon_ros.task.ament_python.build:Building ROS package in '/home/public/ros2ws/src/hiwonder_board' with build type 'ament_python'
[-1785193569633260032.000s] Level 1:colcon.colcon_core.shell:create_environment_hook('hiwonder_board', 'ament_prefix_path')
[-1785193569633260032.000s] INFO:colcon.colcon_core.shell:Creating environment hook '/home/public/ros2ws/install/hiwonder_board/share/hiwonder_board/hook/ament_prefix_path.ps1'
[-1785193569633260032.000s] INFO:colcon.colcon_core.shell:Creating environment descriptor '/home/public/ros2ws/install/hiwonder_board/share/hiwonder_board/hook/ament_prefix_path.dsv'
[-1785193569633260032.000s] INFO:colcon.colcon_core.shell:Creating environment hook '/home/public/ros2ws/install/hiwonder_board/share/hiwonder_board/hook/ament_prefix_path.sh'
[-1785193569633260032.000s] INFO:colcon.colcon_core.shell:Skip shell extension 'powershell' for command environment: Not usable outside of PowerShell
[-1785193569633260032.000s] DEBUG:colcon.colcon_core.shell:Skip shell extension 'dsv' for command environment
[-1785193569633260032.000s] INFO:colcon.colcon_ros.task.ament_python.build:Building ROS package in '/home/public/ros2ws/src/opencv2_nodes' with build type 'ament_python'
[-1785193569633260032.000s] Level 1:colcon.colcon_core.shell:create_environment_hook('opencv2_nodes', 'ament_prefix_path')
[-1785193569633260032.000s] INFO:colcon.colcon_core.shell:Creating environment hook '/home/public/ros2ws/install/opencv2_nodes/share/opencv2_nodes/hook/ament_prefix_path.ps1'
[-1785193569633260032.000s] INFO:colcon.colcon_core.shell:Creating environment descriptor '/home/public/ros2ws/install/opencv2_nodes/share/opencv2_nodes/hook/ament_prefix_path.dsv'
[-1785193569633260032.000s] INFO:colcon.colcon_core.shell:Creating environment hook '/home/public/ros2ws/install/opencv2_nodes/share/opencv2_nodes/hook/ament_prefix_path.sh'
[-1785193569633260032.000s] INFO:colcon.colcon_core.shell:Skip shell extension 'powershell' for command environment: Not usable outside of PowerShell
[-1785193569633260032.000s] DEBUG:colcon.colcon_core.shell:Skip shell extension 'dsv' for command environment
[-1785193569633260032.000s] DEBUG:colcon.colcon_core.event_handler.log_command:Invoking command in '/home/public/ros2ws/build/turtlesim_msgs': CMAKE_PREFIX_PATH=${CMAKE_PREFIX_PATH}:/home/public/ros2ws/install/opencv2_nodes:/home/public/ros2ws/install/launch_testing_examples:/home/public/ros2ws/install/hiwonder_board:/home/public/ros2ws/install/examples_rclpy_pointcloud_publisher:/home/public/ros2ws/install/examples_rclpy_minimal_subscriber:/home/public/ros2ws/install/examples_rclpy_minimal_service:/home/public/ros2ws/install/examples_rclpy_minimal_publisher:/home/public/ros2ws/install/examples_rclpy_minimal_client:/home/public/ros2ws/install/examples_rclpy_minimal_action_server:/home/public/ros2ws/install/examples_rclpy_minimal_action_client:/home/public/ros2ws/install/examples_rclpy_guard_conditions:/home/public/ros2ws/install/examples_rclpy_executors:/home/public/ros2ws/install/controls_core:/opt/ros/lyrical DEBUGINFOD_URLS=https://debuginfod.ubuntu.com /usr/bin/cmake --build /home/public/ros2ws/build/turtlesim_msgs -- -j4 -l4
[-1785193569633260032.000s] INFO:colcon.colcon_core.task.python.build:Building Python package in '/home/public/ros2ws/src/controls_core'
[-1785193569633260032.000s] INFO:colcon.colcon_core.shell:Skip shell extension 'powershell' for command environment: Not usable outside of PowerShell
[-1785193569633260032.000s] DEBUG:colcon.colcon_core.shell:Skip shell extension 'dsv' for command environment
[-1785193569633260032.000s] INFO:colcon.colcon_core.task.python.build:Building Python package in '/home/public/ros2ws/src/hiwonder_board'
[-1785193569633260032.000s] INFO:colcon.colcon_core.shell:Skip shell extension 'powershell' for command environment: Not usable outside of PowerShell
[-1785193569633260032.000s] DEBUG:colcon.colcon_core.shell:Skip shell extension 'dsv' for command environment
[-1785193569633260032.000s] INFO:colcon.colcon_core.task.python.build:Building Python package in '/home/public/ros2ws/src/opencv2_nodes'
[-1785193569633260032.000s] INFO:colcon.colcon_core.shell:Skip shell extension 'powershell' for command environment: Not usable outside of PowerShell
[-1785193569633260032.000s] DEBUG:colcon.colcon_core.shell:Skip shell extension 'dsv' for command environment
[-1785193569633260032.000s] DEBUG:colcon.colcon_core.task.python.build:Available setuptools commands: alias, install_data, build, rotate, setopt, saveopts, bdist_dumb, develop, symlink_data, build_clib, install_egg_info, init_catalog, install_lib, install_scripts, editable_wheel, install_headers, bdist_wheel, bdist_egg, dist_info, update_catalog, build_scripts, easy_install, bdist_rpm, sdist, extract_messages, build_py, check, clean, install, build_ext, egg_info, bdist, compile_catalog
[-1785193569633260032.000s] DEBUG:colcon.colcon_core.task.python.build:Available setuptools commands: alias, install_data, build, rotate, setopt, saveopts, bdist_dumb, develop, symlink_data, build_clib, install_egg_info, init_catalog, install_lib, install_scripts, editable_wheel, install_headers, bdist_wheel, bdist_egg, dist_info, update_catalog, build_scripts, easy_install, bdist_rpm, sdist, extract_messages, build_py, check, clean, install, build_ext, egg_info, bdist, compile_catalog
[-1785193569633260032.000s] DEBUG:colcon.colcon_core.task.python.build:Available setuptools commands: alias, install_data, build, rotate, setopt, saveopts, bdist_dumb, develop, symlink_data, build_clib, install_egg_info, init_catalog, install_lib, install_scripts, editable_wheel, install_headers, bdist_wheel, bdist_egg, dist_info, update_catalog, build_scripts, easy_install, bdist_rpm, sdist, extract_messages, build_py, check, clean, install, build_ext, egg_info, bdist, compile_catalog
[-1785193569633260032.000s] DEBUG:colcon.colcon_core.task.python.build:Available setuptools 'develop' options: --site-dirs, --zip-ok, --install-layout, --exclude-scripts, --editable, --local-snapshots-ok, --multi-version, --always-copy, --find-links, --version, --prefix, --uninstall, --no-user-cfg, --allow-hosts, --install-dir, --verbose, --force-installation-into-system-dir, --quiet, --always-unzip, --help, --egg-path, --user, --build-directory, --index-url, --upgrade, --optimize, --no-find-links, --script-dir, --dry-run, --no-deps, --record
[-1785193569633260032.000s] DEBUG:colcon.colcon_core.event_handler.log_command:Invoking command in '/home/public/ros2ws/build/controls_core': DEBUGINFOD_URLS=https://debuginfod.ubuntu.com PYTHONPATH=/home/public/ros2ws/build/controls_core/prefix_override:/usr/lib/python3/dist-packages/colcon_core/task/python/colcon_distutils_commands:/home/public/ros2ws/install/controls_core/lib/python3.14/site-packages:${PYTHONPATH} /usr/bin/python3 -W ignore:setup.py install is deprecated -W ignore:easy_install command is deprecated setup.py develop --editable --build-directory /home/public/ros2ws/build/controls_core/build --no-deps symlink_data
[-1785193569633260032.000s] DEBUG:colcon.colcon_core.task.python.build:Available setuptools 'develop' options: --site-dirs, --zip-ok, --install-layout, --exclude-scripts, --editable, --local-snapshots-ok, --multi-version, --always-copy, --find-links, --version, --prefix, --uninstall, --no-user-cfg, --allow-hosts, --install-dir, --verbose, --force-installation-into-system-dir, --quiet, --always-unzip, --help, --egg-path, --user, --build-directory, --index-url, --upgrade, --optimize, --no-find-links, --script-dir, --dry-run, --no-deps, --record
[-1785193569633260032.000s] DEBUG:colcon.colcon_core.event_handler.log_command:Invoking command in '/home/public/ros2ws/build/hiwonder_board': DEBUGINFOD_URLS=https://debuginfod.ubuntu.com PYTHONPATH=/home/public/ros2ws/build/hiwonder_board/prefix_override:/usr/lib/python3/dist-packages/colcon_core/task/python/colcon_distutils_commands:/home/public/ros2ws/install/hiwonder_board/lib/python3.14/site-packages:${PYTHONPATH} /usr/bin/python3 -W ignore:setup.py install is deprecated -W ignore:easy_install command is deprecated setup.py develop --editable --build-directory /home/public/ros2ws/build/hiwonder_board/build --no-deps symlink_data
[-1785193569633260032.000s] DEBUG:colcon.colcon_core.task.python.build:Available setuptools 'develop' options: --site-dirs, --zip-ok, --install-layout, --exclude-scripts, --editable, --local-snapshots-ok, --multi-version, --always-copy, --find-links, --version, --prefix, --uninstall, --no-user-cfg, --allow-hosts, --install-dir, --verbose, --force-installation-into-system-dir, --quiet, --always-unzip, --help, --egg-path, --user, --build-directory, --index-url, --upgrade, --optimize, --no-find-links, --script-dir, --dry-run, --no-deps, --record
[-1785193569633260032.000s] DEBUG:colcon.colcon_core.event_handler.log_command:Invoking command in '/home/public/ros2ws/build/opencv2_nodes': DEBUGINFOD_URLS=https://debuginfod.ubuntu.com PYTHONPATH=/home/public/ros2ws/build/opencv2_nodes/prefix_override:/usr/lib/python3/dist-packages/colcon_core/task/python/colcon_distutils_commands:/home/public/ros2ws/install/opencv2_nodes/lib/python3.14/site-packages:${PYTHONPATH} /usr/bin/python3 -W ignore:setup.py install is deprecated -W ignore:easy_install command is deprecated setup.py develop --editable --build-directory /home/public/ros2ws/build/opencv2_nodes/build --no-deps symlink_data
[-1785193569633260032.000s] DEBUG:colcon.colcon_core.event_handler.log_command:Invoked command in '/home/public/ros2ws/build/turtlesim_msgs' returned '0': CMAKE_PREFIX_PATH=${CMAKE_PREFIX_PATH}:/home/public/ros2ws/install/opencv2_nodes:/home/public/ros2ws/install/launch_testing_examples:/home/public/ros2ws/install/hiwonder_board:/home/public/ros2ws/install/examples_rclpy_pointcloud_publisher:/home/public/ros2ws/install/examples_rclpy_minimal_subscriber:/home/public/ros2ws/install/examples_rclpy_minimal_service:/home/public/ros2ws/install/examples_rclpy_minimal_publisher:/home/public/ros2ws/install/examples_rclpy_minimal_client:/home/public/ros2ws/install/examples_rclpy_minimal_action_server:/home/public/ros2ws/install/examples_rclpy_minimal_action_client:/home/public/ros2ws/install/examples_rclpy_guard_conditions:/home/public/ros2ws/install/examples_rclpy_executors:/home/public/ros2ws/install/controls_core:/opt/ros/lyrical DEBUGINFOD_URLS=https://debuginfod.ubuntu.com /usr/bin/cmake --build /home/public/ros2ws/build/turtlesim_msgs -- -j4 -l4
[-1785193569633260032.000s] DEBUG:colcon.colcon_core.event_handler.log_command:Invoking command in '/home/public/ros2ws/build/turtlesim_msgs': CMAKE_PREFIX_PATH=${CMAKE_PREFIX_PATH}:/home/public/ros2ws/install/opencv2_nodes:/home/public/ros2ws/install/launch_testing_examples:/home/public/ros2ws/install/hiwonder_board:/home/public/ros2ws/install/examples_rclpy_pointcloud_publisher:/home/public/ros2ws/install/examples_rclpy_minimal_subscriber:/home/public/ros2ws/install/examples_rclpy_minimal_service:/home/public/ros2ws/install/examples_rclpy_minimal_publisher:/home/public/ros2ws/install/examples_rclpy_minimal_client:/home/public/ros2ws/install/examples_rclpy_minimal_action_server:/home/public/ros2ws/install/examples_rclpy_minimal_action_client:/home/public/ros2ws/install/examples_rclpy_guard_conditions:/home/public/ros2ws/install/examples_rclpy_executors:/home/public/ros2ws/install/controls_core:/opt/ros/lyrical DEBUGINFOD_URLS=https://debuginfod.ubuntu.com /usr/bin/cmake --install /home/public/ros2ws/build/turtlesim_msgs
[-1785193569633260032.000s] Level 1:colcon.colcon_core.shell:create_environment_hook('hiwonder_board', 'pythonpath_develop')
[-1785193569633260032.000s] INFO:colcon.colcon_core.shell:Creating environment hook '/home/public/ros2ws/build/hiwonder_board/share/hiwonder_board/hook/pythonpath_develop.ps1'
[-1785193569633260032.000s] INFO:colcon.colcon_core.shell:Creating environment descriptor '/home/public/ros2ws/build/hiwonder_board/share/hiwonder_board/hook/pythonpath_develop.dsv'
[-1785193569633260032.000s] INFO:colcon.colcon_core.shell:Creating environment hook '/home/public/ros2ws/build/hiwonder_board/share/hiwonder_board/hook/pythonpath_develop.sh'
[-1785193569633260032.000s] DEBUG:colcon.colcon_core.event_handler.log_command:Invoked command in '/home/public/ros2ws/build/hiwonder_board' returned '0': DEBUGINFOD_URLS=https://debuginfod.ubuntu.com PYTHONPATH=/home/public/ros2ws/build/hiwonder_board/prefix_override:/usr/lib/python3/dist-packages/colcon_core/task/python/colcon_distutils_commands:/home/public/ros2ws/install/hiwonder_board/lib/python3.14/site-packages:${PYTHONPATH} /usr/bin/python3 -W ignore:setup.py install is deprecated -W ignore:easy_install command is deprecated setup.py develop --editable --build-directory /home/public/ros2ws/build/hiwonder_board/build --no-deps symlink_data
[-1785193569633260032.000s] Level 1:colcon.colcon_core.environment:checking '/home/public/ros2ws/install/hiwonder_board' for CMake module files
[-1785193569633260032.000s] Level 1:colcon.colcon_core.environment:checking '/home/public/ros2ws/install/hiwonder_board' for CMake config files
[-1785193569633260032.000s] Level 1:colcon.colcon_core.environment:checking '/home/public/ros2ws/install/hiwonder_board/lib'
[-1785193569633260032.000s] Level 1:colcon.colcon_core.environment:checking '/home/public/ros2ws/install/hiwonder_board/bin'
[-1785193569633260032.000s] Level 1:colcon.colcon_core.environment:checking '/home/public/ros2ws/install/hiwonder_board/lib/pkgconfig/hiwonder_board.pc'
[-1785193569633260032.000s] Level 1:colcon.colcon_core.environment:checking '/home/public/ros2ws/install/hiwonder_board/lib/python3.14/site-packages'
[-1785193569633260032.000s] Level 1:colcon.colcon_core.shell:create_environment_hook('hiwonder_board', 'pythonpath')
[-1785193569633260032.000s] INFO:colcon.colcon_core.shell:Creating environment hook '/home/public/ros2ws/install/hiwonder_board/share/hiwonder_board/hook/pythonpath.ps1'
[-1785193569633260032.000s] INFO:colcon.colcon_core.shell:Creating environment descriptor '/home/public/ros2ws/install/hiwonder_board/share/hiwonder_board/hook/pythonpath.dsv'
[-1785193569633260032.000s] INFO:colcon.colcon_core.shell:Creating environment hook '/home/public/ros2ws/install/hiwonder_board/share/hiwonder_board/hook/pythonpath.sh'
[-1785193569633260032.000s] Level 1:colcon.colcon_core.environment:checking '/home/public/ros2ws/install/hiwonder_board/bin'
[-1785193569633260032.000s] Level 1:colcon.colcon_core.environment:create_environment_scripts_only(hiwonder_board)
[-1785193569633260032.000s] INFO:colcon.colcon_core.shell:Creating package script '/home/public/ros2ws/install/hiwonder_board/share/hiwonder_board/package.ps1'
[-1785193569633260032.000s] INFO:colcon.colcon_core.shell:Creating package descriptor '/home/public/ros2ws/install/hiwonder_board/share/hiwonder_board/package.dsv'
[-1785193569633260032.000s] INFO:colcon.colcon_core.shell:Creating package script '/home/public/ros2ws/install/hiwonder_board/share/hiwonder_board/package.sh'
[-1785193569633260032.000s] INFO:colcon.colcon_core.shell:Creating package script '/home/public/ros2ws/install/hiwonder_board/share/hiwonder_board/package.bash'
[-1785193569633260032.000s] INFO:colcon.colcon_core.shell:Creating package script '/home/public/ros2ws/install/hiwonder_board/share/hiwonder_board/package.zsh'
[-1785193569633260032.000s] Level 1:colcon.colcon_core.environment:create_file_with_runtime_dependencies(/home/public/ros2ws/install/hiwonder_board/share/colcon-core/packages/hiwonder_board)
[-1785193569633260032.000s] Level 1:colcon.colcon_core.shell:create_environment_hook('controls_core', 'pythonpath_develop')
[-1785193569633260032.000s] INFO:colcon.colcon_core.shell:Creating environment hook '/home/public/ros2ws/build/controls_core/share/controls_core/hook/pythonpath_develop.ps1'
[-1785193569633260032.000s] DEBUG:colcon.colcon_core.event_handler.log_command:Invoked command in '/home/public/ros2ws/build/controls_core' returned '0': DEBUGINFOD_URLS=https://debuginfod.ubuntu.com PYTHONPATH=/home/public/ros2ws/build/controls_core/prefix_override:/usr/lib/python3/dist-packages/colcon_core/task/python/colcon_distutils_commands:/home/public/ros2ws/install/controls_core/lib/python3.14/site-packages:${PYTHONPATH} /usr/bin/python3 -W ignore:setup.py install is deprecated -W ignore:easy_install command is deprecated setup.py develop --editable --build-directory /home/public/ros2ws/build/controls_core/build --no-deps symlink_data
[-1785193569633260032.000s] INFO:colcon.colcon_core.shell:Creating environment descriptor '/home/public/ros2ws/build/controls_core/share/controls_core/hook/pythonpath_develop.dsv'
[-1785193569633260032.000s] INFO:colcon.colcon_core.shell:Creating environment hook '/home/public/ros2ws/build/controls_core/share/controls_core/hook/pythonpath_develop.sh'
[-1785193569633260032.000s] Level 1:colcon.colcon_core.environment:checking '/home/public/ros2ws/install/controls_core' for CMake module files
[-1785193569633260032.000s] Level 1:colcon.colcon_core.environment:checking '/home/public/ros2ws/install/controls_core' for CMake config files
[-1785193569633260032.000s] Level 1:colcon.colcon_core.environment:checking '/home/public/ros2ws/install/controls_core/lib'
[-1785193569633260032.000s] Level 1:colcon.colcon_core.environment:checking '/home/public/ros2ws/install/controls_core/bin'
[-1785193569633260032.000s] Level 1:colcon.colcon_core.environment:checking '/home/public/ros2ws/install/controls_core/lib/pkgconfig/controls_core.pc'
[-1785193569633260032.000s] Level 1:colcon.colcon_core.environment:checking '/home/public/ros2ws/install/controls_core/lib/python3.14/site-packages'
[-1785193569633260032.000s] Level 1:colcon.colcon_core.shell:create_environment_hook('controls_core', 'pythonpath')
[-1785193569633260032.000s] INFO:colcon.colcon_core.shell:Creating environment hook '/home/public/ros2ws/install/controls_core/share/controls_core/hook/pythonpath.ps1'
[-1785193569633260032.000s] INFO:colcon.colcon_core.shell:Creating environment descriptor '/home/public/ros2ws/install/controls_core/share/controls_core/hook/pythonpath.dsv'
[-1785193569633260032.000s] INFO:colcon.colcon_core.shell:Creating environment hook '/home/public/ros2ws/install/controls_core/share/controls_core/hook/pythonpath.sh'
[-1785193569633260032.000s] Level 1:colcon.colcon_core.environment:checking '/home/public/ros2ws/install/controls_core/bin'
[-1785193569633260032.000s] Level 1:colcon.colcon_core.environment:create_environment_scripts_only(controls_core)
[-1785193569633260032.000s] INFO:colcon.colcon_core.shell:Creating package script '/home/public/ros2ws/install/controls_core/share/controls_core/package.ps1'
[-1785193569633260032.000s] INFO:colcon.colcon_core.shell:Creating package descriptor '/home/public/ros2ws/install/controls_core/share/controls_core/package.dsv'
[-1785193569633260032.000s] INFO:colcon.colcon_core.shell:Creating package script '/home/public/ros2ws/install/controls_core/share/controls_core/package.sh'
[-1785193569633260032.000s] INFO:colcon.colcon_core.shell:Creating package script '/home/public/ros2ws/install/controls_core/share/controls_core/package.bash'
[-1785193569633260032.000s] INFO:colcon.colcon_core.shell:Creating package script '/home/public/ros2ws/install/controls_core/share/controls_core/package.zsh'
[-1785193569633260032.000s] Level 1:colcon.colcon_core.environment:create_file_with_runtime_dependencies(/home/public/ros2ws/install/controls_core/share/colcon-core/packages/controls_core)
[-1785193569633260032.000s] Level 1:colcon.colcon_core.shell:create_environment_hook('opencv2_nodes', 'pythonpath_develop')
[-1785193569633260032.000s] INFO:colcon.colcon_core.shell:Creating environment hook '/home/public/ros2ws/build/opencv2_nodes/share/opencv2_nodes/hook/pythonpath_develop.ps1'
[-1785193569633260032.000s] DEBUG:colcon.colcon_core.event_handler.log_command:Invoked command in '/home/public/ros2ws/build/opencv2_nodes' returned '0': DEBUGINFOD_URLS=https://debuginfod.ubuntu.com PYTHONPATH=/home/public/ros2ws/build/opencv2_nodes/prefix_override:/usr/lib/python3/dist-packages/colcon_core/task/python/colcon_distutils_commands:/home/public/ros2ws/install/opencv2_nodes/lib/python3.14/site-packages:${PYTHONPATH} /usr/bin/python3 -W ignore:setup.py install is deprecated -W ignore:easy_install command is deprecated setup.py develop --editable --build-directory /home/public/ros2ws/build/opencv2_nodes/build --no-deps symlink_data
[-1785193569633260032.000s] INFO:colcon.colcon_core.shell:Creating environment descriptor '/home/public/ros2ws/build/opencv2_nodes/share/opencv2_nodes/hook/pythonpath_develop.dsv'
[-1785193569633260032.000s] INFO:colcon.colcon_core.shell:Creating environment hook '/home/public/ros2ws/build/opencv2_nodes/share/opencv2_nodes/hook/pythonpath_develop.sh'
[-1785193569633260032.000s] Level 1:colcon.colcon_core.environment:checking '/home/public/ros2ws/install/opencv2_nodes' for CMake module files
[-1785193569633260032.000s] Level 1:colcon.colcon_core.environment:checking '/home/public/ros2ws/install/opencv2_nodes' for CMake config files
[-1785193569633260032.000s] Level 1:colcon.colcon_core.environment:checking '/home/public/ros2ws/install/opencv2_nodes/lib'
[-1785193569633260032.000s] Level 1:colcon.colcon_core.environment:checking '/home/public/ros2ws/install/opencv2_nodes/bin'
[-1785193569633260032.000s] Level 1:colcon.colcon_core.environment:checking '/home/public/ros2ws/install/opencv2_nodes/lib/pkgconfig/opencv2_nodes.pc'
[-1785193569633260032.000s] Level 1:colcon.colcon_core.environment:checking '/home/public/ros2ws/install/opencv2_nodes/lib/python3.14/site-packages'
[-1785193569633260032.000s] Level 1:colcon.colcon_core.shell:create_environment_hook('opencv2_nodes', 'pythonpath')
[-1785193569633260032.000s] INFO:colcon.colcon_core.shell:Creating environment hook '/home/public/ros2ws/install/opencv2_nodes/share/opencv2_nodes/hook/pythonpath.ps1'
[-1785193569633260032.000s] INFO:colcon.colcon_core.shell:Creating environment descriptor '/home/public/ros2ws/install/opencv2_nodes/share/opencv2_nodes/hook/pythonpath.dsv'
[-1785193569633260032.000s] INFO:colcon.colcon_core.shell:Creating environment hook '/home/public/ros2ws/install/opencv2_nodes/share/opencv2_nodes/hook/pythonpath.sh'
[-1785193569633260032.000s] Level 1:colcon.colcon_core.environment:checking '/home/public/ros2ws/install/opencv2_nodes/bin'
[-1785193569633260032.000s] Level 1:colcon.colcon_core.environment:create_environment_scripts_only(opencv2_nodes)
[-1785193569633260032.000s] INFO:colcon.colcon_core.shell:Creating package script '/home/public/ros2ws/install/opencv2_nodes/share/opencv2_nodes/package.ps1'
[-1785193569633260032.000s] INFO:colcon.colcon_core.shell:Creating package descriptor '/home/public/ros2ws/install/opencv2_nodes/share/opencv2_nodes/package.dsv'
[-1785193569633260032.000s] INFO:colcon.colcon_core.shell:Creating package script '/home/public/ros2ws/install/opencv2_nodes/share/opencv2_nodes/package.sh'
[-1785193569633260032.000s] INFO:colcon.colcon_core.shell:Creating package script '/home/public/ros2ws/install/opencv2_nodes/share/opencv2_nodes/package.bash'
[-1785193569633260032.000s] INFO:colcon.colcon_core.shell:Creating package script '/home/public/ros2ws/install/opencv2_nodes/share/opencv2_nodes/package.zsh'
[-1785193569633260032.000s] Level 1:colcon.colcon_core.environment:create_file_with_runtime_dependencies(/home/public/ros2ws/install/opencv2_nodes/share/colcon-core/packages/opencv2_nodes)
[-1785193569633260032.000s] Level 1:colcon.colcon_core.environment:create_environment_scripts_only(turtlesim_msgs)
[-1785193569633260032.000s] Level 1:colcon.colcon_core.environment:checking '/home/public/ros2ws/install/turtlesim_msgs' for CMake module files
[-1785193569633260032.000s] DEBUG:colcon.colcon_core.event_handler.log_command:Invoked command in '/home/public/ros2ws/build/turtlesim_msgs' returned '0': CMAKE_PREFIX_PATH=${CMAKE_PREFIX_PATH}:/home/public/ros2ws/install/opencv2_nodes:/home/public/ros2ws/install/launch_testing_examples:/home/public/ros2ws/install/hiwonder_board:/home/public/ros2ws/install/examples_rclpy_pointcloud_publisher:/home/public/ros2ws/install/examples_rclpy_minimal_subscriber:/home/public/ros2ws/install/examples_rclpy_minimal_service:/home/public/ros2ws/install/examples_rclpy_minimal_publisher:/home/public/ros2ws/install/examples_rclpy_minimal_client:/home/public/ros2ws/install/examples_rclpy_minimal_action_server:/home/public/ros2ws/install/examples_rclpy_minimal_action_client:/home/public/ros2ws/install/examples_rclpy_guard_conditions:/home/public/ros2ws/install/examples_rclpy_executors:/home/public/ros2ws/install/controls_core:/opt/ros/lyrical DEBUGINFOD_URLS=https://debuginfod.ubuntu.com /usr/bin/cmake --install /home/public/ros2ws/build/turtlesim_msgs
[-1785193569633260032.000s] Level 1:colcon.colcon_core.environment:checking '/home/public/ros2ws/install/turtlesim_msgs' for CMake config files
[-1785193569633260032.000s] Level 1:colcon.colcon_core.shell:create_environment_hook('turtlesim_msgs', 'cmake_prefix_path')
[-1785193569633260032.000s] INFO:colcon.colcon_core.shell:Creating environment hook '/home/public/ros2ws/install/turtlesim_msgs/share/turtlesim_msgs/hook/cmake_prefix_path.ps1'
[-1785193569633260032.000s] INFO:colcon.colcon_core.shell:Creating environment descriptor '/home/public/ros2ws/install/turtlesim_msgs/share/turtlesim_msgs/hook/cmake_prefix_path.dsv'
[-1785193569633260032.000s] INFO:colcon.colcon_core.shell:Creating environment hook '/home/public/ros2ws/install/turtlesim_msgs/share/turtlesim_msgs/hook/cmake_prefix_path.sh'
[-1785193569633260032.000s] Level 1:colcon.colcon_core.environment:checking '/home/public/ros2ws/install/turtlesim_msgs/lib'
[-1785193569633260032.000s] Level 1:colcon.colcon_core.shell:create_environment_hook('turtlesim_msgs', 'ld_library_path_lib')
[-1785193569633260032.000s] INFO:colcon.colcon_core.shell:Creating environment hook '/home/public/ros2ws/install/turtlesim_msgs/share/turtlesim_msgs/hook/ld_library_path_lib.ps1'
[-1785193569633260032.000s] INFO:colcon.colcon_core.shell:Creating environment descriptor '/home/public/ros2ws/install/turtlesim_msgs/share/turtlesim_msgs/hook/ld_library_path_lib.dsv'
[-1785193569633260032.000s] INFO:colcon.colcon_core.shell:Creating environment hook '/home/public/ros2ws/install/turtlesim_msgs/share/turtlesim_msgs/hook/ld_library_path_lib.sh'
[-1785193569633260032.000s] Level 1:colcon.colcon_core.environment:checking '/home/public/ros2ws/install/turtlesim_msgs/bin'
[-1785193569633260032.000s] Level 1:colcon.colcon_core.environment:checking '/home/public/ros2ws/install/turtlesim_msgs/lib/pkgconfig/turtlesim_msgs.pc'
[-1785193569633260032.000s] Level 1:colcon.colcon_core.environment:checking '/home/public/ros2ws/install/turtlesim_msgs/lib/python3.14/site-packages'
[-1785193569633260032.000s] Level 1:colcon.colcon_core.shell:create_environment_hook('turtlesim_msgs', 'pythonpath')
[-1785193569633260032.000s] INFO:colcon.colcon_core.shell:Creating environment hook '/home/public/ros2ws/install/turtlesim_msgs/share/turtlesim_msgs/hook/pythonpath.ps1'
[-1785193569633260032.000s] INFO:colcon.colcon_core.shell:Creating environment descriptor '/home/public/ros2ws/install/turtlesim_msgs/share/turtlesim_msgs/hook/pythonpath.dsv'
[-1785193569633260032.000s] INFO:colcon.colcon_core.shell:Creating environment hook '/home/public/ros2ws/install/turtlesim_msgs/share/turtlesim_msgs/hook/pythonpath.sh'
[-1785193569633260032.000s] Level 1:colcon.colcon_core.environment:checking '/home/public/ros2ws/install/turtlesim_msgs/bin'
[-1785193569633260032.000s] INFO:colcon.colcon_core.shell:Creating package script '/home/public/ros2ws/install/turtlesim_msgs/share/turtlesim_msgs/package.ps1'
[-1785193569633260032.000s] INFO:colcon.colcon_core.shell:Creating package descriptor '/home/public/ros2ws/install/turtlesim_msgs/share/turtlesim_msgs/package.dsv'
[-1785193569633260032.000s] INFO:colcon.colcon_core.shell:Creating package script '/home/public/ros2ws/install/turtlesim_msgs/share/turtlesim_msgs/package.sh'
[-1785193569633260032.000s] INFO:colcon.colcon_core.shell:Creating package script '/home/public/ros2ws/install/turtlesim_msgs/share/turtlesim_msgs/package.bash'
[-1785193569633260032.000s] INFO:colcon.colcon_core.shell:Creating package script '/home/public/ros2ws/install/turtlesim_msgs/share/turtlesim_msgs/package.zsh'
[-1785193569633260032.000s] Level 1:colcon.colcon_core.environment:create_file_with_runtime_dependencies(/home/public/ros2ws/install/turtlesim_msgs/share/colcon-core/packages/turtlesim_msgs)
[-1785193569633260032.000s] Level 1:colcon.colcon_core.environment:create_environment_scripts_only(turtlesim_msgs)
[-1785193569633260032.000s] Level 1:colcon.colcon_core.environment:checking '/home/public/ros2ws/install/turtlesim_msgs' for CMake module files
[-1785193569633260032.000s] Level 1:colcon.colcon_core.environment:checking '/home/public/ros2ws/install/turtlesim_msgs' for CMake config files
[-1785193569633260032.000s] Level 1:colcon.colcon_core.shell:create_environment_hook('turtlesim_msgs', 'cmake_prefix_path')
[-1785193569633260032.000s] INFO:colcon.colcon_core.shell:Creating environment hook '/home/public/ros2ws/install/turtlesim_msgs/share/turtlesim_msgs/hook/cmake_prefix_path.ps1'
[-1785193569633260032.000s] INFO:colcon.colcon_core.shell:Creating environment descriptor '/home/public/ros2ws/install/turtlesim_msgs/share/turtlesim_msgs/hook/cmake_prefix_path.dsv'
[-1785193569633260032.000s] INFO:colcon.colcon_core.shell:Creating environment hook '/home/public/ros2ws/install/turtlesim_msgs/share/turtlesim_msgs/hook/cmake_prefix_path.sh'
[-1785193569633260032.000s] Level 1:colcon.colcon_core.environment:checking '/home/public/ros2ws/install/turtlesim_msgs/lib'
[-1785193569633260032.000s] Level 1:colcon.colcon_core.shell:create_environment_hook('turtlesim_msgs', 'ld_library_path_lib')
[-1785193569633260032.000s] INFO:colcon.colcon_core.shell:Creating environment hook '/home/public/ros2ws/install/turtlesim_msgs/share/turtlesim_msgs/hook/ld_library_path_lib.ps1'
[-1785193569633260032.000s] INFO:colcon.colcon_core.shell:Creating environment descriptor '/home/public/ros2ws/install/turtlesim_msgs/share/turtlesim_msgs/hook/ld_library_path_lib.dsv'
[-1785193569633260032.000s] INFO:colcon.colcon_core.shell:Creating environment hook '/home/public/ros2ws/install/turtlesim_msgs/share/turtlesim_msgs/hook/ld_library_path_lib.sh'
[-1785193569633260032.000s] Level 1:colcon.colcon_core.environment:checking '/home/public/ros2ws/install/turtlesim_msgs/bin'
[-1785193569633260032.000s] Level 1:colcon.colcon_core.environment:checking '/home/public/ros2ws/install/turtlesim_msgs/lib/pkgconfig/turtlesim_msgs.pc'
[-1785193569633260032.000s] Level 1:colcon.colcon_core.environment:checking '/home/public/ros2ws/install/turtlesim_msgs/lib/python3.14/site-packages'
[-1785193569633260032.000s] Level 1:colcon.colcon_core.shell:create_environment_hook('turtlesim_msgs', 'pythonpath')
[-1785193569633260032.000s] INFO:colcon.colcon_core.shell:Creating environment hook '/home/public/ros2ws/install/turtlesim_msgs/share/turtlesim_msgs/hook/pythonpath.ps1'
[-1785193569633260032.000s] INFO:colcon.colcon_core.shell:Creating environment descriptor '/home/public/ros2ws/install/turtlesim_msgs/share/turtlesim_msgs/hook/pythonpath.dsv'
[-1785193569633260032.000s] INFO:colcon.colcon_core.shell:Creating environment hook '/home/public/ros2ws/install/turtlesim_msgs/share/turtlesim_msgs/hook/pythonpath.sh'
[-1785193569633260032.000s] Level 1:colcon.colcon_core.environment:checking '/home/public/ros2ws/install/turtlesim_msgs/bin'
[-1785193569633260032.000s] INFO:colcon.colcon_core.shell:Creating package script '/home/public/ros2ws/install/turtlesim_msgs/share/turtlesim_msgs/package.ps1'
[-1785193569633260032.000s] INFO:colcon.colcon_core.shell:Creating package descriptor '/home/public/ros2ws/install/turtlesim_msgs/share/turtlesim_msgs/package.dsv'
[-1785193569633260032.000s] INFO:colcon.colcon_core.shell:Creating package script '/home/public/ros2ws/install/turtlesim_msgs/share/turtlesim_msgs/package.sh'
[-1785193569633260032.000s] INFO:colcon.colcon_core.shell:Creating package script '/home/public/ros2ws/install/turtlesim_msgs/share/turtlesim_msgs/package.bash'
[-1785193569633260032.000s] INFO:colcon.colcon_core.shell:Creating package script '/home/public/ros2ws/install/turtlesim_msgs/share/turtlesim_msgs/package.zsh'
[-1785193569633260032.000s] Level 1:colcon.colcon_core.environment:create_file_with_runtime_dependencies(/home/public/ros2ws/install/turtlesim_msgs/share/colcon-core/packages/turtlesim_msgs)
[-1785193569633260032.000s] INFO:colcon.colcon_ros.task.ament_cmake.build:Building ROS package in '/home/public/ros2ws/src/ros_tutorials/turtlesim' with build type 'ament_cmake'
[-1785193569633260032.000s] INFO:colcon.colcon_cmake.task.cmake.build:Building CMake package in '/home/public/ros2ws/src/ros_tutorials/turtlesim'
[-1785193569633260032.000s] INFO:colcon.colcon_core.shell:Skip shell extension 'powershell' for command environment: Not usable outside of PowerShell
[-1785193569633260032.000s] DEBUG:colcon.colcon_core.shell:Skip shell extension 'dsv' for command environment
[-1785193569633260032.000s] DEBUG:colcon.colcon_core.event_handler.log_command:Invoking command in '/home/public/ros2ws/build/turtlesim': CMAKE_PREFIX_PATH=/home/public/ros2ws/install/turtlesim_msgs:/home/public/ros2ws/install/turtlesim:/home/public/ros2ws/install/examples_rclcpp_wait_set:/home/public/ros2ws/install/examples_rclcpp_multithreaded_executor:/home/public/ros2ws/install/examples_rclcpp_minimal_timer:/home/public/ros2ws/install/examples_rclcpp_minimal_subscriber:/home/public/ros2ws/install/examples_rclcpp_minimal_service:/home/public/ros2ws/install/examples_rclcpp_minimal_publisher:/home/public/ros2ws/install/examples_rclcpp_minimal_composition:/home/public/ros2ws/install/examples_rclcpp_minimal_client:/home/public/ros2ws/install/examples_rclcpp_minimal_action_server:/home/public/ros2ws/install/examples_rclcpp_minimal_action_client:/home/public/ros2ws/install/examples_rclcpp_cbg_executor:/home/public/ros2ws/install/examples_rclcpp_async_client:/opt/ros/lyrical/opt/gz_math_vendor:/opt/ros/lyrical/opt/gz_utils_vendor:/opt/ros/lyrical/opt/gz_cmake_vendor:/home/public/ros2ws/install/opencv2_nodes:/home/public/ros2ws/install/launch_testing_examples:/home/public/ros2ws/install/hiwonder_board:/home/public/ros2ws/install/examples_rclpy_pointcloud_publisher:/home/public/ros2ws/install/examples_rclpy_minimal_subscriber:/home/public/ros2ws/install/examples_rclpy_minimal_service:/home/public/ros2ws/install/examples_rclpy_minimal_publisher:/home/public/ros2ws/install/examples_rclpy_minimal_client:/home/public/ros2ws/install/examples_rclpy_minimal_action_server:/home/public/ros2ws/install/examples_rclpy_minimal_action_client:/home/public/ros2ws/install/examples_rclpy_guard_conditions:/home/public/ros2ws/install/examples_rclpy_executors:/home/public/ros2ws/install/controls_core:/opt/ros/lyrical DEBUGINFOD_URLS=https://debuginfod.ubuntu.com /usr/bin/cmake --build /home/public/ros2ws/build/turtlesim -- -j4 -l4
[-1785193569633260032.000s] DEBUG:colcon.colcon_core.event_handler.log_command:Invoked command in '/home/public/ros2ws/build/turtlesim' returned '0': CMAKE_PREFIX_PATH=/home/public/ros2ws/install/turtlesim_msgs:/home/public/ros2ws/install/turtlesim:/home/public/ros2ws/install/examples_rclcpp_wait_set:/home/public/ros2ws/install/examples_rclcpp_multithreaded_executor:/home/public/ros2ws/install/examples_rclcpp_minimal_timer:/home/public/ros2ws/install/examples_rclcpp_minimal_subscriber:/home/public/ros2ws/install/examples_rclcpp_minimal_service:/home/public/ros2ws/install/examples_rclcpp_minimal_publisher:/home/public/ros2ws/install/examples_rclcpp_minimal_composition:/home/public/ros2ws/install/examples_rclcpp_minimal_client:/home/public/ros2ws/install/examples_rclcpp_minimal_action_server:/home/public/ros2ws/install/examples_rclcpp_minimal_action_client:/home/public/ros2ws/install/examples_rclcpp_cbg_executor:/home/public/ros2ws/install/examples_rclcpp_async_client:/opt/ros/lyrical/opt/gz_math_vendor:/opt/ros/lyrical/opt/gz_utils_vendor:/opt/ros/lyrical/opt/gz_cmake_vendor:/home/public/ros2ws/install/opencv2_nodes:/home/public/ros2ws/install/launch_testing_examples:/home/public/ros2ws/install/hiwonder_board:/home/public/ros2ws/install/examples_rclpy_pointcloud_publisher:/home/public/ros2ws/install/examples_rclpy_minimal_subscriber:/home/public/ros2ws/install/examples_rclpy_minimal_service:/home/public/ros2ws/install/examples_rclpy_minimal_publisher:/home/public/ros2ws/install/examples_rclpy_minimal_client:/home/public/ros2ws/install/examples_rclpy_minimal_action_server:/home/public/ros2ws/install/examples_rclpy_minimal_action_client:/home/public/ros2ws/install/examples_rclpy_guard_conditions:/home/public/ros2ws/install/examples_rclpy_executors:/home/public/ros2ws/install/controls_core:/opt/ros/lyrical DEBUGINFOD_URLS=https://debuginfod.ubuntu.com /usr/bin/cmake --build /home/public/ros2ws/build/turtlesim -- -j4 -l4
[-1785193569633260032.000s] DEBUG:colcon.colcon_core.event_handler.log_command:Invoking command in '/home/public/ros2ws/build/turtlesim': CMAKE_PREFIX_PATH=/home/public/ros2ws/install/turtlesim_msgs:/home/public/ros2ws/install/turtlesim:/home/public/ros2ws/install/examples_rclcpp_wait_set:/home/public/ros2ws/install/examples_rclcpp_multithreaded_executor:/home/public/ros2ws/install/examples_rclcpp_minimal_timer:/home/public/ros2ws/install/examples_rclcpp_minimal_subscriber:/home/public/ros2ws/install/examples_rclcpp_minimal_service:/home/public/ros2ws/install/examples_rclcpp_minimal_publisher:/home/public/ros2ws/install/examples_rclcpp_minimal_composition:/home/public/ros2ws/install/examples_rclcpp_minimal_client:/home/public/ros2ws/install/examples_rclcpp_minimal_action_server:/home/public/ros2ws/install/examples_rclcpp_minimal_action_client:/home/public/ros2ws/install/examples_rclcpp_cbg_executor:/home/public/ros2ws/install/examples_rclcpp_async_client:/opt/ros/lyrical/opt/gz_math_vendor:/opt/ros/lyrical/opt/gz_utils_vendor:/opt/ros/lyrical/opt/gz_cmake_vendor:/home/public/ros2ws/install/opencv2_nodes:/home/public/ros2ws/install/launch_testing_examples:/home/public/ros2ws/install/hiwonder_board:/home/public/ros2ws/install/examples_rclpy_pointcloud_publisher:/home/public/ros2ws/install/examples_rclpy_minimal_subscriber:/home/public/ros2ws/install/examples_rclpy_minimal_service:/home/public/ros2ws/install/examples_rclpy_minimal_publisher:/home/public/ros2ws/install/examples_rclpy_minimal_client:/home/public/ros2ws/install/examples_rclpy_minimal_action_server:/home/public/ros2ws/install/examples_rclpy_minimal_action_client:/home/public/ros2ws/install/examples_rclpy_guard_conditions:/home/public/ros2ws/install/examples_rclpy_executors:/home/public/ros2ws/install/controls_core:/opt/ros/lyrical DEBUGINFOD_URLS=https://debuginfod.ubuntu.com /usr/bin/cmake --install /home/public/ros2ws/build/turtlesim
[-1785193569633260032.000s] Level 1:colcon.colcon_core.environment:create_environment_scripts_only(turtlesim)
[-1785193569633260032.000s] Level 1:colcon.colcon_core.environment:checking '/home/public/ros2ws/install/turtlesim' for CMake module files
[-1785193569633260032.000s] DEBUG:colcon.colcon_core.event_handler.log_command:Invoked command in '/home/public/ros2ws/build/turtlesim' returned '0': CMAKE_PREFIX_PATH=/home/public/ros2ws/install/turtlesim_msgs:/home/public/ros2ws/install/turtlesim:/home/public/ros2ws/install/examples_rclcpp_wait_set:/home/public/ros2ws/install/examples_rclcpp_multithreaded_executor:/home/public/ros2ws/install/examples_rclcpp_minimal_timer:/home/public/ros2ws/install/examples_rclcpp_minimal_subscriber:/home/public/ros2ws/install/examples_rclcpp_minimal_service:/home/public/ros2ws/install/examples_rclcpp_minimal_publisher:/home/public/ros2ws/install/examples_rclcpp_minimal_composition:/home/public/ros2ws/install/examples_rclcpp_minimal_client:/home/public/ros2ws/install/examples_rclcpp_minimal_action_server:/home/public/ros2ws/install/examples_rclcpp_minimal_action_client:/home/public/ros2ws/install/examples_rclcpp_cbg_executor:/home/public/ros2ws/install/examples_rclcpp_async_client:/opt/ros/lyrical/opt/gz_math_vendor:/opt/ros/lyrical/opt/gz_utils_vendor:/opt/ros/lyrical/opt/gz_cmake_vendor:/home/public/ros2ws/install/opencv2_nodes:/home/public/ros2ws/install/launch_testing_examples:/home/public/ros2ws/install/hiwonder_board:/home/public/ros2ws/install/examples_rclpy_pointcloud_publisher:/home/public/ros2ws/install/examples_rclpy_minimal_subscriber:/home/public/ros2ws/install/examples_rclpy_minimal_service:/home/public/ros2ws/install/examples_rclpy_minimal_publisher:/home/public/ros2ws/install/examples_rclpy_minimal_client:/home/public/ros2ws/install/examples_rclpy_minimal_action_server:/home/public/ros2ws/install/examples_rclpy_minimal_action_client:/home/public/ros2ws/install/examples_rclpy_guard_conditions:/home/public/ros2ws/install/examples_rclpy_executors:/home/public/ros2ws/install/controls_core:/opt/ros/lyrical DEBUGINFOD_URLS=https://debuginfod.ubuntu.com /usr/bin/cmake --install /home/public/ros2ws/build/turtlesim
[-1785193569633260032.000s] Level 1:colcon.colcon_core.environment:checking '/home/public/ros2ws/install/turtlesim' for CMake config files
[-1785193569633260032.000s] Level 1:colcon.colcon_core.shell:create_environment_hook('turtlesim', 'cmake_prefix_path')
[-1785193569633260032.000s] INFO:colcon.colcon_core.shell:Creating environment hook '/home/public/ros2ws/install/turtlesim/share/turtlesim/hook/cmake_prefix_path.ps1'
[-1785193569633260032.000s] INFO:colcon.colcon_core.shell:Creating environment descriptor '/home/public/ros2ws/install/turtlesim/share/turtlesim/hook/cmake_prefix_path.dsv'
[-1785193569633260032.000s] INFO:colcon.colcon_core.shell:Creating environment hook '/home/public/ros2ws/install/turtlesim/share/turtlesim/hook/cmake_prefix_path.sh'
[-1785193569633260032.000s] Level 1:colcon.colcon_core.environment:checking '/home/public/ros2ws/install/turtlesim/lib'
[-1785193569633260032.000s] Level 1:colcon.colcon_core.environment:checking '/home/public/ros2ws/install/turtlesim/bin'
[-1785193569633260032.000s] Level 1:colcon.colcon_core.environment:checking '/home/public/ros2ws/install/turtlesim/lib/pkgconfig/turtlesim.pc'
[-1785193569633260032.000s] Level 1:colcon.colcon_core.environment:checking '/home/public/ros2ws/install/turtlesim/lib/python3.14/site-packages'
[-1785193569633260032.000s] Level 1:colcon.colcon_core.environment:checking '/home/public/ros2ws/install/turtlesim/bin'
[-1785193569633260032.000s] INFO:colcon.colcon_core.shell:Creating package script '/home/public/ros2ws/install/turtlesim/share/turtlesim/package.ps1'
[-1785193569633260032.000s] INFO:colcon.colcon_core.shell:Creating package descriptor '/home/public/ros2ws/install/turtlesim/share/turtlesim/package.dsv'
[-1785193569633260032.000s] INFO:colcon.colcon_core.shell:Creating package script '/home/public/ros2ws/install/turtlesim/share/turtlesim/package.sh'
[-1785193569633260032.000s] INFO:colcon.colcon_core.shell:Creating package script '/home/public/ros2ws/install/turtlesim/share/turtlesim/package.bash'
[-1785193569633260032.000s] INFO:colcon.colcon_core.shell:Creating package script '/home/public/ros2ws/install/turtlesim/share/turtlesim/package.zsh'
[-1785193569633260032.000s] Level 1:colcon.colcon_core.environment:create_file_with_runtime_dependencies(/home/public/ros2ws/install/turtlesim/share/colcon-core/packages/turtlesim)
[-1785193569633260032.000s] Level 1:colcon.colcon_core.environment:create_environment_scripts_only(turtlesim)
[-1785193569633260032.000s] Level 1:colcon.colcon_core.environment:checking '/home/public/ros2ws/install/turtlesim' for CMake module files
[-1785193569633260032.000s] Level 1:colcon.colcon_core.environment:checking '/home/public/ros2ws/install/turtlesim' for CMake config files
[-1785193569633260032.000s] Level 1:colcon.colcon_core.shell:create_environment_hook('turtlesim', 'cmake_prefix_path')
[-1785193569633260032.000s] INFO:colcon.colcon_core.shell:Creating environment hook '/home/public/ros2ws/install/turtlesim/share/turtlesim/hook/cmake_prefix_path.ps1'
[-1785193569633260032.000s] INFO:colcon.colcon_core.shell:Creating environment descriptor '/home/public/ros2ws/install/turtlesim/share/turtlesim/hook/cmake_prefix_path.dsv'
[-1785193569633260032.000s] INFO:colcon.colcon_core.shell:Creating environment hook '/home/public/ros2ws/install/turtlesim/share/turtlesim/hook/cmake_prefix_path.sh'
[-1785193569633260032.000s] Level 1:colcon.colcon_core.environment:checking '/home/public/ros2ws/install/turtlesim/lib'
[-1785193569633260032.000s] Level 1:colcon.colcon_core.environment:checking '/home/public/ros2ws/install/turtlesim/bin'
[-1785193569633260032.000s] Level 1:colcon.colcon_core.environment:checking '/home/public/ros2ws/install/turtlesim/lib/pkgconfig/turtlesim.pc'
[-1785193569633260032.000s] Level 1:colcon.colcon_core.environment:checking '/home/public/ros2ws/install/turtlesim/lib/python3.14/site-packages'
[-1785193569633260032.000s] Level 1:colcon.colcon_core.environment:checking '/home/public/ros2ws/install/turtlesim/bin'
[-1785193569633260032.000s] INFO:colcon.colcon_core.shell:Creating package script '/home/public/ros2ws/install/turtlesim/share/turtlesim/package.ps1'
[-1785193569633260032.000s] INFO:colcon.colcon_core.shell:Creating package descriptor '/home/public/ros2ws/install/turtlesim/share/turtlesim/package.dsv'
[-1785193569633260032.000s] INFO:colcon.colcon_core.shell:Creating package script '/home/public/ros2ws/install/turtlesim/share/turtlesim/package.sh'
[-1785193569633260032.000s] INFO:colcon.colcon_core.shell:Creating package script '/home/public/ros2ws/install/turtlesim/share/turtlesim/package.bash'
[-1785193569633260032.000s] INFO:colcon.colcon_core.shell:Creating package script '/home/public/ros2ws/install/turtlesim/share/turtlesim/package.zsh'
[-1785193569633260032.000s] Level 1:colcon.colcon_core.environment:create_file_with_runtime_dependencies(/home/public/ros2ws/install/turtlesim/share/colcon-core/packages/turtlesim)
[-1785193569633260032.000s] DEBUG:colcon.colcon_parallel_executor.executor.parallel:closing loop
[-1785193569633260032.000s] DEBUG:colcon.colcon_parallel_executor.executor.parallel:loop closed
[-1785193569633260032.000s] DEBUG:colcon.colcon_parallel_executor.executor.parallel:run_until_complete finished with '0'
[-1785193569633260032.000s] DEBUG:colcon.colcon_core.event_reactor:joining thread
[-1785193569633260032.000s] INFO:colcon.colcon_core.plugin_system:Skipping extension 'colcon_notification.desktop_notification.terminal_notifier': Not used on non-Darwin systems
[-1785193569633260032.000s] INFO:colcon.colcon_core.plugin_system:Skipping extension 'colcon_notification.desktop_notification.win32': Not used on non-Windows systems
[-1785193569633260032.000s] INFO:colcon.colcon_notification.desktop_notification:Sending desktop notification using 'notify2'
[-1785193569633260032.000s] DEBUG:colcon.colcon_core.event_reactor:joined thread
[-1785193569633260032.000s] INFO:colcon.colcon_core.shell:Creating prefix script '/home/public/ros2ws/install/local_setup.ps1'
[-1785193569633260032.000s] INFO:colcon.colcon_core.shell:Creating prefix util module '/home/public/ros2ws/install/_local_setup_util_ps1.py'
[-1785193569633260032.000s] INFO:colcon.colcon_core.shell:Creating prefix chain script '/home/public/ros2ws/install/setup.ps1'
[-1785193569633260032.000s] INFO:colcon.colcon_core.shell:Creating prefix script '/home/public/ros2ws/install/local_setup.sh'
[-1785193569633260032.000s] INFO:colcon.colcon_core.shell:Creating prefix util module '/home/public/ros2ws/install/_local_setup_util_sh.py'
[-1785193569633260032.000s] INFO:colcon.colcon_core.shell:Creating prefix chain script '/home/public/ros2ws/install/setup.sh'
[-1785193569633260032.000s] INFO:colcon.colcon_core.shell:Creating prefix script '/home/public/ros2ws/install/local_setup.bash'
[-1785193569633260032.000s] INFO:colcon.colcon_core.shell:Creating prefix chain script '/home/public/ros2ws/install/setup.bash'
[-1785193569633260032.000s] INFO:colcon.colcon_core.shell:Creating prefix script '/home/public/ros2ws/install/local_setup.zsh'
[-1785193569633260032.000s] INFO:colcon.colcon_core.shell:Creating prefix chain script '/home/public/ros2ws/install/setup.zsh'
