[3.447s] Invoking command in '/home/public/ros2ws/build/examples_rclpy_minimal_action_server': DEBUGINFOD_URLS=https://debuginfod.ubuntu.com PYTHONPATH=/home/public/ros2ws/build/examples_rclpy_minimal_action_server/prefix_override:/usr/lib/python3/dist-packages/colcon_core/task/python/colcon_distutils_commands:/home/public/ros2ws/install/examples_rclpy_minimal_action_server/lib/python3.14/site-packages:${PYTHONPATH} /usr/bin/python3 -W ignore:setup.py install is deprecated -W ignore:easy_install command is deprecated setup.py develop --editable --build-directory /home/public/ros2ws/build/examples_rclpy_minimal_action_server/build --no-deps symlink_data --force
[4.257s] running develop
[4.720s] running egg_info
[4.765s] writing examples_rclpy_minimal_action_server.egg-info/PKG-INFO
[4.768s] writing dependency_links to examples_rclpy_minimal_action_server.egg-info/dependency_links.txt
[4.768s] writing entry points to examples_rclpy_minimal_action_server.egg-info/entry_points.txt
[4.770s] writing requirements to examples_rclpy_minimal_action_server.egg-info/requires.txt
[4.770s] writing top-level names to examples_rclpy_minimal_action_server.egg-info/top_level.txt
[4.856s] reading manifest file 'examples_rclpy_minimal_action_server.egg-info/SOURCES.txt'
[4.859s] writing manifest file 'examples_rclpy_minimal_action_server.egg-info/SOURCES.txt'
[4.888s] running build_ext
[4.889s] Creating /home/public/ros2ws/install/examples_rclpy_minimal_action_server/lib/python3.14/site-packages/examples-rclpy-minimal-action-server.egg-link (link to .)
[4.891s] Installing server script to /home/public/ros2ws/install/examples_rclpy_minimal_action_server/lib/examples_rclpy_minimal_action_server
[4.892s] Installing server_defer script to /home/public/ros2ws/install/examples_rclpy_minimal_action_server/lib/examples_rclpy_minimal_action_server
[4.894s] Installing server_not_composable script to /home/public/ros2ws/install/examples_rclpy_minimal_action_server/lib/examples_rclpy_minimal_action_server
[4.894s] Installing server_queue_goals script to /home/public/ros2ws/install/examples_rclpy_minimal_action_server/lib/examples_rclpy_minimal_action_server
[4.895s] Installing server_single_goal script to /home/public/ros2ws/install/examples_rclpy_minimal_action_server/lib/examples_rclpy_minimal_action_server
[4.897s] 
[4.897s] Installed /home/public/ros2ws/build/examples_rclpy_minimal_action_server
[4.897s] running symlink_data
[4.898s] symbolically linking /home/public/ros2ws/build/examples_rclpy_minimal_action_server/resource/examples_rclpy_minimal_action_server -> /home/public/ros2ws/install/examples_rclpy_minimal_action_server/share/ament_index/resource_index/packages
[4.898s] symbolically linking /home/public/ros2ws/build/examples_rclpy_minimal_action_server/package.xml -> /home/public/ros2ws/install/examples_rclpy_minimal_action_server/share/examples_rclpy_minimal_action_server
[5.143s] Invoked command in '/home/public/ros2ws/build/examples_rclpy_minimal_action_server' returned '0': DEBUGINFOD_URLS=https://debuginfod.ubuntu.com PYTHONPATH=/home/public/ros2ws/build/examples_rclpy_minimal_action_server/prefix_override:/usr/lib/python3/dist-packages/colcon_core/task/python/colcon_distutils_commands:/home/public/ros2ws/install/examples_rclpy_minimal_action_server/lib/python3.14/site-packages:${PYTHONPATH} /usr/bin/python3 -W ignore:setup.py install is deprecated -W ignore:easy_install command is deprecated setup.py develop --editable --build-directory /home/public/ros2ws/build/examples_rclpy_minimal_action_server/build --no-deps symlink_data --force
