[0mCMake Error: The current CMakeCache.txt directory /home/public/MSE112_MPi5_Hiwonder_ROS2/ros2ws/build/turtlesim/CMakeCache.txt is different than the directory /home/public/ros2ws/build/turtlesim where CMakeCache.txt was created. This may result in binaries being created in the wrong place. If you are not sure, reedit the CMakeCache.txt[0m
gmake: Warning: File 'Makefile' has modification time 8915535 s in the future
gmake[1]: Warning: File 'CMakeFiles/Makefile2' has modification time 8915535 s in the future
gmake[2]: Warning: File 'CMakeFiles/turtlesim_node_autogen_timestamp_deps.dir/build.make' has modification time 7876078 s in the future
gmake[2]: Warning: File 'CMakeFiles/turtle_teleop_key_autogen_timestamp_deps.dir/build.make' has modification time 7876078 s in the future
gmake[2]: Warning: File 'CMakeFiles/draw_square_autogen_timestamp_deps.dir/build.make' has modification time 7876078 s in the future
gmake[2]: warning:  Clock skew detected.  Your build may be incomplete.
gmake[2]: warning:  Clock skew detected.  Your build may be incomplete.
gmake[2]: Warning: File 'CMakeFiles/turtlesim_node_autogen_timestamp_deps.dir/build.make' has modification time 7876078 s in the future
gmake[2]: Warning: File 'CMakeFiles/draw_square_autogen_timestamp_deps.dir/build.make' has modification time 7876078 s in the future
gmake[2]: warning:  Clock skew detected.  Your build may be incomplete.
gmake[2]: warning:  Clock skew detected.  Your build may be incomplete.
gmake[2]: warning:  Clock skew detected.  Your build may be incomplete.
gmake[2]: Warning: File 'CMakeFiles/turtle_teleop_key_autogen_timestamp_deps.dir/build.make' has modification time 7876078 s in the future
gmake[2]: warning:  Clock skew detected.  Your build may be incomplete.
[  0%] Built target draw_square_autogen_timestamp_deps
[  0%] Built target turtlesim_node_autogen_timestamp_deps
[  0%] Built target turtle_teleop_key_autogen_timestamp_deps
gmake[2]: Warning: File 'CMakeFiles/mimic_autogen_timestamp_deps.dir/build.make' has modification time 7876078 s in the future
gmake[2]: Warning: File 'CMakeFiles/turtlesim_node_autogen.dir/build.make' has modification time 7876078 s in the future
gmake[2]: Warning: File 'CMakeFiles/draw_square_autogen.dir/build.make' has modification time 7876078 s in the future
gmake[2]: Warning: File 'CMakeFiles/turtle_teleop_key_autogen.dir/build.make' has modification time 7876078 s in the future
gmake[2]: warning:  Clock skew detected.  Your build may be incomplete.
gmake[2]: Warning: File 'CMakeFiles/mimic_autogen_timestamp_deps.dir/build.make' has modification time 7876078 s in the future
gmake[2]: warning:  Clock skew detected.  Your build may be incomplete.
gmake[2]: warning:  Clock skew detected.  Your build may be incomplete.
[  0%] Built target mimic_autogen_timestamp_deps
gmake[2]: Warning: File 'CMakeFiles/turtlesim_node_autogen.dir/build.make' has modification time 7876078 s in the future
gmake[2]: warning:  Clock skew detected.  Your build may be incomplete.
gmake[2]: warning:  Clock skew detected.  Your build may be incomplete.
gmake[2]: warning:  Clock skew detected.  Your build may be incomplete.
gmake[2]: Warning: File 'CMakeFiles/turtle_teleop_key_autogen.dir/build.make' has modification time 7876078 s in the future
gmake[2]: Warning: File 'CMakeFiles/draw_square_autogen.dir/build.make' has modification time 7876078 s in the future
gmake[2]: warning:  Clock skew detected.  Your build may be incomplete.
gmake[2]: warning:  Clock skew detected.  Your build may be incomplete.
[  5%] Built target turtlesim_node_autogen
[ 10%] Built target turtle_teleop_key_autogen
[ 15%] Built target draw_square_autogen
gmake[2]: Warning: File 'CMakeFiles/turtle_teleop_key.dir/build.make' has modification time 7876078 s in the future
gmake[2]: warning:  Clock skew detected.  Your build may be incomplete.
gmake[2]: Warning: File 'CMakeFiles/turtle_teleop_key.dir/build.make' has modification time 7876078 s in the future
gmake[2]: warning:  Clock skew detected.  Your build may be incomplete.
[ 30%] Built target turtle_teleop_key
gmake[2]: Warning: File 'CMakeFiles/draw_square.dir/build.make' has modification time 7876078 s in the future
gmake[2]: warning:  Clock skew detected.  Your build may be incomplete.
gmake[2]: Warning: File 'CMakeFiles/draw_square.dir/build.make' has modification time 7876078 s in the future
gmake[2]: warning:  Clock skew detected.  Your build may be incomplete.
[ 45%] Built target draw_square
gmake[2]: Warning: File 'CMakeFiles/turtlesim_node.dir/build.make' has modification time 7876077 s in the future
gmake[2]: warning:  Clock skew detected.  Your build may be incomplete.
gmake[2]: Warning: File 'CMakeFiles/turtlesim_node.dir/build.make' has modification time 7876077 s in the future
gmake[2]: warning:  Clock skew detected.  Your build may be incomplete.
[ 80%] Built target turtlesim_node
gmake[2]: Warning: File 'CMakeFiles/mimic_autogen.dir/build.make' has modification time 7876077 s in the future
gmake[2]: warning:  Clock skew detected.  Your build may be incomplete.
gmake[2]: Warning: File 'CMakeFiles/mimic_autogen.dir/build.make' has modification time 7876077 s in the future
gmake[2]: warning:  Clock skew detected.  Your build may be incomplete.
[ 85%] Built target mimic_autogen
gmake[2]: Warning: File 'CMakeFiles/mimic.dir/build.make' has modification time 7876077 s in the future
gmake[2]: warning:  Clock skew detected.  Your build may be incomplete.
gmake[2]: Warning: File 'CMakeFiles/mimic.dir/build.make' has modification time 7876077 s in the future
gmake[2]: warning:  Clock skew detected.  Your build may be incomplete.
[100%] Built target mimic
gmake[1]: warning:  Clock skew detected.  Your build may be incomplete.
gmake: warning:  Clock skew detected.  Your build may be incomplete.
-- Install configuration: ""
-- Execute custom install script
-- Up-to-date symlink: /home/public/ros2ws/install/turtlesim/lib/turtlesim/turtlesim_node
-- Up-to-date symlink: /home/public/ros2ws/install/turtlesim/lib/turtlesim/turtle_teleop_key
-- Up-to-date symlink: /home/public/ros2ws/install/turtlesim/lib/turtlesim/draw_square
-- Up-to-date symlink: /home/public/ros2ws/install/turtlesim/lib/turtlesim/mimic
-- Up-to-date symlink: /home/public/ros2ws/install/turtlesim/share/turtlesim/launch/multisim.launch.py
-- Up-to-date symlink: /home/public/ros2ws/install/turtlesim/share/ament_index/resource_index/package_run_dependencies/turtlesim
-- Up-to-date symlink: /home/public/ros2ws/install/turtlesim/share/ament_index/resource_index/parent_prefix_path/turtlesim
-- Up-to-date symlink: /home/public/ros2ws/install/turtlesim/share/turtlesim/environment/ament_prefix_path.sh
-- Up-to-date symlink: /home/public/ros2ws/install/turtlesim/share/turtlesim/environment/ament_prefix_path.dsv
-- Up-to-date symlink: /home/public/ros2ws/install/turtlesim/share/turtlesim/environment/path.sh
-- Up-to-date symlink: /home/public/ros2ws/install/turtlesim/share/turtlesim/environment/path.dsv
-- Up-to-date symlink: /home/public/ros2ws/install/turtlesim/share/turtlesim/local_setup.bash
-- Up-to-date symlink: /home/public/ros2ws/install/turtlesim/share/turtlesim/local_setup.fish
-- Up-to-date symlink: /home/public/ros2ws/install/turtlesim/share/turtlesim/local_setup.sh
-- Up-to-date symlink: /home/public/ros2ws/install/turtlesim/share/turtlesim/local_setup.zsh
-- Up-to-date symlink: /home/public/ros2ws/install/turtlesim/share/turtlesim/local_setup.dsv
-- Symlinking: /home/public/ros2ws/install/turtlesim/share/turtlesim/package.dsv
-- Up-to-date symlink: /home/public/ros2ws/install/turtlesim/share/ament_index/resource_index/packages/turtlesim
-- Up-to-date symlink: /home/public/ros2ws/install/turtlesim/share/turtlesim/cmake/turtlesimConfig.cmake
-- Up-to-date symlink: /home/public/ros2ws/install/turtlesim/share/turtlesim/cmake/turtlesimConfig-version.cmake
-- Up-to-date symlink: /home/public/ros2ws/install/turtlesim/share/turtlesim/package.xml
-- Up-to-date: /home/public/ros2ws/install/turtlesim/share/turtlesim/images
-- Up-to-date: /home/public/ros2ws/install/turtlesim/share/turtlesim/images/kilted.png
-- Up-to-date: /home/public/ros2ws/install/turtlesim/share/turtlesim/images/eloquent.png
-- Up-to-date: /home/public/ros2ws/install/turtlesim/share/turtlesim/images/jazzy.png
-- Up-to-date: /home/public/ros2ws/install/turtlesim/share/turtlesim/images/bouncy.png
-- Up-to-date: /home/public/ros2ws/install/turtlesim/share/turtlesim/images/galactic.png
-- Up-to-date: /home/public/ros2ws/install/turtlesim/share/turtlesim/images/foxy.png
-- Up-to-date: /home/public/ros2ws/install/turtlesim/share/turtlesim/images/humble.png
-- Up-to-date: /home/public/ros2ws/install/turtlesim/share/turtlesim/images/dashing.png
-- Up-to-date: /home/public/ros2ws/install/turtlesim/share/turtlesim/images/crystal.png
-- Up-to-date: /home/public/ros2ws/install/turtlesim/share/turtlesim/images/iron.png
-- Up-to-date: /home/public/ros2ws/install/turtlesim/share/turtlesim/images/lyrical.png
-- Up-to-date: /home/public/ros2ws/install/turtlesim/share/turtlesim/images/ardent.png
-- Up-to-date: /home/public/ros2ws/install/turtlesim/share/turtlesim/images/rolling.png
