[0.048s] Invoking command in '/home/public/MSE112_MPi5_Hiwonder_ROS2/ros2ws/build/turtlesim': AMENT_PREFIX_PATH=/home/public/ros2ws/install/turtlesim_msgs:${AMENT_PREFIX_PATH} CMAKE_PREFIX_PATH=/home/public/MSE112_MPi5_Hiwonder_ROS2/ros2ws/install/turtlesim_msgs:/opt/ros/lyrical/opt/gz_math_vendor:/opt/ros/lyrical/opt/gz_utils_vendor:/opt/ros/lyrical/opt/gz_cmake_vendor:/opt/ros/lyrical DEBUGINFOD_URLS=https://debuginfod.ubuntu.com LD_LIBRARY_PATH=/home/public/ros2ws/install/turtlesim_msgs/lib:/home/public/MSE112_MPi5_Hiwonder_ROS2/ros2ws/install/turtlesim_msgs/lib:${LD_LIBRARY_PATH} PYTHONPATH=/home/public/ros2ws/install/turtlesim_msgs/lib/python3.14/site-packages:/home/public/MSE112_MPi5_Hiwonder_ROS2/ros2ws/install/turtlesim_msgs/lib/python3.14/site-packages:${PYTHONPATH} /usr/bin/cmake --build /home/public/MSE112_MPi5_Hiwonder_ROS2/ros2ws/build/turtlesim -- -j4 -l4
[0.068s] [0mCMake Error: The current CMakeCache.txt directory /home/public/MSE112_MPi5_Hiwonder_ROS2/ros2ws/build/turtlesim/CMakeCache.txt is different than the directory /home/public/ros2ws/build/turtlesim where CMakeCache.txt was created. This may result in binaries being created in the wrong place. If you are not sure, reedit the CMakeCache.txt[0m
[0.077s] gmake: Warning: File 'Makefile' has modification time 8915535 s in the future
[0.207s] gmake[1]: Warning: File 'CMakeFiles/Makefile2' has modification time 8915535 s in the future
[0.217s] gmake[2]: Warning: File 'CMakeFiles/turtlesim_node_autogen_timestamp_deps.dir/build.make' has modification time 7876078 s in the future
[0.218s] gmake[2]: Warning: File 'CMakeFiles/turtle_teleop_key_autogen_timestamp_deps.dir/build.make' has modification time 7876078 s in the future
[0.220s] gmake[2]: Warning: File 'CMakeFiles/draw_square_autogen_timestamp_deps.dir/build.make' has modification time 7876078 s in the future
[0.238s] gmake[2]: warning:  Clock skew detected.  Your build may be incomplete.
[0.240s] gmake[2]: warning:  Clock skew detected.  Your build may be incomplete.
[0.242s] gmake[2]: Warning: File 'CMakeFiles/turtlesim_node_autogen_timestamp_deps.dir/build.make' has modification time 7876078 s in the future
[0.242s] gmake[2]: Warning: File 'CMakeFiles/draw_square_autogen_timestamp_deps.dir/build.make' has modification time 7876078 s in the future
[0.243s] gmake[2]: warning:  Clock skew detected.  Your build may be incomplete.
[0.243s] gmake[2]: warning:  Clock skew detected.  Your build may be incomplete.
[0.243s] gmake[2]: warning:  Clock skew detected.  Your build may be incomplete.
[0.245s] gmake[2]: Warning: File 'CMakeFiles/turtle_teleop_key_autogen_timestamp_deps.dir/build.make' has modification time 7876078 s in the future
[0.247s] gmake[2]: warning:  Clock skew detected.  Your build may be incomplete.
[0.259s] [  0%] Built target draw_square_autogen_timestamp_deps
[0.262s] [  0%] Built target turtlesim_node_autogen_timestamp_deps
[0.265s] [  0%] Built target turtle_teleop_key_autogen_timestamp_deps
[0.281s] gmake[2]: Warning: File 'CMakeFiles/mimic_autogen_timestamp_deps.dir/build.make' has modification time 7876078 s in the future
[0.289s] gmake[2]: Warning: File 'CMakeFiles/turtlesim_node_autogen.dir/build.make' has modification time 7876078 s in the future
[0.305s] gmake[2]: Warning: File 'CMakeFiles/draw_square_autogen.dir/build.make' has modification time 7876078 s in the future
[0.312s] gmake[2]: Warning: File 'CMakeFiles/turtle_teleop_key_autogen.dir/build.make' has modification time 7876078 s in the future
[0.349s] gmake[2]: warning:  Clock skew detected.  Your build may be incomplete.
[0.366s] gmake[2]: Warning: File 'CMakeFiles/mimic_autogen_timestamp_deps.dir/build.make' has modification time 7876078 s in the future
[0.367s] gmake[2]: warning:  Clock skew detected.  Your build may be incomplete.
[0.372s] gmake[2]: warning:  Clock skew detected.  Your build may be incomplete.
[0.399s] [  0%] Built target mimic_autogen_timestamp_deps
[0.408s] gmake[2]: Warning: File 'CMakeFiles/turtlesim_node_autogen.dir/build.make' has modification time 7876078 s in the future
[0.452s] gmake[2]: warning:  Clock skew detected.  Your build may be incomplete.
[0.461s] gmake[2]: warning:  Clock skew detected.  Your build may be incomplete.
[0.462s] gmake[2]: warning:  Clock skew detected.  Your build may be incomplete.
[0.484s] gmake[2]: Warning: File 'CMakeFiles/turtle_teleop_key_autogen.dir/build.make' has modification time 7876078 s in the future
[0.485s] gmake[2]: Warning: File 'CMakeFiles/draw_square_autogen.dir/build.make' has modification time 7876078 s in the future
[0.491s] gmake[2]: warning:  Clock skew detected.  Your build may be incomplete.
[0.492s] gmake[2]: warning:  Clock skew detected.  Your build may be incomplete.
[0.522s] [  5%] Built target turtlesim_node_autogen
[0.540s] [ 10%] Built target turtle_teleop_key_autogen
[0.558s] [ 15%] Built target draw_square_autogen
[0.578s] gmake[2]: Warning: File 'CMakeFiles/turtle_teleop_key.dir/build.make' has modification time 7876078 s in the future
[0.623s] gmake[2]: warning:  Clock skew detected.  Your build may be incomplete.
[0.629s] gmake[2]: Warning: File 'CMakeFiles/turtle_teleop_key.dir/build.make' has modification time 7876078 s in the future
[0.722s] gmake[2]: warning:  Clock skew detected.  Your build may be incomplete.
[0.758s] [ 30%] Built target turtle_teleop_key
[0.776s] gmake[2]: Warning: File 'CMakeFiles/draw_square.dir/build.make' has modification time 7876078 s in the future
[0.802s] gmake[2]: warning:  Clock skew detected.  Your build may be incomplete.
[0.810s] gmake[2]: Warning: File 'CMakeFiles/draw_square.dir/build.make' has modification time 7876078 s in the future
[0.834s] gmake[2]: warning:  Clock skew detected.  Your build may be incomplete.
[0.859s] [ 45%] Built target draw_square
[0.884s] gmake[2]: Warning: File 'CMakeFiles/turtlesim_node.dir/build.make' has modification time 7876077 s in the future
[0.925s] gmake[2]: warning:  Clock skew detected.  Your build may be incomplete.
[0.935s] gmake[2]: Warning: File 'CMakeFiles/turtlesim_node.dir/build.make' has modification time 7876077 s in the future
[1.008s] gmake[2]: warning:  Clock skew detected.  Your build may be incomplete.
[1.034s] [ 80%] Built target turtlesim_node
[1.074s] gmake[2]: Warning: File 'CMakeFiles/mimic_autogen.dir/build.make' has modification time 7876077 s in the future
[1.136s] gmake[2]: warning:  Clock skew detected.  Your build may be incomplete.
[1.142s] gmake[2]: Warning: File 'CMakeFiles/mimic_autogen.dir/build.make' has modification time 7876077 s in the future
[1.145s] gmake[2]: warning:  Clock skew detected.  Your build may be incomplete.
[1.160s] [ 85%] Built target mimic_autogen
[1.172s] gmake[2]: Warning: File 'CMakeFiles/mimic.dir/build.make' has modification time 7876077 s in the future
[1.192s] gmake[2]: warning:  Clock skew detected.  Your build may be incomplete.
[1.198s] gmake[2]: Warning: File 'CMakeFiles/mimic.dir/build.make' has modification time 7876077 s in the future
[1.201s] gmake[2]: warning:  Clock skew detected.  Your build may be incomplete.
[1.218s] [100%] Built target mimic
[1.224s] gmake[1]: warning:  Clock skew detected.  Your build may be incomplete.
[1.243s] gmake: warning:  Clock skew detected.  Your build may be incomplete.
[1.250s] Invoked command in '/home/public/MSE112_MPi5_Hiwonder_ROS2/ros2ws/build/turtlesim' returned '0': AMENT_PREFIX_PATH=/home/public/ros2ws/install/turtlesim_msgs:${AMENT_PREFIX_PATH} CMAKE_PREFIX_PATH=/home/public/MSE112_MPi5_Hiwonder_ROS2/ros2ws/install/turtlesim_msgs:/opt/ros/lyrical/opt/gz_math_vendor:/opt/ros/lyrical/opt/gz_utils_vendor:/opt/ros/lyrical/opt/gz_cmake_vendor:/opt/ros/lyrical DEBUGINFOD_URLS=https://debuginfod.ubuntu.com LD_LIBRARY_PATH=/home/public/ros2ws/install/turtlesim_msgs/lib:/home/public/MSE112_MPi5_Hiwonder_ROS2/ros2ws/install/turtlesim_msgs/lib:${LD_LIBRARY_PATH} PYTHONPATH=/home/public/ros2ws/install/turtlesim_msgs/lib/python3.14/site-packages:/home/public/MSE112_MPi5_Hiwonder_ROS2/ros2ws/install/turtlesim_msgs/lib/python3.14/site-packages:${PYTHONPATH} /usr/bin/cmake --build /home/public/MSE112_MPi5_Hiwonder_ROS2/ros2ws/build/turtlesim -- -j4 -l4
[1.258s] Invoking command in '/home/public/MSE112_MPi5_Hiwonder_ROS2/ros2ws/build/turtlesim': AMENT_PREFIX_PATH=/home/public/ros2ws/install/turtlesim_msgs:${AMENT_PREFIX_PATH} CMAKE_PREFIX_PATH=/home/public/MSE112_MPi5_Hiwonder_ROS2/ros2ws/install/turtlesim_msgs:/opt/ros/lyrical/opt/gz_math_vendor:/opt/ros/lyrical/opt/gz_utils_vendor:/opt/ros/lyrical/opt/gz_cmake_vendor:/opt/ros/lyrical DEBUGINFOD_URLS=https://debuginfod.ubuntu.com LD_LIBRARY_PATH=/home/public/ros2ws/install/turtlesim_msgs/lib:/home/public/MSE112_MPi5_Hiwonder_ROS2/ros2ws/install/turtlesim_msgs/lib:${LD_LIBRARY_PATH} PYTHONPATH=/home/public/ros2ws/install/turtlesim_msgs/lib/python3.14/site-packages:/home/public/MSE112_MPi5_Hiwonder_ROS2/ros2ws/install/turtlesim_msgs/lib/python3.14/site-packages:${PYTHONPATH} /usr/bin/cmake --install /home/public/MSE112_MPi5_Hiwonder_ROS2/ros2ws/build/turtlesim
[1.279s] -- Install configuration: ""
[1.282s] -- Execute custom install script
[1.285s] -- Up-to-date symlink: /home/public/ros2ws/install/turtlesim/lib/turtlesim/turtlesim_node
[1.285s] -- Up-to-date symlink: /home/public/ros2ws/install/turtlesim/lib/turtlesim/turtle_teleop_key
[1.285s] -- Up-to-date symlink: /home/public/ros2ws/install/turtlesim/lib/turtlesim/draw_square
[1.285s] -- Up-to-date symlink: /home/public/ros2ws/install/turtlesim/lib/turtlesim/mimic
[1.289s] -- Up-to-date symlink: /home/public/ros2ws/install/turtlesim/share/turtlesim/launch/multisim.launch.py
[1.294s] -- Up-to-date symlink: /home/public/ros2ws/install/turtlesim/share/ament_index/resource_index/package_run_dependencies/turtlesim
[1.297s] -- Up-to-date symlink: /home/public/ros2ws/install/turtlesim/share/ament_index/resource_index/parent_prefix_path/turtlesim
[1.299s] -- Up-to-date symlink: /home/public/ros2ws/install/turtlesim/share/turtlesim/environment/ament_prefix_path.sh
[1.301s] -- Up-to-date symlink: /home/public/ros2ws/install/turtlesim/share/turtlesim/environment/ament_prefix_path.dsv
[1.303s] -- Up-to-date symlink: /home/public/ros2ws/install/turtlesim/share/turtlesim/environment/path.sh
[1.304s] -- Up-to-date symlink: /home/public/ros2ws/install/turtlesim/share/turtlesim/environment/path.dsv
[1.306s] -- Up-to-date symlink: /home/public/ros2ws/install/turtlesim/share/turtlesim/local_setup.bash
[1.307s] -- Up-to-date symlink: /home/public/ros2ws/install/turtlesim/share/turtlesim/local_setup.fish
[1.309s] -- Up-to-date symlink: /home/public/ros2ws/install/turtlesim/share/turtlesim/local_setup.sh
[1.310s] -- Up-to-date symlink: /home/public/ros2ws/install/turtlesim/share/turtlesim/local_setup.zsh
[1.312s] -- Up-to-date symlink: /home/public/ros2ws/install/turtlesim/share/turtlesim/local_setup.dsv
[1.312s] -- Symlinking: /home/public/ros2ws/install/turtlesim/share/turtlesim/package.dsv
[1.343s] -- Up-to-date symlink: /home/public/ros2ws/install/turtlesim/share/ament_index/resource_index/packages/turtlesim
[1.347s] -- Up-to-date symlink: /home/public/ros2ws/install/turtlesim/share/turtlesim/cmake/turtlesimConfig.cmake
[1.347s] -- Up-to-date symlink: /home/public/ros2ws/install/turtlesim/share/turtlesim/cmake/turtlesimConfig-version.cmake
[1.353s] -- Up-to-date symlink: /home/public/ros2ws/install/turtlesim/share/turtlesim/package.xml
[1.353s] -- Up-to-date: /home/public/ros2ws/install/turtlesim/share/turtlesim/images
[1.353s] -- Up-to-date: /home/public/ros2ws/install/turtlesim/share/turtlesim/images/kilted.png
[1.354s] -- Up-to-date: /home/public/ros2ws/install/turtlesim/share/turtlesim/images/eloquent.png
[1.354s] -- Up-to-date: /home/public/ros2ws/install/turtlesim/share/turtlesim/images/jazzy.png
[1.354s] -- Up-to-date: /home/public/ros2ws/install/turtlesim/share/turtlesim/images/bouncy.png
[1.354s] -- Up-to-date: /home/public/ros2ws/install/turtlesim/share/turtlesim/images/galactic.png
[1.355s] -- Up-to-date: /home/public/ros2ws/install/turtlesim/share/turtlesim/images/foxy.png
[1.355s] -- Up-to-date: /home/public/ros2ws/install/turtlesim/share/turtlesim/images/humble.png
[1.355s] -- Up-to-date: /home/public/ros2ws/install/turtlesim/share/turtlesim/images/dashing.png
[1.355s] -- Up-to-date: /home/public/ros2ws/install/turtlesim/share/turtlesim/images/crystal.png
[1.355s] -- Up-to-date: /home/public/ros2ws/install/turtlesim/share/turtlesim/images/iron.png
[1.355s] -- Up-to-date: /home/public/ros2ws/install/turtlesim/share/turtlesim/images/lyrical.png
[1.355s] -- Up-to-date: /home/public/ros2ws/install/turtlesim/share/turtlesim/images/ardent.png
[1.355s] -- Up-to-date: /home/public/ros2ws/install/turtlesim/share/turtlesim/images/rolling.png
[1.363s] Invoked command in '/home/public/MSE112_MPi5_Hiwonder_ROS2/ros2ws/build/turtlesim' returned '0': AMENT_PREFIX_PATH=/home/public/ros2ws/install/turtlesim_msgs:${AMENT_PREFIX_PATH} CMAKE_PREFIX_PATH=/home/public/MSE112_MPi5_Hiwonder_ROS2/ros2ws/install/turtlesim_msgs:/opt/ros/lyrical/opt/gz_math_vendor:/opt/ros/lyrical/opt/gz_utils_vendor:/opt/ros/lyrical/opt/gz_cmake_vendor:/opt/ros/lyrical DEBUGINFOD_URLS=https://debuginfod.ubuntu.com LD_LIBRARY_PATH=/home/public/ros2ws/install/turtlesim_msgs/lib:/home/public/MSE112_MPi5_Hiwonder_ROS2/ros2ws/install/turtlesim_msgs/lib:${LD_LIBRARY_PATH} PYTHONPATH=/home/public/ros2ws/install/turtlesim_msgs/lib/python3.14/site-packages:/home/public/MSE112_MPi5_Hiwonder_ROS2/ros2ws/install/turtlesim_msgs/lib/python3.14/site-packages:${PYTHONPATH} /usr/bin/cmake --install /home/public/MSE112_MPi5_Hiwonder_ROS2/ros2ws/build/turtlesim
