[4.914s] Invoking command in '/home/public/ros2ws/src/controls_core': DEBUGINFOD_URLS=https://debuginfod.ubuntu.com PYTHONPATH=/home/public/ros2ws/build/controls_core/prefix_override:/usr/lib/python3/dist-packages/colcon_core/task/python/colcon_distutils_commands:/home/public/ros2ws/install/controls_core/lib/python3.14/site-packages:${PYTHONPATH} /usr/bin/python3 -W ignore:setup.py install is deprecated -W ignore:easy_install command is deprecated setup.py egg_info --egg-base ../../build/controls_core build --build-base /home/public/ros2ws/build/controls_core/build install --record /home/public/ros2ws/build/controls_core/install.log --install-scripts $base/lib/controls_core --single-version-externally-managed install_data
[6.178s] running egg_info
[6.244s] writing ../../build/controls_core/controls_core.egg-info/PKG-INFO
[6.245s] writing dependency_links to ../../build/controls_core/controls_core.egg-info/dependency_links.txt
[6.290s] writing entry points to ../../build/controls_core/controls_core.egg-info/entry_points.txt
[6.294s] writing requirements to ../../build/controls_core/controls_core.egg-info/requires.txt
[6.294s] writing top-level names to ../../build/controls_core/controls_core.egg-info/top_level.txt
[6.473s] reading manifest file '../../build/controls_core/controls_core.egg-info/SOURCES.txt'
[6.474s] adding license file 'LICENSE'
[6.474s] writing manifest file '../../build/controls_core/controls_core.egg-info/SOURCES.txt'
[6.475s] running build
[6.475s] running build_py
[6.475s] copying controls_core/ui_testing.py -> /home/public/ros2ws/build/controls_core/build/lib/controls_core
[6.476s] copying controls_core/main_control_node.py -> /home/public/ros2ws/build/controls_core/build/lib/controls_core
[6.476s] copying controls_core/__init__.py -> /home/public/ros2ws/build/controls_core/build/lib/controls_core
[6.476s] copying controls_core/board_interface.py -> /home/public/ros2ws/build/controls_core/build/lib/controls_core
[6.477s] copying controls_core/py.typed -> /home/public/ros2ws/build/controls_core/build/lib/controls_core
[6.477s] running install
[6.494s] running install_lib
[6.594s] copying /home/public/ros2ws/build/controls_core/build/lib/controls_core/main_control_node.py -> /home/public/ros2ws/install/controls_core/lib/python3.14/site-packages/controls_core
[6.597s] byte-compiling /home/public/ros2ws/install/controls_core/lib/python3.14/site-packages/controls_core/main_control_node.py to main_control_node.cpython-314.pyc
[6.599s] running install_data
[6.601s] copying resource/controls_core -> /home/public/ros2ws/install/controls_core/share/ament_index/resource_index/packages
[6.601s] copying package.xml -> /home/public/ros2ws/install/controls_core/share/controls_core
[6.602s] running install_egg_info
[6.679s] removing '/home/public/ros2ws/install/controls_core/lib/python3.14/site-packages/controls_core-0.0.0-py3.14.egg-info' (and everything under it)
[6.679s] Copying ../../build/controls_core/controls_core.egg-info to /home/public/ros2ws/install/controls_core/lib/python3.14/site-packages/controls_core-0.0.0-py3.14.egg-info
[6.683s] running install_scripts
[7.138s] Installing main_control_node script to /home/public/ros2ws/install/controls_core/lib/controls_core
[7.148s] writing list of installed files to '/home/public/ros2ws/build/controls_core/install.log'
[7.441s] Invoked command in '/home/public/ros2ws/src/controls_core' returned '0': DEBUGINFOD_URLS=https://debuginfod.ubuntu.com PYTHONPATH=/home/public/ros2ws/build/controls_core/prefix_override:/usr/lib/python3/dist-packages/colcon_core/task/python/colcon_distutils_commands:/home/public/ros2ws/install/controls_core/lib/python3.14/site-packages:${PYTHONPATH} /usr/bin/python3 -W ignore:setup.py install is deprecated -W ignore:easy_install command is deprecated setup.py egg_info --egg-base ../../build/controls_core build --build-base /home/public/ros2ws/build/controls_core/build install --record /home/public/ros2ws/build/controls_core/install.log --install-scripts $base/lib/controls_core --single-version-externally-managed install_data
