[3.662s] Invoking command in '/home/public/MSE112_MPi5_Hiwonder_ROS2/ros2ws/src/controls_core': DEBUGINFOD_URLS=https://debuginfod.ubuntu.com PYTHONPATH=/home/public/MSE112_MPi5_Hiwonder_ROS2/ros2ws/build/controls_core/prefix_override:/usr/lib/python3/dist-packages/colcon_core/task/python/colcon_distutils_commands:/home/public/MSE112_MPi5_Hiwonder_ROS2/ros2ws/install/controls_core/lib/python3.14/site-packages:${PYTHONPATH} /usr/bin/python3 -W ignore:setup.py install is deprecated -W ignore:easy_install command is deprecated setup.py egg_info --egg-base ../../build/controls_core build --build-base /home/public/MSE112_MPi5_Hiwonder_ROS2/ros2ws/build/controls_core/build install --record /home/public/MSE112_MPi5_Hiwonder_ROS2/ros2ws/build/controls_core/install.log --install-scripts $base/lib/controls_core --single-version-externally-managed install_data
[4.805s] running egg_info
[4.862s] writing ../../build/controls_core/controls_core.egg-info/PKG-INFO
[4.863s] writing dependency_links to ../../build/controls_core/controls_core.egg-info/dependency_links.txt
[4.863s] writing entry points to ../../build/controls_core/controls_core.egg-info/entry_points.txt
[4.864s] writing requirements to ../../build/controls_core/controls_core.egg-info/requires.txt
[4.865s] writing top-level names to ../../build/controls_core/controls_core.egg-info/top_level.txt
[4.997s] reading manifest file '../../build/controls_core/controls_core.egg-info/SOURCES.txt'
[5.007s] adding license file 'LICENSE'
[5.010s] writing manifest file '../../build/controls_core/controls_core.egg-info/SOURCES.txt'
[5.012s] running build
[5.012s] running build_py
[5.012s] copying controls_core/ui_testing.py -> /home/public/MSE112_MPi5_Hiwonder_ROS2/ros2ws/build/controls_core/build/lib/controls_core
[5.013s] copying controls_core/main_control_node.py -> /home/public/MSE112_MPi5_Hiwonder_ROS2/ros2ws/build/controls_core/build/lib/controls_core
[5.015s] copying controls_core/__init__.py -> /home/public/MSE112_MPi5_Hiwonder_ROS2/ros2ws/build/controls_core/build/lib/controls_core
[5.016s] copying controls_core/cv_interface.py -> /home/public/MSE112_MPi5_Hiwonder_ROS2/ros2ws/build/controls_core/build/lib/controls_core
[5.017s] copying controls_core/board_interface.py -> /home/public/MSE112_MPi5_Hiwonder_ROS2/ros2ws/build/controls_core/build/lib/controls_core
[5.019s] copying controls_core/py.typed -> /home/public/MSE112_MPi5_Hiwonder_ROS2/ros2ws/build/controls_core/build/lib/controls_core
[5.019s] running install
[5.036s] running install_lib
[5.090s] copying /home/public/MSE112_MPi5_Hiwonder_ROS2/ros2ws/build/controls_core/build/lib/controls_core/main_control_node.py -> /home/public/MSE112_MPi5_Hiwonder_ROS2/ros2ws/install/controls_core/lib/python3.14/site-packages/controls_core
[5.090s] byte-compiling /home/public/MSE112_MPi5_Hiwonder_ROS2/ros2ws/install/controls_core/lib/python3.14/site-packages/controls_core/ui_testing.py to ui_testing.cpython-314.pyc
[5.097s] byte-compiling /home/public/MSE112_MPi5_Hiwonder_ROS2/ros2ws/install/controls_core/lib/python3.14/site-packages/controls_core/main_control_node.py to main_control_node.cpython-314.pyc
[5.101s] byte-compiling /home/public/MSE112_MPi5_Hiwonder_ROS2/ros2ws/install/controls_core/lib/python3.14/site-packages/controls_core/__init__.py to __init__.cpython-314.pyc
[5.104s] byte-compiling /home/public/MSE112_MPi5_Hiwonder_ROS2/ros2ws/install/controls_core/lib/python3.14/site-packages/controls_core/cv_interface.py to cv_interface.cpython-314.pyc
[5.106s] byte-compiling /home/public/MSE112_MPi5_Hiwonder_ROS2/ros2ws/install/controls_core/lib/python3.14/site-packages/controls_core/board_interface.py to board_interface.cpython-314.pyc
[5.114s] running install_data
[5.117s] copying resource/controls_core -> /home/public/MSE112_MPi5_Hiwonder_ROS2/ros2ws/install/controls_core/share/ament_index/resource_index/packages
[5.117s] copying package.xml -> /home/public/MSE112_MPi5_Hiwonder_ROS2/ros2ws/install/controls_core/share/controls_core
[5.117s] running install_egg_info
[5.199s] removing '/home/public/MSE112_MPi5_Hiwonder_ROS2/ros2ws/install/controls_core/lib/python3.14/site-packages/controls_core-0.0.0-py3.14.egg-info' (and everything under it)
[5.199s] Copying ../../build/controls_core/controls_core.egg-info to /home/public/MSE112_MPi5_Hiwonder_ROS2/ros2ws/install/controls_core/lib/python3.14/site-packages/controls_core-0.0.0-py3.14.egg-info
[5.200s] running install_scripts
[5.520s] Installing main_control_node script to /home/public/MSE112_MPi5_Hiwonder_ROS2/ros2ws/install/controls_core/lib/controls_core
[5.522s] writing list of installed files to '/home/public/MSE112_MPi5_Hiwonder_ROS2/ros2ws/build/controls_core/install.log'
[5.966s] Invoked command in '/home/public/MSE112_MPi5_Hiwonder_ROS2/ros2ws/src/controls_core' returned '0': DEBUGINFOD_URLS=https://debuginfod.ubuntu.com PYTHONPATH=/home/public/MSE112_MPi5_Hiwonder_ROS2/ros2ws/build/controls_core/prefix_override:/usr/lib/python3/dist-packages/colcon_core/task/python/colcon_distutils_commands:/home/public/MSE112_MPi5_Hiwonder_ROS2/ros2ws/install/controls_core/lib/python3.14/site-packages:${PYTHONPATH} /usr/bin/python3 -W ignore:setup.py install is deprecated -W ignore:easy_install command is deprecated setup.py egg_info --egg-base ../../build/controls_core build --build-base /home/public/MSE112_MPi5_Hiwonder_ROS2/ros2ws/build/controls_core/build install --record /home/public/MSE112_MPi5_Hiwonder_ROS2/ros2ws/build/controls_core/install.log --install-scripts $base/lib/controls_core --single-version-externally-managed install_data
