[3.116s] Invoking command in '/home/public/ros2ws/src/controls_core': DEBUGINFOD_URLS=https://debuginfod.ubuntu.com PYTHONPATH=/home/public/ros2ws/build/controls_core/prefix_override:/usr/lib/python3/dist-packages/colcon_core/task/python/colcon_distutils_commands:/home/public/ros2ws/install/controls_core/lib/python3.14/site-packages:${PYTHONPATH} /usr/bin/python3 -W ignore:setup.py install is deprecated -W ignore:easy_install command is deprecated setup.py egg_info --egg-base ../../build/controls_core build --build-base /home/public/ros2ws/build/controls_core/build install --record /home/public/ros2ws/build/controls_core/install.log --install-scripts $base/lib/controls_core --single-version-externally-managed install_data
[4.016s] running egg_info
[4.071s] writing ../../build/controls_core/controls_core.egg-info/PKG-INFO
[4.072s] writing dependency_links to ../../build/controls_core/controls_core.egg-info/dependency_links.txt
[4.073s] writing entry points to ../../build/controls_core/controls_core.egg-info/entry_points.txt
[4.074s] writing requirements to ../../build/controls_core/controls_core.egg-info/requires.txt
[4.075s] writing top-level names to ../../build/controls_core/controls_core.egg-info/top_level.txt
[4.217s] reading manifest file '../../build/controls_core/controls_core.egg-info/SOURCES.txt'
[4.218s] adding license file 'LICENSE'
[4.219s] writing manifest file '../../build/controls_core/controls_core.egg-info/SOURCES.txt'
[4.219s] running build
[4.219s] running build_py
[4.219s] copying controls_core/ui_testing.py -> /home/public/ros2ws/build/controls_core/build/lib/controls_core
[4.220s] copying controls_core/__init__.py -> /home/public/ros2ws/build/controls_core/build/lib/controls_core
[4.220s] copying controls_core/cv_interface.py -> /home/public/ros2ws/build/controls_core/build/lib/controls_core
[4.220s] copying controls_core/board_interface.py -> /home/public/ros2ws/build/controls_core/build/lib/controls_core
[4.221s] copying controls_core/py.typed -> /home/public/ros2ws/build/controls_core/build/lib/controls_core
[4.223s] running install
[4.239s] running install_lib
[4.319s] running install_data
[4.322s] copying resource/controls_core -> /home/public/ros2ws/install/controls_core/share/ament_index/resource_index/packages
[4.322s] copying package.xml -> /home/public/ros2ws/install/controls_core/share/controls_core
[4.323s] running install_egg_info
[4.386s] removing '/home/public/ros2ws/install/controls_core/lib/python3.14/site-packages/controls_core-0.0.0-py3.14.egg-info' (and everything under it)
[4.387s] Copying ../../build/controls_core/controls_core.egg-info to /home/public/ros2ws/install/controls_core/lib/python3.14/site-packages/controls_core-0.0.0-py3.14.egg-info
[4.388s] running install_scripts
[4.701s] Installing main_control_node script to /home/public/ros2ws/install/controls_core/lib/controls_core
[4.702s] writing list of installed files to '/home/public/ros2ws/build/controls_core/install.log'
[4.939s] Invoked command in '/home/public/ros2ws/src/controls_core' returned '0': DEBUGINFOD_URLS=https://debuginfod.ubuntu.com PYTHONPATH=/home/public/ros2ws/build/controls_core/prefix_override:/usr/lib/python3/dist-packages/colcon_core/task/python/colcon_distutils_commands:/home/public/ros2ws/install/controls_core/lib/python3.14/site-packages:${PYTHONPATH} /usr/bin/python3 -W ignore:setup.py install is deprecated -W ignore:easy_install command is deprecated setup.py egg_info --egg-base ../../build/controls_core build --build-base /home/public/ros2ws/build/controls_core/build install --record /home/public/ros2ws/build/controls_core/install.log --install-scripts $base/lib/controls_core --single-version-externally-managed install_data
