running develop
running egg_info
creating vision_stack.egg-info
writing vision_stack.egg-info/PKG-INFO
writing dependency_links to vision_stack.egg-info/dependency_links.txt
writing entry points to vision_stack.egg-info/entry_points.txt
writing requirements to vision_stack.egg-info/requires.txt
writing top-level names to vision_stack.egg-info/top_level.txt
writing manifest file 'vision_stack.egg-info/SOURCES.txt'
reading manifest file 'vision_stack.egg-info/SOURCES.txt'
writing manifest file 'vision_stack.egg-info/SOURCES.txt'
running build_ext
Creating /home/admin/MSE112_MPi5_Hiwonder_ROS2/ros2ws/install/vision_stack/lib/python3.14/site-packages/vision-stack.egg-link (link to .)
Installing bin_mask script to /home/admin/MSE112_MPi5_Hiwonder_ROS2/ros2ws/install/vision_stack/lib/vision_stack
Installing edge_recog script to /home/admin/MSE112_MPi5_Hiwonder_ROS2/ros2ws/install/vision_stack/lib/vision_stack
Installing image_publisher script to /home/admin/MSE112_MPi5_Hiwonder_ROS2/ros2ws/install/vision_stack/lib/vision_stack
Installing line_recog script to /home/admin/MSE112_MPi5_Hiwonder_ROS2/ros2ws/install/vision_stack/lib/vision_stack
Installing line_tracking script to /home/admin/MSE112_MPi5_Hiwonder_ROS2/ros2ws/install/vision_stack/lib/vision_stack

Installed /home/admin/MSE112_MPi5_Hiwonder_ROS2/ros2ws/build/vision_stack
running symlink_data
creating /home/admin/MSE112_MPi5_Hiwonder_ROS2/ros2ws/install/vision_stack/share/ament_index/resource_index/packages
symbolically linking /home/admin/MSE112_MPi5_Hiwonder_ROS2/ros2ws/build/vision_stack/resource/vision_stack -> /home/admin/MSE112_MPi5_Hiwonder_ROS2/ros2ws/install/vision_stack/share/ament_index/resource_index/packages
symbolically linking /home/admin/MSE112_MPi5_Hiwonder_ROS2/ros2ws/build/vision_stack/package.xml -> /home/admin/MSE112_MPi5_Hiwonder_ROS2/ros2ws/install/vision_stack/share/vision_stack
