[3.650s] Invoking command in '/home/public/MSE112_MPi5_Hiwonder_ROS2/ros2ws/build/opencv2_nodes': DEBUGINFOD_URLS=https://debuginfod.ubuntu.com PYTHONPATH=/home/public/MSE112_MPi5_Hiwonder_ROS2/ros2ws/build/opencv2_nodes/prefix_override:/usr/lib/python3/dist-packages/colcon_core/task/python/colcon_distutils_commands:/home/public/MSE112_MPi5_Hiwonder_ROS2/ros2ws/install/opencv2_nodes/lib/python3.14/site-packages:${PYTHONPATH} /usr/bin/python3 -W ignore:setup.py install is deprecated -W ignore:easy_install command is deprecated setup.py develop --editable --build-directory /home/public/MSE112_MPi5_Hiwonder_ROS2/ros2ws/build/opencv2_nodes/build --no-deps symlink_data --force
[4.194s] running develop
[4.464s] running egg_info
[4.532s] writing opencv2_nodes.egg-info/PKG-INFO
[4.533s] writing dependency_links to opencv2_nodes.egg-info/dependency_links.txt
[4.533s] writing entry points to opencv2_nodes.egg-info/entry_points.txt
[4.534s] writing requirements to opencv2_nodes.egg-info/requires.txt
[4.534s] writing top-level names to opencv2_nodes.egg-info/top_level.txt
[4.656s] reading manifest file 'opencv2_nodes.egg-info/SOURCES.txt'
[4.659s] writing manifest file 'opencv2_nodes.egg-info/SOURCES.txt'
[4.693s] running build_ext
[4.693s] Creating /home/public/MSE112_MPi5_Hiwonder_ROS2/ros2ws/install/opencv2_nodes/lib/python3.14/site-packages/opencv2-nodes.egg-link (link to .)
[4.694s] Installing bin_mask script to /home/public/MSE112_MPi5_Hiwonder_ROS2/ros2ws/install/opencv2_nodes/lib/opencv2_nodes
[4.694s] Installing edge_recog script to /home/public/MSE112_MPi5_Hiwonder_ROS2/ros2ws/install/opencv2_nodes/lib/opencv2_nodes
[4.695s] Installing image_publisher script to /home/public/MSE112_MPi5_Hiwonder_ROS2/ros2ws/install/opencv2_nodes/lib/opencv2_nodes
[4.695s] Installing line_recog script to /home/public/MSE112_MPi5_Hiwonder_ROS2/ros2ws/install/opencv2_nodes/lib/opencv2_nodes
[4.695s] 
[4.695s] Installed /home/public/MSE112_MPi5_Hiwonder_ROS2/ros2ws/build/opencv2_nodes
[4.695s] running symlink_data
[4.696s] symbolically linking /home/public/MSE112_MPi5_Hiwonder_ROS2/ros2ws/build/opencv2_nodes/resource/opencv2_nodes -> /home/public/MSE112_MPi5_Hiwonder_ROS2/ros2ws/install/opencv2_nodes/share/ament_index/resource_index/packages
[4.696s] symbolically linking /home/public/MSE112_MPi5_Hiwonder_ROS2/ros2ws/build/opencv2_nodes/package.xml -> /home/public/MSE112_MPi5_Hiwonder_ROS2/ros2ws/install/opencv2_nodes/share/opencv2_nodes
[4.837s] Invoked command in '/home/public/MSE112_MPi5_Hiwonder_ROS2/ros2ws/build/opencv2_nodes' returned '0': DEBUGINFOD_URLS=https://debuginfod.ubuntu.com PYTHONPATH=/home/public/MSE112_MPi5_Hiwonder_ROS2/ros2ws/build/opencv2_nodes/prefix_override:/usr/lib/python3/dist-packages/colcon_core/task/python/colcon_distutils_commands:/home/public/MSE112_MPi5_Hiwonder_ROS2/ros2ws/install/opencv2_nodes/lib/python3.14/site-packages:${PYTHONPATH} /usr/bin/python3 -W ignore:setup.py install is deprecated -W ignore:easy_install command is deprecated setup.py develop --editable --build-directory /home/public/MSE112_MPi5_Hiwonder_ROS2/ros2ws/build/opencv2_nodes/build --no-deps symlink_data --force
