[2.855s] Invoking command in '/home/public/MSE112_MPi5_Hiwonder_ROS2/ros2ws/build/vision_stack': DEBUGINFOD_URLS=https://debuginfod.ubuntu.com PYTHONPATH=/home/public/MSE112_MPi5_Hiwonder_ROS2/ros2ws/build/vision_stack/prefix_override:/usr/lib/python3/dist-packages/colcon_core/task/python/colcon_distutils_commands:/home/public/MSE112_MPi5_Hiwonder_ROS2/ros2ws/install/vision_stack/lib/python3.14/site-packages:${PYTHONPATH} /usr/bin/python3 -W ignore:setup.py install is deprecated -W ignore:easy_install command is deprecated setup.py develop --editable --build-directory /home/public/MSE112_MPi5_Hiwonder_ROS2/ros2ws/build/vision_stack/build --no-deps symlink_data
[3.352s] running develop
[3.589s] running egg_info
[3.620s] writing vision_stack.egg-info/PKG-INFO
[3.621s] writing dependency_links to vision_stack.egg-info/dependency_links.txt
[3.622s] writing entry points to vision_stack.egg-info/entry_points.txt
[3.623s] writing requirements to vision_stack.egg-info/requires.txt
[3.623s] writing top-level names to vision_stack.egg-info/top_level.txt
[3.675s] reading manifest file 'vision_stack.egg-info/SOURCES.txt'
[3.677s] writing manifest file 'vision_stack.egg-info/SOURCES.txt'
[3.710s] running build_ext
[3.719s] Creating /home/public/MSE112_MPi5_Hiwonder_ROS2/ros2ws/install/vision_stack/lib/python3.14/site-packages/vision-stack.egg-link (link to .)
[3.719s] Installing bin_mask script to /home/public/MSE112_MPi5_Hiwonder_ROS2/ros2ws/install/vision_stack/lib/vision_stack
[3.721s] Installing edge_recog script to /home/public/MSE112_MPi5_Hiwonder_ROS2/ros2ws/install/vision_stack/lib/vision_stack
[3.721s] Installing image_publisher script to /home/public/MSE112_MPi5_Hiwonder_ROS2/ros2ws/install/vision_stack/lib/vision_stack
[3.724s] Installing line_recog script to /home/public/MSE112_MPi5_Hiwonder_ROS2/ros2ws/install/vision_stack/lib/vision_stack
[3.732s] 
[3.739s] Installed /home/public/MSE112_MPi5_Hiwonder_ROS2/ros2ws/build/vision_stack
[3.740s] running symlink_data
[3.967s] Invoked command in '/home/public/MSE112_MPi5_Hiwonder_ROS2/ros2ws/build/vision_stack' returned '0': DEBUGINFOD_URLS=https://debuginfod.ubuntu.com PYTHONPATH=/home/public/MSE112_MPi5_Hiwonder_ROS2/ros2ws/build/vision_stack/prefix_override:/usr/lib/python3/dist-packages/colcon_core/task/python/colcon_distutils_commands:/home/public/MSE112_MPi5_Hiwonder_ROS2/ros2ws/install/vision_stack/lib/python3.14/site-packages:${PYTHONPATH} /usr/bin/python3 -W ignore:setup.py install is deprecated -W ignore:easy_install command is deprecated setup.py develop --editable --build-directory /home/public/MSE112_MPi5_Hiwonder_ROS2/ros2ws/build/vision_stack/build --no-deps symlink_data
