[2.319s] Invoking command in '/home/public/ros2ws/src/opencv2': DEBUGINFOD_URLS=https://debuginfod.ubuntu.com PYTHONPATH=/home/public/ros2ws/build/opencv2/prefix_override:/usr/lib/python3/dist-packages/colcon_core/task/python/colcon_distutils_commands:/home/public/ros2ws/install/opencv2/lib/python3.14/site-packages:${PYTHONPATH} /usr/bin/python3 -W ignore:setup.py install is deprecated -W ignore:easy_install command is deprecated setup.py egg_info --egg-base ../../build/opencv2 build --build-base /home/public/ros2ws/build/opencv2/build install --record /home/public/ros2ws/build/opencv2/install.log --install-scripts $base/lib/opencv2 --single-version-externally-managed install_data
[3.055s] running egg_info
[3.087s] creating ../../build/opencv2/opencv2.egg-info
[3.087s] writing ../../build/opencv2/opencv2.egg-info/PKG-INFO
[3.087s] writing dependency_links to ../../build/opencv2/opencv2.egg-info/dependency_links.txt
[3.087s] writing requirements to ../../build/opencv2/opencv2.egg-info/requires.txt
[3.088s] writing top-level names to ../../build/opencv2/opencv2.egg-info/top_level.txt
[3.088s] writing manifest file '../../build/opencv2/opencv2.egg-info/SOURCES.txt'
[3.156s] reading manifest file '../../build/opencv2/opencv2.egg-info/SOURCES.txt'
[3.157s] writing manifest file '../../build/opencv2/opencv2.egg-info/SOURCES.txt'
[3.158s] running build
[3.159s] running build_py
[3.159s] creating /home/public/ros2ws/build/opencv2/build/lib/opencv2
[3.159s] copying opencv2/__init__.py -> /home/public/ros2ws/build/opencv2/build/lib/opencv2
[3.159s] copying opencv2/line_filter.py -> /home/public/ros2ws/build/opencv2/build/lib/opencv2
[3.161s] copying opencv2/py.typed -> /home/public/ros2ws/build/opencv2/build/lib/opencv2
[3.161s] running install
[3.168s] running install_lib
[3.197s] creating /home/public/ros2ws/install/opencv2/lib/python3.14/site-packages/opencv2
[3.197s] copying /home/public/ros2ws/build/opencv2/build/lib/opencv2/__init__.py -> /home/public/ros2ws/install/opencv2/lib/python3.14/site-packages/opencv2
[3.197s] copying /home/public/ros2ws/build/opencv2/build/lib/opencv2/line_filter.py -> /home/public/ros2ws/install/opencv2/lib/python3.14/site-packages/opencv2
[3.197s] copying /home/public/ros2ws/build/opencv2/build/lib/opencv2/py.typed -> /home/public/ros2ws/install/opencv2/lib/python3.14/site-packages/opencv2
[3.199s] byte-compiling /home/public/ros2ws/install/opencv2/lib/python3.14/site-packages/opencv2/__init__.py to __init__.cpython-314.pyc
[3.200s] byte-compiling /home/public/ros2ws/install/opencv2/lib/python3.14/site-packages/opencv2/line_filter.py to line_filter.cpython-314.pyc
[3.201s] running install_data
[3.201s] creating /home/public/ros2ws/install/opencv2/share/ament_index/resource_index/packages
[3.201s] copying resource/opencv2 -> /home/public/ros2ws/install/opencv2/share/ament_index/resource_index/packages
[3.201s] creating /home/public/ros2ws/install/opencv2/share/opencv2
[3.201s] copying package.xml -> /home/public/ros2ws/install/opencv2/share/opencv2
[3.207s] running install_egg_info
[3.247s] Copying ../../build/opencv2/opencv2.egg-info to /home/public/ros2ws/install/opencv2/lib/python3.14/site-packages/opencv2-0.0.0-py3.14.egg-info
[3.249s] running install_scripts
[3.428s] writing list of installed files to '/home/public/ros2ws/build/opencv2/install.log'
[3.589s] Invoked command in '/home/public/ros2ws/src/opencv2' returned '0': DEBUGINFOD_URLS=https://debuginfod.ubuntu.com PYTHONPATH=/home/public/ros2ws/build/opencv2/prefix_override:/usr/lib/python3/dist-packages/colcon_core/task/python/colcon_distutils_commands:/home/public/ros2ws/install/opencv2/lib/python3.14/site-packages:${PYTHONPATH} /usr/bin/python3 -W ignore:setup.py install is deprecated -W ignore:easy_install command is deprecated setup.py egg_info --egg-base ../../build/opencv2 build --build-base /home/public/ros2ws/build/opencv2/build install --record /home/public/ros2ws/build/opencv2/install.log --install-scripts $base/lib/opencv2 --single-version-externally-managed install_data
