[3.504s] Invoking command in '/home/public/MSE112_MPi5_Hiwonder_ROS2/ros2ws/build/vision_stack': DEBUGINFOD_URLS=https://debuginfod.ubuntu.com PYTHONPATH=/home/public/MSE112_MPi5_Hiwonder_ROS2/ros2ws/build/vision_stack/prefix_override:/usr/lib/python3/dist-packages/colcon_core/task/python/colcon_distutils_commands:/home/public/MSE112_MPi5_Hiwonder_ROS2/ros2ws/install/vision_stack/lib/python3.14/site-packages:${PYTHONPATH} /usr/bin/python3 -W ignore:setup.py install is deprecated -W ignore:easy_install command is deprecated setup.py develop --editable --build-directory /home/public/MSE112_MPi5_Hiwonder_ROS2/ros2ws/build/vision_stack/build --no-deps symlink_data
[4.242s] running develop
[4.546s] running egg_info
[4.581s] creating vision_stack.egg-info
[4.582s] writing vision_stack.egg-info/PKG-INFO
[4.582s] writing dependency_links to vision_stack.egg-info/dependency_links.txt
[4.582s] writing entry points to vision_stack.egg-info/entry_points.txt
[4.583s] writing requirements to vision_stack.egg-info/requires.txt
[4.583s] writing top-level names to vision_stack.egg-info/top_level.txt
[4.583s] writing manifest file 'vision_stack.egg-info/SOURCES.txt'
[4.644s] reading manifest file 'vision_stack.egg-info/SOURCES.txt'
[4.646s] writing manifest file 'vision_stack.egg-info/SOURCES.txt'
[4.681s] running build_ext
[4.681s] Creating /home/public/MSE112_MPi5_Hiwonder_ROS2/ros2ws/install/vision_stack/lib/python3.14/site-packages/vision-stack.egg-link (link to .)
[4.681s] Installing bin_mask script to /home/public/MSE112_MPi5_Hiwonder_ROS2/ros2ws/install/vision_stack/lib/vision_stack
[4.682s] Installing edge_recog script to /home/public/MSE112_MPi5_Hiwonder_ROS2/ros2ws/install/vision_stack/lib/vision_stack
[4.684s] Installing image_publisher script to /home/public/MSE112_MPi5_Hiwonder_ROS2/ros2ws/install/vision_stack/lib/vision_stack
[4.684s] Installing line_recog script to /home/public/MSE112_MPi5_Hiwonder_ROS2/ros2ws/install/vision_stack/lib/vision_stack
[4.684s] 
[4.684s] Installed /home/public/MSE112_MPi5_Hiwonder_ROS2/ros2ws/build/vision_stack
[4.684s] running symlink_data
[4.684s] creating /home/public/MSE112_MPi5_Hiwonder_ROS2/ros2ws/install/vision_stack/share/ament_index/resource_index/packages
[4.684s] symbolically linking /home/public/MSE112_MPi5_Hiwonder_ROS2/ros2ws/build/vision_stack/resource/vision_stack -> /home/public/MSE112_MPi5_Hiwonder_ROS2/ros2ws/install/vision_stack/share/ament_index/resource_index/packages
[4.685s] symbolically linking /home/public/MSE112_MPi5_Hiwonder_ROS2/ros2ws/build/vision_stack/package.xml -> /home/public/MSE112_MPi5_Hiwonder_ROS2/ros2ws/install/vision_stack/share/vision_stack
[4.896s] Invoked command in '/home/public/MSE112_MPi5_Hiwonder_ROS2/ros2ws/build/vision_stack' returned '0': DEBUGINFOD_URLS=https://debuginfod.ubuntu.com PYTHONPATH=/home/public/MSE112_MPi5_Hiwonder_ROS2/ros2ws/build/vision_stack/prefix_override:/usr/lib/python3/dist-packages/colcon_core/task/python/colcon_distutils_commands:/home/public/MSE112_MPi5_Hiwonder_ROS2/ros2ws/install/vision_stack/lib/python3.14/site-packages:${PYTHONPATH} /usr/bin/python3 -W ignore:setup.py install is deprecated -W ignore:easy_install command is deprecated setup.py develop --editable --build-directory /home/public/MSE112_MPi5_Hiwonder_ROS2/ros2ws/build/vision_stack/build --no-deps symlink_data
