[3.626s] Invoking command in '/home/public/MSE112_MPi5_Hiwonder_ROS2/ros2ws/build/hiwonder_board': DEBUGINFOD_URLS=https://debuginfod.ubuntu.com PYTHONPATH=/home/public/MSE112_MPi5_Hiwonder_ROS2/ros2ws/build/hiwonder_board/prefix_override:/usr/lib/python3/dist-packages/colcon_core/task/python/colcon_distutils_commands:/home/public/MSE112_MPi5_Hiwonder_ROS2/ros2ws/install/hiwonder_board/lib/python3.14/site-packages:${PYTHONPATH} /usr/bin/python3 -W ignore:setup.py install is deprecated -W ignore:easy_install command is deprecated setup.py develop --editable --build-directory /home/public/MSE112_MPi5_Hiwonder_ROS2/ros2ws/build/hiwonder_board/build --no-deps symlink_data
[4.280s] running develop
[4.629s] running egg_info
[4.654s] creating hiwonder_board.egg-info
[4.654s] writing hiwonder_board.egg-info/PKG-INFO
[4.657s] writing dependency_links to hiwonder_board.egg-info/dependency_links.txt
[4.658s] writing entry points to hiwonder_board.egg-info/entry_points.txt
[4.658s] writing requirements to hiwonder_board.egg-info/requires.txt
[4.659s] writing top-level names to hiwonder_board.egg-info/top_level.txt
[4.659s] writing manifest file 'hiwonder_board.egg-info/SOURCES.txt'
[4.757s] reading manifest file 'hiwonder_board.egg-info/SOURCES.txt'
[4.759s] writing manifest file 'hiwonder_board.egg-info/SOURCES.txt'
[4.877s] running build_ext
[4.879s] Creating /home/public/MSE112_MPi5_Hiwonder_ROS2/ros2ws/install/hiwonder_board/lib/python3.14/site-packages/hiwonder-board.egg-link (link to .)
[4.883s] Installing hiwonder_board_node script to /home/public/MSE112_MPi5_Hiwonder_ROS2/ros2ws/install/hiwonder_board/lib/hiwonder_board
[4.889s] Installing test_listener script to /home/public/MSE112_MPi5_Hiwonder_ROS2/ros2ws/install/hiwonder_board/lib/hiwonder_board
[4.892s] Installing test_talker script to /home/public/MSE112_MPi5_Hiwonder_ROS2/ros2ws/install/hiwonder_board/lib/hiwonder_board
[4.892s] 
[4.892s] Installed /home/public/MSE112_MPi5_Hiwonder_ROS2/ros2ws/build/hiwonder_board
[4.895s] running symlink_data
[4.895s] creating /home/public/MSE112_MPi5_Hiwonder_ROS2/ros2ws/install/hiwonder_board/share/ament_index/resource_index/packages
[4.896s] symbolically linking /home/public/MSE112_MPi5_Hiwonder_ROS2/ros2ws/build/hiwonder_board/resource/hiwonder_board -> /home/public/MSE112_MPi5_Hiwonder_ROS2/ros2ws/install/hiwonder_board/share/ament_index/resource_index/packages
[4.906s] symbolically linking /home/public/MSE112_MPi5_Hiwonder_ROS2/ros2ws/build/hiwonder_board/package.xml -> /home/public/MSE112_MPi5_Hiwonder_ROS2/ros2ws/install/hiwonder_board/share/hiwonder_board
[5.086s] Invoked command in '/home/public/MSE112_MPi5_Hiwonder_ROS2/ros2ws/build/hiwonder_board' returned '0': DEBUGINFOD_URLS=https://debuginfod.ubuntu.com PYTHONPATH=/home/public/MSE112_MPi5_Hiwonder_ROS2/ros2ws/build/hiwonder_board/prefix_override:/usr/lib/python3/dist-packages/colcon_core/task/python/colcon_distutils_commands:/home/public/MSE112_MPi5_Hiwonder_ROS2/ros2ws/install/hiwonder_board/lib/python3.14/site-packages:${PYTHONPATH} /usr/bin/python3 -W ignore:setup.py install is deprecated -W ignore:easy_install command is deprecated setup.py develop --editable --build-directory /home/public/MSE112_MPi5_Hiwonder_ROS2/ros2ws/build/hiwonder_board/build --no-deps symlink_data
