[10.930s] Invoking command in '/home/public/ros2ws/src/controls_core': DEBUGINFOD_URLS=https://debuginfod.ubuntu.com PYTHONPATH=/home/public/ros2ws/build/controls_core/prefix_override:/usr/lib/python3/dist-packages/colcon_core/task/python/colcon_distutils_commands:/home/public/ros2ws/install/controls_core/lib/python3.14/site-packages:${PYTHONPATH} /usr/bin/python3 -W ignore:setup.py install is deprecated -W ignore:easy_install command is deprecated setup.py egg_info --egg-base ../../build/controls_core build --build-base /home/public/ros2ws/build/controls_core/build install --record /home/public/ros2ws/build/controls_core/install.log --install-scripts $base/lib/controls_core --single-version-externally-managed install_data
[16.065s] running egg_info
[16.599s] writing ../../build/controls_core/controls_core.egg-info/PKG-INFO
[16.604s] writing dependency_links to ../../build/controls_core/controls_core.egg-info/dependency_links.txt
[16.615s] writing entry points to ../../build/controls_core/controls_core.egg-info/entry_points.txt
[16.618s] writing requirements to ../../build/controls_core/controls_core.egg-info/requires.txt
[16.619s] writing top-level names to ../../build/controls_core/controls_core.egg-info/top_level.txt
[17.467s] reading manifest file '../../build/controls_core/controls_core.egg-info/SOURCES.txt'
[17.475s] adding license file 'LICENSE'
[17.502s] writing manifest file '../../build/controls_core/controls_core.egg-info/SOURCES.txt'
[17.503s] running build
[17.516s] running build_py
[17.524s] copying controls_core/ui_testing.py -> /home/public/ros2ws/build/controls_core/build/lib/controls_core
[17.532s] copying controls_core/main_control_node.py -> /home/public/ros2ws/build/controls_core/build/lib/controls_core
[17.532s] copying controls_core/__init__.py -> /home/public/ros2ws/build/controls_core/build/lib/controls_core
[17.533s] copying controls_core/cv_interface.py -> /home/public/ros2ws/build/controls_core/build/lib/controls_core
[17.545s] copying controls_core/board_interface.py -> /home/public/ros2ws/build/controls_core/build/lib/controls_core
[17.546s] copying controls_core/py.typed -> /home/public/ros2ws/build/controls_core/build/lib/controls_core
[17.546s] running install
[17.636s] running install_lib
[18.076s] copying /home/public/ros2ws/build/controls_core/build/lib/controls_core/main_control_node.py -> /home/public/ros2ws/install/controls_core/lib/python3.14/site-packages/controls_core
[18.088s] byte-compiling /home/public/ros2ws/install/controls_core/lib/python3.14/site-packages/controls_core/main_control_node.py to main_control_node.cpython-314.pyc
[18.088s] running install_data
[18.088s] copying resource/controls_core -> /home/public/ros2ws/install/controls_core/share/ament_index/resource_index/packages
[18.088s] copying package.xml -> /home/public/ros2ws/install/controls_core/share/controls_core
[18.088s] running install_egg_info
[18.221s] removing '/home/public/ros2ws/install/controls_core/lib/python3.14/site-packages/controls_core-0.0.0-py3.14.egg-info' (and everything under it)
[18.222s] Copying ../../build/controls_core/controls_core.egg-info to /home/public/ros2ws/install/controls_core/lib/python3.14/site-packages/controls_core-0.0.0-py3.14.egg-info
[18.229s] running install_scripts
[18.922s] Installing main_control_node script to /home/public/ros2ws/install/controls_core/lib/controls_core
[18.924s] writing list of installed files to '/home/public/ros2ws/build/controls_core/install.log'
[19.236s] Invoked command in '/home/public/ros2ws/src/controls_core' returned '0': DEBUGINFOD_URLS=https://debuginfod.ubuntu.com PYTHONPATH=/home/public/ros2ws/build/controls_core/prefix_override:/usr/lib/python3/dist-packages/colcon_core/task/python/colcon_distutils_commands:/home/public/ros2ws/install/controls_core/lib/python3.14/site-packages:${PYTHONPATH} /usr/bin/python3 -W ignore:setup.py install is deprecated -W ignore:easy_install command is deprecated setup.py egg_info --egg-base ../../build/controls_core build --build-base /home/public/ros2ws/build/controls_core/build install --record /home/public/ros2ws/build/controls_core/install.log --install-scripts $base/lib/controls_core --single-version-externally-managed install_data
