[1.305s] Invoking command in '/home/public/ros2ws/src/hiwonder_board': DEBUGINFOD_URLS=https://debuginfod.ubuntu.com PYTHONPATH=/home/public/ros2ws/build/hiwonder_board/prefix_override:/usr/lib/python3/dist-packages/colcon_core/task/python/colcon_distutils_commands:/home/public/ros2ws/install/hiwonder_board/lib/python3.14/site-packages:${PYTHONPATH} /usr/bin/python3 -W ignore:setup.py install is deprecated -W ignore:easy_install command is deprecated setup.py egg_info --egg-base ../../build/hiwonder_board build --build-base /home/public/ros2ws/build/hiwonder_board/build install --record /home/public/ros2ws/build/hiwonder_board/install.log --install-scripts $base/lib/hiwonder_board --single-version-externally-managed install_data
[1.714s] running egg_info
[1.740s] writing ../../build/hiwonder_board/hiwonder_board.egg-info/PKG-INFO
[1.740s] writing dependency_links to ../../build/hiwonder_board/hiwonder_board.egg-info/dependency_links.txt
[1.743s] writing entry points to ../../build/hiwonder_board/hiwonder_board.egg-info/entry_points.txt
[1.745s] writing requirements to ../../build/hiwonder_board/hiwonder_board.egg-info/requires.txt
[1.746s] writing top-level names to ../../build/hiwonder_board/hiwonder_board.egg-info/top_level.txt
[1.800s] reading manifest file '../../build/hiwonder_board/hiwonder_board.egg-info/SOURCES.txt'
[1.801s] adding license file 'LICENSE'
[1.802s] writing manifest file '../../build/hiwonder_board/hiwonder_board.egg-info/SOURCES.txt'
[1.802s] running build
[1.802s] running build_py
[1.803s] copying hiwonder_board/__init__.py -> /home/public/ros2ws/build/hiwonder_board/build/lib/hiwonder_board
[1.803s] copying hiwonder_board/hiwonder_board_node.py -> /home/public/ros2ws/build/hiwonder_board/build/lib/hiwonder_board
[1.803s] copying hiwonder_board/subscriber_member_function.py -> /home/public/ros2ws/build/hiwonder_board/build/lib/hiwonder_board
[1.803s] copying hiwonder_board/publisher_member_function.py -> /home/public/ros2ws/build/hiwonder_board/build/lib/hiwonder_board
[1.804s] copying hiwonder_board/py.typed -> /home/public/ros2ws/build/hiwonder_board/build/lib/hiwonder_board
[1.804s] running install
[1.812s] running install_lib
[1.837s] copying /home/public/ros2ws/build/hiwonder_board/build/lib/hiwonder_board/hiwonder_board_node.py -> /home/public/ros2ws/install/hiwonder_board/lib/python3.14/site-packages/hiwonder_board
[1.838s] byte-compiling /home/public/ros2ws/install/hiwonder_board/lib/python3.14/site-packages/hiwonder_board/hiwonder_board_node.py to hiwonder_board_node.cpython-314.pyc
[1.847s] running install_data
[1.847s] copying resource/hiwonder_board -> /home/public/ros2ws/install/hiwonder_board/share/ament_index/resource_index/packages
[1.847s] copying package.xml -> /home/public/ros2ws/install/hiwonder_board/share/hiwonder_board
[1.847s] running install_egg_info
[1.872s] removing '/home/public/ros2ws/install/hiwonder_board/lib/python3.14/site-packages/hiwonder_board-0.0.0-py3.14.egg-info' (and everything under it)
[1.872s] Copying ../../build/hiwonder_board/hiwonder_board.egg-info to /home/public/ros2ws/install/hiwonder_board/lib/python3.14/site-packages/hiwonder_board-0.0.0-py3.14.egg-info
[1.875s] running install_scripts
[2.004s] Installing hiwonder_board_node script to /home/public/ros2ws/install/hiwonder_board/lib/hiwonder_board
[2.004s] Installing test_listener script to /home/public/ros2ws/install/hiwonder_board/lib/hiwonder_board
[2.006s] Installing test_talker script to /home/public/ros2ws/install/hiwonder_board/lib/hiwonder_board
[2.007s] writing list of installed files to '/home/public/ros2ws/build/hiwonder_board/install.log'
[2.135s] Invoked command in '/home/public/ros2ws/src/hiwonder_board' returned '0': DEBUGINFOD_URLS=https://debuginfod.ubuntu.com PYTHONPATH=/home/public/ros2ws/build/hiwonder_board/prefix_override:/usr/lib/python3/dist-packages/colcon_core/task/python/colcon_distutils_commands:/home/public/ros2ws/install/hiwonder_board/lib/python3.14/site-packages:${PYTHONPATH} /usr/bin/python3 -W ignore:setup.py install is deprecated -W ignore:easy_install command is deprecated setup.py egg_info --egg-base ../../build/hiwonder_board build --build-base /home/public/ros2ws/build/hiwonder_board/build install --record /home/public/ros2ws/build/hiwonder_board/install.log --install-scripts $base/lib/hiwonder_board --single-version-externally-managed install_data
