[10.889s] Invoking command in '/home/public/ros2ws/src/controls_core': DEBUGINFOD_URLS=https://debuginfod.ubuntu.com PYTHONPATH=/home/public/ros2ws/build/controls_core/prefix_override:/usr/lib/python3/dist-packages/colcon_core/task/python/colcon_distutils_commands:/home/public/ros2ws/install/controls_core/lib/python3.14/site-packages:${PYTHONPATH} /usr/bin/python3 -W ignore:setup.py install is deprecated -W ignore:easy_install command is deprecated setup.py egg_info --egg-base ../../build/controls_core build --build-base /home/public/ros2ws/build/controls_core/build install --record /home/public/ros2ws/build/controls_core/install.log --install-scripts $base/lib/controls_core --single-version-externally-managed install_data
[15.220s] running egg_info
[15.347s] writing ../../build/controls_core/controls_core.egg-info/PKG-INFO
[15.349s] writing dependency_links to ../../build/controls_core/controls_core.egg-info/dependency_links.txt
[15.350s] writing entry points to ../../build/controls_core/controls_core.egg-info/entry_points.txt
[15.350s] writing requirements to ../../build/controls_core/controls_core.egg-info/requires.txt
[15.351s] writing top-level names to ../../build/controls_core/controls_core.egg-info/top_level.txt
[15.666s] reading manifest file '../../build/controls_core/controls_core.egg-info/SOURCES.txt'
[15.670s] adding license file 'LICENSE'
[15.674s] writing manifest file '../../build/controls_core/controls_core.egg-info/SOURCES.txt'
[15.686s] running build
[15.686s] running build_py
[15.687s] copying controls_core/ui_testing.py -> /home/public/ros2ws/build/controls_core/build/lib/controls_core
[15.687s] copying controls_core/main_control_node.py -> /home/public/ros2ws/build/controls_core/build/lib/controls_core
[15.687s] copying controls_core/__init__.py -> /home/public/ros2ws/build/controls_core/build/lib/controls_core
[15.687s] copying controls_core/board_interface.py -> /home/public/ros2ws/build/controls_core/build/lib/controls_core
[15.692s] copying controls_core/py.typed -> /home/public/ros2ws/build/controls_core/build/lib/controls_core
[15.698s] running install
[15.741s] running install_lib
[16.159s] copying /home/public/ros2ws/build/controls_core/build/lib/controls_core/main_control_node.py -> /home/public/ros2ws/install/controls_core/lib/python3.14/site-packages/controls_core
[16.170s] byte-compiling /home/public/ros2ws/install/controls_core/lib/python3.14/site-packages/controls_core/main_control_node.py to main_control_node.cpython-314.pyc
[16.171s] running install_data
[16.177s] copying resource/controls_core -> /home/public/ros2ws/install/controls_core/share/ament_index/resource_index/packages
[16.182s] copying package.xml -> /home/public/ros2ws/install/controls_core/share/controls_core
[16.182s] running install_egg_info
[16.428s] removing '/home/public/ros2ws/install/controls_core/lib/python3.14/site-packages/controls_core-0.0.0-py3.14.egg-info' (and everything under it)
[16.429s] Copying ../../build/controls_core/controls_core.egg-info to /home/public/ros2ws/install/controls_core/lib/python3.14/site-packages/controls_core-0.0.0-py3.14.egg-info
[16.440s] running install_scripts
[17.912s] Installing main_control_node script to /home/public/ros2ws/install/controls_core/lib/controls_core
[17.923s] writing list of installed files to '/home/public/ros2ws/build/controls_core/install.log'
[18.540s] Invoked command in '/home/public/ros2ws/src/controls_core' returned '0': DEBUGINFOD_URLS=https://debuginfod.ubuntu.com PYTHONPATH=/home/public/ros2ws/build/controls_core/prefix_override:/usr/lib/python3/dist-packages/colcon_core/task/python/colcon_distutils_commands:/home/public/ros2ws/install/controls_core/lib/python3.14/site-packages:${PYTHONPATH} /usr/bin/python3 -W ignore:setup.py install is deprecated -W ignore:easy_install command is deprecated setup.py egg_info --egg-base ../../build/controls_core build --build-base /home/public/ros2ws/build/controls_core/build install --record /home/public/ros2ws/build/controls_core/install.log --install-scripts $base/lib/controls_core --single-version-externally-managed install_data
