gmake[2]: Warning: File 'CMakeFiles/publisher_lambda.dir/build.make' has modification time 7874579 s in the future
gmake[2]: warning:  Clock skew detected.  Your build may be incomplete.
gmake[2]: Warning: File 'CMakeFiles/publisher_lambda.dir/build.make' has modification time 7874579 s in the future
gmake[2]: warning:  Clock skew detected.  Your build may be incomplete.
gmake[2]: Warning: File 'CMakeFiles/publisher_member_function_with_unique_network_flow_endpoints.dir/build.make' has modification time 7874579 s in the future
gmake[2]: warning:  Clock skew detected.  Your build may be incomplete.
gmake[2]: Warning: File 'CMakeFiles/publisher_member_function_with_unique_network_flow_endpoints.dir/build.make' has modification time 7874579 s in the future
gmake[2]: warning:  Clock skew detected.  Your build may be incomplete.
gmake[2]: Warning: File 'CMakeFiles/publisher_wait_for_all_acked.dir/build.make' has modification time 7874579 s in the future
gmake[2]: Warning: File 'CMakeFiles/publisher_member_function_with_type_adapter.dir/build.make' has modification time 7874579 s in the future
gmake[2]: warning:  Clock skew detected.  Your build may be incomplete.
gmake[2]: warning:  Clock skew detected.  Your build may be incomplete.
gmake[2]: Warning: File 'CMakeFiles/publisher_wait_for_all_acked.dir/build.make' has modification time 7874579 s in the future
gmake[2]: warning:  Clock skew detected.  Your build may be incomplete.
gmake[2]: Warning: File 'CMakeFiles/publisher_member_function_with_type_adapter.dir/build.make' has modification time 7874579 s in the future
gmake[2]: warning:  Clock skew detected.  Your build may be incomplete.
gmake[2]: Warning: File 'CMakeFiles/publisher_not_composable.dir/build.make' has modification time 7874579 s in the future
gmake[2]: warning:  Clock skew detected.  Your build may be incomplete.
gmake[2]: Warning: File 'CMakeFiles/publisher_not_composable.dir/build.make' has modification time 7874579 s in the future
gmake[2]: warning:  Clock skew detected.  Your build may be incomplete.
gmake[2]: Warning: File 'CMakeFiles/publisher_member_function.dir/build.make' has modification time 7874579 s in the future
gmake[2]: warning:  Clock skew detected.  Your build may be incomplete.
gmake[2]: Warning: File 'CMakeFiles/publisher_member_function.dir/build.make' has modification time 7874579 s in the future
gmake[2]: warning:  Clock skew detected.  Your build may be incomplete.
