[0.133s] Invoking command in '/home/public/ros2ws/build/examples_rclcpp_minimal_publisher': CMAKE_PREFIX_PATH=${CMAKE_PREFIX_PATH}:/home/public/ros2ws/install/opencv2_nodes:/home/public/ros2ws/install/launch_testing_examples:/home/public/ros2ws/install/hiwonder_board:/home/public/ros2ws/install/examples_rclpy_pointcloud_publisher:/home/public/ros2ws/install/examples_rclpy_minimal_subscriber:/home/public/ros2ws/install/examples_rclpy_minimal_service:/home/public/ros2ws/install/examples_rclpy_minimal_publisher:/home/public/ros2ws/install/examples_rclpy_minimal_client:/home/public/ros2ws/install/examples_rclpy_minimal_action_server:/home/public/ros2ws/install/examples_rclpy_minimal_action_client:/home/public/ros2ws/install/examples_rclpy_guard_conditions:/home/public/ros2ws/install/examples_rclpy_executors:/home/public/ros2ws/install/controls_core:/opt/ros/lyrical DEBUGINFOD_URLS=https://debuginfod.ubuntu.com /usr/bin/cmake /home/public/ros2ws/src/examples/rclcpp/topics/minimal_publisher -DAMENT_CMAKE_SYMLINK_INSTALL=1 -DCMAKE_INSTALL_PREFIX=/home/public/ros2ws/install/examples_rclcpp_minimal_publisher
[0.277s] -- Found ament_cmake: 2.8.7 (/opt/ros/lyrical/share/ament_cmake/cmake)
[1.054s] -- Override CMake install command with custom implementation using symlinks instead of copying resources
[1.069s] -- Found rclcpp: 32.0.0 (/opt/ros/lyrical/share/rclcpp/cmake)
[1.110s] -- Found rosidl_generator_c: 5.2.1 (/opt/ros/lyrical/share/rosidl_generator_c/cmake)
[1.118s] -- Found rosidl_generator_cpp: 5.2.1 (/opt/ros/lyrical/share/rosidl_generator_cpp/cmake)
[1.133s] -- Using all available rosidl_typesupport_c: rosidl_typesupport_fastrtps_c;rosidl_typesupport_introspection_c
[1.150s] -- Using all available rosidl_typesupport_cpp: rosidl_typesupport_fastrtps_cpp;rosidl_typesupport_introspection_cpp
[1.243s] -- Found rmw_implementation_cmake: 7.10.1 (/opt/ros/lyrical/share/rmw_implementation_cmake/cmake)
[1.246s] -- Found rmw_fastrtps_cpp: 9.4.8 (/opt/ros/lyrical/share/rmw_fastrtps_cpp/cmake)
[1.295s] -- Using RMW implementation 'rmw_fastrtps_cpp' as default
[1.401s] -- Found std_msgs: 5.9.2 (/opt/ros/lyrical/share/std_msgs/cmake)
[1.430s] -- Found ament_lint_auto: 0.20.6 (/opt/ros/lyrical/share/ament_lint_auto/cmake)
[1.835s] -- Added test 'copyright' to check source files copyright and LICENSE
[1.835s] -- Added test 'cppcheck' to perform static code analysis on C / C++ code
[1.835s] -- Configured cppcheck include dirs: 
[1.835s] -- Configured cppcheck exclude dirs and/or files: 
[1.836s] -- Added test 'cpplint' to check C / C++ code against the Google style
[1.836s] -- Configured cpplint exclude dirs and/or files: 
[1.837s] -- Added test 'lint_cmake' to check CMake code style
[1.838s] -- Added test 'uncrustify' to check C / C++ code style
[1.838s] -- Configured uncrustify additional arguments: 
[1.838s] -- Added test 'xmllint' to check XML markup files
[1.845s] -- Configuring done (1.7s)
[2.054s] -- Generating done (0.2s)
[2.143s] -- Build files have been written to: /home/public/ros2ws/build/examples_rclcpp_minimal_publisher
[2.160s] Invoked command in '/home/public/ros2ws/build/examples_rclcpp_minimal_publisher' returned '0': CMAKE_PREFIX_PATH=${CMAKE_PREFIX_PATH}:/home/public/ros2ws/install/opencv2_nodes:/home/public/ros2ws/install/launch_testing_examples:/home/public/ros2ws/install/hiwonder_board:/home/public/ros2ws/install/examples_rclpy_pointcloud_publisher:/home/public/ros2ws/install/examples_rclpy_minimal_subscriber:/home/public/ros2ws/install/examples_rclpy_minimal_service:/home/public/ros2ws/install/examples_rclpy_minimal_publisher:/home/public/ros2ws/install/examples_rclpy_minimal_client:/home/public/ros2ws/install/examples_rclpy_minimal_action_server:/home/public/ros2ws/install/examples_rclpy_minimal_action_client:/home/public/ros2ws/install/examples_rclpy_guard_conditions:/home/public/ros2ws/install/examples_rclpy_executors:/home/public/ros2ws/install/controls_core:/opt/ros/lyrical DEBUGINFOD_URLS=https://debuginfod.ubuntu.com /usr/bin/cmake /home/public/ros2ws/src/examples/rclcpp/topics/minimal_publisher -DAMENT_CMAKE_SYMLINK_INSTALL=1 -DCMAKE_INSTALL_PREFIX=/home/public/ros2ws/install/examples_rclcpp_minimal_publisher
[2.162s] Invoking command in '/home/public/ros2ws/build/examples_rclcpp_minimal_publisher': CMAKE_PREFIX_PATH=${CMAKE_PREFIX_PATH}:/home/public/ros2ws/install/opencv2_nodes:/home/public/ros2ws/install/launch_testing_examples:/home/public/ros2ws/install/hiwonder_board:/home/public/ros2ws/install/examples_rclpy_pointcloud_publisher:/home/public/ros2ws/install/examples_rclpy_minimal_subscriber:/home/public/ros2ws/install/examples_rclpy_minimal_service:/home/public/ros2ws/install/examples_rclpy_minimal_publisher:/home/public/ros2ws/install/examples_rclpy_minimal_client:/home/public/ros2ws/install/examples_rclpy_minimal_action_server:/home/public/ros2ws/install/examples_rclpy_minimal_action_client:/home/public/ros2ws/install/examples_rclpy_guard_conditions:/home/public/ros2ws/install/examples_rclpy_executors:/home/public/ros2ws/install/controls_core:/opt/ros/lyrical DEBUGINFOD_URLS=https://debuginfod.ubuntu.com /usr/bin/cmake --build /home/public/ros2ws/build/examples_rclcpp_minimal_publisher -- -j4 -l4
[2.257s] -- Found ament_cmake: 2.8.7 (/opt/ros/lyrical/share/ament_cmake/cmake)
[3.015s] -- Override CMake install command with custom implementation using symlinks instead of copying resources
[3.029s] -- Found rclcpp: 32.0.0 (/opt/ros/lyrical/share/rclcpp/cmake)
[3.078s] -- Found rosidl_generator_c: 5.2.1 (/opt/ros/lyrical/share/rosidl_generator_c/cmake)
[3.092s] -- Found rosidl_generator_cpp: 5.2.1 (/opt/ros/lyrical/share/rosidl_generator_cpp/cmake)
[3.120s] -- Using all available rosidl_typesupport_c: rosidl_typesupport_fastrtps_c;rosidl_typesupport_introspection_c
[3.139s] -- Using all available rosidl_typesupport_cpp: rosidl_typesupport_fastrtps_cpp;rosidl_typesupport_introspection_cpp
[3.239s] -- Found rmw_implementation_cmake: 7.10.1 (/opt/ros/lyrical/share/rmw_implementation_cmake/cmake)
[3.246s] -- Found rmw_fastrtps_cpp: 9.4.8 (/opt/ros/lyrical/share/rmw_fastrtps_cpp/cmake)
[3.287s] -- Using RMW implementation 'rmw_fastrtps_cpp' as default
[3.399s] -- Found std_msgs: 5.9.2 (/opt/ros/lyrical/share/std_msgs/cmake)
[3.433s] -- Found ament_lint_auto: 0.20.6 (/opt/ros/lyrical/share/ament_lint_auto/cmake)
[3.841s] -- Added test 'copyright' to check source files copyright and LICENSE
[3.842s] -- Added test 'cppcheck' to perform static code analysis on C / C++ code
[3.842s] -- Configured cppcheck include dirs: 
[3.843s] -- Configured cppcheck exclude dirs and/or files: 
[3.843s] -- Added test 'cpplint' to check C / C++ code against the Google style
[3.844s] -- Configured cpplint exclude dirs and/or files: 
[3.845s] -- Added test 'lint_cmake' to check CMake code style
[3.846s] -- Added test 'uncrustify' to check C / C++ code style
[3.846s] -- Configured uncrustify additional arguments: 
[3.846s] -- Added test 'xmllint' to check XML markup files
[3.849s] -- Configuring done (1.6s)
[3.933s] -- Generating done (0.1s)
[4.018s] -- Build files have been written to: /home/public/ros2ws/build/examples_rclcpp_minimal_publisher
[4.056s] gmake[2]: Warning: File 'CMakeFiles/publisher_lambda.dir/build.make' has modification time 7874579 s in the future
[4.099s] gmake[2]: warning:  Clock skew detected.  Your build may be incomplete.
[4.106s] gmake[2]: Warning: File 'CMakeFiles/publisher_lambda.dir/build.make' has modification time 7874579 s in the future
[4.108s] gmake[2]: warning:  Clock skew detected.  Your build may be incomplete.
[4.132s] [ 16%] Built target publisher_lambda
[4.138s] gmake[2]: Warning: File 'CMakeFiles/publisher_member_function_with_unique_network_flow_endpoints.dir/build.make' has modification time 7874579 s in the future
[4.172s] gmake[2]: warning:  Clock skew detected.  Your build may be incomplete.
[4.179s] gmake[2]: Warning: File 'CMakeFiles/publisher_member_function_with_unique_network_flow_endpoints.dir/build.make' has modification time 7874579 s in the future
[4.180s] gmake[2]: warning:  Clock skew detected.  Your build may be incomplete.
[4.196s] [ 33%] Built target publisher_member_function_with_unique_network_flow_endpoints
[4.202s] gmake[2]: Warning: File 'CMakeFiles/publisher_wait_for_all_acked.dir/build.make' has modification time 7874579 s in the future
[4.202s] gmake[2]: Warning: File 'CMakeFiles/publisher_member_function_with_type_adapter.dir/build.make' has modification time 7874579 s in the future
[4.233s] gmake[2]: warning:  Clock skew detected.  Your build may be incomplete.
[4.237s] gmake[2]: warning:  Clock skew detected.  Your build may be incomplete.
[4.238s] gmake[2]: Warning: File 'CMakeFiles/publisher_wait_for_all_acked.dir/build.make' has modification time 7874579 s in the future
[4.240s] gmake[2]: warning:  Clock skew detected.  Your build may be incomplete.
[4.244s] gmake[2]: Warning: File 'CMakeFiles/publisher_member_function_with_type_adapter.dir/build.make' has modification time 7874579 s in the future
[4.247s] gmake[2]: warning:  Clock skew detected.  Your build may be incomplete.
[4.256s] [ 50%] Built target publisher_wait_for_all_acked
[4.264s] [ 66%] Built target publisher_member_function_with_type_adapter
[4.269s] gmake[2]: Warning: File 'CMakeFiles/publisher_not_composable.dir/build.make' has modification time 7874579 s in the future
[4.296s] gmake[2]: warning:  Clock skew detected.  Your build may be incomplete.
[4.303s] gmake[2]: Warning: File 'CMakeFiles/publisher_not_composable.dir/build.make' has modification time 7874579 s in the future
[4.305s] gmake[2]: warning:  Clock skew detected.  Your build may be incomplete.
[4.332s] [ 83%] Built target publisher_not_composable
[4.338s] gmake[2]: Warning: File 'CMakeFiles/publisher_member_function.dir/build.make' has modification time 7874579 s in the future
[4.367s] gmake[2]: warning:  Clock skew detected.  Your build may be incomplete.
[4.374s] gmake[2]: Warning: File 'CMakeFiles/publisher_member_function.dir/build.make' has modification time 7874579 s in the future
[4.377s] gmake[2]: warning:  Clock skew detected.  Your build may be incomplete.
[4.395s] [100%] Built target publisher_member_function
[4.422s] Invoked command in '/home/public/ros2ws/build/examples_rclcpp_minimal_publisher' returned '0': CMAKE_PREFIX_PATH=${CMAKE_PREFIX_PATH}:/home/public/ros2ws/install/opencv2_nodes:/home/public/ros2ws/install/launch_testing_examples:/home/public/ros2ws/install/hiwonder_board:/home/public/ros2ws/install/examples_rclpy_pointcloud_publisher:/home/public/ros2ws/install/examples_rclpy_minimal_subscriber:/home/public/ros2ws/install/examples_rclpy_minimal_service:/home/public/ros2ws/install/examples_rclpy_minimal_publisher:/home/public/ros2ws/install/examples_rclpy_minimal_client:/home/public/ros2ws/install/examples_rclpy_minimal_action_server:/home/public/ros2ws/install/examples_rclpy_minimal_action_client:/home/public/ros2ws/install/examples_rclpy_guard_conditions:/home/public/ros2ws/install/examples_rclpy_executors:/home/public/ros2ws/install/controls_core:/opt/ros/lyrical DEBUGINFOD_URLS=https://debuginfod.ubuntu.com /usr/bin/cmake --build /home/public/ros2ws/build/examples_rclcpp_minimal_publisher -- -j4 -l4
[4.424s] Invoking command in '/home/public/ros2ws/build/examples_rclcpp_minimal_publisher': CMAKE_PREFIX_PATH=${CMAKE_PREFIX_PATH}:/home/public/ros2ws/install/opencv2_nodes:/home/public/ros2ws/install/launch_testing_examples:/home/public/ros2ws/install/hiwonder_board:/home/public/ros2ws/install/examples_rclpy_pointcloud_publisher:/home/public/ros2ws/install/examples_rclpy_minimal_subscriber:/home/public/ros2ws/install/examples_rclpy_minimal_service:/home/public/ros2ws/install/examples_rclpy_minimal_publisher:/home/public/ros2ws/install/examples_rclpy_minimal_client:/home/public/ros2ws/install/examples_rclpy_minimal_action_server:/home/public/ros2ws/install/examples_rclpy_minimal_action_client:/home/public/ros2ws/install/examples_rclpy_guard_conditions:/home/public/ros2ws/install/examples_rclpy_executors:/home/public/ros2ws/install/controls_core:/opt/ros/lyrical DEBUGINFOD_URLS=https://debuginfod.ubuntu.com /usr/bin/cmake --install /home/public/ros2ws/build/examples_rclcpp_minimal_publisher
[4.442s] -- Install configuration: ""
[4.442s] -- Execute custom install script
[4.442s] -- Symlinking: /home/public/ros2ws/install/examples_rclcpp_minimal_publisher/lib/examples_rclcpp_minimal_publisher/publisher_lambda
[4.461s] -- Symlinking: /home/public/ros2ws/install/examples_rclcpp_minimal_publisher/lib/examples_rclcpp_minimal_publisher/publisher_member_function
[4.480s] -- Symlinking: /home/public/ros2ws/install/examples_rclcpp_minimal_publisher/lib/examples_rclcpp_minimal_publisher/publisher_member_function_with_type_adapter
[4.500s] -- Symlinking: /home/public/ros2ws/install/examples_rclcpp_minimal_publisher/lib/examples_rclcpp_minimal_publisher/publisher_member_function_with_unique_network_flow_endpoints
[4.516s] -- Symlinking: /home/public/ros2ws/install/examples_rclcpp_minimal_publisher/lib/examples_rclcpp_minimal_publisher/publisher_wait_for_all_acked
[4.539s] -- Symlinking: /home/public/ros2ws/install/examples_rclcpp_minimal_publisher/lib/examples_rclcpp_minimal_publisher/publisher_not_composable
[4.558s] -- Symlinking: /home/public/ros2ws/install/examples_rclcpp_minimal_publisher/share/ament_index/resource_index/package_run_dependencies/examples_rclcpp_minimal_publisher
[4.578s] -- Symlinking: /home/public/ros2ws/install/examples_rclcpp_minimal_publisher/share/ament_index/resource_index/parent_prefix_path/examples_rclcpp_minimal_publisher
[4.594s] -- Symlinking: /home/public/ros2ws/install/examples_rclcpp_minimal_publisher/share/examples_rclcpp_minimal_publisher/environment/ament_prefix_path.sh
[4.614s] -- Symlinking: /home/public/ros2ws/install/examples_rclcpp_minimal_publisher/share/examples_rclcpp_minimal_publisher/environment/ament_prefix_path.dsv
[4.737s] -- Symlinking: /home/public/ros2ws/install/examples_rclcpp_minimal_publisher/share/examples_rclcpp_minimal_publisher/environment/path.sh
[4.757s] -- Symlinking: /home/public/ros2ws/install/examples_rclcpp_minimal_publisher/share/examples_rclcpp_minimal_publisher/environment/path.dsv
[4.774s] -- Symlinking: /home/public/ros2ws/install/examples_rclcpp_minimal_publisher/share/examples_rclcpp_minimal_publisher/local_setup.bash
[4.792s] -- Symlinking: /home/public/ros2ws/install/examples_rclcpp_minimal_publisher/share/examples_rclcpp_minimal_publisher/local_setup.fish
[4.808s] -- Symlinking: /home/public/ros2ws/install/examples_rclcpp_minimal_publisher/share/examples_rclcpp_minimal_publisher/local_setup.sh
[4.827s] -- Symlinking: /home/public/ros2ws/install/examples_rclcpp_minimal_publisher/share/examples_rclcpp_minimal_publisher/local_setup.zsh
[4.844s] -- Symlinking: /home/public/ros2ws/install/examples_rclcpp_minimal_publisher/share/examples_rclcpp_minimal_publisher/local_setup.dsv
[4.866s] -- Symlinking: /home/public/ros2ws/install/examples_rclcpp_minimal_publisher/share/examples_rclcpp_minimal_publisher/package.dsv
[4.885s] -- Symlinking: /home/public/ros2ws/install/examples_rclcpp_minimal_publisher/share/ament_index/resource_index/packages/examples_rclcpp_minimal_publisher
[4.907s] -- Symlinking: /home/public/ros2ws/install/examples_rclcpp_minimal_publisher/share/examples_rclcpp_minimal_publisher/cmake/examples_rclcpp_minimal_publisherConfig.cmake
[4.923s] -- Symlinking: /home/public/ros2ws/install/examples_rclcpp_minimal_publisher/share/examples_rclcpp_minimal_publisher/cmake/examples_rclcpp_minimal_publisherConfig-version.cmake
[4.947s] -- Symlinking: /home/public/ros2ws/install/examples_rclcpp_minimal_publisher/share/examples_rclcpp_minimal_publisher/package.xml
[5.085s] Invoked command in '/home/public/ros2ws/build/examples_rclcpp_minimal_publisher' returned '0': CMAKE_PREFIX_PATH=${CMAKE_PREFIX_PATH}:/home/public/ros2ws/install/opencv2_nodes:/home/public/ros2ws/install/launch_testing_examples:/home/public/ros2ws/install/hiwonder_board:/home/public/ros2ws/install/examples_rclpy_pointcloud_publisher:/home/public/ros2ws/install/examples_rclpy_minimal_subscriber:/home/public/ros2ws/install/examples_rclpy_minimal_service:/home/public/ros2ws/install/examples_rclpy_minimal_publisher:/home/public/ros2ws/install/examples_rclpy_minimal_client:/home/public/ros2ws/install/examples_rclpy_minimal_action_server:/home/public/ros2ws/install/examples_rclpy_minimal_action_client:/home/public/ros2ws/install/examples_rclpy_guard_conditions:/home/public/ros2ws/install/examples_rclpy_executors:/home/public/ros2ws/install/controls_core:/opt/ros/lyrical DEBUGINFOD_URLS=https://debuginfod.ubuntu.com /usr/bin/cmake --install /home/public/ros2ws/build/examples_rclcpp_minimal_publisher
