running egg_info
creating ../../build/hiwonder_board/hiwonder_board.egg-info
writing ../../build/hiwonder_board/hiwonder_board.egg-info/PKG-INFO
writing dependency_links to ../../build/hiwonder_board/hiwonder_board.egg-info/dependency_links.txt
writing entry points to ../../build/hiwonder_board/hiwonder_board.egg-info/entry_points.txt
writing requirements to ../../build/hiwonder_board/hiwonder_board.egg-info/requires.txt
writing top-level names to ../../build/hiwonder_board/hiwonder_board.egg-info/top_level.txt
writing manifest file '../../build/hiwonder_board/hiwonder_board.egg-info/SOURCES.txt'
reading manifest file '../../build/hiwonder_board/hiwonder_board.egg-info/SOURCES.txt'
adding license file 'LICENSE'
writing manifest file '../../build/hiwonder_board/hiwonder_board.egg-info/SOURCES.txt'
running build
running build_py
creating /home/public/ros2ws/build/hiwonder_board/build/lib/hiwonder_board
copying hiwonder_board/__init__.py -> /home/public/ros2ws/build/hiwonder_board/build/lib/hiwonder_board
copying hiwonder_board/hiwonder_board_node.py -> /home/public/ros2ws/build/hiwonder_board/build/lib/hiwonder_board
copying hiwonder_board/subscriber_member_function.py -> /home/public/ros2ws/build/hiwonder_board/build/lib/hiwonder_board
copying hiwonder_board/publisher_member_function.py -> /home/public/ros2ws/build/hiwonder_board/build/lib/hiwonder_board
copying hiwonder_board/py.typed -> /home/public/ros2ws/build/hiwonder_board/build/lib/hiwonder_board
running install
running install_lib
creating /home/public/ros2ws/install/hiwonder_board/lib/python3.14/site-packages/hiwonder_board
copying /home/public/ros2ws/build/hiwonder_board/build/lib/hiwonder_board/__init__.py -> /home/public/ros2ws/install/hiwonder_board/lib/python3.14/site-packages/hiwonder_board
copying /home/public/ros2ws/build/hiwonder_board/build/lib/hiwonder_board/hiwonder_board_node.py -> /home/public/ros2ws/install/hiwonder_board/lib/python3.14/site-packages/hiwonder_board
copying /home/public/ros2ws/build/hiwonder_board/build/lib/hiwonder_board/subscriber_member_function.py -> /home/public/ros2ws/install/hiwonder_board/lib/python3.14/site-packages/hiwonder_board
copying /home/public/ros2ws/build/hiwonder_board/build/lib/hiwonder_board/py.typed -> /home/public/ros2ws/install/hiwonder_board/lib/python3.14/site-packages/hiwonder_board
copying /home/public/ros2ws/build/hiwonder_board/build/lib/hiwonder_board/publisher_member_function.py -> /home/public/ros2ws/install/hiwonder_board/lib/python3.14/site-packages/hiwonder_board
byte-compiling /home/public/ros2ws/install/hiwonder_board/lib/python3.14/site-packages/hiwonder_board/__init__.py to __init__.cpython-314.pyc
byte-compiling /home/public/ros2ws/install/hiwonder_board/lib/python3.14/site-packages/hiwonder_board/hiwonder_board_node.py to hiwonder_board_node.cpython-314.pyc
byte-compiling /home/public/ros2ws/install/hiwonder_board/lib/python3.14/site-packages/hiwonder_board/subscriber_member_function.py to subscriber_member_function.cpython-314.pyc
byte-compiling /home/public/ros2ws/install/hiwonder_board/lib/python3.14/site-packages/hiwonder_board/publisher_member_function.py to publisher_member_function.cpython-314.pyc
running install_data
creating /home/public/ros2ws/install/hiwonder_board/share/ament_index/resource_index/packages
copying resource/hiwonder_board -> /home/public/ros2ws/install/hiwonder_board/share/ament_index/resource_index/packages
copying package.xml -> /home/public/ros2ws/install/hiwonder_board/share/hiwonder_board
running install_egg_info
Copying ../../build/hiwonder_board/hiwonder_board.egg-info to /home/public/ros2ws/install/hiwonder_board/lib/python3.14/site-packages/hiwonder_board-0.0.0-py3.14.egg-info
running install_scripts
Installing hiwonder_board_node script to /home/public/ros2ws/install/hiwonder_board/lib/hiwonder_board
Installing test_listener script to /home/public/ros2ws/install/hiwonder_board/lib/hiwonder_board
Installing test_talker script to /home/public/ros2ws/install/hiwonder_board/lib/hiwonder_board
writing list of installed files to '/home/public/ros2ws/build/hiwonder_board/install.log'
