[0.000000] (-) TimerEvent: {}
[0.000328] (-) JobUnselected: {'identifier': 'examples_rclcpp_async_client'}
[0.000536] (-) JobUnselected: {'identifier': 'examples_rclcpp_cbg_executor'}
[0.000622] (-) JobUnselected: {'identifier': 'examples_rclcpp_minimal_action_client'}
[0.000896] (-) JobUnselected: {'identifier': 'examples_rclcpp_minimal_action_server'}
[0.001049] (-) JobUnselected: {'identifier': 'examples_rclcpp_minimal_client'}
[0.001324] (-) JobUnselected: {'identifier': 'examples_rclcpp_minimal_composition'}
[0.001386] (-) JobUnselected: {'identifier': 'examples_rclcpp_minimal_publisher'}
[0.001423] (-) JobUnselected: {'identifier': 'examples_rclcpp_minimal_service'}
[0.001458] (-) JobUnselected: {'identifier': 'examples_rclcpp_minimal_subscriber'}
[0.001492] (-) JobUnselected: {'identifier': 'examples_rclcpp_minimal_timer'}
[0.001526] (-) JobUnselected: {'identifier': 'examples_rclcpp_multithreaded_executor'}
[0.001559] (-) JobUnselected: {'identifier': 'examples_rclcpp_wait_set'}
[0.001593] (-) JobUnselected: {'identifier': 'examples_rclpy_executors'}
[0.001627] (-) JobUnselected: {'identifier': 'examples_rclpy_guard_conditions'}
[0.001660] (-) JobUnselected: {'identifier': 'examples_rclpy_minimal_action_client'}
[0.001696] (-) JobUnselected: {'identifier': 'examples_rclpy_minimal_action_server'}
[0.001729] (-) JobUnselected: {'identifier': 'examples_rclpy_minimal_client'}
[0.001763] (-) JobUnselected: {'identifier': 'examples_rclpy_minimal_publisher'}
[0.001780] (-) JobUnselected: {'identifier': 'examples_rclpy_minimal_service'}
[0.001809] (-) JobUnselected: {'identifier': 'examples_rclpy_minimal_subscriber'}
[0.001828] (-) JobUnselected: {'identifier': 'examples_rclpy_pointcloud_publisher'}
[0.001880] (-) JobUnselected: {'identifier': 'hiwonder_board'}
[0.001916] (-) JobUnselected: {'identifier': 'launch_testing_examples'}
[0.001951] (-) JobUnselected: {'identifier': 'turtlesim'}
[0.001987] (-) JobUnselected: {'identifier': 'turtlesim_msgs'}
[0.002027] (controls_core) JobQueued: {'identifier': 'controls_core', 'dependencies': OrderedDict()}
[0.002070] (controls_core) JobStarted: {'identifier': 'controls_core'}
[0.099621] (-) TimerEvent: {}
[0.200217] (-) TimerEvent: {}
[0.300684] (-) TimerEvent: {}
[0.401119] (-) TimerEvent: {}
[0.501735] (-) TimerEvent: {}
[0.576873] (controls_core) StderrLine: {'line': b'Traceback (most recent call last):\n  File "/usr/lib/python3/dist-packages/colcon_core/executor/__init__.py", line 91, in __call__\n    rc = await self.task(*args, **kwargs)\n         ^^^^^^^^^^^^^^^^^^^^^^^^^^^^^^^^\n  File "/usr/lib/python3/dist-packages/colcon_core/task/__init__.py", line 120, in __call__\n    return await task_method(*args, **kwargs)\n           ^^^^^^^^^^^^^^^^^^^^^^^^^^^^^^^^^^\n  File "/usr/lib/python3/dist-packages/colcon_ros/task/ament_python/build.py", line 51, in build\n    setup_py_data = get_setup_data(self.context.pkg, env)\n  File "/usr/lib/python3/dist-packages/colcon_core/task/python/__init__.py", line 20, in get_setup_data\n    return dict(pkg.metadata[key](env))\n                ~~~~~~~~~~~~~~~~~^^^^^\n  File "/usr/lib/python3/dist-packages/colcon_ros/package_augmentation/ros_ament_python.py", line 57, in getter\n    return get_setup_information(\n        desc.path / \'setup.py\', env=env)\n  File "/usr/lib/python3/dist-packages/colcon_python_setup_py/package_identification/python_setup_py.py", line 249, in get_setup_information\n    _setup_information_cache[hashable_env] = _get_setup_information(\n                                             ~~~~~~~~~~~~~~~~~~~~~~^\n        setup_py, env=env)\n        ^^^^^^^^^^^^^^^^^^\n  File "/usr/lib/python3/dist-packages/colcon_python_setup_py/package_identification/python_setup_py.py", line 296, in _get_setup_information\n    result = subprocess.run(\n        cmd, stdout=subprocess.PIPE,\n        cwd=os.path.abspath(str(setup_py.parent)), check=True, env=env)\n  File "/usr/lib/python3.14/subprocess.py", line 578, in run\n    raise CalledProcessError(retcode, process.args,\n                             output=stdout, stderr=stderr)\nsubprocess.CalledProcessError: Command \'[\'/usr/bin/python3\', \'-c\', \'import sys;from contextlib import suppress;exec("with suppress(ImportError):    from setuptools.extern.packaging.specifiers    import SpecifierSet");exec("with suppress(ImportError):    from packaging.specifiers import SpecifierSet");from distutils.core import run_setup;dist = run_setup(    \\\'setup.py\\\', script_args=(\\\'--dry-run\\\',), stop_after=\\\'config\\\');skip_keys = (\\\'cmdclass\\\', \\\'distclass\\\', \\\'ext_modules\\\', \\\'metadata\\\');data = {    key: value for key, value in dist.__dict__.items()     if (        not key.startswith(\\\'_\\\') and         not callable(value) and         key not in skip_keys and         key not in dist.display_option_names    )};data[\\\'metadata\\\'] = {    k: v for k, v in dist.metadata.__dict__.items()     if k not in (\\\'license_files\\\', \\\'provides_extras\\\')};sys.stdout.buffer.write(repr(data).encode(\\\'utf-8\\\'))\']\' returned non-zero exit status 1.\n'}
[0.578201] (controls_core) JobEnded: {'identifier': 'controls_core', 'rc': 1}
[0.587707] (-) EventReactorShutdown: {}
