[3.245s] Invoking command in '/home/public/ros2ws/src/opencv2_nodes': DEBUGINFOD_URLS=https://debuginfod.ubuntu.com PYTHONPATH=/home/public/ros2ws/build/opencv2_nodes/prefix_override:/usr/lib/python3/dist-packages/colcon_core/task/python/colcon_distutils_commands:/home/public/ros2ws/install/opencv2_nodes/lib/python3.14/site-packages:${PYTHONPATH} /usr/bin/python3 -W ignore:setup.py install is deprecated -W ignore:easy_install command is deprecated setup.py egg_info --egg-base ../../build/opencv2_nodes build --build-base /home/public/ros2ws/build/opencv2_nodes/build install --record /home/public/ros2ws/build/opencv2_nodes/install.log --install-scripts $base/lib/opencv2_nodes --single-version-externally-managed install_data
[4.402s] running egg_info
[4.465s] writing ../../build/opencv2_nodes/opencv2_nodes.egg-info/PKG-INFO
[4.467s] writing dependency_links to ../../build/opencv2_nodes/opencv2_nodes.egg-info/dependency_links.txt
[4.471s] writing entry points to ../../build/opencv2_nodes/opencv2_nodes.egg-info/entry_points.txt
[4.472s] writing requirements to ../../build/opencv2_nodes/opencv2_nodes.egg-info/requires.txt
[4.480s] writing top-level names to ../../build/opencv2_nodes/opencv2_nodes.egg-info/top_level.txt
[4.675s] reading manifest file '../../build/opencv2_nodes/opencv2_nodes.egg-info/SOURCES.txt'
[4.682s] writing manifest file '../../build/opencv2_nodes/opencv2_nodes.egg-info/SOURCES.txt'
[4.687s] running build
[4.688s] running build_py
[4.691s] copying opencv2_nodes/bin_mask.py -> /home/public/ros2ws/build/opencv2_nodes/build/lib/opencv2_nodes
[4.692s] copying opencv2_nodes/color_recog.py -> /home/public/ros2ws/build/opencv2_nodes/build/lib/opencv2_nodes
[4.692s] copying opencv2_nodes/line_recog.py -> /home/public/ros2ws/build/opencv2_nodes/build/lib/opencv2_nodes
[4.692s] copying opencv2_nodes/__init__.py -> /home/public/ros2ws/build/opencv2_nodes/build/lib/opencv2_nodes
[4.696s] copying opencv2_nodes/green_bin_mask.py -> /home/public/ros2ws/build/opencv2_nodes/build/lib/opencv2_nodes
[4.696s] copying opencv2_nodes/edge_recog.py -> /home/public/ros2ws/build/opencv2_nodes/build/lib/opencv2_nodes
[4.699s] copying opencv2_nodes/image_publisher.py -> /home/public/ros2ws/build/opencv2_nodes/build/lib/opencv2_nodes
[4.699s] copying opencv2_nodes/py.typed -> /home/public/ros2ws/build/opencv2_nodes/build/lib/opencv2_nodes
[4.700s] running install
[4.723s] running install_lib
[4.837s] copying /home/public/ros2ws/build/opencv2_nodes/build/lib/opencv2_nodes/edge_recog.py -> /home/public/ros2ws/install/opencv2_nodes/lib/python3.14/site-packages/opencv2_nodes
[4.844s] byte-compiling /home/public/ros2ws/install/opencv2_nodes/lib/python3.14/site-packages/opencv2_nodes/edge_recog.py to edge_recog.cpython-314.pyc
[4.849s] running install_data
[4.850s] copying resource/opencv2_nodes -> /home/public/ros2ws/install/opencv2_nodes/share/ament_index/resource_index/packages
[4.851s] copying package.xml -> /home/public/ros2ws/install/opencv2_nodes/share/opencv2_nodes
[4.851s] running install_egg_info
[4.964s] removing '/home/public/ros2ws/install/opencv2_nodes/lib/python3.14/site-packages/opencv2_nodes-0.0.0-py3.14.egg-info' (and everything under it)
[4.965s] Copying ../../build/opencv2_nodes/opencv2_nodes.egg-info to /home/public/ros2ws/install/opencv2_nodes/lib/python3.14/site-packages/opencv2_nodes-0.0.0-py3.14.egg-info
[4.968s] running install_scripts
[5.308s] Installing bin_mask script to /home/public/ros2ws/install/opencv2_nodes/lib/opencv2_nodes
[5.309s] Installing edge_recog script to /home/public/ros2ws/install/opencv2_nodes/lib/opencv2_nodes
[5.310s] Installing image_publisher script to /home/public/ros2ws/install/opencv2_nodes/lib/opencv2_nodes
[5.318s] writing list of installed files to '/home/public/ros2ws/build/opencv2_nodes/install.log'
[5.534s] Invoked command in '/home/public/ros2ws/src/opencv2_nodes' returned '0': DEBUGINFOD_URLS=https://debuginfod.ubuntu.com PYTHONPATH=/home/public/ros2ws/build/opencv2_nodes/prefix_override:/usr/lib/python3/dist-packages/colcon_core/task/python/colcon_distutils_commands:/home/public/ros2ws/install/opencv2_nodes/lib/python3.14/site-packages:${PYTHONPATH} /usr/bin/python3 -W ignore:setup.py install is deprecated -W ignore:easy_install command is deprecated setup.py egg_info --egg-base ../../build/opencv2_nodes build --build-base /home/public/ros2ws/build/opencv2_nodes/build install --record /home/public/ros2ws/build/opencv2_nodes/install.log --install-scripts $base/lib/opencv2_nodes --single-version-externally-managed install_data
