[1.343s] Invoking command in '/home/public/ros2ws/src/controls_core': DEBUGINFOD_URLS=https://debuginfod.ubuntu.com PYTHONPATH=/home/public/ros2ws/build/controls_core/prefix_override:/usr/lib/python3/dist-packages/colcon_core/task/python/colcon_distutils_commands:/home/public/ros2ws/install/controls_core/lib/python3.14/site-packages:${PYTHONPATH} /usr/bin/python3 -W ignore:setup.py install is deprecated -W ignore:easy_install command is deprecated setup.py egg_info --egg-base ../../build/controls_core build --build-base /home/public/ros2ws/build/controls_core/build install --record /home/public/ros2ws/build/controls_core/install.log --install-scripts $base/lib/controls_core --single-version-externally-managed install_data
[1.748s] running egg_info
[1.772s] writing ../../build/controls_core/controls_core.egg-info/PKG-INFO
[1.773s] writing dependency_links to ../../build/controls_core/controls_core.egg-info/dependency_links.txt
[1.774s] writing entry points to ../../build/controls_core/controls_core.egg-info/entry_points.txt
[1.774s] writing requirements to ../../build/controls_core/controls_core.egg-info/requires.txt
[1.775s] writing top-level names to ../../build/controls_core/controls_core.egg-info/top_level.txt
[1.834s] reading manifest file '../../build/controls_core/controls_core.egg-info/SOURCES.txt'
[1.835s] adding license file 'LICENSE'
[1.837s] writing manifest file '../../build/controls_core/controls_core.egg-info/SOURCES.txt'
[1.837s] running build
[1.837s] running build_py
[1.837s] copying controls_core/board_interface_2.py -> /home/public/ros2ws/build/controls_core/build/lib/controls_core
[1.838s] copying controls_core/ui_testing.py -> /home/public/ros2ws/build/controls_core/build/lib/controls_core
[1.838s] copying controls_core/main_control_node.py -> /home/public/ros2ws/build/controls_core/build/lib/controls_core
[1.838s] copying controls_core/__init__.py -> /home/public/ros2ws/build/controls_core/build/lib/controls_core
[1.838s] copying controls_core/board_interface.py -> /home/public/ros2ws/build/controls_core/build/lib/controls_core
[1.839s] copying controls_core/py.typed -> /home/public/ros2ws/build/controls_core/build/lib/controls_core
[1.839s] running install
[1.846s] running install_lib
[1.870s] copying /home/public/ros2ws/build/controls_core/build/lib/controls_core/ui_testing.py -> /home/public/ros2ws/install/controls_core/lib/python3.14/site-packages/controls_core
[1.871s] byte-compiling /home/public/ros2ws/install/controls_core/lib/python3.14/site-packages/controls_core/ui_testing.py to ui_testing.cpython-314.pyc
[1.873s] running install_data
[1.874s] copying resource/controls_core -> /home/public/ros2ws/install/controls_core/share/ament_index/resource_index/packages
[1.874s] copying package.xml -> /home/public/ros2ws/install/controls_core/share/controls_core
[1.874s] running install_egg_info
[1.899s] removing '/home/public/ros2ws/install/controls_core/lib/python3.14/site-packages/controls_core-0.0.0-py3.14.egg-info' (and everything under it)
[1.900s] Copying ../../build/controls_core/controls_core.egg-info to /home/public/ros2ws/install/controls_core/lib/python3.14/site-packages/controls_core-0.0.0-py3.14.egg-info
[1.901s] running install_scripts
[2.032s] Installing main_control_node script to /home/public/ros2ws/install/controls_core/lib/controls_core
[2.033s] writing list of installed files to '/home/public/ros2ws/build/controls_core/install.log'
[2.139s] Invoked command in '/home/public/ros2ws/src/controls_core' returned '0': DEBUGINFOD_URLS=https://debuginfod.ubuntu.com PYTHONPATH=/home/public/ros2ws/build/controls_core/prefix_override:/usr/lib/python3/dist-packages/colcon_core/task/python/colcon_distutils_commands:/home/public/ros2ws/install/controls_core/lib/python3.14/site-packages:${PYTHONPATH} /usr/bin/python3 -W ignore:setup.py install is deprecated -W ignore:easy_install command is deprecated setup.py egg_info --egg-base ../../build/controls_core build --build-base /home/public/ros2ws/build/controls_core/build install --record /home/public/ros2ws/build/controls_core/install.log --install-scripts $base/lib/controls_core --single-version-externally-managed install_data
