[1.845s] Invoking command in '/home/public/ros2ws/src/hiwonder_board': DEBUGINFOD_URLS=https://debuginfod.ubuntu.com PYTHONPATH=/home/public/ros2ws/build/hiwonder_board/prefix_override:/usr/lib/python3/dist-packages/colcon_core/task/python/colcon_distutils_commands:/home/public/ros2ws/install/hiwonder_board/lib/python3.14/site-packages:${PYTHONPATH} /usr/bin/python3 -W ignore:setup.py install is deprecated -W ignore:easy_install command is deprecated setup.py egg_info --egg-base ../../build/hiwonder_board build --build-base /home/public/ros2ws/build/hiwonder_board/build install --record /home/public/ros2ws/build/hiwonder_board/install.log --install-scripts $base/lib/hiwonder_board --single-version-externally-managed install_data
[2.590s] running egg_info
[2.622s] writing ../../build/hiwonder_board/hiwonder_board.egg-info/PKG-INFO
[2.623s] writing dependency_links to ../../build/hiwonder_board/hiwonder_board.egg-info/dependency_links.txt
[2.624s] writing entry points to ../../build/hiwonder_board/hiwonder_board.egg-info/entry_points.txt
[2.626s] writing requirements to ../../build/hiwonder_board/hiwonder_board.egg-info/requires.txt
[2.626s] writing top-level names to ../../build/hiwonder_board/hiwonder_board.egg-info/top_level.txt
[2.699s] reading manifest file '../../build/hiwonder_board/hiwonder_board.egg-info/SOURCES.txt'
[2.701s] adding license file 'LICENSE'
[2.703s] writing manifest file '../../build/hiwonder_board/hiwonder_board.egg-info/SOURCES.txt'
[2.704s] running build
[2.704s] running build_py
[2.704s] copying hiwonder_board/__init__.py -> /home/public/ros2ws/build/hiwonder_board/build/lib/hiwonder_board
[2.704s] copying hiwonder_board/hiwonder_board_node.py -> /home/public/ros2ws/build/hiwonder_board/build/lib/hiwonder_board
[2.705s] copying hiwonder_board/subscriber_member_function.py -> /home/public/ros2ws/build/hiwonder_board/build/lib/hiwonder_board
[2.705s] copying hiwonder_board/publisher_member_function.py -> /home/public/ros2ws/build/hiwonder_board/build/lib/hiwonder_board
[2.705s] copying hiwonder_board/py.typed -> /home/public/ros2ws/build/hiwonder_board/build/lib/hiwonder_board
[2.708s] running install
[2.714s] running install_lib
[2.741s] running install_data
[2.741s] copying resource/hiwonder_board -> /home/public/ros2ws/install/hiwonder_board/share/ament_index/resource_index/packages
[2.743s] copying package.xml -> /home/public/ros2ws/install/hiwonder_board/share/hiwonder_board
[2.743s] running install_egg_info
[2.778s] removing '/home/public/ros2ws/install/hiwonder_board/lib/python3.14/site-packages/hiwonder_board-0.0.0-py3.14.egg-info' (and everything under it)
[2.779s] Copying ../../build/hiwonder_board/hiwonder_board.egg-info to /home/public/ros2ws/install/hiwonder_board/lib/python3.14/site-packages/hiwonder_board-0.0.0-py3.14.egg-info
[2.781s] running install_scripts
[2.979s] Installing hiwonder_board_node script to /home/public/ros2ws/install/hiwonder_board/lib/hiwonder_board
[2.981s] Installing test_listener script to /home/public/ros2ws/install/hiwonder_board/lib/hiwonder_board
[2.984s] Installing test_talker script to /home/public/ros2ws/install/hiwonder_board/lib/hiwonder_board
[2.987s] writing list of installed files to '/home/public/ros2ws/build/hiwonder_board/install.log'
[3.215s] Invoked command in '/home/public/ros2ws/src/hiwonder_board' returned '0': DEBUGINFOD_URLS=https://debuginfod.ubuntu.com PYTHONPATH=/home/public/ros2ws/build/hiwonder_board/prefix_override:/usr/lib/python3/dist-packages/colcon_core/task/python/colcon_distutils_commands:/home/public/ros2ws/install/hiwonder_board/lib/python3.14/site-packages:${PYTHONPATH} /usr/bin/python3 -W ignore:setup.py install is deprecated -W ignore:easy_install command is deprecated setup.py egg_info --egg-base ../../build/hiwonder_board build --build-base /home/public/ros2ws/build/hiwonder_board/build install --record /home/public/ros2ws/build/hiwonder_board/install.log --install-scripts $base/lib/hiwonder_board --single-version-externally-managed install_data
