[6.067s] Invoking command in '/home/public/ros2ws/src/controls_core': DEBUGINFOD_URLS=https://debuginfod.ubuntu.com PYTHONPATH=/home/public/ros2ws/build/controls_core/prefix_override:/usr/lib/python3/dist-packages/colcon_core/task/python/colcon_distutils_commands:/home/public/ros2ws/install/controls_core/lib/python3.14/site-packages:${PYTHONPATH} /usr/bin/python3 -W ignore:setup.py install is deprecated -W ignore:easy_install command is deprecated setup.py egg_info --egg-base ../../build/controls_core build --build-base /home/public/ros2ws/build/controls_core/build install --record /home/public/ros2ws/build/controls_core/install.log --install-scripts $base/lib/controls_core --single-version-externally-managed install_data
[8.016s] running egg_info
[8.180s] writing ../../build/controls_core/controls_core.egg-info/PKG-INFO
[8.181s] writing dependency_links to ../../build/controls_core/controls_core.egg-info/dependency_links.txt
[8.182s] writing entry points to ../../build/controls_core/controls_core.egg-info/entry_points.txt
[8.184s] writing requirements to ../../build/controls_core/controls_core.egg-info/requires.txt
[8.185s] writing top-level names to ../../build/controls_core/controls_core.egg-info/top_level.txt
[8.474s] reading manifest file '../../build/controls_core/controls_core.egg-info/SOURCES.txt'
[8.474s] adding license file 'LICENSE'
[8.477s] writing manifest file '../../build/controls_core/controls_core.egg-info/SOURCES.txt'
[8.478s] running build
[8.479s] running build_py
[8.480s] copying controls_core/ui_testing.py -> /home/public/ros2ws/build/controls_core/build/lib/controls_core
[8.482s] copying controls_core/main_control_node.py -> /home/public/ros2ws/build/controls_core/build/lib/controls_core
[8.484s] copying controls_core/__init__.py -> /home/public/ros2ws/build/controls_core/build/lib/controls_core
[8.485s] copying controls_core/board_interface.py -> /home/public/ros2ws/build/controls_core/build/lib/controls_core
[8.494s] copying controls_core/py.typed -> /home/public/ros2ws/build/controls_core/build/lib/controls_core
[8.497s] running install
[8.510s] running install_lib
[8.631s] copying /home/public/ros2ws/build/controls_core/build/lib/controls_core/main_control_node.py -> /home/public/ros2ws/install/controls_core/lib/python3.14/site-packages/controls_core
[8.635s] byte-compiling /home/public/ros2ws/install/controls_core/lib/python3.14/site-packages/controls_core/main_control_node.py to main_control_node.cpython-314.pyc
[8.645s] running install_data
[8.648s] copying resource/controls_core -> /home/public/ros2ws/install/controls_core/share/ament_index/resource_index/packages
[8.653s] copying package.xml -> /home/public/ros2ws/install/controls_core/share/controls_core
[8.656s] running install_egg_info
[8.771s] removing '/home/public/ros2ws/install/controls_core/lib/python3.14/site-packages/controls_core-0.0.0-py3.14.egg-info' (and everything under it)
[8.780s] Copying ../../build/controls_core/controls_core.egg-info to /home/public/ros2ws/install/controls_core/lib/python3.14/site-packages/controls_core-0.0.0-py3.14.egg-info
[8.790s] running install_scripts
[9.479s] Installing main_control_node script to /home/public/ros2ws/install/controls_core/lib/controls_core
[9.488s] writing list of installed files to '/home/public/ros2ws/build/controls_core/install.log'
[9.780s] Invoked command in '/home/public/ros2ws/src/controls_core' returned '0': DEBUGINFOD_URLS=https://debuginfod.ubuntu.com PYTHONPATH=/home/public/ros2ws/build/controls_core/prefix_override:/usr/lib/python3/dist-packages/colcon_core/task/python/colcon_distutils_commands:/home/public/ros2ws/install/controls_core/lib/python3.14/site-packages:${PYTHONPATH} /usr/bin/python3 -W ignore:setup.py install is deprecated -W ignore:easy_install command is deprecated setup.py egg_info --egg-base ../../build/controls_core build --build-base /home/public/ros2ws/build/controls_core/build install --record /home/public/ros2ws/build/controls_core/install.log --install-scripts $base/lib/controls_core --single-version-externally-managed install_data
