[0.129s] Invoking command in '/home/public/ros2ws/build/examples_rclcpp_minimal_action_client': CMAKE_PREFIX_PATH=${CMAKE_PREFIX_PATH}:/home/public/ros2ws/install/opencv2_nodes:/home/public/ros2ws/install/launch_testing_examples:/home/public/ros2ws/install/hiwonder_board:/home/public/ros2ws/install/examples_rclpy_pointcloud_publisher:/home/public/ros2ws/install/examples_rclpy_minimal_subscriber:/home/public/ros2ws/install/examples_rclpy_minimal_service:/home/public/ros2ws/install/examples_rclpy_minimal_publisher:/home/public/ros2ws/install/examples_rclpy_minimal_client:/home/public/ros2ws/install/examples_rclpy_minimal_action_server:/home/public/ros2ws/install/examples_rclpy_minimal_action_client:/home/public/ros2ws/install/examples_rclpy_guard_conditions:/home/public/ros2ws/install/examples_rclpy_executors:/home/public/ros2ws/install/controls_core:/opt/ros/lyrical DEBUGINFOD_URLS=https://debuginfod.ubuntu.com /usr/bin/cmake --build /home/public/ros2ws/build/examples_rclcpp_minimal_action_client -- -j4 -l4
[0.259s] gmake: Warning: File 'Makefile' has modification time 1048 s in the future
[0.606s] -- Found ament_cmake: 2.8.7 (/opt/ros/lyrical/share/ament_cmake/cmake)
[4.221s] -- Override CMake install command with custom implementation using symlinks instead of copying resources
[4.265s] -- Found example_interfaces: 0.14.1 (/opt/ros/lyrical/share/example_interfaces/cmake)
[4.363s] -- Found rosidl_generator_c: 5.2.1 (/opt/ros/lyrical/share/rosidl_generator_c/cmake)
[4.386s] -- Found rosidl_generator_cpp: 5.2.1 (/opt/ros/lyrical/share/rosidl_generator_cpp/cmake)
[4.418s] -- Using all available rosidl_typesupport_c: rosidl_typesupport_fastrtps_c;rosidl_typesupport_introspection_c
[4.460s] -- Using all available rosidl_typesupport_cpp: rosidl_typesupport_fastrtps_cpp;rosidl_typesupport_introspection_cpp
[4.718s] -- Found rclcpp: 32.0.0 (/opt/ros/lyrical/share/rclcpp/cmake)
[4.811s] -- Found rmw_implementation_cmake: 7.10.1 (/opt/ros/lyrical/share/rmw_implementation_cmake/cmake)
[4.821s] -- Found rmw_fastrtps_cpp: 9.4.8 (/opt/ros/lyrical/share/rmw_fastrtps_cpp/cmake)
[4.926s] -- Using RMW implementation 'rmw_fastrtps_cpp' as default
[5.218s] -- Found rclcpp_action: 32.0.0 (/opt/ros/lyrical/share/rclcpp_action/cmake)
[5.341s] -- Found ament_lint_auto: 0.20.6 (/opt/ros/lyrical/share/ament_lint_auto/cmake)
[6.460s] -- Added test 'copyright' to check source files copyright and LICENSE
[6.468s] -- Added test 'cppcheck' to perform static code analysis on C / C++ code
[6.476s] -- Configured cppcheck include dirs: 
[6.476s] -- Configured cppcheck exclude dirs and/or files: 
[6.487s] -- Added test 'cpplint' to check C / C++ code against the Google style
[6.487s] -- Configured cpplint exclude dirs and/or files: 
[6.494s] -- Added test 'lint_cmake' to check CMake code style
[6.495s] -- Added test 'uncrustify' to check C / C++ code style
[6.495s] -- Configured uncrustify additional arguments: 
[6.506s] -- Added test 'xmllint' to check XML markup files
[6.532s] -- Configuring done (6.1s)
[7.001s] -- Generating done (0.5s)
[7.140s] -- Build files have been written to: /home/public/ros2ws/build/examples_rclcpp_minimal_action_client
[7.213s] gmake[2]: Warning: File 'CMakeFiles/action_client_member_functions.dir/build.make' has modification time 7875542 s in the future
[7.304s] gmake[2]: warning:  Clock skew detected.  Your build may be incomplete.
[7.324s] gmake[2]: Warning: File 'CMakeFiles/action_client_member_functions.dir/build.make' has modification time 7875542 s in the future
[7.344s] gmake[2]: warning:  Clock skew detected.  Your build may be incomplete.
[7.451s] [ 25%] Built target action_client_member_functions
[7.485s] gmake[2]: Warning: File 'CMakeFiles/action_client_not_composable_with_feedback.dir/build.make' has modification time 7875542 s in the future
[7.596s] gmake[2]: warning:  Clock skew detected.  Your build may be incomplete.
[7.647s] gmake[2]: Warning: File 'CMakeFiles/action_client_not_composable_with_feedback.dir/build.make' has modification time 7875542 s in the future
[7.651s] gmake[2]: warning:  Clock skew detected.  Your build may be incomplete.
[7.742s] [ 50%] Built target action_client_not_composable_with_feedback
[7.768s] gmake[2]: Warning: File 'CMakeFiles/action_client_not_composable_with_cancel.dir/build.make' has modification time 7875542 s in the future
[7.925s] gmake[2]: warning:  Clock skew detected.  Your build may be incomplete.
[7.982s] gmake[2]: Warning: File 'CMakeFiles/action_client_not_composable_with_cancel.dir/build.make' has modification time 7875541 s in the future
[7.996s] gmake[2]: warning:  Clock skew detected.  Your build may be incomplete.
[8.053s] [ 75%] Built target action_client_not_composable_with_cancel
[8.059s] gmake[2]: Warning: File 'CMakeFiles/action_client_not_composable.dir/build.make' has modification time 7875541 s in the future
[8.241s] gmake[2]: warning:  Clock skew detected.  Your build may be incomplete.
[8.273s] gmake[2]: Warning: File 'CMakeFiles/action_client_not_composable.dir/build.make' has modification time 7875541 s in the future
[8.273s] gmake[2]: warning:  Clock skew detected.  Your build may be incomplete.
[8.319s] [100%] Built target action_client_not_composable
[8.463s] gmake: warning:  Clock skew detected.  Your build may be incomplete.
[8.480s] Invoked command in '/home/public/ros2ws/build/examples_rclcpp_minimal_action_client' returned '0': CMAKE_PREFIX_PATH=${CMAKE_PREFIX_PATH}:/home/public/ros2ws/install/opencv2_nodes:/home/public/ros2ws/install/launch_testing_examples:/home/public/ros2ws/install/hiwonder_board:/home/public/ros2ws/install/examples_rclpy_pointcloud_publisher:/home/public/ros2ws/install/examples_rclpy_minimal_subscriber:/home/public/ros2ws/install/examples_rclpy_minimal_service:/home/public/ros2ws/install/examples_rclpy_minimal_publisher:/home/public/ros2ws/install/examples_rclpy_minimal_client:/home/public/ros2ws/install/examples_rclpy_minimal_action_server:/home/public/ros2ws/install/examples_rclpy_minimal_action_client:/home/public/ros2ws/install/examples_rclpy_guard_conditions:/home/public/ros2ws/install/examples_rclpy_executors:/home/public/ros2ws/install/controls_core:/opt/ros/lyrical DEBUGINFOD_URLS=https://debuginfod.ubuntu.com /usr/bin/cmake --build /home/public/ros2ws/build/examples_rclcpp_minimal_action_client -- -j4 -l4
[8.491s] Invoking command in '/home/public/ros2ws/build/examples_rclcpp_minimal_action_client': CMAKE_PREFIX_PATH=${CMAKE_PREFIX_PATH}:/home/public/ros2ws/install/opencv2_nodes:/home/public/ros2ws/install/launch_testing_examples:/home/public/ros2ws/install/hiwonder_board:/home/public/ros2ws/install/examples_rclpy_pointcloud_publisher:/home/public/ros2ws/install/examples_rclpy_minimal_subscriber:/home/public/ros2ws/install/examples_rclpy_minimal_service:/home/public/ros2ws/install/examples_rclpy_minimal_publisher:/home/public/ros2ws/install/examples_rclpy_minimal_client:/home/public/ros2ws/install/examples_rclpy_minimal_action_server:/home/public/ros2ws/install/examples_rclpy_minimal_action_client:/home/public/ros2ws/install/examples_rclpy_guard_conditions:/home/public/ros2ws/install/examples_rclpy_executors:/home/public/ros2ws/install/controls_core:/opt/ros/lyrical DEBUGINFOD_URLS=https://debuginfod.ubuntu.com /usr/bin/cmake --install /home/public/ros2ws/build/examples_rclcpp_minimal_action_client
[8.571s] -- Install configuration: ""
[8.571s] -- Execute custom install script
[8.591s] -- Up-to-date symlink: /home/public/ros2ws/install/examples_rclcpp_minimal_action_client/lib/examples_rclcpp_minimal_action_client/action_client_member_functions
[8.591s] -- Up-to-date symlink: /home/public/ros2ws/install/examples_rclcpp_minimal_action_client/lib/examples_rclcpp_minimal_action_client/action_client_not_composable
[8.591s] -- Up-to-date symlink: /home/public/ros2ws/install/examples_rclcpp_minimal_action_client/lib/examples_rclcpp_minimal_action_client/action_client_not_composable_with_cancel
[8.594s] -- Up-to-date symlink: /home/public/ros2ws/install/examples_rclcpp_minimal_action_client/lib/examples_rclcpp_minimal_action_client/action_client_not_composable_with_feedback
[8.596s] -- Up-to-date symlink: /home/public/ros2ws/install/examples_rclcpp_minimal_action_client/share/ament_index/resource_index/package_run_dependencies/examples_rclcpp_minimal_action_client
[8.597s] -- Up-to-date symlink: /home/public/ros2ws/install/examples_rclcpp_minimal_action_client/share/ament_index/resource_index/parent_prefix_path/examples_rclcpp_minimal_action_client
[8.600s] -- Up-to-date symlink: /home/public/ros2ws/install/examples_rclcpp_minimal_action_client/share/examples_rclcpp_minimal_action_client/environment/ament_prefix_path.sh
[8.601s] -- Up-to-date symlink: /home/public/ros2ws/install/examples_rclcpp_minimal_action_client/share/examples_rclcpp_minimal_action_client/environment/ament_prefix_path.dsv
[8.606s] -- Up-to-date symlink: /home/public/ros2ws/install/examples_rclcpp_minimal_action_client/share/examples_rclcpp_minimal_action_client/environment/path.sh
[8.606s] -- Up-to-date symlink: /home/public/ros2ws/install/examples_rclcpp_minimal_action_client/share/examples_rclcpp_minimal_action_client/environment/path.dsv
[8.609s] -- Up-to-date symlink: /home/public/ros2ws/install/examples_rclcpp_minimal_action_client/share/examples_rclcpp_minimal_action_client/local_setup.bash
[8.627s] -- Up-to-date symlink: /home/public/ros2ws/install/examples_rclcpp_minimal_action_client/share/examples_rclcpp_minimal_action_client/local_setup.fish
[8.628s] -- Up-to-date symlink: /home/public/ros2ws/install/examples_rclcpp_minimal_action_client/share/examples_rclcpp_minimal_action_client/local_setup.sh
[8.629s] -- Up-to-date symlink: /home/public/ros2ws/install/examples_rclcpp_minimal_action_client/share/examples_rclcpp_minimal_action_client/local_setup.zsh
[8.650s] -- Up-to-date symlink: /home/public/ros2ws/install/examples_rclcpp_minimal_action_client/share/examples_rclcpp_minimal_action_client/local_setup.dsv
[8.667s] -- Symlinking: /home/public/ros2ws/install/examples_rclcpp_minimal_action_client/share/examples_rclcpp_minimal_action_client/package.dsv
[8.772s] -- Up-to-date symlink: /home/public/ros2ws/install/examples_rclcpp_minimal_action_client/share/ament_index/resource_index/packages/examples_rclcpp_minimal_action_client
[8.784s] -- Up-to-date symlink: /home/public/ros2ws/install/examples_rclcpp_minimal_action_client/share/examples_rclcpp_minimal_action_client/cmake/examples_rclcpp_minimal_action_clientConfig.cmake
[8.793s] -- Up-to-date symlink: /home/public/ros2ws/install/examples_rclcpp_minimal_action_client/share/examples_rclcpp_minimal_action_client/cmake/examples_rclcpp_minimal_action_clientConfig-version.cmake
[8.794s] -- Up-to-date symlink: /home/public/ros2ws/install/examples_rclcpp_minimal_action_client/share/examples_rclcpp_minimal_action_client/package.xml
[8.823s] Invoked command in '/home/public/ros2ws/build/examples_rclcpp_minimal_action_client' returned '0': CMAKE_PREFIX_PATH=${CMAKE_PREFIX_PATH}:/home/public/ros2ws/install/opencv2_nodes:/home/public/ros2ws/install/launch_testing_examples:/home/public/ros2ws/install/hiwonder_board:/home/public/ros2ws/install/examples_rclpy_pointcloud_publisher:/home/public/ros2ws/install/examples_rclpy_minimal_subscriber:/home/public/ros2ws/install/examples_rclpy_minimal_service:/home/public/ros2ws/install/examples_rclpy_minimal_publisher:/home/public/ros2ws/install/examples_rclpy_minimal_client:/home/public/ros2ws/install/examples_rclpy_minimal_action_server:/home/public/ros2ws/install/examples_rclpy_minimal_action_client:/home/public/ros2ws/install/examples_rclpy_guard_conditions:/home/public/ros2ws/install/examples_rclpy_executors:/home/public/ros2ws/install/controls_core:/opt/ros/lyrical DEBUGINFOD_URLS=https://debuginfod.ubuntu.com /usr/bin/cmake --install /home/public/ros2ws/build/examples_rclcpp_minimal_action_client
