[1.846s] Invoking command in '/home/public/ros2ws/src/examples/rclpy/topics/minimal_publisher': DEBUGINFOD_URLS=https://debuginfod.ubuntu.com PYTHONPATH=/home/public/ros2ws/build/examples_rclpy_minimal_publisher/prefix_override:/usr/lib/python3/dist-packages/colcon_core/task/python/colcon_distutils_commands:/home/public/ros2ws/install/examples_rclpy_minimal_publisher/lib/python3.14/site-packages:${PYTHONPATH} /usr/bin/python3 -W ignore:setup.py install is deprecated -W ignore:easy_install command is deprecated setup.py egg_info --egg-base ../../../../../build/examples_rclpy_minimal_publisher build --build-base /home/public/ros2ws/build/examples_rclpy_minimal_publisher/build install --record /home/public/ros2ws/build/examples_rclpy_minimal_publisher/install.log --install-scripts $base/lib/examples_rclpy_minimal_publisher --single-version-externally-managed install_data
[2.498s] running egg_info
[2.524s] writing ../../../../../build/examples_rclpy_minimal_publisher/examples_rclpy_minimal_publisher.egg-info/PKG-INFO
[2.529s] writing dependency_links to ../../../../../build/examples_rclpy_minimal_publisher/examples_rclpy_minimal_publisher.egg-info/dependency_links.txt
[2.529s] writing entry points to ../../../../../build/examples_rclpy_minimal_publisher/examples_rclpy_minimal_publisher.egg-info/entry_points.txt
[2.529s] writing requirements to ../../../../../build/examples_rclpy_minimal_publisher/examples_rclpy_minimal_publisher.egg-info/requires.txt
[2.531s] writing top-level names to ../../../../../build/examples_rclpy_minimal_publisher/examples_rclpy_minimal_publisher.egg-info/top_level.txt
[2.619s] reading manifest file '../../../../../build/examples_rclpy_minimal_publisher/examples_rclpy_minimal_publisher.egg-info/SOURCES.txt'
[2.623s] writing manifest file '../../../../../build/examples_rclpy_minimal_publisher/examples_rclpy_minimal_publisher.egg-info/SOURCES.txt'
[2.623s] running build
[2.623s] running build_py
[2.624s] copying examples_rclpy_minimal_publisher/publisher_local_function.py -> /home/public/ros2ws/build/examples_rclpy_minimal_publisher/build/lib/examples_rclpy_minimal_publisher
[2.624s] copying examples_rclpy_minimal_publisher/publisher_member_function_with_wait_for_all_acked.py -> /home/public/ros2ws/build/examples_rclpy_minimal_publisher/build/lib/examples_rclpy_minimal_publisher
[2.625s] copying examples_rclpy_minimal_publisher/__init__.py -> /home/public/ros2ws/build/examples_rclpy_minimal_publisher/build/lib/examples_rclpy_minimal_publisher
[2.626s] copying examples_rclpy_minimal_publisher/publisher_old_school.py -> /home/public/ros2ws/build/examples_rclpy_minimal_publisher/build/lib/examples_rclpy_minimal_publisher
[2.626s] copying examples_rclpy_minimal_publisher/publisher_member_function.py -> /home/public/ros2ws/build/examples_rclpy_minimal_publisher/build/lib/examples_rclpy_minimal_publisher
[2.627s] running install
[2.637s] running install_lib
[2.672s] running install_data
[2.672s] copying resource/examples_rclpy_minimal_publisher -> /home/public/ros2ws/install/examples_rclpy_minimal_publisher/share/ament_index/resource_index/packages
[2.674s] copying package.xml -> /home/public/ros2ws/install/examples_rclpy_minimal_publisher/share/examples_rclpy_minimal_publisher
[2.676s] running install_egg_info
[2.708s] removing '/home/public/ros2ws/install/examples_rclpy_minimal_publisher/lib/python3.14/site-packages/examples_rclpy_minimal_publisher-0.21.5-py3.14.egg-info' (and everything under it)
[2.710s] Copying ../../../../../build/examples_rclpy_minimal_publisher/examples_rclpy_minimal_publisher.egg-info to /home/public/ros2ws/install/examples_rclpy_minimal_publisher/lib/python3.14/site-packages/examples_rclpy_minimal_publisher-0.21.5-py3.14.egg-info
[2.714s] running install_scripts
[2.946s] Installing publisher_local_function script to /home/public/ros2ws/install/examples_rclpy_minimal_publisher/lib/examples_rclpy_minimal_publisher
[2.951s] Installing publisher_member_function script to /home/public/ros2ws/install/examples_rclpy_minimal_publisher/lib/examples_rclpy_minimal_publisher
[2.954s] Installing publisher_member_function_with_wait_for_all_acked script to /home/public/ros2ws/install/examples_rclpy_minimal_publisher/lib/examples_rclpy_minimal_publisher
[2.959s] Installing publisher_old_school script to /home/public/ros2ws/install/examples_rclpy_minimal_publisher/lib/examples_rclpy_minimal_publisher
[2.960s] writing list of installed files to '/home/public/ros2ws/build/examples_rclpy_minimal_publisher/install.log'
[3.199s] Invoked command in '/home/public/ros2ws/src/examples/rclpy/topics/minimal_publisher' returned '0': DEBUGINFOD_URLS=https://debuginfod.ubuntu.com PYTHONPATH=/home/public/ros2ws/build/examples_rclpy_minimal_publisher/prefix_override:/usr/lib/python3/dist-packages/colcon_core/task/python/colcon_distutils_commands:/home/public/ros2ws/install/examples_rclpy_minimal_publisher/lib/python3.14/site-packages:${PYTHONPATH} /usr/bin/python3 -W ignore:setup.py install is deprecated -W ignore:easy_install command is deprecated setup.py egg_info --egg-base ../../../../../build/examples_rclpy_minimal_publisher build --build-base /home/public/ros2ws/build/examples_rclpy_minimal_publisher/build install --record /home/public/ros2ws/build/examples_rclpy_minimal_publisher/install.log --install-scripts $base/lib/examples_rclpy_minimal_publisher --single-version-externally-managed install_data
