[3.111s] Invoking command in '/home/public/ros2ws/src/examples/rclpy/topics/minimal_publisher': DEBUGINFOD_URLS=https://debuginfod.ubuntu.com PYTHONPATH=/home/public/ros2ws/build/examples_rclpy_minimal_publisher/prefix_override:/usr/lib/python3/dist-packages/colcon_core/task/python/colcon_distutils_commands:/home/public/ros2ws/install/examples_rclpy_minimal_publisher/lib/python3.14/site-packages:${PYTHONPATH} /usr/bin/python3 -W ignore:setup.py install is deprecated -W ignore:easy_install command is deprecated setup.py egg_info --egg-base ../../../../../build/examples_rclpy_minimal_publisher build --build-base /home/public/ros2ws/build/examples_rclpy_minimal_publisher/build install --record /home/public/ros2ws/build/examples_rclpy_minimal_publisher/install.log --install-scripts $base/lib/examples_rclpy_minimal_publisher --single-version-externally-managed install_data
[4.332s] running egg_info
[4.405s] creating ../../../../../build/examples_rclpy_minimal_publisher/examples_rclpy_minimal_publisher.egg-info
[4.405s] writing ../../../../../build/examples_rclpy_minimal_publisher/examples_rclpy_minimal_publisher.egg-info/PKG-INFO
[4.408s] writing dependency_links to ../../../../../build/examples_rclpy_minimal_publisher/examples_rclpy_minimal_publisher.egg-info/dependency_links.txt
[4.410s] writing entry points to ../../../../../build/examples_rclpy_minimal_publisher/examples_rclpy_minimal_publisher.egg-info/entry_points.txt
[4.411s] writing requirements to ../../../../../build/examples_rclpy_minimal_publisher/examples_rclpy_minimal_publisher.egg-info/requires.txt
[4.411s] writing top-level names to ../../../../../build/examples_rclpy_minimal_publisher/examples_rclpy_minimal_publisher.egg-info/top_level.txt
[4.411s] writing manifest file '../../../../../build/examples_rclpy_minimal_publisher/examples_rclpy_minimal_publisher.egg-info/SOURCES.txt'
[4.519s] reading manifest file '../../../../../build/examples_rclpy_minimal_publisher/examples_rclpy_minimal_publisher.egg-info/SOURCES.txt'
[4.522s] writing manifest file '../../../../../build/examples_rclpy_minimal_publisher/examples_rclpy_minimal_publisher.egg-info/SOURCES.txt'
[4.522s] running build
[4.522s] running build_py
[4.522s] creating /home/public/ros2ws/build/examples_rclpy_minimal_publisher/build/lib/examples_rclpy_minimal_publisher
[4.522s] copying examples_rclpy_minimal_publisher/publisher_local_function.py -> /home/public/ros2ws/build/examples_rclpy_minimal_publisher/build/lib/examples_rclpy_minimal_publisher
[4.523s] copying examples_rclpy_minimal_publisher/publisher_member_function_with_wait_for_all_acked.py -> /home/public/ros2ws/build/examples_rclpy_minimal_publisher/build/lib/examples_rclpy_minimal_publisher
[4.526s] copying examples_rclpy_minimal_publisher/__init__.py -> /home/public/ros2ws/build/examples_rclpy_minimal_publisher/build/lib/examples_rclpy_minimal_publisher
[4.526s] copying examples_rclpy_minimal_publisher/publisher_old_school.py -> /home/public/ros2ws/build/examples_rclpy_minimal_publisher/build/lib/examples_rclpy_minimal_publisher
[4.526s] copying examples_rclpy_minimal_publisher/publisher_member_function.py -> /home/public/ros2ws/build/examples_rclpy_minimal_publisher/build/lib/examples_rclpy_minimal_publisher
[4.526s] running install
[4.535s] running install_lib
[4.582s] creating /home/public/ros2ws/install/examples_rclpy_minimal_publisher/lib/python3.14/site-packages/examples_rclpy_minimal_publisher
[4.582s] copying /home/public/ros2ws/build/examples_rclpy_minimal_publisher/build/lib/examples_rclpy_minimal_publisher/publisher_local_function.py -> /home/public/ros2ws/install/examples_rclpy_minimal_publisher/lib/python3.14/site-packages/examples_rclpy_minimal_publisher
[4.582s] copying /home/public/ros2ws/build/examples_rclpy_minimal_publisher/build/lib/examples_rclpy_minimal_publisher/publisher_member_function_with_wait_for_all_acked.py -> /home/public/ros2ws/install/examples_rclpy_minimal_publisher/lib/python3.14/site-packages/examples_rclpy_minimal_publisher
[4.582s] copying /home/public/ros2ws/build/examples_rclpy_minimal_publisher/build/lib/examples_rclpy_minimal_publisher/__init__.py -> /home/public/ros2ws/install/examples_rclpy_minimal_publisher/lib/python3.14/site-packages/examples_rclpy_minimal_publisher
[4.582s] copying /home/public/ros2ws/build/examples_rclpy_minimal_publisher/build/lib/examples_rclpy_minimal_publisher/publisher_old_school.py -> /home/public/ros2ws/install/examples_rclpy_minimal_publisher/lib/python3.14/site-packages/examples_rclpy_minimal_publisher
[4.582s] copying /home/public/ros2ws/build/examples_rclpy_minimal_publisher/build/lib/examples_rclpy_minimal_publisher/publisher_member_function.py -> /home/public/ros2ws/install/examples_rclpy_minimal_publisher/lib/python3.14/site-packages/examples_rclpy_minimal_publisher
[4.584s] byte-compiling /home/public/ros2ws/install/examples_rclpy_minimal_publisher/lib/python3.14/site-packages/examples_rclpy_minimal_publisher/publisher_local_function.py to publisher_local_function.cpython-314.pyc
[4.586s] byte-compiling /home/public/ros2ws/install/examples_rclpy_minimal_publisher/lib/python3.14/site-packages/examples_rclpy_minimal_publisher/publisher_member_function_with_wait_for_all_acked.py to publisher_member_function_with_wait_for_all_acked.cpython-314.pyc
[4.587s] byte-compiling /home/public/ros2ws/install/examples_rclpy_minimal_publisher/lib/python3.14/site-packages/examples_rclpy_minimal_publisher/__init__.py to __init__.cpython-314.pyc
[4.587s] byte-compiling /home/public/ros2ws/install/examples_rclpy_minimal_publisher/lib/python3.14/site-packages/examples_rclpy_minimal_publisher/publisher_old_school.py to publisher_old_school.cpython-314.pyc
[4.588s] byte-compiling /home/public/ros2ws/install/examples_rclpy_minimal_publisher/lib/python3.14/site-packages/examples_rclpy_minimal_publisher/publisher_member_function.py to publisher_member_function.cpython-314.pyc
[4.589s] running install_data
[4.590s] creating /home/public/ros2ws/install/examples_rclpy_minimal_publisher/share/ament_index/resource_index/packages
[4.591s] copying resource/examples_rclpy_minimal_publisher -> /home/public/ros2ws/install/examples_rclpy_minimal_publisher/share/ament_index/resource_index/packages
[4.591s] copying package.xml -> /home/public/ros2ws/install/examples_rclpy_minimal_publisher/share/examples_rclpy_minimal_publisher
[4.592s] running install_egg_info
[4.636s] Copying ../../../../../build/examples_rclpy_minimal_publisher/examples_rclpy_minimal_publisher.egg-info to /home/public/ros2ws/install/examples_rclpy_minimal_publisher/lib/python3.14/site-packages/examples_rclpy_minimal_publisher-0.21.5-py3.14.egg-info
[4.639s] running install_scripts
[4.910s] Installing publisher_local_function script to /home/public/ros2ws/install/examples_rclpy_minimal_publisher/lib/examples_rclpy_minimal_publisher
[4.910s] Installing publisher_member_function script to /home/public/ros2ws/install/examples_rclpy_minimal_publisher/lib/examples_rclpy_minimal_publisher
[4.910s] Installing publisher_member_function_with_wait_for_all_acked script to /home/public/ros2ws/install/examples_rclpy_minimal_publisher/lib/examples_rclpy_minimal_publisher
[4.910s] Installing publisher_old_school script to /home/public/ros2ws/install/examples_rclpy_minimal_publisher/lib/examples_rclpy_minimal_publisher
[4.910s] writing list of installed files to '/home/public/ros2ws/build/examples_rclpy_minimal_publisher/install.log'
[5.132s] Invoked command in '/home/public/ros2ws/src/examples/rclpy/topics/minimal_publisher' returned '0': DEBUGINFOD_URLS=https://debuginfod.ubuntu.com PYTHONPATH=/home/public/ros2ws/build/examples_rclpy_minimal_publisher/prefix_override:/usr/lib/python3/dist-packages/colcon_core/task/python/colcon_distutils_commands:/home/public/ros2ws/install/examples_rclpy_minimal_publisher/lib/python3.14/site-packages:${PYTHONPATH} /usr/bin/python3 -W ignore:setup.py install is deprecated -W ignore:easy_install command is deprecated setup.py egg_info --egg-base ../../../../../build/examples_rclpy_minimal_publisher build --build-base /home/public/ros2ws/build/examples_rclpy_minimal_publisher/build install --record /home/public/ros2ws/build/examples_rclpy_minimal_publisher/install.log --install-scripts $base/lib/examples_rclpy_minimal_publisher --single-version-externally-managed install_data
