[0.181s] Invoking command in '/home/public/ros2ws/build/turtlesim': CMAKE_PREFIX_PATH=/home/public/ros2ws/install/turtlesim_msgs:/home/public/ros2ws/install/turtlesim:/home/public/ros2ws/install/examples_rclcpp_wait_set:/home/public/ros2ws/install/examples_rclcpp_multithreaded_executor:/home/public/ros2ws/install/examples_rclcpp_minimal_timer:/home/public/ros2ws/install/examples_rclcpp_minimal_subscriber:/home/public/ros2ws/install/examples_rclcpp_minimal_service:/home/public/ros2ws/install/examples_rclcpp_minimal_publisher:/home/public/ros2ws/install/examples_rclcpp_minimal_composition:/home/public/ros2ws/install/examples_rclcpp_minimal_client:/home/public/ros2ws/install/examples_rclcpp_minimal_action_server:/home/public/ros2ws/install/examples_rclcpp_minimal_action_client:/home/public/ros2ws/install/examples_rclcpp_cbg_executor:/home/public/ros2ws/install/examples_rclcpp_async_client:/opt/ros/lyrical/opt/gz_math_vendor:/opt/ros/lyrical/opt/gz_utils_vendor:/opt/ros/lyrical/opt/gz_cmake_vendor:/home/public/ros2ws/install/opencv2_nodes:/home/public/ros2ws/install/launch_testing_examples:/home/public/ros2ws/install/hiwonder_board:/home/public/ros2ws/install/examples_rclpy_pointcloud_publisher:/home/public/ros2ws/install/examples_rclpy_minimal_subscriber:/home/public/ros2ws/install/examples_rclpy_minimal_service:/home/public/ros2ws/install/examples_rclpy_minimal_publisher:/home/public/ros2ws/install/examples_rclpy_minimal_client:/home/public/ros2ws/install/examples_rclpy_minimal_action_server:/home/public/ros2ws/install/examples_rclpy_minimal_action_client:/home/public/ros2ws/install/examples_rclpy_guard_conditions:/home/public/ros2ws/install/examples_rclpy_executors:/home/public/ros2ws/install/controls_core:/opt/ros/lyrical DEBUGINFOD_URLS=https://debuginfod.ubuntu.com /usr/bin/cmake --build /home/public/ros2ws/build/turtlesim -- -j4 -l4
[0.297s] gmake: Warning: File 'Makefile' has modification time 985 s in the future
[0.526s] -- Found ament_cmake: 2.8.7 (/opt/ros/lyrical/share/ament_cmake/cmake)
[1.735s] -- Override CMake install command with custom implementation using symlinks instead of copying resources
[1.759s] -- Found ament_index_cpp: 1.13.3 (/opt/ros/lyrical/share/ament_index_cpp/cmake)
[1.771s] -- Found geometry_msgs: 5.9.2 (/opt/ros/lyrical/share/geometry_msgs/cmake)
[1.973s] -- Found rosidl_generator_c: 5.2.1 (/opt/ros/lyrical/share/rosidl_generator_c/cmake)
[2.011s] -- Found rosidl_generator_cpp: 5.2.1 (/opt/ros/lyrical/share/rosidl_generator_cpp/cmake)
[2.116s] -- Using all available rosidl_typesupport_c: rosidl_typesupport_fastrtps_c;rosidl_typesupport_introspection_c
[2.278s] -- Using all available rosidl_typesupport_cpp: rosidl_typesupport_fastrtps_cpp;rosidl_typesupport_introspection_cpp
[4.562s] -- Found rclcpp: 32.0.0 (/opt/ros/lyrical/share/rclcpp/cmake)
[4.913s] -- Found rmw_implementation_cmake: 7.10.1 (/opt/ros/lyrical/share/rmw_implementation_cmake/cmake)
[4.925s] -- Found rmw_fastrtps_cpp: 9.4.8 (/opt/ros/lyrical/share/rmw_fastrtps_cpp/cmake)
[5.096s] -- Using RMW implementation 'rmw_fastrtps_cpp' as default
[5.916s] -- Found rclcpp_action: 32.0.0 (/opt/ros/lyrical/share/rclcpp_action/cmake)
[6.458s] -- Found std_srvs: 5.9.2 (/opt/ros/lyrical/share/std_srvs/cmake)
[6.731s] -- Found turtlesim_msgs: 1.10.9 (/home/public/ros2ws/install/turtlesim_msgs/share/turtlesim_msgs/cmake)
[6.999s] -- Found ament_lint_auto: 0.20.6 (/opt/ros/lyrical/share/ament_lint_auto/cmake)
[7.761s] -- Added test 'copyright' to check source files copyright and LICENSE
[7.785s] -- Added test 'cppcheck' to perform static code analysis on C / C++ code
[7.793s] -- Configured cppcheck include dirs: $<BUILD_INTERFACE:/home/public/ros2ws/src/ros_tutorials/turtlesim/include>
[7.793s] -- Configured cppcheck exclude dirs and/or files: 
[7.800s] -- Added test 'cpplint' to check C / C++ code against the Google style
[7.800s] -- Configured cpplint exclude dirs and/or files: 
[7.809s] -- Added test 'flake8' to check Python code syntax and style conventions
[7.830s] -- Configured 'flake8' exclude dirs and/or files: 
[7.851s] -- Added test 'lint_cmake' to check CMake code style
[7.864s] -- Added test 'pep257' to check Python code against some of the docstring style conventions in PEP 257
[7.879s] -- Added test 'uncrustify' to check C / C++ code style
[7.879s] -- Configured uncrustify additional arguments: 
[7.879s] -- Added test 'xmllint' to check XML markup files
[7.900s] -- Configuring done (7.4s)
[9.262s] -- Generating done (1.4s)
[10.127s] -- Build files have been written to: /home/public/ros2ws/build/turtlesim
[10.379s] gmake[2]: Warning: File 'CMakeFiles/turtlesim_node_autogen_timestamp_deps.dir/build.make' has modification time 7875661 s in the future
[10.468s] gmake[2]: warning:  Clock skew detected.  Your build may be incomplete.
[10.480s] gmake[2]: Warning: File 'CMakeFiles/turtlesim_node_autogen_timestamp_deps.dir/build.make' has modification time 7875661 s in the future
[10.485s] gmake[2]: warning:  Clock skew detected.  Your build may be incomplete.
[10.545s] [  0%] Built target turtlesim_node_autogen_timestamp_deps
[10.560s] gmake[2]: Warning: File 'CMakeFiles/mimic_autogen_timestamp_deps.dir/build.make' has modification time 7875661 s in the future
[10.680s] gmake[2]: warning:  Clock skew detected.  Your build may be incomplete.
[10.698s] gmake[2]: Warning: File 'CMakeFiles/mimic_autogen_timestamp_deps.dir/build.make' has modification time 7875661 s in the future
[10.698s] gmake[2]: warning:  Clock skew detected.  Your build may be incomplete.
[10.736s] [  0%] Built target mimic_autogen_timestamp_deps
[10.764s] gmake[2]: Warning: File 'CMakeFiles/turtlesim_node_autogen.dir/build.make' has modification time 7875661 s in the future
[10.859s] gmake[2]: warning:  Clock skew detected.  Your build may be incomplete.
[10.907s] gmake[2]: Warning: File 'CMakeFiles/turtlesim_node_autogen.dir/build.make' has modification time 7875660 s in the future
[10.934s] gmake[2]: warning:  Clock skew detected.  Your build may be incomplete.
[11.006s] [  5%] Built target turtlesim_node_autogen
[11.048s] gmake[2]: Warning: File 'CMakeFiles/mimic_autogen.dir/build.make' has modification time 7875660 s in the future
[11.096s] gmake[2]: warning:  Clock skew detected.  Your build may be incomplete.
[11.114s] gmake[2]: Warning: File 'CMakeFiles/mimic_autogen.dir/build.make' has modification time 7875660 s in the future
[11.114s] gmake[2]: warning:  Clock skew detected.  Your build may be incomplete.
[11.212s] [ 10%] Built target mimic_autogen
[11.250s] gmake[2]: Warning: File 'CMakeFiles/turtlesim_node.dir/build.make' has modification time 7875660 s in the future
[11.605s] gmake[2]: warning:  Clock skew detected.  Your build may be incomplete.
[11.633s] gmake[2]: Warning: File 'CMakeFiles/turtlesim_node.dir/build.make' has modification time 7875660 s in the future
[11.767s] gmake[2]: warning:  Clock skew detected.  Your build may be incomplete.
[11.948s] [ 45%] Built target turtlesim_node
[11.992s] gmake[2]: Warning: File 'CMakeFiles/mimic.dir/build.make' has modification time 7875659 s in the future
[12.127s] gmake[2]: warning:  Clock skew detected.  Your build may be incomplete.
[12.157s] gmake[2]: Warning: File 'CMakeFiles/mimic.dir/build.make' has modification time 7875659 s in the future
[12.180s] gmake[2]: warning:  Clock skew detected.  Your build may be incomplete.
[12.305s] [ 60%] Built target mimic
[12.334s] gmake[2]: Warning: File 'CMakeFiles/draw_square_autogen_timestamp_deps.dir/build.make' has modification time 7875659 s in the future
[12.479s] gmake[2]: warning:  Clock skew detected.  Your build may be incomplete.
[12.491s] gmake[2]: Warning: File 'CMakeFiles/draw_square_autogen_timestamp_deps.dir/build.make' has modification time 7875659 s in the future
[12.491s] gmake[2]: warning:  Clock skew detected.  Your build may be incomplete.
[12.532s] [ 60%] Built target draw_square_autogen_timestamp_deps
[12.554s] gmake[2]: Warning: File 'CMakeFiles/turtle_teleop_key_autogen_timestamp_deps.dir/build.make' has modification time 7875659 s in the future
[12.647s] gmake[2]: warning:  Clock skew detected.  Your build may be incomplete.
[12.654s] gmake[2]: Warning: File 'CMakeFiles/turtle_teleop_key_autogen_timestamp_deps.dir/build.make' has modification time 7875659 s in the future
[12.655s] gmake[2]: warning:  Clock skew detected.  Your build may be incomplete.
[12.686s] [ 60%] Built target turtle_teleop_key_autogen_timestamp_deps
[12.769s] gmake[2]: Warning: File 'CMakeFiles/draw_square_autogen.dir/build.make' has modification time 7875659 s in the future
[12.921s] gmake[2]: warning:  Clock skew detected.  Your build may be incomplete.
[12.970s] gmake[2]: Warning: File 'CMakeFiles/draw_square_autogen.dir/build.make' has modification time 7875658 s in the future
[12.997s] gmake[2]: warning:  Clock skew detected.  Your build may be incomplete.
[13.069s] [ 65%] Built target draw_square_autogen
[13.132s] gmake[2]: Warning: File 'CMakeFiles/turtle_teleop_key_autogen.dir/build.make' has modification time 7875658 s in the future
[13.267s] gmake[2]: warning:  Clock skew detected.  Your build may be incomplete.
[13.309s] gmake[2]: Warning: File 'CMakeFiles/turtle_teleop_key_autogen.dir/build.make' has modification time 7875658 s in the future
[13.318s] gmake[2]: warning:  Clock skew detected.  Your build may be incomplete.
[13.360s] [ 70%] Built target turtle_teleop_key_autogen
[13.372s] gmake[2]: Warning: File 'CMakeFiles/draw_square.dir/build.make' has modification time 7875658 s in the future
[13.459s] gmake[2]: warning:  Clock skew detected.  Your build may be incomplete.
[13.486s] gmake[2]: Warning: File 'CMakeFiles/draw_square.dir/build.make' has modification time 7875658 s in the future
[13.492s] gmake[2]: warning:  Clock skew detected.  Your build may be incomplete.
[13.531s] [ 85%] Built target draw_square
[13.551s] gmake[2]: Warning: File 'CMakeFiles/turtle_teleop_key.dir/build.make' has modification time 7875658 s in the future
[13.690s] gmake[2]: warning:  Clock skew detected.  Your build may be incomplete.
[13.727s] gmake[2]: Warning: File 'CMakeFiles/turtle_teleop_key.dir/build.make' has modification time 7875658 s in the future
[13.728s] gmake[2]: warning:  Clock skew detected.  Your build may be incomplete.
[13.790s] [100%] Built target turtle_teleop_key
[13.838s] gmake: warning:  Clock skew detected.  Your build may be incomplete.
[13.897s] Invoked command in '/home/public/ros2ws/build/turtlesim' returned '0': CMAKE_PREFIX_PATH=/home/public/ros2ws/install/turtlesim_msgs:/home/public/ros2ws/install/turtlesim:/home/public/ros2ws/install/examples_rclcpp_wait_set:/home/public/ros2ws/install/examples_rclcpp_multithreaded_executor:/home/public/ros2ws/install/examples_rclcpp_minimal_timer:/home/public/ros2ws/install/examples_rclcpp_minimal_subscriber:/home/public/ros2ws/install/examples_rclcpp_minimal_service:/home/public/ros2ws/install/examples_rclcpp_minimal_publisher:/home/public/ros2ws/install/examples_rclcpp_minimal_composition:/home/public/ros2ws/install/examples_rclcpp_minimal_client:/home/public/ros2ws/install/examples_rclcpp_minimal_action_server:/home/public/ros2ws/install/examples_rclcpp_minimal_action_client:/home/public/ros2ws/install/examples_rclcpp_cbg_executor:/home/public/ros2ws/install/examples_rclcpp_async_client:/opt/ros/lyrical/opt/gz_math_vendor:/opt/ros/lyrical/opt/gz_utils_vendor:/opt/ros/lyrical/opt/gz_cmake_vendor:/home/public/ros2ws/install/opencv2_nodes:/home/public/ros2ws/install/launch_testing_examples:/home/public/ros2ws/install/hiwonder_board:/home/public/ros2ws/install/examples_rclpy_pointcloud_publisher:/home/public/ros2ws/install/examples_rclpy_minimal_subscriber:/home/public/ros2ws/install/examples_rclpy_minimal_service:/home/public/ros2ws/install/examples_rclpy_minimal_publisher:/home/public/ros2ws/install/examples_rclpy_minimal_client:/home/public/ros2ws/install/examples_rclpy_minimal_action_server:/home/public/ros2ws/install/examples_rclpy_minimal_action_client:/home/public/ros2ws/install/examples_rclpy_guard_conditions:/home/public/ros2ws/install/examples_rclpy_executors:/home/public/ros2ws/install/controls_core:/opt/ros/lyrical DEBUGINFOD_URLS=https://debuginfod.ubuntu.com /usr/bin/cmake --build /home/public/ros2ws/build/turtlesim -- -j4 -l4
[13.938s] Invoking command in '/home/public/ros2ws/build/turtlesim': CMAKE_PREFIX_PATH=/home/public/ros2ws/install/turtlesim_msgs:/home/public/ros2ws/install/turtlesim:/home/public/ros2ws/install/examples_rclcpp_wait_set:/home/public/ros2ws/install/examples_rclcpp_multithreaded_executor:/home/public/ros2ws/install/examples_rclcpp_minimal_timer:/home/public/ros2ws/install/examples_rclcpp_minimal_subscriber:/home/public/ros2ws/install/examples_rclcpp_minimal_service:/home/public/ros2ws/install/examples_rclcpp_minimal_publisher:/home/public/ros2ws/install/examples_rclcpp_minimal_composition:/home/public/ros2ws/install/examples_rclcpp_minimal_client:/home/public/ros2ws/install/examples_rclcpp_minimal_action_server:/home/public/ros2ws/install/examples_rclcpp_minimal_action_client:/home/public/ros2ws/install/examples_rclcpp_cbg_executor:/home/public/ros2ws/install/examples_rclcpp_async_client:/opt/ros/lyrical/opt/gz_math_vendor:/opt/ros/lyrical/opt/gz_utils_vendor:/opt/ros/lyrical/opt/gz_cmake_vendor:/home/public/ros2ws/install/opencv2_nodes:/home/public/ros2ws/install/launch_testing_examples:/home/public/ros2ws/install/hiwonder_board:/home/public/ros2ws/install/examples_rclpy_pointcloud_publisher:/home/public/ros2ws/install/examples_rclpy_minimal_subscriber:/home/public/ros2ws/install/examples_rclpy_minimal_service:/home/public/ros2ws/install/examples_rclpy_minimal_publisher:/home/public/ros2ws/install/examples_rclpy_minimal_client:/home/public/ros2ws/install/examples_rclpy_minimal_action_server:/home/public/ros2ws/install/examples_rclpy_minimal_action_client:/home/public/ros2ws/install/examples_rclpy_guard_conditions:/home/public/ros2ws/install/examples_rclpy_executors:/home/public/ros2ws/install/controls_core:/opt/ros/lyrical DEBUGINFOD_URLS=https://debuginfod.ubuntu.com /usr/bin/cmake --install /home/public/ros2ws/build/turtlesim
[14.061s] -- Install configuration: ""
[14.067s] -- Execute custom install script
[14.067s] -- Up-to-date symlink: /home/public/ros2ws/install/turtlesim/lib/turtlesim/turtlesim_node
[14.082s] -- Up-to-date symlink: /home/public/ros2ws/install/turtlesim/lib/turtlesim/turtle_teleop_key
[14.083s] -- Up-to-date symlink: /home/public/ros2ws/install/turtlesim/lib/turtlesim/draw_square
[14.084s] -- Up-to-date symlink: /home/public/ros2ws/install/turtlesim/lib/turtlesim/mimic
[14.084s] -- Up-to-date symlink: /home/public/ros2ws/install/turtlesim/share/turtlesim/launch/multisim.launch.py
[14.085s] -- Up-to-date symlink: /home/public/ros2ws/install/turtlesim/share/ament_index/resource_index/package_run_dependencies/turtlesim
[14.098s] -- Up-to-date symlink: /home/public/ros2ws/install/turtlesim/share/ament_index/resource_index/parent_prefix_path/turtlesim
[14.103s] -- Up-to-date symlink: /home/public/ros2ws/install/turtlesim/share/turtlesim/environment/ament_prefix_path.sh
[14.104s] -- Up-to-date symlink: /home/public/ros2ws/install/turtlesim/share/turtlesim/environment/ament_prefix_path.dsv
[14.111s] -- Up-to-date symlink: /home/public/ros2ws/install/turtlesim/share/turtlesim/environment/path.sh
[14.112s] -- Up-to-date symlink: /home/public/ros2ws/install/turtlesim/share/turtlesim/environment/path.dsv
[14.112s] -- Up-to-date symlink: /home/public/ros2ws/install/turtlesim/share/turtlesim/local_setup.bash
[14.113s] -- Up-to-date symlink: /home/public/ros2ws/install/turtlesim/share/turtlesim/local_setup.fish
[14.113s] -- Up-to-date symlink: /home/public/ros2ws/install/turtlesim/share/turtlesim/local_setup.sh
[14.127s] -- Up-to-date symlink: /home/public/ros2ws/install/turtlesim/share/turtlesim/local_setup.zsh
[14.128s] -- Up-to-date symlink: /home/public/ros2ws/install/turtlesim/share/turtlesim/local_setup.dsv
[14.129s] -- Symlinking: /home/public/ros2ws/install/turtlesim/share/turtlesim/package.dsv
[14.250s] -- Up-to-date symlink: /home/public/ros2ws/install/turtlesim/share/ament_index/resource_index/packages/turtlesim
[14.258s] -- Up-to-date symlink: /home/public/ros2ws/install/turtlesim/share/turtlesim/cmake/turtlesimConfig.cmake
[14.259s] -- Up-to-date symlink: /home/public/ros2ws/install/turtlesim/share/turtlesim/cmake/turtlesimConfig-version.cmake
[14.259s] -- Up-to-date symlink: /home/public/ros2ws/install/turtlesim/share/turtlesim/package.xml
[14.276s] -- Up-to-date: /home/public/ros2ws/install/turtlesim/share/turtlesim/images
[14.276s] -- Up-to-date: /home/public/ros2ws/install/turtlesim/share/turtlesim/images/kilted.png
[14.277s] -- Up-to-date: /home/public/ros2ws/install/turtlesim/share/turtlesim/images/eloquent.png
[14.277s] -- Up-to-date: /home/public/ros2ws/install/turtlesim/share/turtlesim/images/jazzy.png
[14.278s] -- Up-to-date: /home/public/ros2ws/install/turtlesim/share/turtlesim/images/bouncy.png
[14.291s] -- Up-to-date: /home/public/ros2ws/install/turtlesim/share/turtlesim/images/galactic.png
[14.291s] -- Up-to-date: /home/public/ros2ws/install/turtlesim/share/turtlesim/images/foxy.png
[14.291s] -- Up-to-date: /home/public/ros2ws/install/turtlesim/share/turtlesim/images/humble.png
[14.292s] -- Up-to-date: /home/public/ros2ws/install/turtlesim/share/turtlesim/images/dashing.png
[14.292s] -- Up-to-date: /home/public/ros2ws/install/turtlesim/share/turtlesim/images/crystal.png
[14.292s] -- Up-to-date: /home/public/ros2ws/install/turtlesim/share/turtlesim/images/iron.png
[14.292s] -- Up-to-date: /home/public/ros2ws/install/turtlesim/share/turtlesim/images/lyrical.png
[14.292s] -- Up-to-date: /home/public/ros2ws/install/turtlesim/share/turtlesim/images/ardent.png
[14.292s] -- Up-to-date: /home/public/ros2ws/install/turtlesim/share/turtlesim/images/rolling.png
[14.297s] Invoked command in '/home/public/ros2ws/build/turtlesim' returned '0': CMAKE_PREFIX_PATH=/home/public/ros2ws/install/turtlesim_msgs:/home/public/ros2ws/install/turtlesim:/home/public/ros2ws/install/examples_rclcpp_wait_set:/home/public/ros2ws/install/examples_rclcpp_multithreaded_executor:/home/public/ros2ws/install/examples_rclcpp_minimal_timer:/home/public/ros2ws/install/examples_rclcpp_minimal_subscriber:/home/public/ros2ws/install/examples_rclcpp_minimal_service:/home/public/ros2ws/install/examples_rclcpp_minimal_publisher:/home/public/ros2ws/install/examples_rclcpp_minimal_composition:/home/public/ros2ws/install/examples_rclcpp_minimal_client:/home/public/ros2ws/install/examples_rclcpp_minimal_action_server:/home/public/ros2ws/install/examples_rclcpp_minimal_action_client:/home/public/ros2ws/install/examples_rclcpp_cbg_executor:/home/public/ros2ws/install/examples_rclcpp_async_client:/opt/ros/lyrical/opt/gz_math_vendor:/opt/ros/lyrical/opt/gz_utils_vendor:/opt/ros/lyrical/opt/gz_cmake_vendor:/home/public/ros2ws/install/opencv2_nodes:/home/public/ros2ws/install/launch_testing_examples:/home/public/ros2ws/install/hiwonder_board:/home/public/ros2ws/install/examples_rclpy_pointcloud_publisher:/home/public/ros2ws/install/examples_rclpy_minimal_subscriber:/home/public/ros2ws/install/examples_rclpy_minimal_service:/home/public/ros2ws/install/examples_rclpy_minimal_publisher:/home/public/ros2ws/install/examples_rclpy_minimal_client:/home/public/ros2ws/install/examples_rclpy_minimal_action_server:/home/public/ros2ws/install/examples_rclpy_minimal_action_client:/home/public/ros2ws/install/examples_rclpy_guard_conditions:/home/public/ros2ws/install/examples_rclpy_executors:/home/public/ros2ws/install/controls_core:/opt/ros/lyrical DEBUGINFOD_URLS=https://debuginfod.ubuntu.com /usr/bin/cmake --install /home/public/ros2ws/build/turtlesim
