running egg_info
writing ../../../../../build/examples_rclpy_minimal_action_client/examples_rclpy_minimal_action_client.egg-info/PKG-INFO
writing dependency_links to ../../../../../build/examples_rclpy_minimal_action_client/examples_rclpy_minimal_action_client.egg-info/dependency_links.txt
writing entry points to ../../../../../build/examples_rclpy_minimal_action_client/examples_rclpy_minimal_action_client.egg-info/entry_points.txt
writing requirements to ../../../../../build/examples_rclpy_minimal_action_client/examples_rclpy_minimal_action_client.egg-info/requires.txt
writing top-level names to ../../../../../build/examples_rclpy_minimal_action_client/examples_rclpy_minimal_action_client.egg-info/top_level.txt
reading manifest file '../../../../../build/examples_rclpy_minimal_action_client/examples_rclpy_minimal_action_client.egg-info/SOURCES.txt'
writing manifest file '../../../../../build/examples_rclpy_minimal_action_client/examples_rclpy_minimal_action_client.egg-info/SOURCES.txt'
running build
running build_py
copying examples_rclpy_minimal_action_client/client_cancel.py -> /home/public/ros2ws/build/examples_rclpy_minimal_action_client/build/lib/examples_rclpy_minimal_action_client
copying examples_rclpy_minimal_action_client/__init__.py -> /home/public/ros2ws/build/examples_rclpy_minimal_action_client/build/lib/examples_rclpy_minimal_action_client
copying examples_rclpy_minimal_action_client/client_not_composable.py -> /home/public/ros2ws/build/examples_rclpy_minimal_action_client/build/lib/examples_rclpy_minimal_action_client
copying examples_rclpy_minimal_action_client/client.py -> /home/public/ros2ws/build/examples_rclpy_minimal_action_client/build/lib/examples_rclpy_minimal_action_client
copying examples_rclpy_minimal_action_client/client_asyncio.py -> /home/public/ros2ws/build/examples_rclpy_minimal_action_client/build/lib/examples_rclpy_minimal_action_client
running install
running install_lib
running install_data
copying resource/examples_rclpy_minimal_action_client -> /home/public/ros2ws/install/examples_rclpy_minimal_action_client/share/ament_index/resource_index/packages
copying package.xml -> /home/public/ros2ws/install/examples_rclpy_minimal_action_client/share/examples_rclpy_minimal_action_client
running install_egg_info
removing '/home/public/ros2ws/install/examples_rclpy_minimal_action_client/lib/python3.14/site-packages/examples_rclpy_minimal_action_client-0.21.5-py3.14.egg-info' (and everything under it)
Copying ../../../../../build/examples_rclpy_minimal_action_client/examples_rclpy_minimal_action_client.egg-info to /home/public/ros2ws/install/examples_rclpy_minimal_action_client/lib/python3.14/site-packages/examples_rclpy_minimal_action_client-0.21.5-py3.14.egg-info
running install_scripts
Installing client script to /home/public/ros2ws/install/examples_rclpy_minimal_action_client/lib/examples_rclpy_minimal_action_client
Installing client_asyncio script to /home/public/ros2ws/install/examples_rclpy_minimal_action_client/lib/examples_rclpy_minimal_action_client
Installing client_cancel script to /home/public/ros2ws/install/examples_rclpy_minimal_action_client/lib/examples_rclpy_minimal_action_client
Installing client_not_composable script to /home/public/ros2ws/install/examples_rclpy_minimal_action_client/lib/examples_rclpy_minimal_action_client
writing list of installed files to '/home/public/ros2ws/build/examples_rclpy_minimal_action_client/install.log'
