[2.856s] Invoking command in '/home/public/ros2ws/src/examples/rclpy/actions/minimal_action_client': DEBUGINFOD_URLS=https://debuginfod.ubuntu.com PYTHONPATH=/home/public/ros2ws/build/examples_rclpy_minimal_action_client/prefix_override:/usr/lib/python3/dist-packages/colcon_core/task/python/colcon_distutils_commands:/home/public/ros2ws/install/examples_rclpy_minimal_action_client/lib/python3.14/site-packages:${PYTHONPATH} /usr/bin/python3 -W ignore:setup.py install is deprecated -W ignore:easy_install command is deprecated setup.py egg_info --egg-base ../../../../../build/examples_rclpy_minimal_action_client build --build-base /home/public/ros2ws/build/examples_rclpy_minimal_action_client/build install --record /home/public/ros2ws/build/examples_rclpy_minimal_action_client/install.log --install-scripts $base/lib/examples_rclpy_minimal_action_client --single-version-externally-managed install_data
[3.498s] running egg_info
[3.542s] writing ../../../../../build/examples_rclpy_minimal_action_client/examples_rclpy_minimal_action_client.egg-info/PKG-INFO
[3.545s] writing dependency_links to ../../../../../build/examples_rclpy_minimal_action_client/examples_rclpy_minimal_action_client.egg-info/dependency_links.txt
[3.547s] writing entry points to ../../../../../build/examples_rclpy_minimal_action_client/examples_rclpy_minimal_action_client.egg-info/entry_points.txt
[3.549s] writing requirements to ../../../../../build/examples_rclpy_minimal_action_client/examples_rclpy_minimal_action_client.egg-info/requires.txt
[3.550s] writing top-level names to ../../../../../build/examples_rclpy_minimal_action_client/examples_rclpy_minimal_action_client.egg-info/top_level.txt
[3.628s] reading manifest file '../../../../../build/examples_rclpy_minimal_action_client/examples_rclpy_minimal_action_client.egg-info/SOURCES.txt'
[3.631s] writing manifest file '../../../../../build/examples_rclpy_minimal_action_client/examples_rclpy_minimal_action_client.egg-info/SOURCES.txt'
[3.639s] running build
[3.639s] running build_py
[3.639s] copying examples_rclpy_minimal_action_client/client_cancel.py -> /home/public/ros2ws/build/examples_rclpy_minimal_action_client/build/lib/examples_rclpy_minimal_action_client
[3.640s] copying examples_rclpy_minimal_action_client/__init__.py -> /home/public/ros2ws/build/examples_rclpy_minimal_action_client/build/lib/examples_rclpy_minimal_action_client
[3.642s] copying examples_rclpy_minimal_action_client/client_not_composable.py -> /home/public/ros2ws/build/examples_rclpy_minimal_action_client/build/lib/examples_rclpy_minimal_action_client
[3.642s] copying examples_rclpy_minimal_action_client/client.py -> /home/public/ros2ws/build/examples_rclpy_minimal_action_client/build/lib/examples_rclpy_minimal_action_client
[3.642s] copying examples_rclpy_minimal_action_client/client_asyncio.py -> /home/public/ros2ws/build/examples_rclpy_minimal_action_client/build/lib/examples_rclpy_minimal_action_client
[3.642s] running install
[3.654s] running install_lib
[3.698s] running install_data
[3.698s] copying resource/examples_rclpy_minimal_action_client -> /home/public/ros2ws/install/examples_rclpy_minimal_action_client/share/ament_index/resource_index/packages
[3.698s] copying package.xml -> /home/public/ros2ws/install/examples_rclpy_minimal_action_client/share/examples_rclpy_minimal_action_client
[3.704s] running install_egg_info
[3.784s] removing '/home/public/ros2ws/install/examples_rclpy_minimal_action_client/lib/python3.14/site-packages/examples_rclpy_minimal_action_client-0.21.5-py3.14.egg-info' (and everything under it)
[3.784s] Copying ../../../../../build/examples_rclpy_minimal_action_client/examples_rclpy_minimal_action_client.egg-info to /home/public/ros2ws/install/examples_rclpy_minimal_action_client/lib/python3.14/site-packages/examples_rclpy_minimal_action_client-0.21.5-py3.14.egg-info
[3.791s] running install_scripts
[3.989s] Installing client script to /home/public/ros2ws/install/examples_rclpy_minimal_action_client/lib/examples_rclpy_minimal_action_client
[3.990s] Installing client_asyncio script to /home/public/ros2ws/install/examples_rclpy_minimal_action_client/lib/examples_rclpy_minimal_action_client
[3.994s] Installing client_cancel script to /home/public/ros2ws/install/examples_rclpy_minimal_action_client/lib/examples_rclpy_minimal_action_client
[3.994s] Installing client_not_composable script to /home/public/ros2ws/install/examples_rclpy_minimal_action_client/lib/examples_rclpy_minimal_action_client
[3.994s] writing list of installed files to '/home/public/ros2ws/build/examples_rclpy_minimal_action_client/install.log'
[4.260s] Invoked command in '/home/public/ros2ws/src/examples/rclpy/actions/minimal_action_client' returned '0': DEBUGINFOD_URLS=https://debuginfod.ubuntu.com PYTHONPATH=/home/public/ros2ws/build/examples_rclpy_minimal_action_client/prefix_override:/usr/lib/python3/dist-packages/colcon_core/task/python/colcon_distutils_commands:/home/public/ros2ws/install/examples_rclpy_minimal_action_client/lib/python3.14/site-packages:${PYTHONPATH} /usr/bin/python3 -W ignore:setup.py install is deprecated -W ignore:easy_install command is deprecated setup.py egg_info --egg-base ../../../../../build/examples_rclpy_minimal_action_client build --build-base /home/public/ros2ws/build/examples_rclpy_minimal_action_client/build install --record /home/public/ros2ws/build/examples_rclpy_minimal_action_client/install.log --install-scripts $base/lib/examples_rclpy_minimal_action_client --single-version-externally-managed install_data
