[1.230s] Invoking command in '/home/public/ros2ws/src/opencv2': DEBUGINFOD_URLS=https://debuginfod.ubuntu.com PYTHONPATH=/home/public/ros2ws/build/opencv2/prefix_override:/usr/lib/python3/dist-packages/colcon_core/task/python/colcon_distutils_commands:/home/public/ros2ws/install/opencv2/lib/python3.14/site-packages:${PYTHONPATH} /usr/bin/python3 -W ignore:setup.py install is deprecated -W ignore:easy_install command is deprecated setup.py egg_info --egg-base ../../build/opencv2 build --build-base /home/public/ros2ws/build/opencv2/build install --record /home/public/ros2ws/build/opencv2/install.log --install-scripts $base/lib/opencv2 --single-version-externally-managed install_data
[1.666s] running egg_info
[1.695s] writing ../../build/opencv2/opencv2.egg-info/PKG-INFO
[1.695s] writing dependency_links to ../../build/opencv2/opencv2.egg-info/dependency_links.txt
[1.695s] writing requirements to ../../build/opencv2/opencv2.egg-info/requires.txt
[1.696s] writing top-level names to ../../build/opencv2/opencv2.egg-info/top_level.txt
[1.753s] reading manifest file '../../build/opencv2/opencv2.egg-info/SOURCES.txt'
[1.754s] writing manifest file '../../build/opencv2/opencv2.egg-info/SOURCES.txt'
[1.755s] running build
[1.755s] running build_py
[1.755s] copying opencv2/__init__.py -> /home/public/ros2ws/build/opencv2/build/lib/opencv2
[1.755s] copying opencv2/line_filter.py -> /home/public/ros2ws/build/opencv2/build/lib/opencv2
[1.756s] copying opencv2/py.typed -> /home/public/ros2ws/build/opencv2/build/lib/opencv2
[1.756s] running install
[1.764s] running install_lib
[1.790s] copying /home/public/ros2ws/build/opencv2/build/lib/opencv2/line_filter.py -> /home/public/ros2ws/install/opencv2/lib/python3.14/site-packages/opencv2
[1.791s] byte-compiling /home/public/ros2ws/install/opencv2/lib/python3.14/site-packages/opencv2/line_filter.py to line_filter.cpython-314.pyc
[1.792s] running install_data
[1.793s] copying resource/opencv2 -> /home/public/ros2ws/install/opencv2/share/ament_index/resource_index/packages
[1.794s] copying package.xml -> /home/public/ros2ws/install/opencv2/share/opencv2
[1.796s] running install_egg_info
[1.823s] removing '/home/public/ros2ws/install/opencv2/lib/python3.14/site-packages/opencv2-0.0.0-py3.14.egg-info' (and everything under it)
[1.823s] Copying ../../build/opencv2/opencv2.egg-info to /home/public/ros2ws/install/opencv2/lib/python3.14/site-packages/opencv2-0.0.0-py3.14.egg-info
[1.827s] running install_scripts
[1.961s] writing list of installed files to '/home/public/ros2ws/build/opencv2/install.log'
[2.072s] Invoked command in '/home/public/ros2ws/src/opencv2' returned '0': DEBUGINFOD_URLS=https://debuginfod.ubuntu.com PYTHONPATH=/home/public/ros2ws/build/opencv2/prefix_override:/usr/lib/python3/dist-packages/colcon_core/task/python/colcon_distutils_commands:/home/public/ros2ws/install/opencv2/lib/python3.14/site-packages:${PYTHONPATH} /usr/bin/python3 -W ignore:setup.py install is deprecated -W ignore:easy_install command is deprecated setup.py egg_info --egg-base ../../build/opencv2 build --build-base /home/public/ros2ws/build/opencv2/build install --record /home/public/ros2ws/build/opencv2/install.log --install-scripts $base/lib/opencv2 --single-version-externally-managed install_data
