[0.056s] Invoking command in '/home/public/ros2ws/build/turtlesim': CMAKE_PREFIX_PATH=/home/public/ros2ws/install/turtlesim_msgs:/home/public/ros2ws/install/turtlesim:/home/public/ros2ws/install/examples_rclcpp_wait_set:/home/public/ros2ws/install/examples_rclcpp_multithreaded_executor:/home/public/ros2ws/install/examples_rclcpp_minimal_timer:/home/public/ros2ws/install/examples_rclcpp_minimal_subscriber:/home/public/ros2ws/install/examples_rclcpp_minimal_service:/home/public/ros2ws/install/examples_rclcpp_minimal_publisher:/home/public/ros2ws/install/examples_rclcpp_minimal_composition:/home/public/ros2ws/install/examples_rclcpp_minimal_client:/home/public/ros2ws/install/examples_rclcpp_minimal_action_server:/home/public/ros2ws/install/examples_rclcpp_minimal_action_client:/home/public/ros2ws/install/examples_rclcpp_cbg_executor:/home/public/ros2ws/install/examples_rclcpp_async_client:/opt/ros/lyrical/opt/gz_math_vendor:/opt/ros/lyrical/opt/gz_utils_vendor:/opt/ros/lyrical/opt/gz_cmake_vendor:/home/public/ros2ws/install/launch_testing_examples:/home/public/ros2ws/install/hiwonder_board:/home/public/ros2ws/install/examples_rclpy_pointcloud_publisher:/home/public/ros2ws/install/examples_rclpy_minimal_subscriber:/home/public/ros2ws/install/examples_rclpy_minimal_service:/home/public/ros2ws/install/examples_rclpy_minimal_publisher:/home/public/ros2ws/install/examples_rclpy_minimal_client:/home/public/ros2ws/install/examples_rclpy_minimal_action_server:/home/public/ros2ws/install/examples_rclpy_minimal_action_client:/home/public/ros2ws/install/examples_rclpy_guard_conditions:/home/public/ros2ws/install/examples_rclpy_executors:/opt/ros/lyrical DEBUGINFOD_URLS=https://debuginfod.ubuntu.com /usr/bin/cmake /home/public/ros2ws/src/ros_tutorials/turtlesim -DCMAKE_INSTALL_PREFIX=/home/public/ros2ws/install/turtlesim
[0.214s] -- The C compiler identification is GNU 15.2.0
[0.384s] -- The CXX compiler identification is GNU 15.2.0
[0.407s] -- Detecting C compiler ABI info
[0.685s] -- Detecting C compiler ABI info - done
[0.712s] -- Check for working C compiler: /usr/bin/cc - skipped
[0.712s] -- Detecting C compile features
[0.713s] -- Detecting C compile features - done
[0.740s] -- Detecting CXX compiler ABI info
[1.035s] -- Detecting CXX compiler ABI info - done
[1.084s] -- Check for working CXX compiler: /usr/bin/c++ - skipped
[1.085s] -- Detecting CXX compile features
[1.087s] -- Detecting CXX compile features - done
[1.123s] -- Found ament_cmake: 2.8.7 (/opt/ros/lyrical/share/ament_cmake/cmake)
[2.611s] -- Found ament_index_cpp: 1.13.3 (/opt/ros/lyrical/share/ament_index_cpp/cmake)
[2.631s] -- Found geometry_msgs: 5.9.2 (/opt/ros/lyrical/share/geometry_msgs/cmake)
[2.768s] -- Found rosidl_generator_c: 5.2.1 (/opt/ros/lyrical/share/rosidl_generator_c/cmake)
[2.799s] -- Found rosidl_generator_cpp: 5.2.1 (/opt/ros/lyrical/share/rosidl_generator_cpp/cmake)
[2.844s] -- Using all available rosidl_typesupport_c: rosidl_typesupport_fastrtps_c;rosidl_typesupport_introspection_c
[2.893s] -- Using all available rosidl_typesupport_cpp: rosidl_typesupport_fastrtps_cpp;rosidl_typesupport_introspection_cpp
[3.237s] -- Performing Test CMAKE_HAVE_LIBC_PTHREAD
[3.550s] -- Performing Test CMAKE_HAVE_LIBC_PTHREAD - Success
[3.552s] -- Found Threads: TRUE
[3.693s] -- Performing Test HAVE_STDATOMIC
[4.191s] -- Performing Test HAVE_STDATOMIC - Success
[4.194s] -- Found WrapAtomic: TRUE
[4.328s] -- Found OpenGL: /usr/lib/aarch64-linux-gnu/libOpenGL.so
[4.334s] -- Found WrapOpenGL: TRUE
[4.427s] -- Found WrapVulkanHeaders: /usr/include
[4.513s] -- Found rclcpp: 32.0.0 (/opt/ros/lyrical/share/rclcpp/cmake)
[4.691s] -- Found rmw_implementation_cmake: 7.10.1 (/opt/ros/lyrical/share/rmw_implementation_cmake/cmake)
[4.705s] -- Found rmw_fastrtps_cpp: 9.4.8 (/opt/ros/lyrical/share/rmw_fastrtps_cpp/cmake)
[4.792s] -- Using RMW implementation 'rmw_fastrtps_cpp' as default
[5.137s] -- Found rclcpp_action: 32.0.0 (/opt/ros/lyrical/share/rclcpp_action/cmake)
[5.275s] -- Found std_srvs: 5.9.2 (/opt/ros/lyrical/share/std_srvs/cmake)
[5.352s] -- Found turtlesim_msgs: 1.10.9 (/home/public/ros2ws/install/turtlesim_msgs/share/turtlesim_msgs/cmake)
[5.426s] -- Found ament_lint_auto: 0.20.6 (/opt/ros/lyrical/share/ament_lint_auto/cmake)
[5.971s] -- Added test 'copyright' to check source files copyright and LICENSE
[5.983s] -- Added test 'cppcheck' to perform static code analysis on C / C++ code
[5.985s] -- Configured cppcheck include dirs: $<BUILD_INTERFACE:/home/public/ros2ws/src/ros_tutorials/turtlesim/include>
[5.985s] -- Configured cppcheck exclude dirs and/or files: 
[5.990s] -- Added test 'cpplint' to check C / C++ code against the Google style
[5.990s] -- Configured cpplint exclude dirs and/or files: 
[5.993s] -- Added test 'flake8' to check Python code syntax and style conventions
[5.993s] -- Configured 'flake8' exclude dirs and/or files: 
[5.998s] -- Added test 'lint_cmake' to check CMake code style
[5.999s] -- Added test 'pep257' to check Python code against some of the docstring style conventions in PEP 257
[6.006s] -- Added test 'uncrustify' to check C / C++ code style
[6.007s] -- Configured uncrustify additional arguments: 
[6.011s] -- Added test 'xmllint' to check XML markup files
[6.019s] -- Configuring done (5.9s)
[6.396s] -- Generating done (0.4s)
[6.546s] -- Build files have been written to: /home/public/ros2ws/build/turtlesim
[6.598s] Invoked command in '/home/public/ros2ws/build/turtlesim' returned '0': CMAKE_PREFIX_PATH=/home/public/ros2ws/install/turtlesim_msgs:/home/public/ros2ws/install/turtlesim:/home/public/ros2ws/install/examples_rclcpp_wait_set:/home/public/ros2ws/install/examples_rclcpp_multithreaded_executor:/home/public/ros2ws/install/examples_rclcpp_minimal_timer:/home/public/ros2ws/install/examples_rclcpp_minimal_subscriber:/home/public/ros2ws/install/examples_rclcpp_minimal_service:/home/public/ros2ws/install/examples_rclcpp_minimal_publisher:/home/public/ros2ws/install/examples_rclcpp_minimal_composition:/home/public/ros2ws/install/examples_rclcpp_minimal_client:/home/public/ros2ws/install/examples_rclcpp_minimal_action_server:/home/public/ros2ws/install/examples_rclcpp_minimal_action_client:/home/public/ros2ws/install/examples_rclcpp_cbg_executor:/home/public/ros2ws/install/examples_rclcpp_async_client:/opt/ros/lyrical/opt/gz_math_vendor:/opt/ros/lyrical/opt/gz_utils_vendor:/opt/ros/lyrical/opt/gz_cmake_vendor:/home/public/ros2ws/install/launch_testing_examples:/home/public/ros2ws/install/hiwonder_board:/home/public/ros2ws/install/examples_rclpy_pointcloud_publisher:/home/public/ros2ws/install/examples_rclpy_minimal_subscriber:/home/public/ros2ws/install/examples_rclpy_minimal_service:/home/public/ros2ws/install/examples_rclpy_minimal_publisher:/home/public/ros2ws/install/examples_rclpy_minimal_client:/home/public/ros2ws/install/examples_rclpy_minimal_action_server:/home/public/ros2ws/install/examples_rclpy_minimal_action_client:/home/public/ros2ws/install/examples_rclpy_guard_conditions:/home/public/ros2ws/install/examples_rclpy_executors:/opt/ros/lyrical DEBUGINFOD_URLS=https://debuginfod.ubuntu.com /usr/bin/cmake /home/public/ros2ws/src/ros_tutorials/turtlesim -DCMAKE_INSTALL_PREFIX=/home/public/ros2ws/install/turtlesim
[6.604s] Invoking command in '/home/public/ros2ws/build/turtlesim': CMAKE_PREFIX_PATH=/home/public/ros2ws/install/turtlesim_msgs:/home/public/ros2ws/install/turtlesim:/home/public/ros2ws/install/examples_rclcpp_wait_set:/home/public/ros2ws/install/examples_rclcpp_multithreaded_executor:/home/public/ros2ws/install/examples_rclcpp_minimal_timer:/home/public/ros2ws/install/examples_rclcpp_minimal_subscriber:/home/public/ros2ws/install/examples_rclcpp_minimal_service:/home/public/ros2ws/install/examples_rclcpp_minimal_publisher:/home/public/ros2ws/install/examples_rclcpp_minimal_composition:/home/public/ros2ws/install/examples_rclcpp_minimal_client:/home/public/ros2ws/install/examples_rclcpp_minimal_action_server:/home/public/ros2ws/install/examples_rclcpp_minimal_action_client:/home/public/ros2ws/install/examples_rclcpp_cbg_executor:/home/public/ros2ws/install/examples_rclcpp_async_client:/opt/ros/lyrical/opt/gz_math_vendor:/opt/ros/lyrical/opt/gz_utils_vendor:/opt/ros/lyrical/opt/gz_cmake_vendor:/home/public/ros2ws/install/launch_testing_examples:/home/public/ros2ws/install/hiwonder_board:/home/public/ros2ws/install/examples_rclpy_pointcloud_publisher:/home/public/ros2ws/install/examples_rclpy_minimal_subscriber:/home/public/ros2ws/install/examples_rclpy_minimal_service:/home/public/ros2ws/install/examples_rclpy_minimal_publisher:/home/public/ros2ws/install/examples_rclpy_minimal_client:/home/public/ros2ws/install/examples_rclpy_minimal_action_server:/home/public/ros2ws/install/examples_rclpy_minimal_action_client:/home/public/ros2ws/install/examples_rclpy_guard_conditions:/home/public/ros2ws/install/examples_rclpy_executors:/opt/ros/lyrical DEBUGINFOD_URLS=https://debuginfod.ubuntu.com /usr/bin/cmake --build /home/public/ros2ws/build/turtlesim -- -j4 -l4
[6.746s] [  0%] Built target turtlesim_node_autogen_timestamp_deps
[6.800s] [  0%] Built target mimic_autogen_timestamp_deps
[6.855s] [  5%] [1m[34mAutomatic MOC and UIC for target turtlesim_node[0m
[6.995s] [  5%] Built target turtlesim_node_autogen
[7.055s] [ 10%] [1m[34mAutomatic MOC and UIC for target mimic[0m
[7.202s] [ 10%] Built target mimic_autogen
[7.229s] [ 15%] [1m[34mGenerating include/turtlesim/moc_turtle_frame.cpp[0m
[7.282s] [ 20%] [32mBuilding CXX object CMakeFiles/turtlesim_node.dir/turtlesim_node_autogen/mocs_compilation.cpp.o[0m
[7.339s] [ 25%] [32mBuilding CXX object CMakeFiles/turtlesim_node.dir/src/turtlesim.cpp.o[0m
[22.154s] [ 30%] [32mBuilding CXX object CMakeFiles/turtlesim_node.dir/src/turtle.cpp.o[0m
[64.697s] [ 35%] [32mBuilding CXX object CMakeFiles/turtlesim_node.dir/src/turtle_frame.cpp.o[0m
[103.401s] [ 40%] [32mBuilding CXX object CMakeFiles/turtlesim_node.dir/include/turtlesim/moc_turtle_frame.cpp.o[0m
[120.975s] [ 45%] [1m[32mLinking CXX executable turtlesim_node[0m
[131.914s] [ 45%] Built target turtlesim_node
[132.007s] [ 50%] [32mBuilding CXX object CMakeFiles/mimic.dir/mimic_autogen/mocs_compilation.cpp.o[0m
[132.115s] [ 55%] [32mBuilding CXX object CMakeFiles/mimic.dir/tutorials/mimic.cpp.o[0m
[153.038s] [ 60%] [1m[32mLinking CXX executable mimic[0m
[154.035s] [ 60%] Built target mimic
[154.080s] [ 60%] Built target draw_square_autogen_timestamp_deps
[154.080s] [ 60%] Built target turtle_teleop_key_autogen_timestamp_deps
[154.128s] [ 65%] [1m[34mAutomatic MOC and UIC for target draw_square[0m
[154.135s] [ 70%] [1m[34mAutomatic MOC and UIC for target turtle_teleop_key[0m
[154.228s] [ 70%] Built target draw_square_autogen
[154.237s] [ 70%] Built target turtle_teleop_key_autogen
[154.278s] [ 80%] [32mBuilding CXX object CMakeFiles/turtle_teleop_key.dir/turtle_teleop_key_autogen/mocs_compilation.cpp.o[0m
[154.278s] [ 80%] [32mBuilding CXX object CMakeFiles/draw_square.dir/draw_square_autogen/mocs_compilation.cpp.o[0m
[154.320s] [ 85%] [32mBuilding CXX object CMakeFiles/draw_square.dir/tutorials/draw_square.cpp.o[0m
[154.346s] [ 90%] [32mBuilding CXX object CMakeFiles/turtle_teleop_key.dir/tutorials/teleop_turtle_key.cpp.o[0m
[167.965s] [ 95%] [1m[32mLinking CXX executable turtle_teleop_key[0m
[168.777s] [ 95%] Built target turtle_teleop_key
[174.749s] [100%] [1m[32mLinking CXX executable draw_square[0m
[176.027s] [100%] Built target draw_square
[176.411s] Invoked command in '/home/public/ros2ws/build/turtlesim' returned '0': CMAKE_PREFIX_PATH=/home/public/ros2ws/install/turtlesim_msgs:/home/public/ros2ws/install/turtlesim:/home/public/ros2ws/install/examples_rclcpp_wait_set:/home/public/ros2ws/install/examples_rclcpp_multithreaded_executor:/home/public/ros2ws/install/examples_rclcpp_minimal_timer:/home/public/ros2ws/install/examples_rclcpp_minimal_subscriber:/home/public/ros2ws/install/examples_rclcpp_minimal_service:/home/public/ros2ws/install/examples_rclcpp_minimal_publisher:/home/public/ros2ws/install/examples_rclcpp_minimal_composition:/home/public/ros2ws/install/examples_rclcpp_minimal_client:/home/public/ros2ws/install/examples_rclcpp_minimal_action_server:/home/public/ros2ws/install/examples_rclcpp_minimal_action_client:/home/public/ros2ws/install/examples_rclcpp_cbg_executor:/home/public/ros2ws/install/examples_rclcpp_async_client:/opt/ros/lyrical/opt/gz_math_vendor:/opt/ros/lyrical/opt/gz_utils_vendor:/opt/ros/lyrical/opt/gz_cmake_vendor:/home/public/ros2ws/install/launch_testing_examples:/home/public/ros2ws/install/hiwonder_board:/home/public/ros2ws/install/examples_rclpy_pointcloud_publisher:/home/public/ros2ws/install/examples_rclpy_minimal_subscriber:/home/public/ros2ws/install/examples_rclpy_minimal_service:/home/public/ros2ws/install/examples_rclpy_minimal_publisher:/home/public/ros2ws/install/examples_rclpy_minimal_client:/home/public/ros2ws/install/examples_rclpy_minimal_action_server:/home/public/ros2ws/install/examples_rclpy_minimal_action_client:/home/public/ros2ws/install/examples_rclpy_guard_conditions:/home/public/ros2ws/install/examples_rclpy_executors:/opt/ros/lyrical DEBUGINFOD_URLS=https://debuginfod.ubuntu.com /usr/bin/cmake --build /home/public/ros2ws/build/turtlesim -- -j4 -l4
[176.460s] Invoking command in '/home/public/ros2ws/build/turtlesim': CMAKE_PREFIX_PATH=/home/public/ros2ws/install/turtlesim_msgs:/home/public/ros2ws/install/turtlesim:/home/public/ros2ws/install/examples_rclcpp_wait_set:/home/public/ros2ws/install/examples_rclcpp_multithreaded_executor:/home/public/ros2ws/install/examples_rclcpp_minimal_timer:/home/public/ros2ws/install/examples_rclcpp_minimal_subscriber:/home/public/ros2ws/install/examples_rclcpp_minimal_service:/home/public/ros2ws/install/examples_rclcpp_minimal_publisher:/home/public/ros2ws/install/examples_rclcpp_minimal_composition:/home/public/ros2ws/install/examples_rclcpp_minimal_client:/home/public/ros2ws/install/examples_rclcpp_minimal_action_server:/home/public/ros2ws/install/examples_rclcpp_minimal_action_client:/home/public/ros2ws/install/examples_rclcpp_cbg_executor:/home/public/ros2ws/install/examples_rclcpp_async_client:/opt/ros/lyrical/opt/gz_math_vendor:/opt/ros/lyrical/opt/gz_utils_vendor:/opt/ros/lyrical/opt/gz_cmake_vendor:/home/public/ros2ws/install/launch_testing_examples:/home/public/ros2ws/install/hiwonder_board:/home/public/ros2ws/install/examples_rclpy_pointcloud_publisher:/home/public/ros2ws/install/examples_rclpy_minimal_subscriber:/home/public/ros2ws/install/examples_rclpy_minimal_service:/home/public/ros2ws/install/examples_rclpy_minimal_publisher:/home/public/ros2ws/install/examples_rclpy_minimal_client:/home/public/ros2ws/install/examples_rclpy_minimal_action_server:/home/public/ros2ws/install/examples_rclpy_minimal_action_client:/home/public/ros2ws/install/examples_rclpy_guard_conditions:/home/public/ros2ws/install/examples_rclpy_executors:/opt/ros/lyrical DEBUGINFOD_URLS=https://debuginfod.ubuntu.com /usr/bin/cmake --install /home/public/ros2ws/build/turtlesim
[177.747s] -- Install configuration: ""
[177.747s] -- Installing: /home/public/ros2ws/install/turtlesim/lib/turtlesim/turtlesim_node
[177.764s] -- Set non-toolchain portion of runtime path of "/home/public/ros2ws/install/turtlesim/lib/turtlesim/turtlesim_node" to "$ORIGIN:$ORIGIN/../lib"
[177.765s] -- Installing: /home/public/ros2ws/install/turtlesim/lib/turtlesim/turtle_teleop_key
[177.767s] -- Set non-toolchain portion of runtime path of "/home/public/ros2ws/install/turtlesim/lib/turtlesim/turtle_teleop_key" to "$ORIGIN:$ORIGIN/../lib"
[177.767s] -- Installing: /home/public/ros2ws/install/turtlesim/lib/turtlesim/draw_square
[177.776s] -- Set non-toolchain portion of runtime path of "/home/public/ros2ws/install/turtlesim/lib/turtlesim/draw_square" to "$ORIGIN:$ORIGIN/../lib"
[177.776s] -- Installing: /home/public/ros2ws/install/turtlesim/lib/turtlesim/mimic
[177.782s] -- Set non-toolchain portion of runtime path of "/home/public/ros2ws/install/turtlesim/lib/turtlesim/mimic" to "$ORIGIN:$ORIGIN/../lib"
[177.782s] -- Installing: /home/public/ros2ws/install/turtlesim/share/turtlesim/images
[177.782s] -- Installing: /home/public/ros2ws/install/turtlesim/share/turtlesim/images/kilted.png
[177.783s] -- Installing: /home/public/ros2ws/install/turtlesim/share/turtlesim/images/eloquent.png
[177.784s] -- Installing: /home/public/ros2ws/install/turtlesim/share/turtlesim/images/jazzy.png
[177.786s] -- Installing: /home/public/ros2ws/install/turtlesim/share/turtlesim/images/bouncy.png
[177.786s] -- Installing: /home/public/ros2ws/install/turtlesim/share/turtlesim/images/galactic.png
[177.790s] -- Installing: /home/public/ros2ws/install/turtlesim/share/turtlesim/images/foxy.png
[177.791s] -- Installing: /home/public/ros2ws/install/turtlesim/share/turtlesim/images/humble.png
[177.792s] -- Installing: /home/public/ros2ws/install/turtlesim/share/turtlesim/images/dashing.png
[177.793s] -- Installing: /home/public/ros2ws/install/turtlesim/share/turtlesim/images/crystal.png
[177.795s] -- Installing: /home/public/ros2ws/install/turtlesim/share/turtlesim/images/iron.png
[177.796s] -- Installing: /home/public/ros2ws/install/turtlesim/share/turtlesim/images/lyrical.png
[177.797s] -- Installing: /home/public/ros2ws/install/turtlesim/share/turtlesim/images/ardent.png
[177.798s] -- Installing: /home/public/ros2ws/install/turtlesim/share/turtlesim/images/rolling.png
[177.801s] -- Installing: /home/public/ros2ws/install/turtlesim/share/turtlesim/launch
[177.801s] -- Installing: /home/public/ros2ws/install/turtlesim/share/turtlesim/launch/multisim.launch.py
[177.802s] -- Installing: /home/public/ros2ws/install/turtlesim/share/ament_index/resource_index/package_run_dependencies/turtlesim
[177.802s] -- Installing: /home/public/ros2ws/install/turtlesim/share/ament_index/resource_index/parent_prefix_path/turtlesim
[177.803s] -- Installing: /home/public/ros2ws/install/turtlesim/share/turtlesim/environment/ament_prefix_path.sh
[177.803s] -- Installing: /home/public/ros2ws/install/turtlesim/share/turtlesim/environment/ament_prefix_path.dsv
[177.804s] -- Installing: /home/public/ros2ws/install/turtlesim/share/turtlesim/environment/path.sh
[177.804s] -- Installing: /home/public/ros2ws/install/turtlesim/share/turtlesim/environment/path.dsv
[177.804s] -- Installing: /home/public/ros2ws/install/turtlesim/share/turtlesim/local_setup.bash
[177.805s] -- Installing: /home/public/ros2ws/install/turtlesim/share/turtlesim/local_setup.fish
[177.808s] -- Installing: /home/public/ros2ws/install/turtlesim/share/turtlesim/local_setup.sh
[177.808s] -- Installing: /home/public/ros2ws/install/turtlesim/share/turtlesim/local_setup.zsh
[177.809s] -- Installing: /home/public/ros2ws/install/turtlesim/share/turtlesim/local_setup.dsv
[177.809s] -- Installing: /home/public/ros2ws/install/turtlesim/share/turtlesim/package.dsv
[177.809s] -- Installing: /home/public/ros2ws/install/turtlesim/share/ament_index/resource_index/packages/turtlesim
[177.810s] -- Installing: /home/public/ros2ws/install/turtlesim/share/turtlesim/cmake/turtlesimConfig.cmake
[177.811s] -- Installing: /home/public/ros2ws/install/turtlesim/share/turtlesim/cmake/turtlesimConfig-version.cmake
[177.812s] -- Installing: /home/public/ros2ws/install/turtlesim/share/turtlesim/package.xml
[177.816s] Invoked command in '/home/public/ros2ws/build/turtlesim' returned '0': CMAKE_PREFIX_PATH=/home/public/ros2ws/install/turtlesim_msgs:/home/public/ros2ws/install/turtlesim:/home/public/ros2ws/install/examples_rclcpp_wait_set:/home/public/ros2ws/install/examples_rclcpp_multithreaded_executor:/home/public/ros2ws/install/examples_rclcpp_minimal_timer:/home/public/ros2ws/install/examples_rclcpp_minimal_subscriber:/home/public/ros2ws/install/examples_rclcpp_minimal_service:/home/public/ros2ws/install/examples_rclcpp_minimal_publisher:/home/public/ros2ws/install/examples_rclcpp_minimal_composition:/home/public/ros2ws/install/examples_rclcpp_minimal_client:/home/public/ros2ws/install/examples_rclcpp_minimal_action_server:/home/public/ros2ws/install/examples_rclcpp_minimal_action_client:/home/public/ros2ws/install/examples_rclcpp_cbg_executor:/home/public/ros2ws/install/examples_rclcpp_async_client:/opt/ros/lyrical/opt/gz_math_vendor:/opt/ros/lyrical/opt/gz_utils_vendor:/opt/ros/lyrical/opt/gz_cmake_vendor:/home/public/ros2ws/install/launch_testing_examples:/home/public/ros2ws/install/hiwonder_board:/home/public/ros2ws/install/examples_rclpy_pointcloud_publisher:/home/public/ros2ws/install/examples_rclpy_minimal_subscriber:/home/public/ros2ws/install/examples_rclpy_minimal_service:/home/public/ros2ws/install/examples_rclpy_minimal_publisher:/home/public/ros2ws/install/examples_rclpy_minimal_client:/home/public/ros2ws/install/examples_rclpy_minimal_action_server:/home/public/ros2ws/install/examples_rclpy_minimal_action_client:/home/public/ros2ws/install/examples_rclpy_guard_conditions:/home/public/ros2ws/install/examples_rclpy_executors:/opt/ros/lyrical DEBUGINFOD_URLS=https://debuginfod.ubuntu.com /usr/bin/cmake --install /home/public/ros2ws/build/turtlesim
